     Locking 17 packages to latest Rust 1.97.0 compatible versions
      Adding unicode-ident v1.0.18 (available: v1.0.24)
   Compiling autocfg v1.5.1
   Compiling typenum v1.20.1
   Compiling cpufeatures v0.3.1
   Compiling cfg-if v1.0.4
   Compiling unicode-ident v1.0.18
   Compiling num-traits v0.2.19
   Compiling hybrid-array v0.4.14
   Compiling num-integer v0.1.47
   Compiling block-buffer v0.12.1
   Compiling crypto-common v0.2.2
   Compiling num-bigint v0.4.8
   Compiling digest v0.11.3
   Compiling sha2 v0.11.0
   Compiling nepl3-core v0.1.0 (C:\projects\NEPL3-runtime\.tmp\review-markup-routes\workspace\crates\foundation\core)
   Compiling nepl3-wire v0.1.0 (C:\projects\NEPL3-runtime\.tmp\review-markup-routes\workspace\crates\foundation\wire)
   Compiling nepl3-markup v0.1.0 (C:\projects\NEPL3-runtime\.tmp\review-markup-routes\workspace\crates\output\markup)
   Compiling independent-markup-routes v0.0.0 (C:\projects\NEPL3-runtime\.tmp\review-markup-routes\probe)
    Finished `dev` profile [unoptimized + debuginfo] target(s) in 5.82s
