ROUTE	index.html	index.html		index.html
ROUTE	index.html	index.html	section-2	index.html#section-2
ROUTE	index.html	a		a
ROUTE	index.html	a	section-2	a#section-2
ROUTE	index.html	a/b		a/b
ROUTE	index.html	a/b	section-2	a/b#section-2
ROUTE	index.html	a/b/c.html		a/b/c.html
ROUTE	index.html	a/b/c.html	section-2	a/b/c.html#section-2
ROUTE	index.html	a/bb/file.html		a/bb/file.html
ROUTE	index.html	a/bb/file.html	section-2	a/bb/file.html#section-2
ROUTE	index.html	a/b/c/d.html		a/b/c/d.html
ROUTE	index.html	a/b/c/d.html	section-2	a/b/c/d.html#section-2
ROUTE	index.html	A/B_C-1.html		A/B_C-1.html
ROUTE	index.html	A/B_C-1.html	section-2	A/B_C-1.html#section-2
ROUTE	index.html	.hidden/index.html		.hidden/index.html
ROUTE	index.html	.hidden/index.html	section-2	.hidden/index.html#section-2
ROUTE	index.html	a./b..html		a./b..html
ROUTE	index.html	a./b..html	section-2	a./b..html#section-2
ROUTE	index.html	a/b/index.html		a/b/index.html
ROUTE	index.html	a/b/index.html	section-2	a/b/index.html#section-2
ROUTE	index.html	docs/reference/x.html		docs/reference/x.html
ROUTE	index.html	docs/reference/x.html	section-2	docs/reference/x.html#section-2
ROUTE	index.html	docs/a/index.html		docs/a/index.html
ROUTE	index.html	docs/a/index.html	section-2	docs/a/index.html#section-2
ROUTE	index.html	docs/ab/index.html		docs/ab/index.html
ROUTE	index.html	docs/ab/index.html	section-2	docs/ab/index.html#section-2
ROUTE	index.html	.../file		.../file
ROUTE	index.html	.../file	section-2	.../file#section-2
ROUTE	a	index.html		index.html
ROUTE	a	index.html	section-2	index.html#section-2
ROUTE	a	a		a
ROUTE	a	a	section-2	a#section-2
ROUTE	a	a/b		a/b
ROUTE	a	a/b	section-2	a/b#section-2
ROUTE	a	a/b/c.html		a/b/c.html
ROUTE	a	a/b/c.html	section-2	a/b/c.html#section-2
ROUTE	a	a/bb/file.html		a/bb/file.html
ROUTE	a	a/bb/file.html	section-2	a/bb/file.html#section-2
ROUTE	a	a/b/c/d.html		a/b/c/d.html
ROUTE	a	a/b/c/d.html	section-2	a/b/c/d.html#section-2
ROUTE	a	A/B_C-1.html		A/B_C-1.html
ROUTE	a	A/B_C-1.html	section-2	A/B_C-1.html#section-2
ROUTE	a	.hidden/index.html		.hidden/index.html
ROUTE	a	.hidden/index.html	section-2	.hidden/index.html#section-2
ROUTE	a	a./b..html		a./b..html
ROUTE	a	a./b..html	section-2	a./b..html#section-2
ROUTE	a	a/b/index.html		a/b/index.html
ROUTE	a	a/b/index.html	section-2	a/b/index.html#section-2
ROUTE	a	docs/reference/x.html		docs/reference/x.html
ROUTE	a	docs/reference/x.html	section-2	docs/reference/x.html#section-2
ROUTE	a	docs/a/index.html		docs/a/index.html
ROUTE	a	docs/a/index.html	section-2	docs/a/index.html#section-2
ROUTE	a	docs/ab/index.html		docs/ab/index.html
ROUTE	a	docs/ab/index.html	section-2	docs/ab/index.html#section-2
ROUTE	a	.../file		.../file
ROUTE	a	.../file	section-2	.../file#section-2
ROUTE	a/b	index.html		../index.html
ROUTE	a/b	index.html	section-2	../index.html#section-2
ROUTE	a/b	a		../a
ROUTE	a/b	a	section-2	../a#section-2
ROUTE	a/b	a/b		b
ROUTE	a/b	a/b	section-2	b#section-2
ROUTE	a/b	a/b/c.html		b/c.html
ROUTE	a/b	a/b/c.html	section-2	b/c.html#section-2
ROUTE	a/b	a/bb/file.html		bb/file.html
ROUTE	a/b	a/bb/file.html	section-2	bb/file.html#section-2
ROUTE	a/b	a/b/c/d.html		b/c/d.html
ROUTE	a/b	a/b/c/d.html	section-2	b/c/d.html#section-2
ROUTE	a/b	A/B_C-1.html		../A/B_C-1.html
ROUTE	a/b	A/B_C-1.html	section-2	../A/B_C-1.html#section-2
ROUTE	a/b	.hidden/index.html		../.hidden/index.html
ROUTE	a/b	.hidden/index.html	section-2	../.hidden/index.html#section-2
ROUTE	a/b	a./b..html		../a./b..html
ROUTE	a/b	a./b..html	section-2	../a./b..html#section-2
ROUTE	a/b	a/b/index.html		b/index.html
ROUTE	a/b	a/b/index.html	section-2	b/index.html#section-2
ROUTE	a/b	docs/reference/x.html		../docs/reference/x.html
ROUTE	a/b	docs/reference/x.html	section-2	../docs/reference/x.html#section-2
ROUTE	a/b	docs/a/index.html		../docs/a/index.html
ROUTE	a/b	docs/a/index.html	section-2	../docs/a/index.html#section-2
ROUTE	a/b	docs/ab/index.html		../docs/ab/index.html
ROUTE	a/b	docs/ab/index.html	section-2	../docs/ab/index.html#section-2
ROUTE	a/b	.../file		../.../file
ROUTE	a/b	.../file	section-2	../.../file#section-2
ROUTE	a/b/c.html	index.html		../../index.html
ROUTE	a/b/c.html	index.html	section-2	../../index.html#section-2
ROUTE	a/b/c.html	a		../../a
ROUTE	a/b/c.html	a	section-2	../../a#section-2
ROUTE	a/b/c.html	a/b		../b
ROUTE	a/b/c.html	a/b	section-2	../b#section-2
ROUTE	a/b/c.html	a/b/c.html		c.html
ROUTE	a/b/c.html	a/b/c.html	section-2	c.html#section-2
ROUTE	a/b/c.html	a/bb/file.html		../bb/file.html
ROUTE	a/b/c.html	a/bb/file.html	section-2	../bb/file.html#section-2
ROUTE	a/b/c.html	a/b/c/d.html		c/d.html
ROUTE	a/b/c.html	a/b/c/d.html	section-2	c/d.html#section-2
ROUTE	a/b/c.html	A/B_C-1.html		../../A/B_C-1.html
ROUTE	a/b/c.html	A/B_C-1.html	section-2	../../A/B_C-1.html#section-2
ROUTE	a/b/c.html	.hidden/index.html		../../.hidden/index.html
ROUTE	a/b/c.html	.hidden/index.html	section-2	../../.hidden/index.html#section-2
ROUTE	a/b/c.html	a./b..html		../../a./b..html
ROUTE	a/b/c.html	a./b..html	section-2	../../a./b..html#section-2
ROUTE	a/b/c.html	a/b/index.html		index.html
ROUTE	a/b/c.html	a/b/index.html	section-2	index.html#section-2
ROUTE	a/b/c.html	docs/reference/x.html		../../docs/reference/x.html
ROUTE	a/b/c.html	docs/reference/x.html	section-2	../../docs/reference/x.html#section-2
ROUTE	a/b/c.html	docs/a/index.html		../../docs/a/index.html
ROUTE	a/b/c.html	docs/a/index.html	section-2	../../docs/a/index.html#section-2
ROUTE	a/b/c.html	docs/ab/index.html		../../docs/ab/index.html
ROUTE	a/b/c.html	docs/ab/index.html	section-2	../../docs/ab/index.html#section-2
ROUTE	a/b/c.html	.../file		../../.../file
ROUTE	a/b/c.html	.../file	section-2	../../.../file#section-2
ROUTE	a/bb/file.html	index.html		../../index.html
ROUTE	a/bb/file.html	index.html	section-2	../../index.html#section-2
ROUTE	a/bb/file.html	a		../../a
ROUTE	a/bb/file.html	a	section-2	../../a#section-2
ROUTE	a/bb/file.html	a/b		../b
ROUTE	a/bb/file.html	a/b	section-2	../b#section-2
ROUTE	a/bb/file.html	a/b/c.html		../b/c.html
ROUTE	a/bb/file.html	a/b/c.html	section-2	../b/c.html#section-2
ROUTE	a/bb/file.html	a/bb/file.html		file.html
ROUTE	a/bb/file.html	a/bb/file.html	section-2	file.html#section-2
ROUTE	a/bb/file.html	a/b/c/d.html		../b/c/d.html
ROUTE	a/bb/file.html	a/b/c/d.html	section-2	../b/c/d.html#section-2
ROUTE	a/bb/file.html	A/B_C-1.html		../../A/B_C-1.html
ROUTE	a/bb/file.html	A/B_C-1.html	section-2	../../A/B_C-1.html#section-2
ROUTE	a/bb/file.html	.hidden/index.html		../../.hidden/index.html
ROUTE	a/bb/file.html	.hidden/index.html	section-2	../../.hidden/index.html#section-2
ROUTE	a/bb/file.html	a./b..html		../../a./b..html
ROUTE	a/bb/file.html	a./b..html	section-2	../../a./b..html#section-2
ROUTE	a/bb/file.html	a/b/index.html		../b/index.html
ROUTE	a/bb/file.html	a/b/index.html	section-2	../b/index.html#section-2
ROUTE	a/bb/file.html	docs/reference/x.html		../../docs/reference/x.html
ROUTE	a/bb/file.html	docs/reference/x.html	section-2	../../docs/reference/x.html#section-2
ROUTE	a/bb/file.html	docs/a/index.html		../../docs/a/index.html
ROUTE	a/bb/file.html	docs/a/index.html	section-2	../../docs/a/index.html#section-2
ROUTE	a/bb/file.html	docs/ab/index.html		../../docs/ab/index.html
ROUTE	a/bb/file.html	docs/ab/index.html	section-2	../../docs/ab/index.html#section-2
ROUTE	a/bb/file.html	.../file		../../.../file
ROUTE	a/bb/file.html	.../file	section-2	../../.../file#section-2
ROUTE	a/b/c/d.html	index.html		../../../index.html
ROUTE	a/b/c/d.html	index.html	section-2	../../../index.html#section-2
ROUTE	a/b/c/d.html	a		../../../a
ROUTE	a/b/c/d.html	a	section-2	../../../a#section-2
ROUTE	a/b/c/d.html	a/b		../../b
ROUTE	a/b/c/d.html	a/b	section-2	../../b#section-2
ROUTE	a/b/c/d.html	a/b/c.html		../c.html
ROUTE	a/b/c/d.html	a/b/c.html	section-2	../c.html#section-2
ROUTE	a/b/c/d.html	a/bb/file.html		../../bb/file.html
ROUTE	a/b/c/d.html	a/bb/file.html	section-2	../../bb/file.html#section-2
ROUTE	a/b/c/d.html	a/b/c/d.html		d.html
ROUTE	a/b/c/d.html	a/b/c/d.html	section-2	d.html#section-2
ROUTE	a/b/c/d.html	A/B_C-1.html		../../../A/B_C-1.html
ROUTE	a/b/c/d.html	A/B_C-1.html	section-2	../../../A/B_C-1.html#section-2
ROUTE	a/b/c/d.html	.hidden/index.html		../../../.hidden/index.html
ROUTE	a/b/c/d.html	.hidden/index.html	section-2	../../../.hidden/index.html#section-2
ROUTE	a/b/c/d.html	a./b..html		../../../a./b..html
ROUTE	a/b/c/d.html	a./b..html	section-2	../../../a./b..html#section-2
ROUTE	a/b/c/d.html	a/b/index.html		../index.html
ROUTE	a/b/c/d.html	a/b/index.html	section-2	../index.html#section-2
ROUTE	a/b/c/d.html	docs/reference/x.html		../../../docs/reference/x.html
ROUTE	a/b/c/d.html	docs/reference/x.html	section-2	../../../docs/reference/x.html#section-2
ROUTE	a/b/c/d.html	docs/a/index.html		../../../docs/a/index.html
ROUTE	a/b/c/d.html	docs/a/index.html	section-2	../../../docs/a/index.html#section-2
ROUTE	a/b/c/d.html	docs/ab/index.html		../../../docs/ab/index.html
ROUTE	a/b/c/d.html	docs/ab/index.html	section-2	../../../docs/ab/index.html#section-2
ROUTE	a/b/c/d.html	.../file		../../../.../file
ROUTE	a/b/c/d.html	.../file	section-2	../../../.../file#section-2
ROUTE	A/B_C-1.html	index.html		../index.html
ROUTE	A/B_C-1.html	index.html	section-2	../index.html#section-2
ROUTE	A/B_C-1.html	a		../a
ROUTE	A/B_C-1.html	a	section-2	../a#section-2
ROUTE	A/B_C-1.html	a/b		../a/b
ROUTE	A/B_C-1.html	a/b	section-2	../a/b#section-2
ROUTE	A/B_C-1.html	a/b/c.html		../a/b/c.html
ROUTE	A/B_C-1.html	a/b/c.html	section-2	../a/b/c.html#section-2
ROUTE	A/B_C-1.html	a/bb/file.html		../a/bb/file.html
ROUTE	A/B_C-1.html	a/bb/file.html	section-2	../a/bb/file.html#section-2
ROUTE	A/B_C-1.html	a/b/c/d.html		../a/b/c/d.html
ROUTE	A/B_C-1.html	a/b/c/d.html	section-2	../a/b/c/d.html#section-2
ROUTE	A/B_C-1.html	A/B_C-1.html		B_C-1.html
ROUTE	A/B_C-1.html	A/B_C-1.html	section-2	B_C-1.html#section-2
ROUTE	A/B_C-1.html	.hidden/index.html		../.hidden/index.html
ROUTE	A/B_C-1.html	.hidden/index.html	section-2	../.hidden/index.html#section-2
ROUTE	A/B_C-1.html	a./b..html		../a./b..html
ROUTE	A/B_C-1.html	a./b..html	section-2	../a./b..html#section-2
ROUTE	A/B_C-1.html	a/b/index.html		../a/b/index.html
ROUTE	A/B_C-1.html	a/b/index.html	section-2	../a/b/index.html#section-2
ROUTE	A/B_C-1.html	docs/reference/x.html		../docs/reference/x.html
ROUTE	A/B_C-1.html	docs/reference/x.html	section-2	../docs/reference/x.html#section-2
ROUTE	A/B_C-1.html	docs/a/index.html		../docs/a/index.html
ROUTE	A/B_C-1.html	docs/a/index.html	section-2	../docs/a/index.html#section-2
ROUTE	A/B_C-1.html	docs/ab/index.html		../docs/ab/index.html
ROUTE	A/B_C-1.html	docs/ab/index.html	section-2	../docs/ab/index.html#section-2
ROUTE	A/B_C-1.html	.../file		../.../file
ROUTE	A/B_C-1.html	.../file	section-2	../.../file#section-2
ROUTE	.hidden/index.html	index.html		../index.html
ROUTE	.hidden/index.html	index.html	section-2	../index.html#section-2
ROUTE	.hidden/index.html	a		../a
ROUTE	.hidden/index.html	a	section-2	../a#section-2
ROUTE	.hidden/index.html	a/b		../a/b
ROUTE	.hidden/index.html	a/b	section-2	../a/b#section-2
ROUTE	.hidden/index.html	a/b/c.html		../a/b/c.html
ROUTE	.hidden/index.html	a/b/c.html	section-2	../a/b/c.html#section-2
ROUTE	.hidden/index.html	a/bb/file.html		../a/bb/file.html
ROUTE	.hidden/index.html	a/bb/file.html	section-2	../a/bb/file.html#section-2
ROUTE	.hidden/index.html	a/b/c/d.html		../a/b/c/d.html
ROUTE	.hidden/index.html	a/b/c/d.html	section-2	../a/b/c/d.html#section-2
ROUTE	.hidden/index.html	A/B_C-1.html		../A/B_C-1.html
ROUTE	.hidden/index.html	A/B_C-1.html	section-2	../A/B_C-1.html#section-2
ROUTE	.hidden/index.html	.hidden/index.html		index.html
ROUTE	.hidden/index.html	.hidden/index.html	section-2	index.html#section-2
ROUTE	.hidden/index.html	a./b..html		../a./b..html
ROUTE	.hidden/index.html	a./b..html	section-2	../a./b..html#section-2
ROUTE	.hidden/index.html	a/b/index.html		../a/b/index.html
ROUTE	.hidden/index.html	a/b/index.html	section-2	../a/b/index.html#section-2
ROUTE	.hidden/index.html	docs/reference/x.html		../docs/reference/x.html
ROUTE	.hidden/index.html	docs/reference/x.html	section-2	../docs/reference/x.html#section-2
ROUTE	.hidden/index.html	docs/a/index.html		../docs/a/index.html
ROUTE	.hidden/index.html	docs/a/index.html	section-2	../docs/a/index.html#section-2
ROUTE	.hidden/index.html	docs/ab/index.html		../docs/ab/index.html
ROUTE	.hidden/index.html	docs/ab/index.html	section-2	../docs/ab/index.html#section-2
ROUTE	.hidden/index.html	.../file		../.../file
ROUTE	.hidden/index.html	.../file	section-2	../.../file#section-2
ROUTE	a./b..html	index.html		../index.html
ROUTE	a./b..html	index.html	section-2	../index.html#section-2
ROUTE	a./b..html	a		../a
ROUTE	a./b..html	a	section-2	../a#section-2
ROUTE	a./b..html	a/b		../a/b
ROUTE	a./b..html	a/b	section-2	../a/b#section-2
ROUTE	a./b..html	a/b/c.html		../a/b/c.html
ROUTE	a./b..html	a/b/c.html	section-2	../a/b/c.html#section-2
ROUTE	a./b..html	a/bb/file.html		../a/bb/file.html
ROUTE	a./b..html	a/bb/file.html	section-2	../a/bb/file.html#section-2
ROUTE	a./b..html	a/b/c/d.html		../a/b/c/d.html
ROUTE	a./b..html	a/b/c/d.html	section-2	../a/b/c/d.html#section-2
ROUTE	a./b..html	A/B_C-1.html		../A/B_C-1.html
ROUTE	a./b..html	A/B_C-1.html	section-2	../A/B_C-1.html#section-2
ROUTE	a./b..html	.hidden/index.html		../.hidden/index.html
ROUTE	a./b..html	.hidden/index.html	section-2	../.hidden/index.html#section-2
ROUTE	a./b..html	a./b..html		b..html
ROUTE	a./b..html	a./b..html	section-2	b..html#section-2
ROUTE	a./b..html	a/b/index.html		../a/b/index.html
ROUTE	a./b..html	a/b/index.html	section-2	../a/b/index.html#section-2
ROUTE	a./b..html	docs/reference/x.html		../docs/reference/x.html
ROUTE	a./b..html	docs/reference/x.html	section-2	../docs/reference/x.html#section-2
ROUTE	a./b..html	docs/a/index.html		../docs/a/index.html
ROUTE	a./b..html	docs/a/index.html	section-2	../docs/a/index.html#section-2
ROUTE	a./b..html	docs/ab/index.html		../docs/ab/index.html
ROUTE	a./b..html	docs/ab/index.html	section-2	../docs/ab/index.html#section-2
ROUTE	a./b..html	.../file		../.../file
ROUTE	a./b..html	.../file	section-2	../.../file#section-2
ROUTE	a/b/index.html	index.html		../../index.html
ROUTE	a/b/index.html	index.html	section-2	../../index.html#section-2
ROUTE	a/b/index.html	a		../../a
ROUTE	a/b/index.html	a	section-2	../../a#section-2
ROUTE	a/b/index.html	a/b		../b
ROUTE	a/b/index.html	a/b	section-2	../b#section-2
ROUTE	a/b/index.html	a/b/c.html		c.html
ROUTE	a/b/index.html	a/b/c.html	section-2	c.html#section-2
ROUTE	a/b/index.html	a/bb/file.html		../bb/file.html
ROUTE	a/b/index.html	a/bb/file.html	section-2	../bb/file.html#section-2
ROUTE	a/b/index.html	a/b/c/d.html		c/d.html
ROUTE	a/b/index.html	a/b/c/d.html	section-2	c/d.html#section-2
ROUTE	a/b/index.html	A/B_C-1.html		../../A/B_C-1.html
ROUTE	a/b/index.html	A/B_C-1.html	section-2	../../A/B_C-1.html#section-2
ROUTE	a/b/index.html	.hidden/index.html		../../.hidden/index.html
ROUTE	a/b/index.html	.hidden/index.html	section-2	../../.hidden/index.html#section-2
ROUTE	a/b/index.html	a./b..html		../../a./b..html
ROUTE	a/b/index.html	a./b..html	section-2	../../a./b..html#section-2
ROUTE	a/b/index.html	a/b/index.html		index.html
ROUTE	a/b/index.html	a/b/index.html	section-2	index.html#section-2
ROUTE	a/b/index.html	docs/reference/x.html		../../docs/reference/x.html
ROUTE	a/b/index.html	docs/reference/x.html	section-2	../../docs/reference/x.html#section-2
ROUTE	a/b/index.html	docs/a/index.html		../../docs/a/index.html
ROUTE	a/b/index.html	docs/a/index.html	section-2	../../docs/a/index.html#section-2
ROUTE	a/b/index.html	docs/ab/index.html		../../docs/ab/index.html
ROUTE	a/b/index.html	docs/ab/index.html	section-2	../../docs/ab/index.html#section-2
ROUTE	a/b/index.html	.../file		../../.../file
ROUTE	a/b/index.html	.../file	section-2	../../.../file#section-2
ROUTE	docs/reference/x.html	index.html		../../index.html
ROUTE	docs/reference/x.html	index.html	section-2	../../index.html#section-2
ROUTE	docs/reference/x.html	a		../../a
ROUTE	docs/reference/x.html	a	section-2	../../a#section-2
ROUTE	docs/reference/x.html	a/b		../../a/b
ROUTE	docs/reference/x.html	a/b	section-2	../../a/b#section-2
ROUTE	docs/reference/x.html	a/b/c.html		../../a/b/c.html
ROUTE	docs/reference/x.html	a/b/c.html	section-2	../../a/b/c.html#section-2
ROUTE	docs/reference/x.html	a/bb/file.html		../../a/bb/file.html
ROUTE	docs/reference/x.html	a/bb/file.html	section-2	../../a/bb/file.html#section-2
ROUTE	docs/reference/x.html	a/b/c/d.html		../../a/b/c/d.html
ROUTE	docs/reference/x.html	a/b/c/d.html	section-2	../../a/b/c/d.html#section-2
ROUTE	docs/reference/x.html	A/B_C-1.html		../../A/B_C-1.html
ROUTE	docs/reference/x.html	A/B_C-1.html	section-2	../../A/B_C-1.html#section-2
ROUTE	docs/reference/x.html	.hidden/index.html		../../.hidden/index.html
ROUTE	docs/reference/x.html	.hidden/index.html	section-2	../../.hidden/index.html#section-2
ROUTE	docs/reference/x.html	a./b..html		../../a./b..html
ROUTE	docs/reference/x.html	a./b..html	section-2	../../a./b..html#section-2
ROUTE	docs/reference/x.html	a/b/index.html		../../a/b/index.html
ROUTE	docs/reference/x.html	a/b/index.html	section-2	../../a/b/index.html#section-2
ROUTE	docs/reference/x.html	docs/reference/x.html		x.html
ROUTE	docs/reference/x.html	docs/reference/x.html	section-2	x.html#section-2
ROUTE	docs/reference/x.html	docs/a/index.html		../a/index.html
ROUTE	docs/reference/x.html	docs/a/index.html	section-2	../a/index.html#section-2
ROUTE	docs/reference/x.html	docs/ab/index.html		../ab/index.html
ROUTE	docs/reference/x.html	docs/ab/index.html	section-2	../ab/index.html#section-2
ROUTE	docs/reference/x.html	.../file		../../.../file
ROUTE	docs/reference/x.html	.../file	section-2	../../.../file#section-2
ROUTE	docs/a/index.html	index.html		../../index.html
ROUTE	docs/a/index.html	index.html	section-2	../../index.html#section-2
ROUTE	docs/a/index.html	a		../../a
ROUTE	docs/a/index.html	a	section-2	../../a#section-2
ROUTE	docs/a/index.html	a/b		../../a/b
ROUTE	docs/a/index.html	a/b	section-2	../../a/b#section-2
ROUTE	docs/a/index.html	a/b/c.html		../../a/b/c.html
ROUTE	docs/a/index.html	a/b/c.html	section-2	../../a/b/c.html#section-2
ROUTE	docs/a/index.html	a/bb/file.html		../../a/bb/file.html
ROUTE	docs/a/index.html	a/bb/file.html	section-2	../../a/bb/file.html#section-2
ROUTE	docs/a/index.html	a/b/c/d.html		../../a/b/c/d.html
ROUTE	docs/a/index.html	a/b/c/d.html	section-2	../../a/b/c/d.html#section-2
ROUTE	docs/a/index.html	A/B_C-1.html		../../A/B_C-1.html
ROUTE	docs/a/index.html	A/B_C-1.html	section-2	../../A/B_C-1.html#section-2
ROUTE	docs/a/index.html	.hidden/index.html		../../.hidden/index.html
ROUTE	docs/a/index.html	.hidden/index.html	section-2	../../.hidden/index.html#section-2
ROUTE	docs/a/index.html	a./b..html		../../a./b..html
ROUTE	docs/a/index.html	a./b..html	section-2	../../a./b..html#section-2
ROUTE	docs/a/index.html	a/b/index.html		../../a/b/index.html
ROUTE	docs/a/index.html	a/b/index.html	section-2	../../a/b/index.html#section-2
ROUTE	docs/a/index.html	docs/reference/x.html		../reference/x.html
ROUTE	docs/a/index.html	docs/reference/x.html	section-2	../reference/x.html#section-2
ROUTE	docs/a/index.html	docs/a/index.html		index.html
ROUTE	docs/a/index.html	docs/a/index.html	section-2	index.html#section-2
ROUTE	docs/a/index.html	docs/ab/index.html		../ab/index.html
ROUTE	docs/a/index.html	docs/ab/index.html	section-2	../ab/index.html#section-2
ROUTE	docs/a/index.html	.../file		../../.../file
ROUTE	docs/a/index.html	.../file	section-2	../../.../file#section-2
ROUTE	docs/ab/index.html	index.html		../../index.html
ROUTE	docs/ab/index.html	index.html	section-2	../../index.html#section-2
ROUTE	docs/ab/index.html	a		../../a
ROUTE	docs/ab/index.html	a	section-2	../../a#section-2
ROUTE	docs/ab/index.html	a/b		../../a/b
ROUTE	docs/ab/index.html	a/b	section-2	../../a/b#section-2
ROUTE	docs/ab/index.html	a/b/c.html		../../a/b/c.html
ROUTE	docs/ab/index.html	a/b/c.html	section-2	../../a/b/c.html#section-2
ROUTE	docs/ab/index.html	a/bb/file.html		../../a/bb/file.html
ROUTE	docs/ab/index.html	a/bb/file.html	section-2	../../a/bb/file.html#section-2
ROUTE	docs/ab/index.html	a/b/c/d.html		../../a/b/c/d.html
ROUTE	docs/ab/index.html	a/b/c/d.html	section-2	../../a/b/c/d.html#section-2
ROUTE	docs/ab/index.html	A/B_C-1.html		../../A/B_C-1.html
ROUTE	docs/ab/index.html	A/B_C-1.html	section-2	../../A/B_C-1.html#section-2
ROUTE	docs/ab/index.html	.hidden/index.html		../../.hidden/index.html
ROUTE	docs/ab/index.html	.hidden/index.html	section-2	../../.hidden/index.html#section-2
ROUTE	docs/ab/index.html	a./b..html		../../a./b..html
ROUTE	docs/ab/index.html	a./b..html	section-2	../../a./b..html#section-2
ROUTE	docs/ab/index.html	a/b/index.html		../../a/b/index.html
ROUTE	docs/ab/index.html	a/b/index.html	section-2	../../a/b/index.html#section-2
ROUTE	docs/ab/index.html	docs/reference/x.html		../reference/x.html
ROUTE	docs/ab/index.html	docs/reference/x.html	section-2	../reference/x.html#section-2
ROUTE	docs/ab/index.html	docs/a/index.html		../a/index.html
ROUTE	docs/ab/index.html	docs/a/index.html	section-2	../a/index.html#section-2
ROUTE	docs/ab/index.html	docs/ab/index.html		index.html
ROUTE	docs/ab/index.html	docs/ab/index.html	section-2	index.html#section-2
ROUTE	docs/ab/index.html	.../file		../../.../file
ROUTE	docs/ab/index.html	.../file	section-2	../../.../file#section-2
ROUTE	.../file	index.html		../index.html
ROUTE	.../file	index.html	section-2	../index.html#section-2
ROUTE	.../file	a		../a
ROUTE	.../file	a	section-2	../a#section-2
ROUTE	.../file	a/b		../a/b
ROUTE	.../file	a/b	section-2	../a/b#section-2
ROUTE	.../file	a/b/c.html		../a/b/c.html
ROUTE	.../file	a/b/c.html	section-2	../a/b/c.html#section-2
ROUTE	.../file	a/bb/file.html		../a/bb/file.html
ROUTE	.../file	a/bb/file.html	section-2	../a/bb/file.html#section-2
ROUTE	.../file	a/b/c/d.html		../a/b/c/d.html
ROUTE	.../file	a/b/c/d.html	section-2	../a/b/c/d.html#section-2
ROUTE	.../file	A/B_C-1.html		../A/B_C-1.html
ROUTE	.../file	A/B_C-1.html	section-2	../A/B_C-1.html#section-2
ROUTE	.../file	.hidden/index.html		../.hidden/index.html
ROUTE	.../file	.hidden/index.html	section-2	../.hidden/index.html#section-2
ROUTE	.../file	a./b..html		../a./b..html
ROUTE	.../file	a./b..html	section-2	../a./b..html#section-2
ROUTE	.../file	a/b/index.html		../a/b/index.html
ROUTE	.../file	a/b/index.html	section-2	../a/b/index.html#section-2
ROUTE	.../file	docs/reference/x.html		../docs/reference/x.html
ROUTE	.../file	docs/reference/x.html	section-2	../docs/reference/x.html#section-2
ROUTE	.../file	docs/a/index.html		../docs/a/index.html
ROUTE	.../file	docs/a/index.html	section-2	../docs/a/index.html#section-2
ROUTE	.../file	docs/ab/index.html		../docs/ab/index.html
ROUTE	.../file	docs/ab/index.html	section-2	../docs/ab/index.html#section-2
ROUTE	.../file	.../file		file
ROUTE	.../file	.../file	section-2	file#section-2
PASS routes=392 invalid_paths=46 sampled_stops=105 successes=10 input_preserved
