Selected runtime stdout excerpt transcribed from exec session 32426 (September 7, 2026); dependency compilation lines omitted.
This is the failed initial target selection, not the later process-free rerun.
Commands:
$env:CARGO_TARGET_WASM32_WASIP2_RUNNER='wasmtime run'
cargo test --locked -p nepl3-core --test syntax syntax_preserves_nested_stop_causes_and_does_not_reclassify_semantic_errors --target wasm32-wasip2 -- --test-threads=1
cargo test --locked -p nepl3-tools --test grammar binding:: --target wasm32-wasip2 -- --test-threads=1

    Finished `test` profile [unoptimized + debuginfo] target(s) in 22.13s
     Running tests\syntax.rs (target\wasm32-wasip2\debug\deps\syntax-fb39e35ffe4a5de8.wasm)

running 1 test
test syntax_preserves_nested_stop_causes_and_does_not_reclassify_semantic_errors ... ok

test result: ok. 1 passed; 0 failed; 0 ignored; 0 measured; 9 filtered out; finished in 0.00s

    Finished `test` profile [unoptimized + debuginfo] target(s) in 1m 01s
     Running tests\grammar.rs (target\wasm32-wasip2\debug\deps\grammar-f13f2fd86385a464.wasm)

running 10 tests
test binding::analysis_revalidates_concrete_package_and_keeps_initial_failures_typed ... ok
test binding::binding_seed_artifacts_match_original_source_and_host_adapter ... FAILED
test binding::binding_stops_preserve_reason_partial_closure_and_caller_depth ... ok
test binding::declaration_body_foreign_uses_independent_root_for_both_orders ... ok
test binding::official_binding_let_lambda_visibility_and_entity_identity ... ok
test binding::ordered_exports_recursive_headers_and_foreign_roots ... ok
test binding::portable::binding_invalid_and_stopped_envelopes_preserve_typed_causes_and_partial_fact_invariants ... ok
test binding::portable::binding_result_first_receiver_preserves_visibility_reports_and_foreign_closure ... ok
test binding::portable::causes::every_binding_failure_variant_keeps_its_typed_nested_cause ... ok
test binding::repeated_recursive_plan_reuses_only_its_own_header_entities ... ok

failures:

---- binding::binding_seed_artifacts_match_original_source_and_host_adapter stdout ----
Error: "operation not supported on this platform"


failures:
    binding::binding_seed_artifacts_match_original_source_and_host_adapter

test result: FAILED. 9 passed; 1 failed; 0 ignored; 0 measured; 18 filtered out; finished in 0.65s

error: test failed, to rerun pass `-p nepl3-tools --test grammar`

Caused by:
  process didn't exit successfully: `wasmtime run C:\projects\NEPL3-runtime\target\wasm32-wasip2\debug\deps\grammar-f13f2fd86385a464.wasm binding:: --test-threads=1` (exit code: 1)
note: test exited abnormally; to see the full output pass --no-capture to the harness.
