   Compiling autocfg v1.5.1
   Compiling typenum v1.20.1
   Compiling cfg-if v1.0.4
   Compiling unicode-ident v1.0.18
   Compiling num-traits v0.2.19
   Compiling hybrid-array v0.4.14
   Compiling num-integer v0.1.47
   Compiling block-buffer v0.12.1
   Compiling crypto-common v0.2.2
   Compiling num-bigint v0.4.8
   Compiling digest v0.11.3
   Compiling sha2 v0.11.0
   Compiling nepl3-core v0.1.0 (C:\projects\NEPL3-doc-html-export\crates\foundation\core)
   Compiling nepl3-wire v0.1.0 (C:\projects\NEPL3-doc-html-export\crates\foundation\wire)
   Compiling nepl3-reader v0.1.0 (C:\projects\NEPL3-doc-html-export\crates\foundation\reader)
   Compiling nepl3-engine v0.1.0 (C:\projects\NEPL3-doc-html-export\crates\foundation\engine)
    Finished `release` profile [optimized] target(s) in 31.70s
     Running unittests src\lib.rs (.tmp\review-ci-timeout\release-target\wasm32-wasip2\release\deps\nepl3_core-8b611a0455bbd542.wasm)

running 0 tests

test result: ok. 0 passed; 0 failed; 0 ignored; 0 measured; 0 filtered out; finished in <TIME>s

     Running tests\budget.rs (.tmp\review-ci-timeout\release-target\wasm32-wasip2\release\deps\budget-1fb679d8206279b8.wasm)

running 2 tests
test observed_delegated_cost_is_atomic_across_all_resources_and_preserves_stops ... ok
test temporary_ceilings_restore_on_result_paths_and_cannot_regrant_reserved_capacity ... ok

test result: ok. 2 passed; 0 failed; 0 ignored; 0 measured; 0 filtered out; finished in <TIME>s

     Running tests\contracts.rs (.tmp\review-ci-timeout\release-target\wasm32-wasip2\release\deps\contracts-18d9b52db50d2477.wasm)

running 26 tests
test admission_accounts_for_copied_locator_payload ... ok
test admission_usage_does_not_depend_on_snapshot_allocation_order ... ok
test borrowed_store_insert_does_not_clone_duplicates_or_publish_on_stop ... ok
test budget_exact_limits_overflow_zero_and_cancel_are_distinct ... ok
test canonical_integers_reject_negative_zero_and_leading_zero ... ok
test edit_size_limit_checked_before_replacement_is_built ... ok
test edits_are_atomic_across_sources_and_reject_stale_or_conflicting_input ... ok
test first_budget_stop_is_sticky_across_smaller_charges_and_cancellation ... ok
test generated_source_locator_scan_is_charged_before_validation ... ok
test indexed_admission_keeps_unique_bytes_and_checks_empty_cancel ... ok
test indexed_source_insert_preserves_order_and_metered_duplicate_lookup ... ok
test line_index_allocation_limit_is_enforced ... ok
test line_positions_roundtrip_unicode_and_all_line_endings ... ok
test locator_profile_is_checked_without_os_or_scheme_normalization ... ok
test nested_budget_retains_work_and_peak_depth_after_failed_branch ... ok
test rational_constructors_normalize_native_but_reject_noncanonical_wire ... ok
test shared_admission_is_operation_local_and_independent_storage_still_checked ... ok
test shared_copy_and_independent_comparison_have_separate_work_bounds ... ok
test snapshot_clones_preserve_owned_lifetime_and_independent_identity_checks ... ok
test snapshot_metadata_copy_is_bounded_but_independent_comparison_is_not_free ... ok
test source_admission_charges_unique_snapshots_once_across_shared_calls ... ok
test source_admission_rejects_locator_changes_for_same_snapshot_identity ... ok
test source_digest_is_sha256_of_exact_original_bytes ... ok
test source_limits_precede_decode_and_decode_does_not_replace_bytes ... ok
test span_rejects_scalar_interiors_bounds_and_other_identity ... ok
test store_preserves_distinct_ids_at_same_uri_and_rejects_conflicting_revision ... ok

test result: ok. 26 passed; 0 failed; 0 ignored; 0 measured; 0 filtered out; finished in <TIME>s

     Running tests\decimal.rs (.tmp\review-ci-timeout\release-target\wasm32-wasip2\release\deps\decimal-e3c9542b7e89d5df.wasm)

running 2 tests
test exact_decimal_constructor_is_independent_of_lexical_leading_zero_policy ... ok
test invalid_digits_and_resource_stops_precede_numeric_allocation ... ok

test result: ok. 2 passed; 0 failed; 0 ignored; 0 measured; 0 filtered out; finished in <TIME>s

     Running tests\edit.rs (.tmp\review-ci-timeout\release-target\wasm32-wasip2\release\deps\edit-2a86cd44437726a5.wasm)

running 5 tests
test a_conflicting_preexisting_output_does_not_publish_other_transaction_outputs ... ok
test deletion_admits_original_and_generated_snapshots_once ... ok
test every_allocation_stop_is_atomic_sticky_and_retryable_in_a_fresh_operation ... ok
test semantic_failure_does_not_reserve_an_unpublished_output_identity ... ok
test work_source_and_locator_limits_stop_before_unbounded_owned_copies ... ok

test result: ok. 5 passed; 0 failed; 0 ignored; 0 measured; 0 filtered out; finished in <TIME>s

     Running tests\facts.rs (.tmp\review-ci-timeout\release-target\wasm32-wasip2\release\deps\facts-119d2d70abb82570.wasm)

running 2 tests
test delta_keeps_current_scope_namespace_reservations_and_foreign_scope_authority ... ok
test facts_reject_missing_sources_namespace_roots_and_fresh_operation_limits ... ok

test result: ok. 2 passed; 0 failed; 0 ignored; 0 measured; 0 filtered out; finished in <TIME>s

     Running tests\lexical.rs (.tmp\review-ci-timeout\release-target\wasm32-wasip2\release\deps\lexical-ed665f52c9e9806d.wasm)

running 3 tests
test whole_language_tag_preserves_abnf_scope ... ok
test whole_lexemes_stop_without_allocating_or_losing_cancellation ... ok
test whole_name_uses_pinned_unicode_spelling_and_excludes_trivia ... ok

test result: ok. 3 passed; 0 failed; 0 ignored; 0 measured; 0 filtered out; finished in <TIME>s

     Running tests\maps.rs (.tmp\review-ci-timeout\release-target\wasm32-wasip2\release\deps\maps-b48bce9e955e77d1.wasm)

running 4 tests
test indexed_map_graphs_agree_with_transitive_closure_in_both_orders ... ok
test map_admission_never_copies_long_identity_before_zero_allocation_budget ... ok
test mapped_containment_requires_every_byte_and_every_reverse_path ... ok
test snapshot_dag_proves_large_transforms_without_enumerating_the_point_product ... ok

test result: ok. 4 passed; 0 failed; 0 ignored; 0 measured; 0 filtered out; finished in <TIME>s

     Running tests\structure.rs (.tmp\review-ci-timeout\release-target\wasm32-wasip2\release\deps\structure-22e899ddbcfc809c.wasm)

running 20 tests
test canonical_json_escapes_controls_without_unicode_normalization ... ok
test deeply_nested_value_cleanup_uses_no_recursive_drop_chain ... ok
test descriptor_canonical_json_has_independently_specified_field_order ... ok
test descriptor_map_order_is_irrelevant_but_duplicates_are_rejected ... ok
test empty_anchor_cycles_and_transformed_relations_are_checked ... ok
test forward_overlap_is_acyclic_and_map_budget_failure_does_not_insert ... ok
test imported_origin_graph_honors_zero_nodes_and_depth_limits ... ok
test imported_origin_graph_rejects_cycles_unknown_refs_and_missing_source ... ok
test inverse_refuses_transformed_and_ambiguous_mappings ... ok
test local_kind_ids_are_canonical_across_descriptor_input_order ... ok
test registry_accepts_mutual_symbolic_references_then_seals_them ... ok
test registry_rejects_wrong_digest_and_unknown_unused_references ... ok
test rejected_deep_descriptor_is_safe_to_clone_compare_debug_and_drop ... ok
test report_candidate_rollback_discards_facts_without_refunding_budget ... ok
test report_diagnostic_limit_has_no_fabricated_global_message ... ok
test report_storage_obeys_allocation_budget ... ok
test report_zero_event_capacity_keeps_one_typed_overflow_and_stop ... ok
test source_map_checks_composable_interval_cycles_not_snapshot_cycles ... ok
test structural_boundary_checks_field_count_kind_intrinsic_subset_and_negative_natural ... ok
test validator_and_descriptor_depth_share_parent_budget_and_peak ... ok

test result: ok. 20 passed; 0 failed; 0 ignored; 0 measured; 0 filtered out; finished in <TIME>s

     Running tests\syntax.rs (.tmp\review-ci-timeout\release-target\wasm32-wasip2\release\deps\syntax-7e6826726b2c3890.wasm)

running 10 tests
test deeply_nested_foreign_bundle_cleanup_is_iterative ... ok
test foreign_ids_are_local_but_environment_and_root_must_match ... ok
test foreign_nesting_adds_to_containing_node_path_depth ... ok
test owned_syntax_copy_precharges_payloads_and_preserves_deep_foreign_ownership ... ok
test source_child_cover_must_follow_head_and_stay_in_parent ... ok
test syntax_graph_checks_all_refs_and_cycles_while_allowing_shared_children ... ok
test syntax_preserves_nested_stop_causes_and_does_not_reclassify_semantic_errors ... ok
test token_internal_view_is_sidecar_and_trivia_retains_bom_bytes ... ok
test token_owns_even_unreachable_view_elements ... ok
test view_child_edges_are_acyclic_but_semantic_relation_cycles_are_allowed ... ok

test result: ok. 10 passed; 0 failed; 0 ignored; 0 measured; 0 filtered out; finished in <TIME>s

     Running tests\value.rs (.tmp\review-ci-timeout\release-target\wasm32-wasip2\release\deps\value-617904154a28ea02.wasm)

running 2 tests
test budgeted_equality_keeps_values_and_composes_caller_depth ... ok
test equality_charges_frontier_before_queueing_wide_input ... ok

test result: ok. 2 passed; 0 failed; 0 ignored; 0 measured; 0 filtered out; finished in <TIME>s

     Running unittests src\lib.rs (.tmp\review-ci-timeout\release-target\wasm32-wasip2\release\deps\nepl3_engine-911fbec2cc2bc269.wasm)

running 2 tests
test head::tests::completed_projection_preserves_compound_values_without_unread_siblings_or_tables ... ok
test head::tests::window_preserves_exact_utf8_and_requires_admission_in_each_operation ... ok

test result: ok. 2 passed; 0 failed; 0 ignored; 0 measured; 0 filtered out; finished in <TIME>s

     Running tests\head.rs (.tmp\review-ci-timeout\release-target\wasm32-wasip2\release\deps\head-dd7494f045bb0897.wasm)

running 14 tests
test completed_head_wrapper_preserves_owned_execution_and_pending_boundaries ... ok
test deep_failed_payload_respects_saved_call_depth_and_keeps_prior_report ... ok
test dynamic_head_uses_compound_completed_child_and_restores_normal_child_context ... ok
test failed_child_context_preserves_known_parent_arity_and_formal_primary_once ... ok
test foreign_completed_selector_uses_local_projection_ids_and_returns_to_host_body ... ok
test head_cancel_keeps_accepted_diagnostic_event_and_fixed_parent_progress ... ok
test head_resume_source_uri_conflict_and_missing_primary_preserve_the_original_slot ... ok
test head_resume_uses_saved_auxiliary_context_and_rejects_caller_conflicts_before_consumption ... ok
test head_trace_overflow_requires_stopped_and_invalid_success_keeps_pending ... ok
test long_failed_reply_is_charged_before_primary_equality_and_keeps_prior_report ... ok
test portable::portable_callback_and_dynamic_tree_match_owned_native_execution ... ok
test shape_provider_failure_keeps_unknown_arity_unparsed_and_primary_once ... ok
test synchronous_head_host_and_owned_fallback_keep_the_same_tree_and_positions ... ok
test synchronous_head_reader_head_dispatch_matches_owned_interleaving ... ok

test result: ok. 14 passed; 0 failed; 0 ignored; 0 measured; 0 filtered out; finished in <TIME>s

     Running tests\package.rs (.tmp\review-ci-timeout\release-target\wasm32-wasip2\release\deps\package-76fd0e6a670b5586.wasm)

running 21 tests
test head::head_registrations_bind_alias_signature_host_identity_and_profile_digest ... ok
test head::portable::delegated_grant_and_real_framing_share_the_original_work_cap ... ok
test head::portable::head_all_reply_branches_preserve_projected_report_and_reject_invalid_fixes_and_graphs ... ok
test head::portable::head_delegation_accounts_window_reception_once_and_merges_relative_costs_with_absolute_depth ... ok
test head::portable::head_first_receiver_preserves_compound_projection_and_rejects_schema_valid_corruption ... ok
test head::portable::projected_shared_payload_depth_includes_the_deeper_graph_path ... ok
test head::portable::stopped_transport_records_child_cost_and_unsettled_drop_blocks_parent_reuse ... ok
test listof_foreign_has_foreign_head_and_local_tail_without_losing_its_selector ... ok
test package_boundary_checks_extension_provenance_and_resource_limits ... ok
test package_checks_real_surface_shapes_modes_selectors_and_binding_coverage ... ok
test package_rejects_direct_reader_cycles_and_counts_binding_entry_depth ... ok
test persistent_tree_checks_parent_reads_spelling_payload_and_concrete_owner ... ok
test portable::facts::facts_all_reply_branches_keep_report_only_sources_and_request_relative_grants ... ok
test portable::facts::facts_first_receiver_decodes_without_the_senders_request_or_source_store ... ok
test portable::facts::facts_request_binds_complete_host_authority_and_canonical_target ... ok
test portable::typed_tree_recovery_uses_the_guest_source_table_and_canonical_node_reference ... ok
test portable::typed_tree_roundtrip_remaps_every_local_owner_and_rejects_stale_wrapper_indices ... ok
test recovery_strategy_and_sync_order_are_part_of_package_behavior ... ok
test resolved_profile_pins_real_package_host_providers_resources_and_foreign_modes ... ok
test semantic_identity_preserves_ordered_behavior_and_presentation_fallback ... ok
test semantic_identity_removes_arena_layout_sharing_and_provenance ... ok

test result: ok. 21 passed; 0 failed; 0 ignored; 0 measured; 0 filtered out; finished in <TIME>s

     Running tests\parse.rs (.tmp\review-ci-timeout\release-target\wasm32-wasip2\release\deps\parse-8f6545533957e4e2.wasm)

running 20 tests
test accepted_trivia_without_a_token_survives_eof_and_need_more ... ok
test allocation_stop_preserves_actual_usage_and_never_invents_a_root ... ok
test append_retry_reparses_every_scalar_split_and_keeps_cumulative_usage ... ok
test append_retry_retains_original_caller_depth_when_host_resumes_at_zero ... ok
test completed_parse_wrappers_preserve_raw_outcomes_reports_and_costs ... ok
test explicit_list_spine_preserves_declared_head_and_tail_children ... ok
test foreign::foreign_root_mode_is_guest_owned_and_normal_child_and_host_restore_defaults ... ok
test missing_children_share_one_bundle_recovery_table ... ok
test missing_final_child_and_nonfinal_input_are_distinct ... ok
test native_host_cancel_and_invalid_reply_keep_boundary_semantics ... ok
test native_host_failure_keeps_generated_diagnostic_and_event_closure ... ok
test native_host_mixed_text_provider_fallback_preserves_decoded_sources ... ok
test native_host_nested_stop_is_sticky_without_host_mutating_budget ... ok
test native_host_prefix_growth_reduces_measured_copy_work ... ok
test native_host_preserves_tree_reports_maps_and_owned_fallback ... ok
test prefix_depth_composes_with_nested_reader_frames ... ok
test provider_resume_keeps_prefix_frames_report_and_caller_depth ... ok
test static_form_keeps_builtin_children_and_token_payloads ... ok
test text_reservation_preserves_prefix_identity_and_composed_caller_depth ... ok
test unknown_heads_preserve_remainder_without_inventing_a_leaf_arity ... ok

test result: ok. 20 passed; 0 failed; 0 ignored; 0 measured; 0 filtered out; finished in <TIME>s

     Running unittests src\lib.rs (.tmp\review-ci-timeout\release-target\wasm32-wasip2\release\deps\nepl3_reader-ee45652db546865b.wasm)

running 0 tests

test result: ok. 0 passed; 0 failed; 0 ignored; 0 measured; 0 filtered out; finished in <TIME>s

     Running tests\builtin.rs (.tmp\review-ci-timeout\release-target\wasm32-wasip2\release\deps\builtin-457f92b64fb2c41d.wasm)

running 17 tests
test builtin_budget_stops_are_typed_and_do_not_return_partial_tokens ... ok
test committed_text_rejects_invalid_escapes_scalars_and_direct_lines ... ok
test empty_skip_and_take_readers_are_nonprogress_failures ... ok
test generated_source_admission_is_once_and_unsuccessful_text_has_no_source_charge ... ok
test language_is_well_formed_abnf_not_registry_validity ... ok
test maximal_lexemes_wait_at_every_nonfinal_scalar_boundary ... ok
test mode_take_is_ordered_choice_and_does_not_consume_trailing_trivia ... ok
test mode_text_reservation_is_lazy_and_echo_is_checked ... ok
test names_preserve_unicode_spelling_and_read_maximal_identifier ... ok
test naturals_and_finite_decimals_are_exact_and_boundary_checked ... ok
test owned_tokenizer_resume_does_not_borrow_the_original_context_and_checks_all_echo_fields ... ok
test reservation_locator_validation_obeys_work_limit_before_scanning ... ok
test selected_standard_provider_dispatch_uses_builtin_values_and_rejects_forgery ... ok
test text_decoding_retains_each_exact_or_transformed_source_range ... ok
test text_exact_runs_preserve_utf8_offsets_and_escape_boundaries ... ok
test tokenizer_configuration_identity_ignores_mode_declaration_order_but_retains_rule_order ... ok
test trivia_keeps_ascii_line_boundaries_and_bom_position ... ok

test result: ok. 17 passed; 0 failed; 0 ignored; 0 measured; 0 filtered out; finished in <TIME>s

     Running tests\context.rs (.tmp\review-ci-timeout\release-target\wasm32-wasip2\release\deps\context-c9cc707acb952b76.wasm)

running 1 test
test checked_context_uses_real_digest_and_exact_origin_source_closure ... ok

test result: ok. 1 passed; 0 failed; 0 ignored; 0 measured; 0 filtered out; finished in <TIME>s

     Running tests\portable.rs (.tmp\review-ci-timeout\release-target\wasm32-wasip2\release\deps\portable-3e164bbf66d0a0e2.wasm)

running 2 tests
test host_global_source_cannot_fill_a_missing_request_declaration ... ok
test native_request_and_checked_ndf_loopback_execute_with_identical_meaning ... ok

test result: ok. 2 passed; 0 failed; 0 ignored; 0 measured; 0 filtered out; finished in <TIME>s

     Running tests\runtime.rs (.tmp\review-ci-timeout\release-target\wasm32-wasip2\release\deps\runtime-77df2f2ae3d6e555.wasm)

running 36 tests
test accepted_collector_crosses_language_sessions_only_in_its_original_operation ... ok
test accepted_diagnostic_owns_primary_related_and_fix_source_closure_before_publication ... ok
test allocation_faults_across_later_resumes_preserve_already_accepted_reports ... ok
test bounded_repeat_zero_never_executes_nullable_body ... ok
test cancellation_during_provider_wait_stops_and_consumes_the_pending_slot ... ok
test checked_context_reuse_admits_exact_source_closure_in_each_operation ... ok
test checked_context_reuse_rejects_same_id_revision_with_changed_content ... ok
test choice_rewinds_captures_views_and_retains_work ... ok
test commit_does_not_hide_failure_or_need_more_in_choice ... ok
test direct_repeat_failure_and_streaming_shortage_rollback_all_prior_iteration_reports ... ok
test every_utf8_prefix_split_is_need_more_and_final_truncation_is_no_match ... ok
test failed_choice_restores_programmed_state_before_next_provider_call ... ok
test failed_stopped_and_rollback_results_have_their_exact_formal_source_closure ... ok
test fresh_budget_and_forged_call_or_source_cannot_resume_a_saved_slot ... ok
test generated_sources_are_validated_transactionally_and_available_to_diagnostics ... ok
test long_source_identity_is_not_copied_after_allocation_budget_is_exhausted ... ok
test map_decode_and_then_use_typed_provider_envelopes ... ok
test node_sidecar_and_look_not_optional_discard_have_independent_values ... ok
test plan_identity_is_deterministic_but_distinguishes_arena_representation ... ok
test programmed_repetition_requires_actual_consumption_and_accepts_consuming_calls ... ok
test provider_overflow_rejects_read_failed_map_decode_without_consuming_slot ... ok
test provider_signature_checks_operation_envelope_and_pure_decoder ... ok
test retry::rejected_read_payload_state_end_source_and_view_preserve_formal_collector_and_pending ... ok
test runtime_rejects_left_recursion_hidden_behind_empty_programmed_call ... ok
test session_binds_call_source_plan_usage_and_closes_after_consumed_resume ... ok
test static_plan_rejects_unknown_references_types_and_unproductive_recursion ... ok
test stopped_reader_retains_committed_provider_reports ... ok
test stopped_tokenizer_retains_reader_report_and_generated_source_closure ... ok
test tokenizer_await_allocation_stops_clear_both_private_pending_slots ... ok
test tokenizer_host::synchronous_text_reservation_preserves_decode_maps_and_fallback ... ok
test tokenizer_host::synchronous_tokenizer_keeps_owned_fallback_and_validates_replies ... ok
test tokenizer_outer_echo_validates_every_nested_reader_component_before_private_resume ... ok
test tokenizer_preserves_accepted_skip_reports_and_sources_across_candidate_rollback ... ok
test transform::transform_all_outcomes_keep_sources_reports_and_retry_after_rejected_native_or_ndf_reply ... ok
test unicode_classes_use_pinned_unicode16_and_ascii_numeric_rules ... ok
test until_leaves_delimiter_and_takecount_counts_scalars ... ok

test result: ok. 36 passed; 0 failed; 0 ignored; 0 measured; 0 filtered out; finished in <TIME>s

     Running unittests src\lib.rs (.tmp\review-ci-timeout\release-target\wasm32-wasip2\release\deps\nepl3_wire-787a877215ac1fda.wasm)

running 0 tests

test result: ok. 0 passed; 0 failed; 0 ignored; 0 measured; 0 filtered out; finished in <TIME>s

     Running tests\codec.rs (.tmp\review-ci-timeout\release-target\wasm32-wasip2\release\deps\codec-3d32f8e563e397aa.wasm)

running 7 tests
test all_twelve_tags_match_specified_cbor_bytes ... ok
test checked_boundary_uses_real_registry_and_rejects_wrong_field_type ... ok
test deeply_nested_values_do_not_use_the_native_call_stack ... ok
test every_truncated_prefix_fails_and_complete_input_preserves_bytes ... ok
test integer_width_boundaries_use_shortest_unsigned_encoding ... ok
test limits_stop_with_typed_reasons_without_a_successful_partial_value ... ok
test malformed_noncanonical_and_forbidden_cbor_values_are_rejected ... ok

test result: ok. 7 passed; 0 failed; 0 ignored; 0 measured; 0 filtered out; finished in <TIME>s

     Running tests\digest.rs (.tmp\review-ci-timeout\release-target\wasm32-wasip2\release\deps\digest-85435b2605856b9e.wasm)

running 1 test
test canonical_digest_uses_ndf_tagged_cbor_and_keeps_budget_stops ... ok

test result: ok. 1 passed; 0 failed; 0 ignored; 0 measured; 0 filtered out; finished in <TIME>s

     Running tests\facts.rs (.tmp\review-ci-timeout\release-target\wasm32-wasip2\release\deps\facts-1b412389ce990de6.wasm)

running 1 test
test typed_facts_and_delta_roundtrip_preserve_ids_and_reject_semantic_forgery ... ok

test result: ok. 1 passed; 0 failed; 0 ignored; 0 measured; 0 filtered out; finished in <TIME>s

     Running tests\origin.rs (.tmp\review-ci-timeout\release-target\wasm32-wasip2\release\deps\origin-cbc8928f419cbc21.wasm)

running 1 test
test origin_variants_roundtrip_and_wire_cycles_are_rejected ... ok

test result: ok. 1 passed; 0 failed; 0 ignored; 0 measured; 0 filtered out; finished in <TIME>s

     Running tests\report.rs (.tmp\review-ci-timeout\release-target\wasm32-wasip2\release\deps\report-656bc190eca973d6.wasm)

running 4 tests
test fix_preconditions_reject_digest_and_overlap_in_native_and_structural_wire_values ... ok
test one_fix_uses_one_snapshot_per_source_but_allows_multiple_sources_and_historical_related ... ok
test report_boundary_rejects_payload_count_and_source_forgery_and_preserves_stops ... ok
test report_roundtrip_preserves_diagnostics_events_fixes_and_declared_sources ... ok

test result: ok. 4 passed; 0 failed; 0 ignored; 0 measured; 0 filtered out; finished in <TIME>s

     Running tests\source.rs (.tmp\review-ci-timeout\release-target\wasm32-wasip2\release\deps\source-29ccbe4da96df85d.wasm)

running 3 tests
test malformed_source_declarations_reject_without_committing_and_retry_does_not_refund ... ok
test native_and_wire_admission_reject_zero_source_limit_and_span_scalar_interior ... ok
test source_and_span_roundtrip_preserve_identity_bytes_and_shared_admission ... ok

test result: ok. 3 passed; 0 failed; 0 ignored; 0 measured; 0 filtered out; finished in <TIME>s

     Running tests\stop.rs (.tmp\review-ci-timeout\release-target\wasm32-wasip2\release\deps\stop-e2adb7ba883f1fe3.wasm)

running 2 tests
test actual_checked_codec_schema_work_stop_is_extractable ... ok
test codec_stop_extraction_preserves_every_typed_nested_cause ... ok

test result: ok. 2 passed; 0 failed; 0 ignored; 0 measured; 0 filtered out; finished in <TIME>s

     Running tests\syntax.rs (.tmp\review-ci-timeout\release-target\wasm32-wasip2\release\deps\syntax-10d6edfb5aa604df.wasm)

running 8 tests
test foreign::standalone_foreign_keeps_selected_owner_environment_and_origin_arena ... ok
test foreign::standalone_foreign_rejects_missing_owner_closure_hash_and_cross_arena_claims ... ok
test foreign_bundle_rejects_forged_environment_digest_token_and_origin_references ... ok
test foreign_bundle_roundtrip_keeps_local_token_view_origin_ids_and_payloads ... ok
test guest_arena_reordering_updates_foreign_root_and_guest_local_children ... ok
test mapped_views_and_maps_survive_host_and_guest_wire_boundaries ... ok
test native_arena_order_is_canonicalized_and_unreachable_nodes_are_rejected ... ok
test nested_generated_bundles_use_iterative_conversion_and_shared_depth_budget ... ok

test result: ok. 8 passed; 0 failed; 0 ignored; 0 measured; 0 filtered out; finished in <TIME>s

     Running tests\types.rs (.tmp\review-ci-timeout\release-target\wasm32-wasip2\release\deps\types-2efa5a4933aff1e7.wasm)

running 2 tests
test deep_symbolic_types_roundtrip_and_stop_without_recursive_cleanup ... ok
test symbolic_type_descriptors_preserve_all_variants_and_nested_named_data ... ok

test result: ok. 2 passed; 0 failed; 0 ignored; 0 measured; 0 filtered out; finished in <TIME>s

     Running tests\view.rs (.tmp\review-ci-timeout\release-target\wasm32-wasip2\release\deps\view-df2decf181d81c24.wasm)

running 2 tests
test structured_payload_views_roles_relations_and_trivia_roundtrip_without_reparse ... ok
test token_wire_rejects_invalid_local_view_and_trivia_references_and_source_limit ... ok

test result: ok. 2 passed; 0 failed; 0 ignored; 0 measured; 0 filtered out; finished in <TIME>s

   Doc-tests nepl3_core

running 0 tests

test result: ok. 0 passed; 0 failed; 0 ignored; 0 measured; 0 filtered out; finished in 0.00s

   Doc-tests nepl3_engine

running 0 tests

test result: ok. 0 passed; 0 failed; 0 ignored; 0 measured; 0 filtered out; finished in 0.00s

   Doc-tests nepl3_reader

running 0 tests

test result: ok. 0 passed; 0 failed; 0 ignored; 0 measured; 0 filtered out; finished in 0.00s

   Doc-tests nepl3_wire

running 0 tests

test result: ok. 0 passed; 0 failed; 0 ignored; 0 measured; 0 filtered out; finished in 0.00s

