Command:
$env:CARGO_TARGET_WASM32_WASIP2_RUNNER='wasmtime run'
cargo test --locked -p nepl3-core -p nepl3-wire -p nepl3-reader --target wasm32-wasip2 -- --test-threads=1

Exit code: 0

Output:
    Blocking waiting for file lock on package cache
    Blocking waiting for file lock on package cache
    Blocking waiting for file lock on build directory
   Compiling nepl3-reader v0.1.0 (C:\projects\NEPL3-runtime\crates\foundation\reader)
   Compiling nepl3-wire v0.1.0 (C:\projects\NEPL3-runtime\crates\foundation\wire)
    Finished `test` profile [unoptimized + debuginfo] target(s) in 7.79s
     Running unittests src\lib.rs (target\wasm32-wasip2\debug\deps\nepl3_core-c6b2e857afa250e4.wasm)

running 0 tests

test result: ok. 0 passed; 0 failed; 0 ignored; 0 measured; 0 filtered out; finished in 0.00s

     Running tests\contracts.rs (target\wasm32-wasip2\debug\deps\contracts-0fc654f47919cc2d.wasm)

running 17 tests
test admission_accounts_for_copied_locator_payload ... ok
test budget_exact_limits_overflow_zero_and_cancel_are_distinct ... ok
test canonical_integers_reject_negative_zero_and_leading_zero ... ok
test edit_size_limit_checked_before_replacement_is_built ... ok
test edits_are_atomic_across_sources_and_reject_stale_or_conflicting_input ... ok
test first_budget_stop_is_sticky_across_smaller_charges_and_cancellation ... ok
test line_index_allocation_limit_is_enforced ... ok
test line_positions_roundtrip_unicode_and_all_line_endings ... ok
test locator_profile_is_checked_without_os_or_scheme_normalization ... ok
test nested_budget_retains_work_and_peak_depth_after_failed_branch ... ok
test rational_constructors_normalize_native_but_reject_noncanonical_wire ... ok
test source_admission_charges_unique_snapshots_once_across_shared_calls ... ok
test source_admission_rejects_locator_changes_for_same_snapshot_identity ... ok
test source_digest_is_sha256_of_exact_original_bytes ... ok
test source_limits_precede_decode_and_decode_does_not_replace_bytes ... ok
test span_rejects_scalar_interiors_bounds_and_other_identity ... ok
test store_preserves_distinct_ids_at_same_uri_and_rejects_conflicting_revision ... ok

test result: ok. 17 passed; 0 failed; 0 ignored; 0 measured; 0 filtered out; finished in 0.00s

     Running tests\structure.rs (target\wasm32-wasip2\debug\deps\structure-88d6b7ce9ae0dc22.wasm)

running 20 tests
test canonical_json_escapes_controls_without_unicode_normalization ... ok
test deeply_nested_value_cleanup_uses_no_recursive_drop_chain ... ok
test descriptor_canonical_json_has_independently_specified_field_order ... ok
test descriptor_map_order_is_irrelevant_but_duplicates_are_rejected ... ok
test empty_anchor_cycles_and_transformed_relations_are_checked ... ok
test forward_overlap_is_acyclic_and_map_budget_failure_does_not_insert ... ok
test imported_origin_graph_honors_zero_nodes_and_depth_limits ... ok
test imported_origin_graph_rejects_cycles_unknown_refs_and_missing_source ... ok
test inverse_refuses_transformed_and_ambiguous_mappings ... ok
test local_kind_ids_are_canonical_across_descriptor_input_order ... ok
test registry_accepts_mutual_symbolic_references_then_seals_them ... ok
test registry_rejects_wrong_digest_and_unknown_unused_references ... ok
test rejected_deep_descriptor_is_safe_to_clone_compare_debug_and_drop ... ok
test report_candidate_rollback_discards_facts_without_refunding_budget ... ok
test report_diagnostic_limit_has_no_fabricated_global_message ... ok
test report_storage_obeys_allocation_budget ... ok
test report_zero_event_capacity_keeps_one_typed_overflow_and_stop ... ok
test source_map_checks_composable_interval_cycles_not_snapshot_cycles ... ok
test structural_boundary_checks_field_count_kind_intrinsic_subset_and_negative_natural ... ok
test validator_and_descriptor_depth_share_parent_budget_and_peak ... ok

test result: ok. 20 passed; 0 failed; 0 ignored; 0 measured; 0 filtered out; finished in 0.12s

     Running tests\syntax.rs (target\wasm32-wasip2\debug\deps\syntax-fb39e35ffe4a5de8.wasm)

running 8 tests
test deeply_nested_foreign_bundle_cleanup_is_iterative ... ok
test foreign_ids_are_local_but_environment_and_root_must_match ... ok
test foreign_nesting_adds_to_containing_node_path_depth ... ok
test source_child_cover_must_follow_head_and_stay_in_parent ... ok
test syntax_graph_checks_all_refs_and_cycles_while_allowing_shared_children ... ok
test token_internal_view_is_sidecar_and_trivia_retains_bom_bytes ... ok
test token_owns_even_unreachable_view_elements ... ok
test view_child_edges_are_acyclic_but_semantic_relation_cycles_are_allowed ... ok

test result: ok. 8 passed; 0 failed; 0 ignored; 0 measured; 0 filtered out; finished in 0.09s

     Running unittests src\lib.rs (target\wasm32-wasip2\debug\deps\nepl3_reader-4bcfdb50e08b8642.wasm)

running 0 tests

test result: ok. 0 passed; 0 failed; 0 ignored; 0 measured; 0 filtered out; finished in 0.00s

     Running tests\context.rs (target\wasm32-wasip2\debug\deps\context-be6c52e275c18720.wasm)

running 1 test
test checked_context_uses_real_digest_and_exact_origin_source_closure ... ok

test result: ok. 1 passed; 0 failed; 0 ignored; 0 measured; 0 filtered out; finished in 0.01s

     Running tests\portable.rs (target\wasm32-wasip2\debug\deps\portable-b8c329b3ca860abf.wasm)

running 2 tests
test host_global_source_cannot_fill_a_missing_request_declaration ... ok
test native_request_and_checked_ndf_loopback_execute_with_identical_meaning ... ok

test result: ok. 2 passed; 0 failed; 0 ignored; 0 measured; 0 filtered out; finished in 0.03s

     Running tests\runtime.rs (target\wasm32-wasip2\debug\deps\runtime-fcf133dd7df63cc6.wasm)

running 24 tests
test allocation_faults_across_later_resumes_preserve_already_accepted_reports ... ok
test bounded_repeat_zero_never_executes_nullable_body ... ok
test cancellation_during_provider_wait_stops_and_consumes_the_pending_slot ... ok
test checked_context_reuse_admits_exact_source_closure_in_each_operation ... ok
test checked_context_reuse_rejects_same_id_revision_with_changed_content ... ok
test choice_rewinds_captures_views_and_retains_work ... ok
test commit_does_not_hide_failure_or_need_more_in_choice ... ok
test direct_repeat_failure_and_streaming_shortage_rollback_all_prior_iteration_reports ... ok
test every_utf8_prefix_split_is_need_more_and_final_truncation_is_no_match ... ok
test failed_choice_restores_programmed_state_before_next_provider_call ... ok
test fresh_budget_and_forged_call_or_source_cannot_resume_a_saved_slot ... ok
test generated_sources_are_validated_transactionally_and_available_to_diagnostics ... ok
test long_source_identity_is_not_copied_after_allocation_budget_is_exhausted ... ok
test map_decode_and_then_use_typed_provider_envelopes ... ok
test node_sidecar_and_look_not_optional_discard_have_independent_values ... ok
test plan_identity_is_deterministic_but_distinguishes_arena_representation ... ok
test programmed_repetition_requires_actual_consumption_and_accepts_consuming_calls ... ok
test provider_signature_checks_operation_envelope_and_pure_decoder ... ok
test runtime_rejects_left_recursion_hidden_behind_empty_programmed_call ... ok
test session_binds_call_source_plan_usage_and_closes_after_consumed_resume ... ok
test static_plan_rejects_unknown_references_types_and_unproductive_recursion ... ok
test stopped_reader_retains_committed_provider_reports ... ok
test unicode_classes_use_pinned_unicode16_and_ascii_numeric_rules ... ok
test until_leaves_delimiter_and_takecount_counts_scalars ... ok

test result: ok. 24 passed; 0 failed; 0 ignored; 0 measured; 0 filtered out; finished in 0.46s

     Running unittests src\lib.rs (target\wasm32-wasip2\debug\deps\nepl3_wire-9fbb4bca64b7cc61.wasm)

running 0 tests

test result: ok. 0 passed; 0 failed; 0 ignored; 0 measured; 0 filtered out; finished in 0.00s

     Running tests\codec.rs (target\wasm32-wasip2\debug\deps\codec-28b953d38f3f9755.wasm)

running 7 tests
test all_twelve_tags_match_specified_cbor_bytes ... ok
test checked_boundary_uses_real_registry_and_rejects_wrong_field_type ... ok
test deeply_nested_values_do_not_use_the_native_call_stack ... ok
test every_truncated_prefix_fails_and_complete_input_preserves_bytes ... ok
test integer_width_boundaries_use_shortest_unsigned_encoding ... ok
test limits_stop_with_typed_reasons_without_a_successful_partial_value ... ok
test malformed_noncanonical_and_forbidden_cbor_values_are_rejected ... ok

test result: ok. 7 passed; 0 failed; 0 ignored; 0 measured; 0 filtered out; finished in 0.09s

     Running tests\origin.rs (target\wasm32-wasip2\debug\deps\origin-b52ba9a27024d41b.wasm)

running 1 test
test origin_variants_roundtrip_and_wire_cycles_are_rejected ... ok

test result: ok. 1 passed; 0 failed; 0 ignored; 0 measured; 0 filtered out; finished in 0.01s

     Running tests\source.rs (target\wasm32-wasip2\debug\deps\source-2270569ee5deb127.wasm)

running 3 tests
test malformed_source_declarations_reject_without_committing_and_retry_does_not_refund ... ok
test native_and_wire_admission_reject_zero_source_limit_and_span_scalar_interior ... ok
test source_and_span_roundtrip_preserve_identity_bytes_and_shared_admission ... ok

test result: ok. 3 passed; 0 failed; 0 ignored; 0 measured; 0 filtered out; finished in 0.02s

     Running tests\syntax.rs (target\wasm32-wasip2\debug\deps\syntax-03f8c48ef5741789.wasm)

running 5 tests
test foreign_bundle_rejects_forged_environment_digest_token_and_origin_references ... ok
test foreign_bundle_roundtrip_keeps_local_token_view_origin_ids_and_payloads ... ok
test guest_arena_reordering_updates_foreign_root_and_guest_local_children ... ok
test native_arena_order_is_canonicalized_and_unreachable_nodes_are_rejected ... ok
test nested_generated_bundles_use_iterative_conversion_and_shared_depth_budget ... ok

test result: ok. 5 passed; 0 failed; 0 ignored; 0 measured; 0 filtered out; finished in 0.19s

     Running tests\view.rs (target\wasm32-wasip2\debug\deps\view-e47705de54a223af.wasm)

running 2 tests
test structured_payload_views_roles_relations_and_trivia_roundtrip_without_reparse ... ok
test token_wire_rejects_invalid_local_view_and_trivia_references_and_source_limit ... ok

test result: ok. 2 passed; 0 failed; 0 ignored; 0 measured; 0 filtered out; finished in 0.02s

   Doc-tests nepl3_core

running 0 tests

test result: ok. 0 passed; 0 failed; 0 ignored; 0 measured; 0 filtered out; finished in 0.00s

   Doc-tests nepl3_reader

running 0 tests

test result: ok. 0 passed; 0 failed; 0 ignored; 0 measured; 0 filtered out; finished in 0.00s

   Doc-tests nepl3_wire

running 0 tests

test result: ok. 0 passed; 0 failed; 0 ignored; 0 measured; 0 filtered out; finished in 0.00s
