   Compiling typenum v1.20.1
   Compiling autocfg v1.5.1
   Compiling cfg-if v1.0.4
   Compiling unicode-ident v1.0.18
   Compiling proc-macro2 v1.0.107
   Compiling quote v1.0.47
   Compiling serde_core v1.0.229
   Compiling zmij v1.0.23
   Compiling serde v1.0.229
   Compiling serde_json v1.0.151
   Compiling memchr v2.8.3
   Compiling pulldown-cmark v0.13.4
   Compiling itoa v1.0.18
   Compiling unicase v2.9.0
   Compiling bitflags v2.13.1
   Compiling num-traits v0.2.19
   Compiling hybrid-array v0.4.14
   Compiling syn v3.0.5
   Compiling num-integer v0.1.47
   Compiling crypto-common v0.2.2
   Compiling block-buffer v0.12.1
   Compiling num-bigint v0.5.1
   Compiling digest v0.11.3
   Compiling sha2 v0.11.0
   Compiling nepl3-core v0.1.0 (C:\projects\NEPL3-runtime\.tmp\review-doc-sentences\workspace\crates\foundation\core)
   Compiling serde_derive v1.0.229
   Compiling nepl3-reader v0.1.0 (C:\projects\NEPL3-runtime\.tmp\review-doc-sentences\workspace\crates\foundation\reader)
   Compiling nepl3-markup v0.1.0 (C:\projects\NEPL3-runtime\.tmp\review-doc-sentences\workspace\crates\output\markup)
   Compiling nepl3-doc-core v0.1.0 (C:\projects\NEPL3-runtime\.tmp\review-doc-sentences\workspace\crates\languages\doc\core)
   Compiling nepl3-wire v0.1.0 (C:\projects\NEPL3-runtime\.tmp\review-doc-sentences\workspace\crates\foundation\wire)
   Compiling nepl3-math-core v0.1.0 (C:\projects\NEPL3-runtime\.tmp\review-doc-sentences\workspace\crates\languages\math\core)
   Compiling nepl3-engine v0.1.0 (C:\projects\NEPL3-runtime\.tmp\review-doc-sentences\workspace\crates\foundation\engine)
   Compiling nepl3-doc-html v0.1.0 (C:\projects\NEPL3-runtime\.tmp\review-doc-sentences\workspace\crates\languages\doc\html)
   Compiling nepl3-grammar-core v0.1.0 (C:\projects\NEPL3-runtime\.tmp\review-doc-sentences\workspace\crates\languages\grammar\core)
   Compiling nepl3-tools v0.1.0 (C:\projects\NEPL3-runtime\.tmp\review-doc-sentences\workspace\tools)
    Finished `test` profile [unoptimized + debuginfo] target(s) in 3m 14s
     Running tests\review_sentences.rs (target\wasm32-wasip2\debug\deps\review_sentences-6583ea3ba964d023.wasm)

running 2 tests
test independent_sentence_boundary_event_matrix ... source=Digest([202, 162, 62, 244, 151, 232, 19, 168, 191, 83, 3, 196, 46, 4, 203, 172, 141, 20, 34, 46, 210, 88, 95, 71, 113, 72, 164, 200, 239, 46, 149, 183]) output="# Title\n\n第一。第二。\n\n" events=["heading", "text:Title", "/heading", "paragraph", "text:第一。第二。", "/paragraph"]
source=Digest([191, 142, 14, 39, 36, 64, 28, 99, 62, 167, 131, 87, 93, 29, 180, 8, 252, 98, 177, 168, 223, 184, 209, 2, 143, 6, 37, 244, 230, 17, 163, 149]) output="# Title\n\n- 第一。第二。\n\n" events=["heading", "text:Title", "/heading", "list", "item", "text:第一。第二。", "/item", "/list"]
source=Digest([60, 214, 127, 113, 129, 54, 168, 108, 204, 116, 98, 137, 96, 43, 114, 236, 2, 230, 177, 224, 142, 14, 59, 15, 104, 9, 160, 225, 103, 45, 104, 48]) output="# Title\n\nOne\\.   Two\\.\n\n" events=["heading", "text:Title", "/heading", "paragraph", "text:One.   Two.", "/paragraph"]
source=Digest([165, 39, 187, 7, 197, 144, 54, 116, 127, 222, 24, 214, 58, 141, 45, 240, 195, 2, 233, 203, 33, 237, 72, 34, 6, 107, 103, 68, 33, 191, 130, 88]) output="# Title\n\n- One\\.   Two\\.\n\n" events=["heading", "text:Title", "/heading", "list", "item", "text:One.   Two.", "/item", "/list"]
source=Digest([93, 76, 19, 90, 90, 166, 220, 247, 138, 122, 28, 254, 134, 36, 38, 149, 195, 37, 222, 106, 51, 19, 80, 192, 62, 158, 184, 251, 14, 48, 240, 190]) output="# Title\n\nA \u{a0}B\n\n" events=["heading", "text:Title", "/heading", "paragraph", "text:A \u{a0}B", "/paragraph"]
source=Digest([56, 76, 84, 154, 230, 171, 0, 108, 126, 110, 239, 94, 90, 75, 207, 220, 15, 132, 103, 114, 235, 88, 5, 74, 164, 194, 222, 134, 159, 222, 135, 6]) output="# Title\n\n- A \u{a0}B\n\n" events=["heading", "text:Title", "/heading", "list", "item", "text:A \u{a0}B", "/item", "/list"]
source=Digest([36, 117, 175, 179, 200, 210, 101, 187, 217, 22, 253, 168, 20, 63, 148, 232, 89, 114, 13, 135, 243, 232, 194, 73, 202, 49, 120, 41, 93, 164, 118, 227]) output="# Title\n\n`` ` x ` `` \\/ `  `end\n\n" events=["heading", "text:Title", "/heading", "paragraph", "code:` x `", "text: / ", "code:  ", "text:end", "/paragraph"]
source=Digest([100, 84, 234, 197, 31, 100, 205, 121, 61, 120, 204, 44, 251, 249, 41, 35, 155, 23, 37, 127, 10, 226, 209, 110, 20, 102, 203, 60, 135, 7, 53, 126]) output="# Title\n\n- `` ` x ` `` \\/ `  `end\n\n" events=["heading", "text:Title", "/heading", "list", "item", "code:` x `", "text: / ", "code:  ", "text:end", "/item", "/list"]
source=Digest([230, 48, 40, 25, 57, 152, 252, 255, 156, 90, 82, 61, 190, 50, 55, 20, 188, 166, 114, 147, 125, 30, 219, 218, 179, 221, 113, 103, 186, 91, 49, 167]) output="# Title\n\nbefore\\[x\\]\\\n\\#not\\-headingafter\n\n" events=["heading", "text:Title", "/heading", "paragraph", "text:before[x]", "break", "text:#not-headingafter", "/paragraph"]
source=Digest([131, 226, 72, 48, 232, 98, 161, 153, 19, 224, 166, 218, 17, 139, 163, 63, 59, 72, 27, 169, 132, 239, 55, 22, 220, 254, 105, 109, 232, 66, 111, 223]) output="# Title\n\n- before\\[x\\]\\\n  \\#not\\-headingafter\n\n" events=["heading", "text:Title", "/heading", "list", "item", "text:before[x]", "break", "text:#not-headingafter", "/item", "/list"]
source=Digest([117, 69, 175, 49, 67, 105, 173, 140, 39, 220, 161, 202, 246, 70, 129, 77, 145, 238, 252, 43, 49, 55, 165, 60, 20, 105, 156, 1, 103, 152, 165, 58]) output="# Title\n\n`left` `right`\n\n" events=["heading", "text:Title", "/heading", "paragraph", "code:left", "text: ", "code:right", "/paragraph"]
source=Digest([69, 159, 103, 147, 164, 148, 118, 63, 147, 157, 80, 33, 46, 221, 96, 190, 244, 170, 90, 125, 143, 250, 43, 16, 91, 16, 50, 82, 11, 110, 85, 203]) output="# Title\n\n- `left` `right`\n\n" events=["heading", "text:Title", "/heading", "list", "item", "code:left", "text: ", "code:right", "/item", "/list"]
ok
test independent_typed_projection_stops_are_atomic ... ok

test result: ok. 2 passed; 0 failed; 0 ignored; 0 measured; 0 filtered out; finished in 3.97s

