command: cargo test --workspace --locked
exit_code: 0

   Compiling nepl3-core v0.1.0 (C:\projects\NEPL3-runtime\crates\foundation\core)
   Compiling nepl3-wire v0.1.0 (C:\projects\NEPL3-runtime\crates\foundation\wire)
   Compiling nepl3-reader v0.1.0 (C:\projects\NEPL3-runtime\crates\foundation\reader)
   Compiling nepl3-tools v0.1.0 (C:\projects\NEPL3-runtime\tools)
   Compiling nepl3-engine v0.1.0 (C:\projects\NEPL3-runtime\crates\foundation\engine)
    Finished `test` profile [unoptimized + debuginfo] target(s) in 9.32s
     Running unittests src\lib.rs (target\debug\deps\nepl3_core-7aa423d3ddb0d0c5.exe)

running 0 tests

test result: ok. 0 passed; 0 failed; 0 ignored; 0 measured; 0 filtered out; finished in 0.00s

     Running tests\contracts.rs (target\debug\deps\contracts-a6271fce5eff8409.exe)

running 18 tests
test admission_accounts_for_copied_locator_payload ... ok
test canonical_integers_reject_negative_zero_and_leading_zero ... ok
test budget_exact_limits_overflow_zero_and_cancel_are_distinct ... ok
test edit_size_limit_checked_before_replacement_is_built ... ok
test first_budget_stop_is_sticky_across_smaller_charges_and_cancellation ... ok
test edits_are_atomic_across_sources_and_reject_stale_or_conflicting_input ... ok
test line_index_allocation_limit_is_enforced ... ok
test locator_profile_is_checked_without_os_or_scheme_normalization ... ok
test line_positions_roundtrip_unicode_and_all_line_endings ... ok
test nested_budget_retains_work_and_peak_depth_after_failed_branch ... ok
test source_digest_is_sha256_of_exact_original_bytes ... ok
test source_admission_charges_unique_snapshots_once_across_shared_calls ... ok
test source_admission_rejects_locator_changes_for_same_snapshot_identity ... ok
test source_limits_precede_decode_and_decode_does_not_replace_bytes ... ok
test rational_constructors_normalize_native_but_reject_noncanonical_wire ... ok
test span_rejects_scalar_interiors_bounds_and_other_identity ... ok
test store_preserves_distinct_ids_at_same_uri_and_rejects_conflicting_revision ... ok
test generated_source_locator_scan_is_charged_before_validation ... ok

test result: ok. 18 passed; 0 failed; 0 ignored; 0 measured; 0 filtered out; finished in 0.01s

     Running tests\decimal.rs (target\debug\deps\decimal-c1293449445a6bd8.exe)

running 2 tests
test invalid_digits_and_resource_stops_precede_numeric_allocation ... ok
test exact_decimal_constructor_is_independent_of_lexical_leading_zero_policy ... ok

test result: ok. 2 passed; 0 failed; 0 ignored; 0 measured; 0 filtered out; finished in 0.00s

     Running tests\maps.rs (target\debug\deps\maps-b4f545a3574c44f2.exe)

running 2 tests
test mapped_containment_requires_every_byte_and_every_reverse_path ... ok
test map_admission_never_copies_long_identity_before_zero_allocation_budget ... ok

test result: ok. 2 passed; 0 failed; 0 ignored; 0 measured; 0 filtered out; finished in 0.01s

     Running tests\structure.rs (target\debug\deps\structure-63d08c1b51569297.exe)

running 20 tests
test canonical_json_escapes_controls_without_unicode_normalization ... ok
test descriptor_map_order_is_irrelevant_but_duplicates_are_rejected ... ok
test descriptor_canonical_json_has_independently_specified_field_order ... ok
test forward_overlap_is_acyclic_and_map_budget_failure_does_not_insert ... ok
test empty_anchor_cycles_and_transformed_relations_are_checked ... ok
test imported_origin_graph_honors_zero_nodes_and_depth_limits ... ok
test imported_origin_graph_rejects_cycles_unknown_refs_and_missing_source ... ok
test inverse_refuses_transformed_and_ambiguous_mappings ... ok
test registry_accepts_mutual_symbolic_references_then_seals_them ... ok
test report_candidate_rollback_discards_facts_without_refunding_budget ... ok
test report_diagnostic_limit_has_no_fabricated_global_message ... ok
test registry_rejects_wrong_digest_and_unknown_unused_references ... ok
test report_storage_obeys_allocation_budget ... ok
test local_kind_ids_are_canonical_across_descriptor_input_order ... ok
test report_zero_event_capacity_keeps_one_typed_overflow_and_stop ... ok
test source_map_checks_composable_interval_cycles_not_snapshot_cycles ... ok
test structural_boundary_checks_field_count_kind_intrinsic_subset_and_negative_natural ... ok
test validator_and_descriptor_depth_share_parent_budget_and_peak ... ok
test rejected_deep_descriptor_is_safe_to_clone_compare_debug_and_drop ... ok
test deeply_nested_value_cleanup_uses_no_recursive_drop_chain ... ok

test result: ok. 20 passed; 0 failed; 0 ignored; 0 measured; 0 filtered out; finished in 0.10s

     Running tests\syntax.rs (target\debug\deps\syntax-016dc4d048e73305.exe)

running 8 tests
test view_child_edges_are_acyclic_but_semantic_relation_cycles_are_allowed ... ok
test token_internal_view_is_sidecar_and_trivia_retains_bom_bytes ... ok
test source_child_cover_must_follow_head_and_stay_in_parent ... ok
test foreign_ids_are_local_but_environment_and_root_must_match ... ok
test token_owns_even_unreachable_view_elements ... ok
test syntax_graph_checks_all_refs_and_cycles_while_allowing_shared_children ... ok
test foreign_nesting_adds_to_containing_node_path_depth ... ok
test deeply_nested_foreign_bundle_cleanup_is_iterative ... ok

test result: ok. 8 passed; 0 failed; 0 ignored; 0 measured; 0 filtered out; finished in 0.15s

     Running unittests src\lib.rs (target\debug\deps\nepl3_engine-9d8b6ae8767f587a.exe)

running 0 tests

test result: ok. 0 passed; 0 failed; 0 ignored; 0 measured; 0 filtered out; finished in 0.00s

     Running tests\package.rs (target\debug\deps\package-18a5e4755cf47854.exe)

running 4 tests
test package_checks_real_surface_shapes_modes_selectors_and_binding_coverage ... ok
test package_boundary_checks_extension_provenance_and_resource_limits ... ok
test listof_foreign_has_foreign_head_and_local_tail_without_losing_its_selector ... ok
test package_rejects_direct_reader_cycles_and_counts_binding_entry_depth ... ok

test result: ok. 4 passed; 0 failed; 0 ignored; 0 measured; 0 filtered out; finished in 0.02s

     Running unittests src\lib.rs (target\debug\deps\nepl3_reader-a8b21cbd29a94272.exe)

running 0 tests

test result: ok. 0 passed; 0 failed; 0 ignored; 0 measured; 0 filtered out; finished in 0.00s

     Running tests\builtin.rs (target\debug\deps\builtin-1339681f61724624.exe)

running 13 tests
test mode_take_is_ordered_choice_and_does_not_consume_trailing_trivia ... ok
test empty_skip_and_take_readers_are_nonprogress_failures ... ok
test mode_text_reservation_is_lazy_and_echo_is_checked ... ok
test text_decoding_retains_each_exact_or_transformed_source_range ... ok
test reservation_locator_validation_obeys_work_limit_before_scanning ... ok
test generated_source_admission_is_once_and_unsuccessful_text_has_no_source_charge ... ok
test trivia_keeps_ascii_line_boundaries_and_bom_position ... ok
test builtin_budget_stops_are_typed_and_do_not_return_partial_tokens ... ok
test maximal_lexemes_wait_at_every_nonfinal_scalar_boundary ... ok
test committed_text_rejects_invalid_escapes_scalars_and_direct_lines ... ok
test names_preserve_unicode_spelling_and_read_maximal_identifier ... ok
test naturals_and_finite_decimals_are_exact_and_boundary_checked ... ok
test language_is_well_formed_abnf_not_registry_validity ... ok

test result: ok. 13 passed; 0 failed; 0 ignored; 0 measured; 0 filtered out; finished in 0.47s

     Running tests\context.rs (target\debug\deps\context-0d1df32d877a2217.exe)

running 1 test
test checked_context_uses_real_digest_and_exact_origin_source_closure ... ok

test result: ok. 1 passed; 0 failed; 0 ignored; 0 measured; 0 filtered out; finished in 0.01s

     Running tests\portable.rs (target\debug\deps\portable-b3491903dec25756.exe)

running 2 tests
test host_global_source_cannot_fill_a_missing_request_declaration ... ok
test native_request_and_checked_ndf_loopback_execute_with_identical_meaning ... ok

test result: ok. 2 passed; 0 failed; 0 ignored; 0 measured; 0 filtered out; finished in 0.01s

     Running tests\runtime.rs (target\debug\deps\runtime-f930795e0c41a671.exe)

running 28 tests
test fresh_budget_and_forged_call_or_source_cannot_resume_a_saved_slot ... ok
test choice_rewinds_captures_views_and_retains_work ... ok
test checked_context_reuse_admits_exact_source_closure_in_each_operation ... ok
test bounded_repeat_zero_never_executes_nullable_body ... ok
test cancellation_during_provider_wait_stops_and_consumes_the_pending_slot ... ok
test long_source_identity_is_not_copied_after_allocation_budget_is_exhausted ... ok
test direct_repeat_failure_and_streaming_shortage_rollback_all_prior_iteration_reports ... ok
test commit_does_not_hide_failure_or_need_more_in_choice ... ok
test failed_choice_restores_programmed_state_before_next_provider_call ... ok
test generated_sources_are_validated_transactionally_and_available_to_diagnostics ... ok
test node_sidecar_and_look_not_optional_discard_have_independent_values ... ok
test every_utf8_prefix_split_is_need_more_and_final_truncation_is_no_match ... ok
test map_decode_and_then_use_typed_provider_envelopes ... ok
test checked_context_reuse_rejects_same_id_revision_with_changed_content ... ok
test unicode_classes_use_pinned_unicode16_and_ascii_numeric_rules ... ok
test provider_signature_checks_operation_envelope_and_pure_decoder ... ok
test programmed_repetition_requires_actual_consumption_and_accepts_consuming_calls ... ok
test runtime_rejects_left_recursion_hidden_behind_empty_programmed_call ... ok
test static_plan_rejects_unknown_references_types_and_unproductive_recursion ... ok
test session_binds_call_source_plan_usage_and_closes_after_consumed_resume ... ok
test until_leaves_delimiter_and_takecount_counts_scalars ... ok
test plan_identity_is_deterministic_but_distinguishes_arena_representation ... ok
test failed_stopped_and_rollback_results_have_their_exact_formal_source_closure ... ok
test stopped_tokenizer_retains_reader_report_and_generated_source_closure ... ok
test stopped_reader_retains_committed_provider_reports ... ok
test tokenizer_await_allocation_stops_clear_both_private_pending_slots ... ok
test allocation_faults_across_later_resumes_preserve_already_accepted_reports ... ok
test tokenizer_preserves_accepted_skip_reports_and_sources_across_candidate_rollback ... ok

test result: ok. 28 passed; 0 failed; 0 ignored; 0 measured; 0 filtered out; finished in 0.47s

     Running unittests src\lib.rs (target\debug\deps\nepl3_tools-0ed70ce92341dc15.exe)

running 56 tests
test contract::tests::unordered_or_duplicate_schema_fields_are_rejected ... ok
test contract::tests::unknown_form_reference_is_rejected ... ok
test contract::types::tests::parses_nested_types_and_rejects_unknown_or_malformed_generics ... ok
test dependency::tests::development_edges_are_reported_separately ... ok
test dependency::tests::production_host_boundary_does_not_depend_on_no_std_flag ... ok
test dependency::tests::renamed_build_dependency_is_checked_by_package_name ... ok
test contract::types::tests::rejects_missing_duplicate_or_local_external_imports_and_duplicate_owners ... ok
test dependency::tests::indirect_domain_dependency_is_rejected ... ok
test contract::foundation::tests::generated_foundation_is_registered_and_checks_ordinary_schema_ref_records ... ok
test documentation::markdown::tests::corrected_foundation_and_math_documents_have_no_accidental_html_tags ... ok
test contract::foundation::tests::constraint_declaration_order_is_canonical_but_duplicates_are_invalid ... ok
test documentation::markdown::tests::heading_and_link_projection_keep_both_math_event_kinds ... ok
test documentation::markdown::tests::generic_notation_is_literal_code_and_generated_comments_are_metadata ... ok
test documentation::markdown::tests::footnote_markers_are_preserved_without_inventing_rendered_numbers ... ok
test documentation::markdown::tests::hard_break_is_the_same_typed_newline_in_setext_heading_and_link ... ok
test documentation::markdown::tests::inline_html_is_retained_separately_and_not_interpreted_by_summary_projection ... ok
test documentation::markdown::tests::link_projection_preserves_soft_and_hard_word_boundaries ... ok
test documentation::markdown::tests::nested_image_code_and_math_share_heading_and_link_projection ... ok
test documentation::markdown::tests::real_markdown_parser_keeps_badges_nested_links_and_literal_code_separate ... ok
test contract::types::tests::rejects_unresolved_nested_fields_union_targets_and_undeclared_parameters ... ok
test documentation::markdown::tests::unicode_crlf_breaks_and_math_keep_original_byte_ranges ... ok
test contract::types::tests::missing_or_description_only_intrinsic_is_not_a_closed_type ... ok
test evidence::identity::tests::length_prefixed_profile_matches_independent_hashlib_vector ... ok
test contract::types::tests::repository_descriptors_resolve_including_recursive_intrinsics_and_models ... ok
test contract::types::tests::intrinsic_tags_payload_order_and_subset_membership_are_fixed_by_ndf1 ... ok
test contract::tests::real_contract_checker_uses_same_validation_for_model_fields ... ok
test contract::foundation::tests::checker_rejects_changed_foundation_descriptor_before_registry_use ... ok
test contract::reader::tests::reader_envelope_reference_closure_rejects_nested_missing_type ... ok
test contract::tests::real_contract_entry_rejects_unresolved_fields_intrinsics_and_imports ... ok
test repository::json::tests::duplicate_keys_cannot_hide_contract_fields ... ok
test repository::tests::escaping_reference_is_rejected_before_reading ... ok
test repository::tests::nul_paths_keep_spaces_and_non_ascii ... ok
test repository::tests::secret_and_artifact_names_are_rejected ... ok
test task::tests::acceptance_ids_are_spec_definitions_only ... ok
test task::tests::dependency_graph_rejects_cycle_missing_and_duplicate_edges ... ok
test task::tests::executed_status_requires_evidence ... ok
test task::tests::final_completion_requires_all_global_acceptance_passed ... ok
test task::tests::scoped_evidence_rejects_empty_checks_or_wrong_task ... ok
test task::tests::scoped_task_completion_does_not_pretend_global_editor_acceptance_passed ... ok
test task::tests::status_cannot_omit_an_acceptance_group ... ok
test task::tests::terminal_task_uses_new_required_groups_and_not_optional_groups ... ok
test documentation::tests::commit_reference_and_missing_history_are_not_silently_accepted ... ok
test contract::tests::real_contract_checker_rejects_malformed_contract_fields_and_variant_payloads ... ok
test evidence::tests::actual_task_loader_accepts_only_matching_complete_attempt ... ok
test evidence::tests::partial_success_reports_cannot_be_combined_into_a_full_attempt ... ok
test evidence::tests::failed_attempt_can_record_early_failure_without_claiming_full_coverage ... ok
test evidence::tests::evidence_status_and_generated_tasks_do_not_create_hash_self_reference ... ok
test evidence::tests::modifying_excluded_log_still_invalidates_its_bound_report ... ok
test evidence::tests::actual_task_loader_rejects_missing_malformed_and_duplicate_key_reports ... ok
test evidence::tests::independent_review_is_typed_and_cannot_be_faked_as_a_process_run ... ok
test evidence::tests::actual_task_loader_rejects_wrong_group_result_identity_and_target_coverage ... ok
test documentation::tests::git_symlink_mode_is_rejected_without_creating_an_os_symlink ... ok
test evidence::tests::inventory_addition_source_change_spec_change_and_deleted_input_invalidate ... ok
test documentation::tests::real_checker_reports_added_changed_removed_and_rejects_current_claim ... ok
test documentation::tests::nonregular_output_and_oversized_current_input_are_rejected ... ok
test documentation::tests::real_checker_rejects_omitted_page_digest_and_structure_tampering ... ok

test result: ok. 56 passed; 0 failed; 0 ignored; 0 measured; 0 filtered out; finished in 8.59s

     Running unittests src\main.rs (target\debug\deps\nepl3_tools-ab8799287053c1fe.exe)

running 0 tests

test result: ok. 0 passed; 0 failed; 0 ignored; 0 measured; 0 filtered out; finished in 0.00s

     Running unittests src\lib.rs (target\debug\deps\nepl3_wire-93cdf93175bcaa7f.exe)

running 0 tests

test result: ok. 0 passed; 0 failed; 0 ignored; 0 measured; 0 filtered out; finished in 0.00s

     Running tests\codec.rs (target\debug\deps\codec-da0d7f6d4c07e1fc.exe)

running 7 tests
test all_twelve_tags_match_specified_cbor_bytes ... ok
test integer_width_boundaries_use_shortest_unsigned_encoding ... ok
test checked_boundary_uses_real_registry_and_rejects_wrong_field_type ... ok
test limits_stop_with_typed_reasons_without_a_successful_partial_value ... ok
test every_truncated_prefix_fails_and_complete_input_preserves_bytes ... ok
test malformed_noncanonical_and_forbidden_cbor_values_are_rejected ... ok
test deeply_nested_values_do_not_use_the_native_call_stack ... ok

test result: ok. 7 passed; 0 failed; 0 ignored; 0 measured; 0 filtered out; finished in 0.11s

     Running tests\origin.rs (target\debug\deps\origin-1df7236521565949.exe)

running 1 test
test origin_variants_roundtrip_and_wire_cycles_are_rejected ... ok

test result: ok. 1 passed; 0 failed; 0 ignored; 0 measured; 0 filtered out; finished in 0.01s

     Running tests\source.rs (target\debug\deps\source-cd5bda0d1fc38352.exe)

running 3 tests
test native_and_wire_admission_reject_zero_source_limit_and_span_scalar_interior ... ok
test source_and_span_roundtrip_preserve_identity_bytes_and_shared_admission ... ok
test malformed_source_declarations_reject_without_committing_and_retry_does_not_refund ... ok

test result: ok. 3 passed; 0 failed; 0 ignored; 0 measured; 0 filtered out; finished in 0.01s

     Running tests\syntax.rs (target\debug\deps\syntax-0da0e1c1e3f0d10a.exe)

running 6 tests
test foreign_bundle_roundtrip_keeps_local_token_view_origin_ids_and_payloads ... ok
test foreign_bundle_rejects_forged_environment_digest_token_and_origin_references ... ok
test native_arena_order_is_canonicalized_and_unreachable_nodes_are_rejected ... ok
test guest_arena_reordering_updates_foreign_root_and_guest_local_children ... ok
test mapped_views_and_maps_survive_host_and_guest_wire_boundaries ... ok
test nested_generated_bundles_use_iterative_conversion_and_shared_depth_budget ... ok

test result: ok. 6 passed; 0 failed; 0 ignored; 0 measured; 0 filtered out; finished in 0.15s

     Running tests\view.rs (target\debug\deps\view-5ce83ae77105f29b.exe)

running 2 tests
test token_wire_rejects_invalid_local_view_and_trivia_references_and_source_limit ... ok
test structured_payload_views_roles_relations_and_trivia_roundtrip_without_reparse ... ok

test result: ok. 2 passed; 0 failed; 0 ignored; 0 measured; 0 filtered out; finished in 0.02s

   Doc-tests nepl3_core

running 0 tests

test result: ok. 0 passed; 0 failed; 0 ignored; 0 measured; 0 filtered out; finished in 0.00s

   Doc-tests nepl3_engine

running 0 tests

test result: ok. 0 passed; 0 failed; 0 ignored; 0 measured; 0 filtered out; finished in 0.00s

   Doc-tests nepl3_reader

running 0 tests

test result: ok. 0 passed; 0 failed; 0 ignored; 0 measured; 0 filtered out; finished in 0.00s

   Doc-tests nepl3_tools

running 0 tests

test result: ok. 0 passed; 0 failed; 0 ignored; 0 measured; 0 filtered out; finished in 0.00s

   Doc-tests nepl3_wire

running 0 tests

test result: ok. 0 passed; 0 failed; 0 ignored; 0 measured; 0 filtered out; finished in 0.00s
