     Locking 15 packages to latest Rust 1.97.0 compatible versions
   Compiling typenum v1.20.1
   Compiling autocfg v1.5.1
   Compiling cfg-if v1.0.4
   Compiling cpufeatures v0.3.1
   Compiling num-traits v0.2.19
   Compiling hybrid-array v0.4.14
   Compiling crypto-common v0.2.2
   Compiling block-buffer v0.12.1
   Compiling num-integer v0.1.47
   Compiling num-bigint v0.4.8
   Compiling digest v0.11.3
   Compiling sha2 v0.11.0
   Compiling nepl3-core v0.1.0 (C:\projects\NEPL3-prefix-validation\crates\foundation\core)
   Compiling nepl3-wire v0.1.0 (C:\projects\NEPL3-prefix-validation\crates\foundation\wire)
   Compiling r047-review v0.0.0 (C:\projects\NEPL3-runtime\.tmp\r047-probe)
    Finished `dev` profile [unoptimized + debuginfo] target(s) in 5.47s
     Running `.tmp\r047-probe\target\debug\r047-review.exe`
actual error=Schema(Stopped(WorkLimit)); extracted=None; budget=Err(WorkLimit)
semantic control=Schema(WrongType)
error: process didn't exit successfully: `.tmp\r047-probe\target\debug\r047-review.exe` (exit code: 2)
