    Blocking waiting for file lock on package cache
    Blocking waiting for file lock on package cache
    Blocking waiting for file lock on package cache
   Compiling source-tail-probe v0.0.0 (C:\projects\NEPL3-doc-authoring-delivery\.tmp\review-source-locality\before-probe)
    Finished `test` profile [unoptimized + debuginfo] target(s) in 0.69s
     Running tests\tail.rs (before-native-target\debug\deps\tail-4a6d6c37cb53a5ca.exe)

running 6 tests
test bounded_sorted_window_and_alternating_duplicate_costs ... window/hits mode=0 work=62531 allocation=8192
window/hits mode=1 work=70331 allocation=0
window/hits mode=2 work=83200 allocation=0
ok
test failed_insert_and_edit_do_not_move_hint ... all five rejected/stopped mutation modes preserve subsequent metered search behavior
ok
test metered_faults_are_atomic_and_sticky ... fault sweep 2640 attempts, 182 typed sticky atomic stops; cancellation empty/nonempty; 9000-byte Unicode ID comparison precharged
ok
test mixed_apis_hint_movement_missing_neighbors_and_edits ... mixed API sequences, hit movement, seven missing gaps/endpoints, edit revision and old-hint-independent post-edit usage passed
ok
test permutations_revisions_content_uri_and_lookup ... all 240 permutation/owned/ref cases; independent equal snapshots and URI/digest conflicts preserved
ok
test workload_order_costs_and_16000_cap ... order=0 borrowed=false work=61115 allocation=8192
order=1 borrowed=false work=200465 allocation=8192
order=2 borrowed=false work=126282 allocation=8192
order=0 borrowed=true work=61627 allocation=8192
order=1 borrowed=true work=200977 allocation=8192
order=2 borrowed=true work=126794 allocation=8192
owned ascending cap16000 result=Err(Stopped(WorkLimit)) accepted=169 work=15997
ok

test result: ok. 6 passed; 0 failed; 0 ignored; 0 measured; 0 filtered out; finished in 0.05s

