     Locking 16 packages to latest Rust 1.97.0 compatible versions
      Adding unicode-ident v1.0.18 (available: v1.0.24)
   Compiling nepl3-core v0.1.0 (C:\projects\NEPL3-runtime\.tmp\review-admission-storage-cache-fixed\source\crates\foundation\core)
   Compiling nepl3-wire v0.1.0 (C:\projects\NEPL3-runtime\.tmp\review-admission-storage-cache-fixed\source\crates\foundation\wire)
   Compiling independent-admission-storage-cache v0.0.0 (C:\projects\NEPL3-runtime\.tmp\review-admission-storage-cache-fixed\probe)
    Finished `test` profile [unoptimized + debuginfo] target(s) in 3.85s
     Running unittests root.rs (.tmp\review-fixed-target\debug\deps\independent_admission_storage_cache-6507cfe560afb637.exe)

running 4 tests
test allocation_order::equivalent_source_generation_with_different_allocation_order_has_identical_usage ... forward allocation: Usage { source_bytes: 192, work: 27681, depth: 0, nodes: 0, allocation_units: 7744, output_bytes: 0, diagnostics: 0, events: 0 }; reverse allocation: Usage { source_bytes: 192, work: 27681, depth: 0, nodes: 0, allocation_units: 7744, output_bytes: 0, diagnostics: 0, events: 0 }
ok
test distinct_decode_rechecks_digest_locator_and_fresh_admission ... schema-valid source mutation 0: Source(IdentityConflict)
schema-valid source mutation 1: Source(ExpectedDigest)
ok
test every_mid_admission_stop_leaves_no_new_identity_or_cache_and_keeps_old_cache ... atomic sweep: 227 stopped, 290 completed, all prefix/retry checks passed
ok
test shared_hit_polls_is_operation_local_and_cannot_be_forged_by_equal_storage ... ok

test result: ok. 4 passed; 0 failed; 0 ignored; 0 measured; 0 filtered out; finished in 0.01s

   Doc-tests independent_admission_storage_cache

running 0 tests

test result: ok. 0 passed; 0 failed; 0 ignored; 0 measured; 0 filtered out; finished in 0.00s

