{
  "head": "38a76c57f2b1e2e4b1ec39b575d0c5848cb4b88b",
  "source_commit": "da40ffcef088e54e135da9bb19bcbda26519a662",
  "old_content_preserved_except_explicit_one_sentence": true,
  "source_unchanged_by_author": true,
  "before_sha256": "6a7b054a07d4e397ed1ff3ec60c95da8909167a3f799fe0813199afcc6d85414",
  "after_sha256": "9aac11d45576d1336f37c0b8e550c33ceedec75c1f82913e7a71c3aa31ebc4df",
  "source_sha256": "e764e4266ea2913421735cde2bc2f21d8324058bc43818308fb6ef3a5f2bcc34",
  "addition_sha256": "243d66fc6a50c150f7acde999c4854168fa271e996e07e2430587b9339e624a1",
  "paragraph_sentences": [
    7,
    9,
    11
  ],
  "added_sentences": 27,
  "changed_sentences": 1,
  "inline_code": [
    "parse_limits",
    "lower_limits",
    "generate_with_phase_limits",
    "with_named_input_limits",
    "nepl3.local-doc-pages.phases/1"
  ],
  "prefix_sentences": 4,
  "literal_sentences": 23,
  "ruby_count": 153,
  "ruby_unique": 107,
  "changed_sentence_ruby": [
    [
      "自体",
      "じたい"
    ],
    [
      "既定値",
      "きていち"
    ],
    [
      "変更",
      "へんこう"
    ]
  ],
  "author_manifest_payloads": 18,
  "full_structure_audit": true,
  "runtime_executed": false
}
