   Compiling nepl3-wire v0.1.0 (C:\projects\NEPL3-runtime\.tmp\review-stream-digest\workspace\crates\foundation\wire)
    Finished `test` profile [unoptimized + debuginfo] target(s) in 0.77s
     Running unittests src\lib.rs (C:/projects/NEPL3-runtime/.tmp/review-stream-digest/target\debug\deps\nepl3_wire-c9c688a1680522f8.exe)

running 0 tests

test result: ok. 0 passed; 0 failed; 0 ignored; 0 measured; 0 filtered out; finished in 0.00s

     Running tests\codec.rs (C:/projects/NEPL3-runtime/.tmp/review-stream-digest/target\debug\deps\codec-cdb7d8a897dda542.exe)

running 7 tests
test all_twelve_tags_match_specified_cbor_bytes ... ok
test checked_boundary_uses_real_registry_and_rejects_wrong_field_type ... ok
test deeply_nested_values_do_not_use_the_native_call_stack ... ok
test every_truncated_prefix_fails_and_complete_input_preserves_bytes ... ok
test integer_width_boundaries_use_shortest_unsigned_encoding ... ok
test limits_stop_with_typed_reasons_without_a_successful_partial_value ... ok
test malformed_noncanonical_and_forbidden_cbor_values_are_rejected ... ok

test result: ok. 7 passed; 0 failed; 0 ignored; 0 measured; 0 filtered out; finished in 0.04s

     Running tests\digest.rs (C:/projects/NEPL3-runtime/.tmp/review-stream-digest/target\debug\deps\digest-90cb2b2dd2d39ad2.exe)

running 1 test
test canonical_digest_uses_ndf_tagged_cbor_and_keeps_budget_stops ... ok

test result: ok. 1 passed; 0 failed; 0 ignored; 0 measured; 0 filtered out; finished in 0.02s

     Running tests\facts.rs (C:/projects/NEPL3-runtime/.tmp/review-stream-digest/target\debug\deps\facts-30822cb54eabccf7.exe)

running 1 test
test typed_facts_and_delta_roundtrip_preserve_ids_and_reject_semantic_forgery ... ok

test result: ok. 1 passed; 0 failed; 0 ignored; 0 measured; 0 filtered out; finished in 0.01s

     Running tests\origin.rs (C:/projects/NEPL3-runtime/.tmp/review-stream-digest/target\debug\deps\origin-77dbcaefc1cc4d90.exe)

running 1 test
test origin_variants_roundtrip_and_wire_cycles_are_rejected ... ok

test result: ok. 1 passed; 0 failed; 0 ignored; 0 measured; 0 filtered out; finished in 0.00s

     Running tests\report.rs (C:/projects/NEPL3-runtime/.tmp/review-stream-digest/target\debug\deps\report-3e0e4471b4064487.exe)

running 4 tests
test fix_preconditions_reject_digest_and_overlap_in_native_and_structural_wire_values ... ok
test one_fix_uses_one_snapshot_per_source_but_allows_multiple_sources_and_historical_related ... ok
test report_boundary_rejects_payload_count_and_source_forgery_and_preserves_stops ... ok
test report_roundtrip_preserves_diagnostics_events_fixes_and_declared_sources ... ok

test result: ok. 4 passed; 0 failed; 0 ignored; 0 measured; 0 filtered out; finished in 0.02s

     Running tests\review_stream.rs (C:/projects/NEPL3-runtime/.tmp/review-stream-digest/target\debug\deps\review_stream-b57ffb0a00fac366.exe)

running 3 tests
test independent_canonical_bytes_hashes_and_accounting ... independent_vectors=60 domains=3
ok
test independent_stops_depth_and_fresh_operation ... boundary_stops=20 caller_depth=7 usage=Usage { source_bytes: 0, work: 1201, depth: 40, nodes: 33, allocation_units: 528, output_bytes: 32, diagnostics: 0, events: 0 }
ok
test observe_original_frontier_and_denominator_caps ... frontier width=1000 usage=Usage { source_bytes: 0, work: 15, depth: 1, nodes: 1, allocation_units: 80, output_bytes: 32, diagnostics: 0, events: 0 }
frontier width=100000 usage=Usage { source_bytes: 0, work: 15, depth: 1, nodes: 1, allocation_units: 16, output_bytes: 32, diagnostics: 0, events: 0 }
denominator bytes=1024 usage=Usage { source_bytes: 0, work: 16, depth: 1, nodes: 1, allocation_units: 17, output_bytes: 32, diagnostics: 0, events: 0 }
ok

test result: ok. 3 passed; 0 failed; 0 ignored; 0 measured; 0 filtered out; finished in 0.08s

     Running tests\source.rs (C:/projects/NEPL3-runtime/.tmp/review-stream-digest/target\debug\deps\source-1e26e45ce5b83020.exe)

running 3 tests
test malformed_source_declarations_reject_without_committing_and_retry_does_not_refund ... ok
test native_and_wire_admission_reject_zero_source_limit_and_span_scalar_interior ... ok
test source_and_span_roundtrip_preserve_identity_bytes_and_shared_admission ... ok

test result: ok. 3 passed; 0 failed; 0 ignored; 0 measured; 0 filtered out; finished in 0.01s

     Running tests\stop.rs (C:/projects/NEPL3-runtime/.tmp/review-stream-digest/target\debug\deps\stop-f48067cb1bc31d39.exe)

running 2 tests
test actual_checked_codec_schema_work_stop_is_extractable ... ok
test codec_stop_extraction_preserves_every_typed_nested_cause ... ok

test result: ok. 2 passed; 0 failed; 0 ignored; 0 measured; 0 filtered out; finished in 0.01s

     Running tests\syntax.rs (C:/projects/NEPL3-runtime/.tmp/review-stream-digest/target\debug\deps\syntax-574754ce6003e66b.exe)

running 8 tests
test foreign::standalone_foreign_keeps_selected_owner_environment_and_origin_arena ... ok
test foreign::standalone_foreign_rejects_missing_owner_closure_hash_and_cross_arena_claims ... ok
test foreign_bundle_rejects_forged_environment_digest_token_and_origin_references ... ok
test foreign_bundle_roundtrip_keeps_local_token_view_origin_ids_and_payloads ... ok
test guest_arena_reordering_updates_foreign_root_and_guest_local_children ... ok
test mapped_views_and_maps_survive_host_and_guest_wire_boundaries ... ok
test native_arena_order_is_canonicalized_and_unreachable_nodes_are_rejected ... ok
test nested_generated_bundles_use_iterative_conversion_and_shared_depth_budget ... ok

test result: ok. 8 passed; 0 failed; 0 ignored; 0 measured; 0 filtered out; finished in 0.09s

     Running tests\types.rs (C:/projects/NEPL3-runtime/.tmp/review-stream-digest/target\debug\deps\types-4b98d8eed2a2ea90.exe)

running 2 tests
test deep_symbolic_types_roundtrip_and_stop_without_recursive_cleanup ... ok
test symbolic_type_descriptors_preserve_all_variants_and_nested_named_data ... ok

test result: ok. 2 passed; 0 failed; 0 ignored; 0 measured; 0 filtered out; finished in 0.03s

     Running tests\view.rs (C:/projects/NEPL3-runtime/.tmp/review-stream-digest/target\debug\deps\view-cec5b78c69d7e69d.exe)

running 2 tests
test structured_payload_views_roles_relations_and_trivia_roundtrip_without_reparse ... ok
test token_wire_rejects_invalid_local_view_and_trivia_references_and_source_limit ... ok

test result: ok. 2 passed; 0 failed; 0 ignored; 0 measured; 0 filtered out; finished in 0.01s

   Doc-tests nepl3_wire

running 0 tests

test result: ok. 0 passed; 0 failed; 0 ignored; 0 measured; 0 filtered out; finished in 0.00s

