{
  "authored_sha256": "075fd67460cd1b4a48e1281dc03d9b75f09480c100f632fa2eba8df92ad4572e",
  "inline_code_exact_multiset": [
    "doc/history/",
    "design/doc-inventory.json",
    "doc-inventory --check",
    "doc-inventory --check-current",
    "task.spec"
  ],
  "links_exact_in_order": [
    "../doc-inventory.md",
    "../authoring.md"
  ],
  "sections": [
    "canonical_source",
    "expression_audit",
    "page_switch",
    "bootstrap",
    "completion"
  ],
  "ordered_steps": [
    [
      "List",
      [
        "Ordered",
        "1"
      ],
      [
        [
          "ListItem",
          [
            "CheckNone"
          ],
          [
            "Body",
            [
              [
                "Paragraph",
                [
                  [
                    "Sentence",
                    [
                      [
                        "Text",
                        "inventoryとgap auditを承認可能な差分として作り、変換元のcommit・path・byte digestを固定する。"
                      ]
                    ]
                  ]
                ]
              ]
            ]
          ]
        ],
        [
          "ListItem",
          [
            "CheckNone"
          ],
          [
            "Body",
            [
              [
                "Paragraph",
                [
                  [
                    "Sentence",
                    [
                      [
                        "Text",
                        "parser/meaning/backendの不足を埋め、失敗系・roundtrip・wire・表示の受入を実行する。"
                      ]
                    ]
                  ]
                ]
              ]
            ]
          ]
        ],
        [
          "ListItem",
          [
            "CheckNone"
          ],
          [
            "Body",
            [
              [
                "Paragraph",
                [
                  [
                    "Sentence",
                    [
                      [
                        "Text",
                        "同一page IDとURLを持つDoc sourceを生成・編集し、内容の落ち、表の対応、リンク、anchor、コードbyte列、数式構造、図の説明を独立に比較する。"
                      ]
                    ]
                  ]
                ]
              ]
            ]
          ]
        ],
        [
          "ListItem",
          [
            "CheckNone"
          ],
          [
            "Body",
            [
              [
                "Paragraph",
                [
                  [
                    "Sentence",
                    [
                      [
                        "Text",
                        "人による意味同等性レビュー、HTML構造/accessibility、全リンク、同版例、決定的buildが通ったページのregistry正本を、Docへ切り替える。"
                      ]
                    ]
                  ]
                ]
              ]
            ]
          ]
        ],
        [
          "ListItem",
          [
            "CheckNone"
          ],
          [
            "Body",
            [
              [
                "Paragraph",
                [
                  [
                    "Sentence",
                    [
                      [
                        "Text",
                        "旧Markdownは削除またはDocからの生成artifactへ変更し、二重編集を検出する。"
                      ]
                    ]
                  ],
                  [
                    "Sentence",
                    [
                      [
                        "Text",
                        "未移行ページは、Markdownを唯一の正本のままにする。"
                      ]
                    ]
                  ]
                ]
              ]
            ]
          ]
        ]
      ]
    ]
  ],
  "ruby_count": 502,
  "scope": "Independent restricted source parser from fixed forms plus direct full-source review, not production runtime"
}
[
  [
    "Table",
    [
      [
        "AlignmentDefault"
      ],
      [
        "AlignmentDefault"
      ]
    ],
    [
      "SomeRow",
      [
        "Row",
        [
          [
            "Sentence",
            [
              [
                "Text",
                "要素"
              ]
            ]
          ],
          [
            "Sentence",
            [
              [
                "Text",
                "現行契約と移行前に解消する課題"
              ]
            ]
          ]
        ]
      ]
    ],
    [
      [
        "Row",
        [
          [
            "Sentence",
            [
              [
                "Text",
                "表・箇条書き"
              ]
            ]
          ],
          [
            "Sentence",
            [
              [
                "Text",
                "意味型・文法・lower/print/portable境界は実装済み。移行先HTMLの構造・accessibilityと元cell/list情報の同等性を検証し、段落へ平坦化しない。"
              ]
            ]
          ]
        ]
      ],
      [
        "Row",
        [
          [
            "Sentence",
            [
              [
                "Text",
                "文書間・外部リンク"
              ]
            ]
          ],
          [
            "Sentence",
            [
              [
                "Text",
                "リンクの意味型と文書内ラベル検査は実装済み。page registryを使った文書間解決、URI・assetの検査、配布後のリンク検証を接続する。"
              ]
            ]
          ]
        ]
      ],
      [
        "Row",
        [
          [
            "Sentence",
            [
              [
                "Text",
                "汎用コードblock"
              ]
            ]
          ],
          [
            "Sentence",
            [
              [
                "Text",
                "非評価の汎用コード構造と4言語ForeignSyntaxを区別する型・文法は実装済み。Rust、shell、JSON等の元byte列をHTML・移行projectionまで保存する。"
              ]
            ]
          ]
        ]
      ],
      [
        "Row",
        [
          [
            "Sentence",
            [
              [
                "Text",
                "図・画像・Mermaid等"
              ]
            ]
          ],
          [
            "Sentence",
            [
              [
                "Text",
                "Circuit図だけでは一般の設計図を表せない。許可asset、digest、caption/代替説明、変換とsource対応を定める。"
              ]
            ]
          ]
        ]
      ],
      [
        "Row",
        [
          [
            "Sentence",
            [
              [
                "Text",
                "見出し・anchor・脚注"
              ]
            ]
          ],
          [
            "Sentence",
            [
              [
                "Text",
                "明示ID、旧anchorへの互換、脚注と参照の意味を確認し、安定URLを維持する。"
              ]
            ]
          ]
        ]
      ]
    ]
  ]
]
