Traceback (most recent call last):
  File "C:\projects\NEPL3-runtime\.tmp\review-doc-signatures\after\mutations\tools\generate\signatures.py", line 104, in <module>
    main()
    ~~~~^^
  File "C:\projects\NEPL3-runtime\.tmp\review-doc-signatures\after\mutations\tools\generate\signatures.py", line 92, in main
    categories = load_categories(ROOT/'design/forms.json')
  File "C:\projects\NEPL3-runtime\.tmp\review-doc-signatures\after\mutations\tools\generate\signatures.py", line 20, in load_categories
    return json.loads(path.read_text(encoding='utf-8'),
           ~~~~~~~~~~^^^^^^^^^^^^^^^^^^^^^^^^^^^^^^^^^^
                      object_pairs_hook=unique_object)['categories']
                      ^^^^^^^^^^^^^^^^^^^^^^^^^^^^^^^^
  File "C:\Users\bem\miniforge3\Lib\json\__init__.py", line 365, in loads
    return cls(**kw).decode(s)
           ~~~~~~~~~~~~~~~~^^^
  File "C:\Users\bem\miniforge3\Lib\json\decoder.py", line 345, in decode
    obj, end = self.raw_decode(s, idx=_w(s, 0).end())
               ~~~~~~~~~~~~~~~^^^^^^^^^^^^^^^^^^^^^^^
  File "C:\Users\bem\miniforge3\Lib\json\decoder.py", line 361, in raw_decode
    obj, end = self.scan_once(s, idx)
               ~~~~~~~~~~~~~~^^^^^^^^
  File "C:\projects\NEPL3-runtime\.tmp\review-doc-signatures\after\mutations\tools\generate\signatures.py", line 14, in unique_object
    raise ValueError(f"Duplicate form-table JSON key: {key}")
ValueError: Duplicate form-table JSON key: Math/Expr
