    Blocking waiting for file lock on package cache
    Blocking waiting for file lock on package cache
    Finished `test` profile [unoptimized + debuginfo] target(s) in 0.09s
     Running unittests src\lib.rs (C:\projects\NEPL3-doc-authoring-delivery\.tmp\review-borrow-mapping-union\target-native\debug\deps\nepl3_core-f04d54aaa1e6a7b6.exe)

running 0 tests

test result: ok. 0 passed; 0 failed; 0 ignored; 0 measured; 0 filtered out; finished in 0.00s

     Running tests\budget.rs (C:\projects\NEPL3-doc-authoring-delivery\.tmp\review-borrow-mapping-union\target-native\debug\deps\budget-92272bcb7a56d2ac.exe)

running 2 tests
test observed_delegated_cost_is_atomic_across_all_resources_and_preserves_stops ... ok
test temporary_ceilings_restore_on_result_paths_and_cannot_regrant_reserved_capacity ... ok

test result: ok. 2 passed; 0 failed; 0 ignored; 0 measured; 0 filtered out; finished in 0.00s

     Running tests\contracts.rs (C:\projects\NEPL3-doc-authoring-delivery\.tmp\review-borrow-mapping-union\target-native\debug\deps\contracts-36c3bab039a112b9.exe)

running 26 tests
test admission_accounts_for_copied_locator_payload ... ok
test admission_usage_does_not_depend_on_snapshot_allocation_order ... ok
test borrowed_store_insert_does_not_clone_duplicates_or_publish_on_stop ... ok
test budget_exact_limits_overflow_zero_and_cancel_are_distinct ... ok
test canonical_integers_reject_negative_zero_and_leading_zero ... ok
test edit_size_limit_checked_before_replacement_is_built ... ok
test edits_are_atomic_across_sources_and_reject_stale_or_conflicting_input ... ok
test first_budget_stop_is_sticky_across_smaller_charges_and_cancellation ... ok
test generated_source_locator_scan_is_charged_before_validation ... ok
test indexed_admission_keeps_unique_bytes_and_checks_empty_cancel ... ok
test indexed_source_insert_preserves_order_and_metered_duplicate_lookup ... ok
test line_index_allocation_limit_is_enforced ... ok
test line_positions_roundtrip_unicode_and_all_line_endings ... ok
test locator_profile_is_checked_without_os_or_scheme_normalization ... ok
test nested_budget_retains_work_and_peak_depth_after_failed_branch ... ok
test rational_constructors_normalize_native_but_reject_noncanonical_wire ... ok
test shared_admission_is_operation_local_and_independent_storage_still_checked ... ok
test shared_copy_and_independent_comparison_have_separate_work_bounds ... ok
test snapshot_clones_preserve_owned_lifetime_and_independent_identity_checks ... ok
test snapshot_metadata_copy_is_bounded_but_independent_comparison_is_not_free ... ok
test source_admission_charges_unique_snapshots_once_across_shared_calls ... ok
test source_admission_rejects_locator_changes_for_same_snapshot_identity ... ok
test source_digest_is_sha256_of_exact_original_bytes ... ok
test source_limits_precede_decode_and_decode_does_not_replace_bytes ... ok
test span_rejects_scalar_interiors_bounds_and_other_identity ... ok
test store_preserves_distinct_ids_at_same_uri_and_rejects_conflicting_revision ... ok

test result: ok. 26 passed; 0 failed; 0 ignored; 0 measured; 0 filtered out; finished in 0.02s

     Running tests\decimal.rs (C:\projects\NEPL3-doc-authoring-delivery\.tmp\review-borrow-mapping-union\target-native\debug\deps\decimal-add215233e4865b2.exe)

running 2 tests
test exact_decimal_constructor_is_independent_of_lexical_leading_zero_policy ... ok
test invalid_digits_and_resource_stops_precede_numeric_allocation ... ok

test result: ok. 2 passed; 0 failed; 0 ignored; 0 measured; 0 filtered out; finished in 0.00s

     Running tests\edit.rs (C:\projects\NEPL3-doc-authoring-delivery\.tmp\review-borrow-mapping-union\target-native\debug\deps\edit-f3c6567523582070.exe)

running 5 tests
test a_conflicting_preexisting_output_does_not_publish_other_transaction_outputs ... ok
test deletion_admits_original_and_generated_snapshots_once ... ok
test every_allocation_stop_is_atomic_sticky_and_retryable_in_a_fresh_operation ... ok
test semantic_failure_does_not_reserve_an_unpublished_output_identity ... ok
test work_source_and_locator_limits_stop_before_unbounded_owned_copies ... ok

test result: ok. 5 passed; 0 failed; 0 ignored; 0 measured; 0 filtered out; finished in 0.05s

     Running tests\facts.rs (C:\projects\NEPL3-doc-authoring-delivery\.tmp\review-borrow-mapping-union\target-native\debug\deps\facts-8ba91ee1f81d7fa6.exe)

running 2 tests
test delta_keeps_current_scope_namespace_reservations_and_foreign_scope_authority ... ok
test facts_reject_missing_sources_namespace_roots_and_fresh_operation_limits ... ok

test result: ok. 2 passed; 0 failed; 0 ignored; 0 measured; 0 filtered out; finished in 0.01s

     Running tests\lexical.rs (C:\projects\NEPL3-doc-authoring-delivery\.tmp\review-borrow-mapping-union\target-native\debug\deps\lexical-f7cc9788180f2f92.exe)

running 3 tests
test whole_language_tag_preserves_abnf_scope ... ok
test whole_lexemes_stop_without_allocating_or_losing_cancellation ... ok
test whole_name_uses_pinned_unicode_spelling_and_excludes_trivia ... ok

test result: ok. 3 passed; 0 failed; 0 ignored; 0 measured; 0 filtered out; finished in 0.00s

     Running tests\maps.rs (C:\projects\NEPL3-doc-authoring-delivery\.tmp\review-borrow-mapping-union\target-native\debug\deps\maps-b8c40905248383a5.exe)

running 8 tests
test borrowed_map_union_checks_containment_and_geometry_in_both_parts ... ok
test borrowed_union_does_not_copy_source_id_payloads ... ok
test duplicate_edges_and_joins_preserve_longest_depth_and_sticky_stops ... ok
test indexed_map_graphs_agree_with_transitive_closure_in_both_orders ... ok
test map_admission_never_copies_long_identity_before_zero_allocation_budget ... ok
test mapped_containment_requires_every_byte_and_every_reverse_path ... ok
test snapshot_dag_proves_large_transforms_without_enumerating_the_point_product ... ok
test wide_snapshot_dag_work_does_not_scan_all_edges_for_each_vertex ... wide DAG work: 808432 -> 1803898
ok

test result: ok. 8 passed; 0 failed; 0 ignored; 0 measured; 0 filtered out; finished in 0.12s

     Running tests\structure.rs (C:\projects\NEPL3-doc-authoring-delivery\.tmp\review-borrow-mapping-union\target-native\debug\deps\structure-b369cb77884d8bf6.exe)

running 20 tests
test canonical_json_escapes_controls_without_unicode_normalization ... ok
test deeply_nested_value_cleanup_uses_no_recursive_drop_chain ... ok
test descriptor_canonical_json_has_independently_specified_field_order ... ok
test descriptor_map_order_is_irrelevant_but_duplicates_are_rejected ... ok
test empty_anchor_cycles_and_transformed_relations_are_checked ... ok
test forward_overlap_is_acyclic_and_map_budget_failure_does_not_insert ... ok
test imported_origin_graph_honors_zero_nodes_and_depth_limits ... ok
test imported_origin_graph_rejects_cycles_unknown_refs_and_missing_source ... ok
test inverse_refuses_transformed_and_ambiguous_mappings ... ok
test local_kind_ids_are_canonical_across_descriptor_input_order ... ok
test registry_accepts_mutual_symbolic_references_then_seals_them ... ok
test registry_rejects_wrong_digest_and_unknown_unused_references ... ok
test rejected_deep_descriptor_is_safe_to_clone_compare_debug_and_drop ... ok
test report_candidate_rollback_discards_facts_without_refunding_budget ... ok
test report_diagnostic_limit_has_no_fabricated_global_message ... ok
test report_storage_obeys_allocation_budget ... ok
test report_zero_event_capacity_keeps_one_typed_overflow_and_stop ... ok
test source_map_checks_composable_interval_cycles_not_snapshot_cycles ... ok
test structural_boundary_checks_field_count_kind_intrinsic_subset_and_negative_natural ... ok
test validator_and_descriptor_depth_share_parent_budget_and_peak ... ok

test result: ok. 20 passed; 0 failed; 0 ignored; 0 measured; 0 filtered out; finished in 0.15s

     Running tests\syntax.rs (C:\projects\NEPL3-doc-authoring-delivery\.tmp\review-borrow-mapping-union\target-native\debug\deps\syntax-14d9df9e34110420.exe)

running 10 tests
test deeply_nested_foreign_bundle_cleanup_is_iterative ... ok
test foreign_ids_are_local_but_environment_and_root_must_match ... ok
test foreign_nesting_adds_to_containing_node_path_depth ... ok
test owned_syntax_copy_precharges_payloads_and_preserves_deep_foreign_ownership ... ok
test source_child_cover_must_follow_head_and_stay_in_parent ... ok
test syntax_graph_checks_all_refs_and_cycles_while_allowing_shared_children ... ok
test syntax_preserves_nested_stop_causes_and_does_not_reclassify_semantic_errors ... ok
test token_internal_view_is_sidecar_and_trivia_retains_bom_bytes ... ok
test token_owns_even_unreachable_view_elements ... ok
test view_child_edges_are_acyclic_but_semantic_relation_cycles_are_allowed ... ok

test result: ok. 10 passed; 0 failed; 0 ignored; 0 measured; 0 filtered out; finished in 0.87s

     Running tests\value.rs (C:\projects\NEPL3-doc-authoring-delivery\.tmp\review-borrow-mapping-union\target-native\debug\deps\value-de47cfed8240bd08.exe)

running 2 tests
test budgeted_equality_keeps_values_and_composes_caller_depth ... ok
test equality_charges_frontier_before_queueing_wide_input ... ok

test result: ok. 2 passed; 0 failed; 0 ignored; 0 measured; 0 filtered out; finished in 0.03s

     Running unittests src\lib.rs (C:\projects\NEPL3-doc-authoring-delivery\.tmp\review-borrow-mapping-union\target-native\debug\deps\nepl3_reader-8c326c989ce8e0d0.exe)

running 0 tests

test result: ok. 0 passed; 0 failed; 0 ignored; 0 measured; 0 filtered out; finished in 0.00s

     Running tests\builtin.rs (C:\projects\NEPL3-doc-authoring-delivery\.tmp\review-borrow-mapping-union\target-native\debug\deps\builtin-a5690bf0b8b6a445.exe)

running 17 tests
test builtin_budget_stops_are_typed_and_do_not_return_partial_tokens ... ok
test committed_text_rejects_invalid_escapes_scalars_and_direct_lines ... ok
test empty_skip_and_take_readers_are_nonprogress_failures ... ok
test generated_source_admission_is_once_and_unsuccessful_text_has_no_source_charge ... ok
test language_is_well_formed_abnf_not_registry_validity ... ok
test maximal_lexemes_wait_at_every_nonfinal_scalar_boundary ... ok
test mode_take_is_ordered_choice_and_does_not_consume_trailing_trivia ... ok
test mode_text_reservation_is_lazy_and_echo_is_checked ... ok
test names_preserve_unicode_spelling_and_read_maximal_identifier ... ok
test naturals_and_finite_decimals_are_exact_and_boundary_checked ... ok
test owned_tokenizer_resume_does_not_borrow_the_original_context_and_checks_all_echo_fields ... ok
test reservation_locator_validation_obeys_work_limit_before_scanning ... ok
test selected_standard_provider_dispatch_uses_builtin_values_and_rejects_forgery ... ok
test text_decoding_retains_each_exact_or_transformed_source_range ... ok
test text_exact_runs_preserve_utf8_offsets_and_escape_boundaries ... ok
test tokenizer_configuration_identity_ignores_mode_declaration_order_but_retains_rule_order ... ok
test trivia_keeps_ascii_line_boundaries_and_bom_position ... ok

test result: ok. 17 passed; 0 failed; 0 ignored; 0 measured; 0 filtered out; finished in 0.99s

     Running tests\context.rs (C:\projects\NEPL3-doc-authoring-delivery\.tmp\review-borrow-mapping-union\target-native\debug\deps\context-841a9507765a423b.exe)

running 1 test
test checked_context_uses_real_digest_and_exact_origin_source_closure ... ok

test result: ok. 1 passed; 0 failed; 0 ignored; 0 measured; 0 filtered out; finished in 0.01s

     Running tests\portable.rs (C:\projects\NEPL3-doc-authoring-delivery\.tmp\review-borrow-mapping-union\target-native\debug\deps\portable-4366c8ffda42ce68.exe)

running 2 tests
test host_global_source_cannot_fill_a_missing_request_declaration ... ok
test native_request_and_checked_ndf_loopback_execute_with_identical_meaning ... ok

test result: ok. 2 passed; 0 failed; 0 ignored; 0 measured; 0 filtered out; finished in 0.03s

     Running tests\runtime.rs (C:\projects\NEPL3-doc-authoring-delivery\.tmp\review-borrow-mapping-union\target-native\debug\deps\runtime-9ef2171083ae2cb7.exe)

running 39 tests
test accepted_collector_crosses_language_sessions_only_in_its_original_operation ... ok
test accepted_diagnostic_owns_primary_related_and_fix_source_closure_before_publication ... ok
test allocation_faults_across_later_resumes_preserve_already_accepted_reports ... ok
test bounded_repeat_zero_never_executes_nullable_body ... ok
test cancellation_during_provider_wait_stops_and_consumes_the_pending_slot ... ok
test checked_context_reuse_admits_exact_source_closure_in_each_operation ... ok
test checked_context_reuse_rejects_same_id_revision_with_changed_content ... ok
test checkpoints::lookahead_over_growing_view_keeps_prior_nodes_without_quadratic_rollback_copies ... rollback allocation units at 128/256: [1328906, 2648842]
ok
test checkpoints::owned_resume_charges_frame_traversal_before_allocating_the_frame_vector ... ok
test checkpoints::suspended_lookahead_materializes_owned_prefixes_then_restores_the_visible_tree ... ok
test choice_rewinds_captures_views_and_retains_work ... ok
test commit_does_not_hide_failure_or_need_more_in_choice ... ok
test direct_repeat_failure_and_streaming_shortage_rollback_all_prior_iteration_reports ... ok
test every_utf8_prefix_split_is_need_more_and_final_truncation_is_no_match ... ok
test failed_choice_restores_programmed_state_before_next_provider_call ... ok
test failed_stopped_and_rollback_results_have_their_exact_formal_source_closure ... ok
test fresh_budget_and_forged_call_or_source_cannot_resume_a_saved_slot ... ok
test generated_sources_are_validated_transactionally_and_available_to_diagnostics ... ok
test long_source_identity_is_not_copied_after_allocation_budget_is_exhausted ... ok
test map_decode_and_then_use_typed_provider_envelopes ... ok
test node_sidecar_and_look_not_optional_discard_have_independent_values ... ok
test plan_identity_is_deterministic_but_distinguishes_arena_representation ... ok
test programmed_repetition_requires_actual_consumption_and_accepts_consuming_calls ... ok
test provider_overflow_rejects_read_failed_map_decode_without_consuming_slot ... ok
test provider_signature_checks_operation_envelope_and_pure_decoder ... ok
test retry::rejected_read_payload_state_end_source_and_view_preserve_formal_collector_and_pending ... ok
test runtime_rejects_left_recursion_hidden_behind_empty_programmed_call ... ok
test session_binds_call_source_plan_usage_and_closes_after_consumed_resume ... ok
test static_plan_rejects_unknown_references_types_and_unproductive_recursion ... ok
test stopped_reader_retains_committed_provider_reports ... ok
test stopped_tokenizer_retains_reader_report_and_generated_source_closure ... ok
test tokenizer_await_allocation_stops_clear_both_private_pending_slots ... ok
test tokenizer_host::synchronous_text_reservation_preserves_decode_maps_and_fallback ... ok
test tokenizer_host::synchronous_tokenizer_keeps_owned_fallback_and_validates_replies ... ok
test tokenizer_outer_echo_validates_every_nested_reader_component_before_private_resume ... ok
test tokenizer_preserves_accepted_skip_reports_and_sources_across_candidate_rollback ... ok
test transform::transform_all_outcomes_keep_sources_reports_and_retry_after_rejected_native_or_ndf_reply ... ok
test unicode_classes_use_pinned_unicode16_and_ascii_numeric_rules ... ok
test until_leaves_delimiter_and_takecount_counts_scalars ... ok

test result: ok. 39 passed; 0 failed; 0 ignored; 0 measured; 0 filtered out; finished in 4.52s

   Doc-tests nepl3_core

running 0 tests

test result: ok. 0 passed; 0 failed; 0 ignored; 0 measured; 0 filtered out; finished in 0.00s

   Doc-tests nepl3_reader

running 0 tests

test result: ok. 0 passed; 0 failed; 0 ignored; 0 measured; 0 filtered out; finished in 0.00s

