    Blocking waiting for file lock on package cache
    Blocking waiting for file lock on package cache
    Blocking waiting for file lock on package cache
   Compiling typenum v1.20.1
   Compiling autocfg v1.5.1
   Compiling cfg-if v1.0.4
   Compiling unicode-ident v1.0.18
   Compiling num-traits v0.2.19
   Compiling hybrid-array v0.4.14
   Compiling num-integer v0.1.47
   Compiling block-buffer v0.12.1
   Compiling crypto-common v0.2.2
   Compiling num-bigint v0.5.1
   Compiling digest v0.11.3
   Compiling sha2 v0.11.0
   Compiling nepl3-core v0.1.0 (C:\projects\NEPL3-doc-authoring-delivery\.tmp\review-borrow-mapping-union\source\crates\foundation\core)
   Compiling nepl3-reader v0.1.0 (C:\projects\NEPL3-doc-authoring-delivery\.tmp\review-borrow-mapping-union\source\crates\foundation\reader)
   Compiling nepl3-wire v0.1.0 (C:\projects\NEPL3-doc-authoring-delivery\.tmp\review-borrow-mapping-union\source\crates\foundation\wire)
   Compiling independent-map-union v0.0.0 (C:\projects\NEPL3-doc-authoring-delivery\.tmp\review-borrow-mapping-union\probe)
    Finished `test` profile [unoptimized + debuginfo] target(s) in 45.13s
     Running tests\union.rs (probe-wasi-target\wasm32-wasip2\debug\deps\union-741e6041747b80d4.wasm)

running 3 tests
test independent::independent_union_choice_rollback_removes_sources_and_maps ... choice rollback missing old aux, retry complete without leaked artifacts
ok
test independent::independent_union_provider_cross_part_failures_retry_and_containment ... mode=0 rejected=Err(Origin(Cycle))
mode=0 complete allocation_actual=22287 allocation_units=48334 work=280779
mode=1 rejected=Err(Origin(Irreversible))
mode=1 complete allocation_actual=22287 allocation_units=48334 work=280781
mode=2 rejected=Err(Origin(Source(MissingSnapshot)))
mode=2 complete allocation_actual=22287 allocation_units=48334 work=280779
mode=3 rejected=Err(ProviderContract)
mode=3 complete allocation_actual=2272 allocation_units=28239 work=200596
mode=4 complete allocation_actual=22287 allocation_units=48334 work=280779
ok
test independent::independent_union_sticky_stops_preserve_pending_prefix ... sticky mode=0 reason=WorkLimit original continuation unchanged
sticky mode=1 reason=AllocationLimit original continuation unchanged
sticky mode=2 reason=SourceLimit original continuation unchanged
sticky mode=3 reason=Cancelled original continuation unchanged
ok

test result: ok. 3 passed; 0 failed; 0 ignored; 0 measured; 39 filtered out; finished in 0.04s

