    Blocking waiting for file lock on package cache
    Blocking waiting for file lock on package cache
    Blocking waiting for file lock on package cache
    Blocking waiting for file lock on package cache
   Compiling autocfg v1.5.1
   Compiling typenum v1.20.1
   Compiling cpufeatures v0.3.1
   Compiling cfg-if v1.0.4
   Compiling unicode-ident v1.0.18
   Compiling num-traits v0.2.19
   Compiling hybrid-array v0.4.14
   Compiling num-integer v0.1.47
   Compiling crypto-common v0.2.2
   Compiling block-buffer v0.12.1
   Compiling num-bigint v0.5.1
   Compiling digest v0.11.3
   Compiling sha2 v0.11.0
   Compiling nepl3-core v0.1.0 (C:\projects\NEPL3-doc-authoring-delivery\.tmp\review-reader-failure\probe\crates\foundation\core)
   Compiling nepl3-wire v0.1.0 (C:\projects\NEPL3-doc-authoring-delivery\.tmp\review-reader-failure\probe\crates\foundation\wire)
   Compiling nepl3-reader v0.1.0 (C:\projects\NEPL3-doc-authoring-delivery\.tmp\review-reader-failure\probe\crates\foundation\reader)
error: cannot find macro `vec` in this scope
    --> crates\foundation\reader\src\..\tests\review_owned.rs:2790:79
     |
2790 |  Ok(crate::runtime::AcceptedReport{report,sources:vec![s.clone()],source_maps:vec![nepl3_core::origin::Mapping{source:s.span(0,1)?...
     |                                                                               ^^^
     |
     = note: macro `crate::runtime::ownership_tests::vec` exists but is inaccessible
help: consider importing this macro
     |
   1 + use alloc::vec;
     |

error: cannot find macro `vec` in this scope
    --> crates\foundation\reader\src\..\tests\review_owned.rs:2790:51
     |
2790 |  Ok(crate::runtime::AcceptedReport{report,sources:vec![s.clone()],source_maps:vec![nepl3_core::origin::Mapping{source:s.span(0,1)?...
     |                                                   ^^^
     |
     = note: macro `crate::runtime::ownership_tests::vec` exists but is inaccessible
help: consider importing this macro
     |
   1 + use alloc::vec;
     |

error: cannot find macro `vec` in this scope
    --> crates\foundation\reader\src\..\tests\review_owned.rs:2709:34
     |
2709 |                     source_maps: vec![],
     |                                  ^^^
     |
     = note: macro `crate::runtime::ownership_tests::vec` exists but is inaccessible
help: consider importing this macro
     |
   1 + use alloc::vec;
     |

error: cannot find macro `vec` in this scope
    --> crates\foundation\reader\src\..\tests\review_owned.rs:2708:30
     |
2708 |                     sources: vec![],
     |                              ^^^
     |
     = note: macro `crate::runtime::ownership_tests::vec` exists but is inaccessible
help: consider importing this macro
     |
   1 + use alloc::vec;
     |

error: cannot find macro `vec` in this scope
    --> crates\foundation\reader\src\..\tests\review_owned.rs:2699:34
     |
2699 |                     source_maps: vec![],
     |                                  ^^^
     |
     = note: macro `crate::runtime::ownership_tests::vec` exists but is inaccessible
help: consider importing this macro
     |
   1 + use alloc::vec;
     |

error: cannot find macro `vec` in this scope
    --> crates\foundation\reader\src\..\tests\review_owned.rs:2698:30
     |
2698 |                     sources: vec![],
     |                              ^^^
     |
     = note: macro `crate::runtime::ownership_tests::vec` exists but is inaccessible
help: consider importing this macro
     |
   1 + use alloc::vec;
     |

error: cannot find macro `vec` in this scope
    --> crates\foundation\reader\src\..\tests\review_owned.rs:2696:32
     |
2696 |                         facts: vec![],
     |                                ^^^
     |
     = note: macro `crate::runtime::ownership_tests::vec` exists but is inaccessible
help: consider importing this macro
     |
   1 + use alloc::vec;
     |

error: cannot find macro `vec` in this scope
    --> crates\foundation\reader\src\..\tests\review_owned.rs:2694:36
     |
2694 | ...                   roots: vec![],
     |                              ^^^
     |
     = note: macro `crate::runtime::ownership_tests::vec` exists but is inaccessible
help: consider importing this macro
     |
   1 + use alloc::vec;
     |

error: cannot find macro `vec` in this scope
    --> crates\foundation\reader\src\..\tests\review_owned.rs:2693:39
     |
2693 | ...                   elements: vec![],
     |                                 ^^^
     |
     = note: macro `crate::runtime::ownership_tests::vec` exists but is inaccessible
help: consider importing this macro
     |
   1 + use alloc::vec;
     |

error: cannot find macro `vec` in this scope
    --> crates\foundation\reader\src\..\tests\review_owned.rs:2686:34
     |
2686 |                     source_maps: vec![],
     |                                  ^^^
     |
     = note: macro `crate::runtime::ownership_tests::vec` exists but is inaccessible
help: consider importing this macro
     |
   1 + use alloc::vec;
     |

error: cannot find macro `vec` in this scope
    --> crates\foundation\reader\src\..\tests\review_owned.rs:2685:30
     |
2685 |                     sources: vec![],
     |                              ^^^
     |
     = note: macro `crate::runtime::ownership_tests::vec` exists but is inaccessible
help: consider importing this macro
     |
   1 + use alloc::vec;
     |

error: cannot find macro `vec` in this scope
    --> crates\foundation\reader\src\..\tests\review_owned.rs:2631:17
     |
2631 |                 vec![ReaderExpr::Scalar(CharClass::Any), transform],
     |                 ^^^
     |
     = note: macro `crate::runtime::ownership_tests::vec` exists but is inaccessible
help: consider importing this macro
     |
   1 + use alloc::vec;
     |

error: cannot find macro `vec` in this scope
    --> crates\foundation\reader\src\..\tests\review_owned.rs:2484:15
     |
2484 |         take: vec![TakeRule {
     |               ^^^
     |
     = note: macro `crate::runtime::ownership_tests::vec` exists but is inaccessible
help: consider importing this macro
     |
   1 + use alloc::vec;
     |

error: cannot find macro `vec` in this scope
    --> crates\foundation\reader\src\..\tests\review_owned.rs:2483:15
     |
2483 |         skip: vec![],
     |               ^^^
     |
     = note: macro `crate::runtime::ownership_tests::vec` exists but is inaccessible
help: consider importing this macro
     |
   1 + use alloc::vec;
     |

error: cannot find macro `vec` in this scope
    --> crates\foundation\reader\src\..\tests\review_owned.rs:2457:42
     |
2457 |     assert_eq!(reply.report.diagnostics, vec![diagnostic]);
     |                                          ^^^
     |
     = note: macro `crate::runtime::ownership_tests::vec` exists but is inaccessible
help: consider importing this macro
     |
   1 + use alloc::vec;
     |

error: cannot find macro `vec` in this scope
    --> crates\foundation\reader\src\..\tests\review_owned.rs:2417:17
     |
2417 |     let modes = vec![ReaderMode {
     |                 ^^^
     |
     = note: macro `crate::runtime::ownership_tests::vec` exists but is inaccessible
help: consider importing this macro
     |
   1 + use alloc::vec;
     |

error: cannot find macro `vec` in this scope
    --> crates\foundation\reader\src\..\tests\review_owned.rs:2408:47
     |
2408 |     assert_eq!(accepted.report().diagnostics, vec![diagnostic.clone()]);
     |                                               ^^^
     |
     = note: macro `crate::runtime::ownership_tests::vec` exists but is inaccessible
help: consider importing this macro
     |
   1 + use alloc::vec;
     |

error: cannot find macro `vec` in this scope
    --> crates\foundation\reader\src\..\tests\review_owned.rs:2346:16
     |
2346 |         fixes: vec![Fix {
     |                ^^^
     |
     = note: macro `crate::runtime::ownership_tests::vec` exists but is inaccessible
help: consider importing this macro
     |
   1 + use alloc::vec;
     |

error: cannot find macro `vec` in this scope
    --> crates\foundation\reader\src\..\tests\review_owned.rs:2341:18
     |
2341 |         related: vec![Related {
     |                  ^^^
     |
     = note: macro `crate::runtime::ownership_tests::vec` exists but is inaccessible
help: consider importing this macro
     |
   1 + use alloc::vec;
     |

error: cannot find macro `vec` in this scope
    --> crates\foundation\reader\src\..\tests\review_owned.rs:2332:17
     |
2332 |         fields: vec![],
     |                 ^^^
     |
     = note: macro `crate::runtime::ownership_tests::vec` exists but is inaccessible
help: consider importing this macro
     |
   1 + use alloc::vec;
     |

error: cannot find macro `format` in this scope
    --> crates\foundation\reader\src\..\tests\review_owned.rs:2322:13
     |
2322 |             format!("memory:auxiliary-{i}"),
     |             ^^^^^^
     |
help: consider importing this macro
     |
   1 + use alloc::format;
     |

error: cannot find macro `format` in this scope
    --> crates\foundation\reader\src\..\tests\review_owned.rs:2320:22
     |
2320 |             SourceId(format!("auxiliary-{i}")),
     |                      ^^^^^^
     |
help: consider importing this macro
     |
   1 + use alloc::format;
     |

error: cannot find macro `vec` in this scope
    --> crates\foundation\reader\src\..\tests\review_owned.rs:2317:25
     |
2317 |     let mut auxiliary = vec![];
     |                         ^^^
     |
     = note: macro `crate::runtime::ownership_tests::vec` exists but is inaccessible
help: consider importing this macro
     |
   1 + use alloc::vec;
     |

error: cannot find macro `vec` in this scope
    --> crates\foundation\reader\src\..\tests\review_owned.rs:2144:27
     |
2144 |         let guest_modes = vec![ReaderMode {
     |                           ^^^
     |
     = note: macro `crate::runtime::ownership_tests::vec` exists but is inaccessible
help: consider importing this macro
     |
   1 + use alloc::vec;
     |

error: cannot find macro `vec` in this scope
    --> crates\foundation\reader\src\..\tests\review_owned.rs:2133:27
     |
2133 |         let first_modes = vec![ReaderMode {
     |                           ^^^
     |
     = note: macro `crate::runtime::ownership_tests::vec` exists but is inaccessible
help: consider importing this macro
     |
   1 + use alloc::vec;
     |

error: cannot find macro `vec` in this scope
    --> crates\foundation\reader\src\..\tests\review_owned.rs:2041:17
     |
2041 |     let modes = vec![ReaderMode {
     |                 ^^^
     |
     = note: macro `crate::runtime::ownership_tests::vec` exists but is inaccessible
help: consider importing this macro
     |
   1 + use alloc::vec;
     |

error: cannot find macro `vec` in this scope
    --> crates\foundation\reader\src\..\tests\review_owned.rs:2020:17
     |
2020 |                 vec![first.clone(), second]
     |                 ^^^
     |
     = note: macro `crate::runtime::ownership_tests::vec` exists but is inaccessible
help: consider importing this macro
     |
   1 + use alloc::vec;
     |

error: cannot find macro `vec` in this scope
    --> crates\foundation\reader\src\..\tests\review_owned.rs:2018:17
     |
2018 |                 vec![first.clone()]
     |                 ^^^
     |
     = note: macro `crate::runtime::ownership_tests::vec` exists but is inaccessible
help: consider importing this macro
     |
   1 + use alloc::vec;
     |

error: cannot find macro `vec` in this scope
    --> crates\foundation\reader\src\..\tests\review_owned.rs:1934:26
     |
1934 |             source_maps: vec![],
     |                          ^^^
     |
     = note: macro `crate::runtime::ownership_tests::vec` exists but is inaccessible
help: consider importing this macro
     |
   1 + use alloc::vec;
     |

error: cannot find macro `vec` in this scope
    --> crates\foundation\reader\src\..\tests\review_owned.rs:1933:22
     |
1933 |             sources: vec![],
     |                      ^^^
     |
     = note: macro `crate::runtime::ownership_tests::vec` exists but is inaccessible
help: consider importing this macro
     |
   1 + use alloc::vec;
     |

error: cannot find macro `vec` in this scope
    --> crates\foundation\reader\src\..\tests\review_owned.rs:1931:23
     |
1931 |             expected: vec![],
     |                       ^^^
     |
     = note: macro `crate::runtime::ownership_tests::vec` exists but is inaccessible
help: consider importing this macro
     |
   1 + use alloc::vec;
     |

error: cannot find macro `vec` in this scope
    --> crates\foundation\reader\src\..\tests\review_owned.rs:1926:35
     |
1926 |         assert_eq!(reply.sources, vec![first.clone()]);
     |                                   ^^^
     |
     = note: macro `crate::runtime::ownership_tests::vec` exists but is inaccessible
help: consider importing this macro
     |
   1 + use alloc::vec;
     |

error: cannot find macro `vec` in this scope
    --> crates\foundation\reader\src\..\tests\review_owned.rs:1853:21
     |
1853 |         let modes = vec![ReaderMode {
     |                     ^^^
     |
     = note: macro `crate::runtime::ownership_tests::vec` exists but is inaccessible
help: consider importing this macro
     |
   1 + use alloc::vec;
     |

error: cannot find macro `vec` in this scope
    --> crates\foundation\reader\src\..\tests\review_owned.rs:1843:29
     |
1843 |             ReaderExpr::Seq(vec![ReaderId(0), ReaderId(if mode == 3 { 2 } else { 1 })]),
     |                             ^^^
     |
     = note: macro `crate::runtime::ownership_tests::vec` exists but is inaccessible
help: consider importing this macro
     |
   1 + use alloc::vec;
     |

error: cannot find macro `vec` in this scope
    --> crates\foundation\reader\src\..\tests\review_owned.rs:1805:33
     |
1805 |             assert_eq!(sources, vec![generated.clone()]);
     |                                 ^^^
     |
     = note: macro `crate::runtime::ownership_tests::vec` exists but is inaccessible
help: consider importing this macro
     |
   1 + use alloc::vec;
     |

error: cannot find macro `vec` in this scope
    --> crates\foundation\reader\src\..\tests\review_owned.rs:1710:44
     |
1710 |         p.expressions.push(ReaderExpr::Seq(vec![
     |                                            ^^^
     |
     = note: macro `crate::runtime::ownership_tests::vec` exists but is inaccessible
help: consider importing this macro
     |
   1 + use alloc::vec;
     |

error: cannot find macro `vec` in this scope
    --> crates\foundation\reader\src\..\tests\review_owned.rs:1676:32
     |
1676 |     assert_eq!(result.sources, vec![generated.clone()]);
     |                                ^^^
     |
     = note: macro `crate::runtime::ownership_tests::vec` exists but is inaccessible
help: consider importing this macro
     |
   1 + use alloc::vec;
     |

error: cannot find macro `vec` in this scope
    --> crates\foundation\reader\src\..\tests\review_owned.rs:1602:17
     |
1602 |     let modes = vec![nepl3_reader::tokenizer::ReaderMode {
     |                 ^^^
     |
     = note: macro `crate::runtime::ownership_tests::vec` exists but is inaccessible
help: consider importing this macro
     |
   1 + use alloc::vec;
     |

error: cannot find macro `vec` in this scope
    --> crates\foundation\reader\src\..\tests\review_owned.rs:1586:25
     |
1586 |         ReaderExpr::Seq(vec![ReaderId(0), ReaderId(1)]),
     |                         ^^^
     |
     = note: macro `crate::runtime::ownership_tests::vec` exists but is inaccessible
help: consider importing this macro
     |
   1 + use alloc::vec;
     |

error: cannot find macro `vec` in this scope
    --> crates\foundation\reader\src\..\tests\review_owned.rs:1495:31
     |
1495 |         .push(ReaderExpr::Seq(vec![ReaderId(0), ReaderId(0), ReaderId(0)]));
     |                               ^^^
     |
     = note: macro `crate::runtime::ownership_tests::vec` exists but is inaccessible
help: consider importing this macro
     |
   1 + use alloc::vec;
     |

error: cannot find macro `vec` in this scope
    --> crates\foundation\reader\src\..\tests\review_owned.rs:1457:9
     |
1457 |         vec![ReaderExpr::Literal("a".into())],
     |         ^^^
     |
     = note: macro `crate::runtime::ownership_tests::vec` exists but is inaccessible
help: consider importing this macro
     |
   1 + use alloc::vec;
     |

error: cannot find macro `vec` in this scope
    --> crates\foundation\reader\src\..\tests\review_owned.rs:1446:9
     |
1446 |         vec![ReaderExpr::Literal("a".into())],
     |         ^^^
     |
     = note: macro `crate::runtime::ownership_tests::vec` exists but is inaccessible
help: consider importing this macro
     |
   1 + use alloc::vec;
     |

error: cannot find macro `vec` in this scope
    --> crates\foundation\reader\src\..\tests\review_owned.rs:1432:9
     |
1432 |         vec![
     |         ^^^
     |
     = note: macro `crate::runtime::ownership_tests::vec` exists but is inaccessible
help: consider importing this macro
     |
   1 + use alloc::vec;
     |

error: cannot find macro `vec` in this scope
    --> crates\foundation\reader\src\..\tests\review_owned.rs:1419:9
     |
1419 |         vec![
     |         ^^^
     |
     = note: macro `crate::runtime::ownership_tests::vec` exists but is inaccessible
help: consider importing this macro
     |
   1 + use alloc::vec;
     |

error: cannot find macro `vec` in this scope
    --> crates\foundation\reader\src\..\tests\review_owned.rs:1409:9
     |
1409 |         vec![ReaderExpr::Ref("entry".into())],
     |         ^^^
     |
     = note: macro `crate::runtime::ownership_tests::vec` exists but is inaccessible
help: consider importing this macro
     |
   1 + use alloc::vec;
     |

error: cannot find macro `vec` in this scope
    --> crates\foundation\reader\src\..\tests\review_owned.rs:1399:9
     |
1399 |         vec![ReaderExpr::Seq(vec![ReaderId(u64::MAX)])],
     |         ^^^
     |
     = note: macro `crate::runtime::ownership_tests::vec` exists but is inaccessible
help: consider importing this macro
     |
   1 + use alloc::vec;
     |

error: cannot find macro `vec` in this scope
    --> crates\foundation\reader\src\..\tests\review_owned.rs:1329:28
     |
1329 |         ReaderExpr::Choice(vec![ReaderId(2), ReaderId(3)]),
     |                            ^^^
     |
     = note: macro `crate::runtime::ownership_tests::vec` exists but is inaccessible
help: consider importing this macro
     |
   1 + use alloc::vec;
     |

error: cannot find macro `vec` in this scope
    --> crates\foundation\reader\src\..\tests\review_owned.rs:1328:25
     |
1328 |         ReaderExpr::Seq(vec![ReaderId(0)]),
     |                         ^^^
     |
     = note: macro `crate::runtime::ownership_tests::vec` exists but is inaccessible
help: consider importing this macro
     |
   1 + use alloc::vec;
     |

error: cannot find macro `vec` in this scope
    --> crates\foundation\reader\src\..\tests\review_owned.rs:1327:25
     |
1327 |         ReaderExpr::Seq(vec![ReaderId(0), ReaderId(1)]),
     |                         ^^^
     |
     = note: macro `crate::runtime::ownership_tests::vec` exists but is inaccessible
help: consider importing this macro
     |
   1 + use alloc::vec;
     |

error: cannot find macro `vec` in this scope
    --> crates\foundation\reader\src\..\tests\review_owned.rs:1262:9
     |
1262 |         vec![ReaderExpr::Literal("a".into())],
     |         ^^^
     |
     = note: macro `crate::runtime::ownership_tests::vec` exists but is inaccessible
help: consider importing this macro
     |
   1 + use alloc::vec;
     |

error: cannot find macro `vec` in this scope
    --> crates\foundation\reader\src\..\tests\review_owned.rs:1197:31
     |
1197 |         .push(ReaderExpr::Seq(vec![ReaderId(0), ReaderId(0)]));
     |                               ^^^
     |
     = note: macro `crate::runtime::ownership_tests::vec` exists but is inaccessible
help: consider importing this macro
     |
   1 + use alloc::vec;
     |

error: cannot find macro `vec` in this scope
    --> crates\foundation\reader\src\..\tests\review_owned.rs:1036:9
     |
1036 |         vec![b'x'; 10_000],
     |         ^^^
     |
     = note: macro `crate::runtime::ownership_tests::vec` exists but is inaccessible
help: consider importing this macro
     |
   1 + use alloc::vec;
     |

error: cannot find macro `vec` in this scope
   --> crates\foundation\reader\src\..\tests\review_owned.rs:967:9
    |
967 |         vec![ReaderExpr::Literal("a".into())],
    |         ^^^
    |
    = note: macro `crate::runtime::ownership_tests::vec` exists but is inaccessible
help: consider importing this macro
    |
  1 + use alloc::vec;
    |

error: cannot find macro `vec` in this scope
   --> crates\foundation\reader\src\..\tests\review_owned.rs:908:25
    |
908 |         ReaderExpr::Seq(vec![ReaderId(0), ReaderId(1)]),
    |                         ^^^
    |
    = note: macro `crate::runtime::ownership_tests::vec` exists but is inaccessible
help: consider importing this macro
    |
  1 + use alloc::vec;
    |

error: cannot find macro `vec` in this scope
   --> crates\foundation\reader\src\..\tests\review_owned.rs:859:25
    |
859 |         ReaderExpr::Seq(vec![ReaderId(0), ReaderId(1)]),
    |                         ^^^
    |
    = note: macro `crate::runtime::ownership_tests::vec` exists but is inaccessible
help: consider importing this macro
    |
  1 + use alloc::vec;
    |

error: cannot find macro `vec` in this scope
   --> crates\foundation\reader\src\..\tests\review_owned.rs:840:30
    |
840 |                 source_maps: vec![],
    |                              ^^^
    |
    = note: macro `crate::runtime::ownership_tests::vec` exists but is inaccessible
help: consider importing this macro
    |
  1 + use alloc::vec;
    |

error: cannot find macro `vec` in this scope
   --> crates\foundation\reader\src\..\tests\review_owned.rs:839:26
    |
839 |                 sources: vec![],
    |                          ^^^
    |
    = note: macro `crate::runtime::ownership_tests::vec` exists but is inaccessible
help: consider importing this macro
    |
  1 + use alloc::vec;
    |

error: cannot find macro `vec` in this scope
   --> crates\foundation\reader\src\..\tests\review_owned.rs:837:28
    |
837 |                     facts: vec![],
    |                            ^^^
    |
    = note: macro `crate::runtime::ownership_tests::vec` exists but is inaccessible
help: consider importing this macro
    |
  1 + use alloc::vec;
    |

error: cannot find macro `vec` in this scope
   --> crates\foundation\reader\src\..\tests\review_owned.rs:835:32
    |
835 |                         roots: vec![],
    |                                ^^^
    |
    = note: macro `crate::runtime::ownership_tests::vec` exists but is inaccessible
help: consider importing this macro
    |
  1 + use alloc::vec;
    |

error: cannot find macro `vec` in this scope
   --> crates\foundation\reader\src\..\tests\review_owned.rs:834:35
    |
834 |                         elements: vec![],
    |                                   ^^^
    |
    = note: macro `crate::runtime::ownership_tests::vec` exists but is inaccessible
help: consider importing this macro
    |
  1 + use alloc::vec;
    |

error: cannot find macro `vec` in this scope
   --> crates\foundation\reader\src\..\tests\review_owned.rs:784:13
    |
784 |             vec![ReaderExpr::Scalar(CharClass::Any), expr],
    |             ^^^
    |
    = note: macro `crate::runtime::ownership_tests::vec` exists but is inaccessible
help: consider importing this macro
    |
  1 + use alloc::vec;
    |

error: cannot find macro `vec` in this scope
   --> crates\foundation\reader\src\..\tests\review_owned.rs:748:84
    |
748 | ...   matches!(result?,ReadReply::Matched{sources,report,..} if sources==vec![generated.clone()]&&report.diagnostics[0].primary.as_...
    |                                                                          ^^^
    |
    = note: macro `crate::runtime::ownership_tests::vec` exists but is inaccessible
help: consider importing this macro
    |
  1 + use alloc::vec;
    |

error: cannot find macro `vec` in this scope
   --> crates\foundation\reader\src\..\tests\review_owned.rs:686:155
    |
686 | ...?,ReadReply::Matched{value,end:1,..} if value==NdfValue::List(vec![NdfValue::Text("a".into())]))
    |                                                                  ^^^
    |
    = note: macro `crate::runtime::ownership_tests::vec` exists but is inaccessible
help: consider importing this macro
    |
  1 + use alloc::vec;
    |

error: cannot find macro `vec` in this scope
   --> crates\foundation\reader\src\..\tests\review_owned.rs:678:27
    |
678 |                 expected: vec![],
    |                           ^^^
    |
    = note: macro `crate::runtime::ownership_tests::vec` exists but is inaccessible
help: consider importing this macro
    |
  1 + use alloc::vec;
    |

error: cannot find macro `vec` in this scope
   --> crates\foundation\reader\src\..\tests\review_owned.rs:677:30
    |
677 |                 source_maps: vec![],
    |                              ^^^
    |
    = note: macro `crate::runtime::ownership_tests::vec` exists but is inaccessible
help: consider importing this macro
    |
  1 + use alloc::vec;
    |

error: cannot find macro `vec` in this scope
   --> crates\foundation\reader\src\..\tests\review_owned.rs:676:26
    |
676 |                 sources: vec![],
    |                          ^^^
    |
    = note: macro `crate::runtime::ownership_tests::vec` exists but is inaccessible
help: consider importing this macro
    |
  1 + use alloc::vec;
    |

error: cannot find macro `vec` in this scope
   --> crates\foundation\reader\src\..\tests\review_owned.rs:608:27
    |
608 |                 expected: vec![Expectation::EndOfInput],
    |                           ^^^
    |
    = note: macro `crate::runtime::ownership_tests::vec` exists but is inaccessible
help: consider importing this macro
    |
  1 + use alloc::vec;
    |

error: cannot find macro `vec` in this scope
   --> crates\foundation\reader\src\..\tests\review_owned.rs:607:30
    |
607 |                 source_maps: vec![],
    |                              ^^^
    |
    = note: macro `crate::runtime::ownership_tests::vec` exists but is inaccessible
help: consider importing this macro
    |
  1 + use alloc::vec;
    |

error: cannot find macro `vec` in this scope
   --> crates\foundation\reader\src\..\tests\review_owned.rs:606:26
    |
606 |                 sources: vec![],
    |                          ^^^
    |
    = note: macro `crate::runtime::ownership_tests::vec` exists but is inaccessible
help: consider importing this macro
    |
  1 + use alloc::vec;
    |

error: cannot find macro `vec` in this scope
   --> crates\foundation\reader\src\..\tests\review_owned.rs:601:27
    |
601 |                 expected: vec![Expectation::EndOfInput],
    |                           ^^^
    |
    = note: macro `crate::runtime::ownership_tests::vec` exists but is inaccessible
help: consider importing this macro
    |
  1 + use alloc::vec;
    |

error: cannot find macro `vec` in this scope
   --> crates\foundation\reader\src\..\tests\review_owned.rs:600:30
    |
600 |                 source_maps: vec![],
    |                              ^^^
    |
    = note: macro `crate::runtime::ownership_tests::vec` exists but is inaccessible
help: consider importing this macro
    |
  1 + use alloc::vec;
    |

error: cannot find macro `vec` in this scope
   --> crates\foundation\reader\src\..\tests\review_owned.rs:599:26
    |
599 |                 sources: vec![],
    |                          ^^^
    |
    = note: macro `crate::runtime::ownership_tests::vec` exists but is inaccessible
help: consider importing this macro
    |
  1 + use alloc::vec;
    |

error: cannot find macro `vec` in this scope
   --> crates\foundation\reader\src\..\tests\review_owned.rs:539:21
    |
539 |             events: vec![event],
    |                     ^^^
    |
    = note: macro `crate::runtime::ownership_tests::vec` exists but is inaccessible
help: consider importing this macro
    |
  1 + use alloc::vec;
    |

error: cannot find macro `vec` in this scope
   --> crates\foundation\reader\src\..\tests\review_owned.rs:538:26
    |
538 |             diagnostics: vec![diagnostic],
    |                          ^^^
    |
    = note: macro `crate::runtime::ownership_tests::vec` exists but is inaccessible
help: consider importing this macro
    |
  1 + use alloc::vec;
    |

error: cannot find macro `vec` in this scope
   --> crates\foundation\reader\src\..\tests\review_owned.rs:536:22
    |
536 |         source_maps: vec![],
    |                      ^^^
    |
    = note: macro `crate::runtime::ownership_tests::vec` exists but is inaccessible
help: consider importing this macro
    |
  1 + use alloc::vec;
    |

error: cannot find macro `vec` in this scope
   --> crates\foundation\reader\src\..\tests\review_owned.rs:535:18
    |
535 |         sources: vec![],
    |                  ^^^
    |
    = note: macro `crate::runtime::ownership_tests::vec` exists but is inaccessible
help: consider importing this macro
    |
  1 + use alloc::vec;
    |

error: cannot find macro `vec` in this scope
   --> crates\foundation\reader\src\..\tests\review_owned.rs:534:16
    |
534 |         facts: vec![],
    |                ^^^
    |
    = note: macro `crate::runtime::ownership_tests::vec` exists but is inaccessible
help: consider importing this macro
    |
  1 + use alloc::vec;
    |

error: cannot find macro `vec` in this scope
   --> crates\foundation\reader\src\..\tests\review_owned.rs:532:20
    |
532 |             roots: vec![],
    |                    ^^^
    |
    = note: macro `crate::runtime::ownership_tests::vec` exists but is inaccessible
help: consider importing this macro
    |
  1 + use alloc::vec;
    |

error: cannot find macro `vec` in this scope
   --> crates\foundation\reader\src\..\tests\review_owned.rs:531:23
    |
531 |             elements: vec![],
    |                       ^^^
    |
    = note: macro `crate::runtime::ownership_tests::vec` exists but is inaccessible
help: consider importing this macro
    |
  1 + use alloc::vec;
    |

error: cannot find macro `vec` in this scope
   --> crates\foundation\reader\src\..\tests\review_owned.rs:522:25
    |
522 |         operation_path: vec![],
    |                         ^^^
    |
    = note: macro `crate::runtime::ownership_tests::vec` exists but is inaccessible
help: consider importing this macro
    |
  1 + use alloc::vec;
    |

error: cannot find macro `vec` in this scope
   --> crates\foundation\reader\src\..\tests\review_owned.rs:517:16
    |
517 |         fixes: vec![],
    |                ^^^
    |
    = note: macro `crate::runtime::ownership_tests::vec` exists but is inaccessible
help: consider importing this macro
    |
  1 + use alloc::vec;
    |

error: cannot find macro `vec` in this scope
   --> crates\foundation\reader\src\..\tests\review_owned.rs:516:18
    |
516 |         related: vec![],
    |                  ^^^
    |
    = note: macro `crate::runtime::ownership_tests::vec` exists but is inaccessible
help: consider importing this macro
    |
  1 + use alloc::vec;
    |

error: cannot find macro `vec` in this scope
   --> crates\foundation\reader\src\..\tests\review_owned.rs:507:17
    |
507 |         fields: vec![],
    |                 ^^^
    |
    = note: macro `crate::runtime::ownership_tests::vec` exists but is inaccessible
help: consider importing this macro
    |
  1 + use alloc::vec;
    |

error: cannot find macro `vec` in this scope
   --> crates\foundation\reader\src\..\tests\review_owned.rs:399:22
    |
399 |         source_maps: vec![],
    |                      ^^^
    |
    = note: macro `crate::runtime::ownership_tests::vec` exists but is inaccessible
help: consider importing this macro
    |
  1 + use alloc::vec;
    |

error: cannot find macro `vec` in this scope
   --> crates\foundation\reader\src\..\tests\review_owned.rs:398:18
    |
398 |         sources: vec![],
    |                  ^^^
    |
    = note: macro `crate::runtime::ownership_tests::vec` exists but is inaccessible
help: consider importing this macro
    |
  1 + use alloc::vec;
    |

error: cannot find macro `vec` in this scope
   --> crates\foundation\reader\src\..\tests\review_owned.rs:397:16
    |
397 |         facts: vec![],
    |                ^^^
    |
    = note: macro `crate::runtime::ownership_tests::vec` exists but is inaccessible
help: consider importing this macro
    |
  1 + use alloc::vec;
    |

error: cannot find macro `vec` in this scope
   --> crates\foundation\reader\src\..\tests\review_owned.rs:395:20
    |
395 |             roots: vec![],
    |                    ^^^
    |
    = note: macro `crate::runtime::ownership_tests::vec` exists but is inaccessible
help: consider importing this macro
    |
  1 + use alloc::vec;
    |

error: cannot find macro `vec` in this scope
   --> crates\foundation\reader\src\..\tests\review_owned.rs:394:23
    |
394 |             elements: vec![],
    |                       ^^^
    |
    = note: macro `crate::runtime::ownership_tests::vec` exists but is inaccessible
help: consider importing this macro
    |
  1 + use alloc::vec;
    |

error: cannot find macro `vec` in this scope
   --> crates\foundation\reader\src\..\tests\review_owned.rs:379:9
    |
379 |         vec![ReaderExpr::Call(signature.operation.clone())],
    |         ^^^
    |
    = note: macro `crate::runtime::ownership_tests::vec` exists but is inaccessible
help: consider importing this macro
    |
  1 + use alloc::vec;
    |

error: cannot find macro `vec` in this scope
   --> crates\foundation\reader\src\..\tests\review_owned.rs:348:110
    |
348 | ...   matches!(run(&p,&registry,"あ😀!",true)?.0,ReadReply::Matched{value,end:8,..} if value==NdfValue::List(vec![NdfValue::Text("...
    |                                                                                                              ^^^
    |
    = note: macro `crate::runtime::ownership_tests::vec` exists but is inaccessible
help: consider importing this macro
    |
  1 + use alloc::vec;
    |

error: cannot find macro `vec` in this scope
   --> crates\foundation\reader\src\..\tests\review_owned.rs:339:9
    |
339 |         vec![
    |         ^^^
    |
    = note: macro `crate::runtime::ownership_tests::vec` exists but is inaccessible
help: consider importing this macro
    |
  1 + use alloc::vec;
    |

error: cannot find macro `vec` in this scope
   --> crates\foundation\reader\src\..\tests\review_owned.rs:306:32
    |
306 |                 NdfValue::List(vec![
    |                                ^^^
    |
    = note: macro `crate::runtime::ownership_tests::vec` exists but is inaccessible
help: consider importing this macro
    |
  1 + use alloc::vec;
    |

error: cannot find macro `vec` in this scope
   --> crates\foundation\reader\src\..\tests\review_owned.rs:273:9
    |
273 |         vec![
    |         ^^^
    |
    = note: macro `crate::runtime::ownership_tests::vec` exists but is inaccessible
help: consider importing this macro
    |
  1 + use alloc::vec;
    |

error: cannot find macro `vec` in this scope
   --> crates\foundation\reader\src\..\tests\review_owned.rs:252:9
    |
252 |         vec![
    |         ^^^
    |
    = note: macro `crate::runtime::ownership_tests::vec` exists but is inaccessible
help: consider importing this macro
    |
  1 + use alloc::vec;
    |

error: cannot find macro `vec` in this scope
   --> crates\foundation\reader\src\..\tests\review_owned.rs:229:9
    |
229 |         vec![
    |         ^^^
    |
    = note: macro `crate::runtime::ownership_tests::vec` exists but is inaccessible
help: consider importing this macro
    |
  1 + use alloc::vec;
    |

error: cannot find macro `vec` in this scope
   --> crates\foundation\reader\src\..\tests\review_owned.rs:202:9
    |
202 |         vec![
    |         ^^^
    |
    = note: macro `crate::runtime::ownership_tests::vec` exists but is inaccessible
help: consider importing this macro
    |
  1 + use alloc::vec;
    |

error: cannot find macro `vec` in this scope
   --> crates\foundation\reader\src\..\tests\review_owned.rs:177:9
    |
177 |         vec![ReaderExpr::Literal(text.into())],
    |         ^^^
    |
    = note: macro `crate::runtime::ownership_tests::vec` exists but is inaccessible
help: consider importing this macro
    |
  1 + use alloc::vec;
    |

error: cannot find macro `vec` in this scope
   --> crates\foundation\reader\src\..\tests\review_owned.rs:104:18
    |
104 |         origins: vec![],
    |                  ^^^
    |
    = note: macro `crate::runtime::ownership_tests::vec` exists but is inaccessible
help: consider importing this macro
    |
  1 + use alloc::vec;
    |

error: cannot find macro `vec` in this scope
   --> crates\foundation\reader\src\..\tests\review_owned.rs:101:28
    |
101 |                 resources: vec![],
    |                            ^^^
    |
    = note: macro `crate::runtime::ownership_tests::vec` exists but is inaccessible
help: consider importing this macro
    |
  1 + use alloc::vec;
    |

error: cannot find macro `vec` in this scope
   --> crates\foundation\reader\src\..\tests\review_owned.rs:100:27
    |
100 |                 bindings: vec![],
    |                           ^^^
    |
    = note: macro `crate::runtime::ownership_tests::vec` exists but is inaccessible
help: consider importing this macro
    |
  1 + use alloc::vec;
    |

error: cannot find macro `vec` in this scope
  --> crates\foundation\reader\src\..\tests\review_owned.rs:88:20
   |
88 |         providers: vec![],
   |                    ^^^
   |
   = note: macro `crate::runtime::ownership_tests::vec` exists but is inaccessible
help: consider importing this macro
   |
 1 + use alloc::vec;
   |

error: cannot find macro `vec` in this scope
  --> crates\foundation\reader\src\..\tests\review_owned.rs:83:16
   |
83 |         rules: vec![ReaderRule {
   |                ^^^
   |
   = note: macro `crate::runtime::ownership_tests::vec` exists but is inaccessible
help: consider importing this macro
   |
 1 + use alloc::vec;
   |

error: cannot find macro `vec` in this scope
  --> crates\foundation\reader\src\..\tests\review_owned.rs:47:21
   |
47 |         operations: vec![
   |                     ^^^
   |
   = note: macro `crate::runtime::ownership_tests::vec` exists but is inaccessible
help: consider importing this macro
   |
 1 + use alloc::vec;
   |

error: cannot find macro `vec` in this scope
  --> crates\foundation\reader\src\..\tests\review_owned.rs:42:16
   |
42 |         types: vec![NamedType {
   |                ^^^
   |
   = note: macro `crate::runtime::ownership_tests::vec` exists but is inaccessible
help: consider importing this macro
   |
 1 + use alloc::vec;
   |

error: cannot find macro `vec` in this scope
   --> crates\foundation\reader\src\..\tests\runtime\transform.rs:420:41
    |
420 |                     assert_eq!(sources, vec![aux, generated]);
    |                                         ^^^
    |
    = note: macro `crate::runtime::ownership_tests::vec` exists but is inaccessible
help: consider importing this macro
    |
  1 + use alloc::vec;
    |

error: cannot find macro `format` in this scope
   --> crates\foundation\reader\src\..\tests\runtime\transform.rs:418:45
    |
418 |                         other => return Err(format!("unexpected {other:?}")),
    |                                             ^^^^^^
    |
help: consider importing this macro
    |
  1 + use alloc::format;
    |

error: cannot find macro `vec` in this scope
   --> crates\foundation\reader\src\..\tests\runtime\transform.rs:390:48
    |
390 | ...                   NdfValue::List(vec![
    |                                      ^^^
    |
    = note: macro `crate::runtime::ownership_tests::vec` exists but is inaccessible
help: consider importing this macro
    |
  1 + use alloc::vec;
    |

error: cannot find macro `vec` in this scope
   --> crates\foundation\reader\src\..\tests\runtime\transform.rs:364:60
    |
364 | ...                   assert_eq!(result.sources, vec![input.clone()]);
    |                                                  ^^^
    |
    = note: macro `crate::runtime::ownership_tests::vec` exists but is inaccessible
help: consider importing this macro
    |
  1 + use alloc::vec;
    |

error: cannot find macro `vec` in this scope
   --> crates\foundation\reader\src\..\tests\runtime\transform.rs:341:58
    |
341 | ...                   assert_eq!(rejected.sources, vec![input.clone()]);
    |                                                    ^^^
    |
    = note: macro `crate::runtime::ownership_tests::vec` exists but is inaccessible
help: consider importing this macro
    |
  1 + use alloc::vec;
    |

error: cannot find macro `vec` in this scope
   --> crates\foundation\reader\src\..\tests\runtime\transform.rs:325:40
    |
325 | ...                   v.fields = vec![
    |                                  ^^^
    |
    = note: macro `crate::runtime::ownership_tests::vec` exists but is inaccessible
help: consider importing this macro
    |
  1 + use alloc::vec;
    |

error: cannot find macro `vec` in this scope
   --> crates\foundation\reader\src\..\tests\runtime\transform.rs:290:84
    |
290 |                         v.fields[if branch == 2 { 3 } else { 2 }] = NdfValue::List(vec![]); // Drop outer events only.
    |                                                                                    ^^^
    |
    = note: macro `crate::runtime::ownership_tests::vec` exists but is inaccessible
help: consider importing this macro
    |
  1 + use alloc::vec;
    |

error: cannot find macro `vec` in this scope
   --> crates\foundation\reader\src\..\tests\runtime\transform.rs:150:38
    |
150 |                         source_maps: vec![Mapping {
    |                                      ^^^
    |
    = note: macro `crate::runtime::ownership_tests::vec` exists but is inaccessible
help: consider importing this macro
    |
  1 + use alloc::vec;
    |

error: cannot find macro `vec` in this scope
   --> crates\foundation\reader\src\..\tests\runtime\transform.rs:149:34
    |
149 |                         sources: vec![aux.clone(), generated.clone()],
    |                                  ^^^
    |
    = note: macro `crate::runtime::ownership_tests::vec` exists but is inaccessible
help: consider importing this macro
    |
  1 + use alloc::vec;
    |

error: cannot find macro `vec` in this scope
   --> crates\foundation\reader\src\..\tests\runtime\transform.rs:131:36
    |
131 | ...                   facts: vec![ReaderFact::Capture {
    |                              ^^^
    |
    = note: macro `crate::runtime::ownership_tests::vec` exists but is inaccessible
help: consider importing this macro
    |
  1 + use alloc::vec;
    |

error: cannot find macro `vec` in this scope
   --> crates\foundation\reader\src\..\tests\runtime\transform.rs:129:40
    |
129 | ...                   roots: vec![],
    |                              ^^^
    |
    = note: macro `crate::runtime::ownership_tests::vec` exists but is inaccessible
help: consider importing this macro
    |
  1 + use alloc::vec;
    |

error: cannot find macro `vec` in this scope
   --> crates\foundation\reader\src\..\tests\runtime\transform.rs:128:43
    |
128 | ...                   elements: vec![],
    |                                 ^^^
    |
    = note: macro `crate::runtime::ownership_tests::vec` exists but is inaccessible
help: consider importing this macro
    |
  1 + use alloc::vec;
    |

error: cannot find macro `vec` in this scope
  --> crates\foundation\reader\src\..\tests\runtime\transform.rs:41:35
   |
41 |                     p.providers = vec![read, transform];
   |                                   ^^^
   |
   = note: macro `crate::runtime::ownership_tests::vec` exists but is inaccessible
help: consider importing this macro
   |
 1 + use alloc::vec;
   |

error: cannot find macro `vec` in this scope
  --> crates\foundation\reader\src\..\tests\runtime\transform.rs:32:25
   |
32 |                         vec![
   |                         ^^^
   |
   = note: macro `crate::runtime::ownership_tests::vec` exists but is inaccessible
help: consider importing this macro
   |
 1 + use alloc::vec;
   |

error: cannot find macro `format` in this scope
 --> crates\foundation\reader\src\..\tests\runtime\transform.rs:6:5
  |
6 |     format!("{e:?}")
  |     ^^^^^^
  |
help: consider importing this macro
  |
1 + use alloc::format;
  |

error: cannot find macro `vec` in this scope
   --> crates\foundation\reader\src\..\tests\runtime\tokenizer_host.rs:200:25
    |
200 |     let mut successes = vec![];
    |                         ^^^
    |
    = note: macro `crate::runtime::ownership_tests::vec` exists but is inaccessible
help: consider importing this macro
    |
  1 + use alloc::vec;
    |

error: cannot find macro `vec` in this scope
   --> crates\foundation\reader\src\..\tests\runtime\tokenizer_host.rs:189:17
    |
189 |     let modes = vec![ReaderMode {
    |                 ^^^
    |
    = note: macro `crate::runtime::ownership_tests::vec` exists but is inaccessible
help: consider importing this macro
    |
  1 + use alloc::vec;
    |

error: cannot find macro `vec` in this scope
  --> crates\foundation\reader\src\..\tests\runtime\tokenizer_host.rs:94:17
   |
94 |     let modes = vec![ReaderMode {
   |                 ^^^
   |
   = note: macro `crate::runtime::ownership_tests::vec` exists but is inaccessible
help: consider importing this macro
   |
 1 + use alloc::vec;
   |

error: cannot find macro `vec` in this scope
   --> crates\foundation\reader\src\..\tests\runtime\retry.rs:126:29
    |
126 |         assert_eq!(sources, vec![generated]);
    |                             ^^^
    |
    = note: macro `crate::runtime::ownership_tests::vec` exists but is inaccessible
help: consider importing this macro
    |
  1 + use alloc::vec;
    |

error: cannot find macro `vec` in this scope
   --> crates\foundation\reader\src\..\tests\runtime\retry.rs:124:28
    |
124 |             NdfValue::List(vec![NdfValue::Text("a".into()), NdfValue::Text("b".into())])
    |                            ^^^
    |
    = note: macro `crate::runtime::ownership_tests::vec` exists but is inaccessible
help: consider importing this macro
    |
  1 + use alloc::vec;
    |

error: cannot find macro `vec` in this scope
  --> crates\foundation\reader\src\..\tests\runtime\retry.rs:10:35
   |
10 |             .push(ReaderExpr::Seq(vec![ReaderId(0), ReaderId(0)]));
   |                                   ^^^
   |
   = note: macro `crate::runtime::ownership_tests::vec` exists but is inaccessible
help: consider importing this macro
   |
 1 + use alloc::vec;
   |

error: cannot find macro `vec` in this scope
   --> crates\foundation\reader\src\..\tests\runtime\checkpoints.rs:255:9
    |
255 |         vec![(0, 1), (1, 2)]
    |         ^^^
    |
    = note: macro `crate::runtime::ownership_tests::vec` exists but is inaccessible
help: consider importing this macro
    |
  1 + use alloc::vec;
    |

error: cannot find macro `vec` in this scope
   --> crates\foundation\reader\src\..\tests\runtime\checkpoints.rs:249:28
    |
249 |     assert_eq!(view.roots, vec![ViewRef(0), ViewRef(1)]);
    |                            ^^^
    |
    = note: macro `crate::runtime::ownership_tests::vec` exists but is inaccessible
help: consider importing this macro
    |
  1 + use alloc::vec;
    |

error: cannot find macro `vec` in this scope
   --> crates\foundation\reader\src\..\tests\runtime\checkpoints.rs:248:38
    |
248 |     assert_eq!(value, NdfValue::List(vec![NdfValue::Unit; 3]));
    |                                      ^^^
    |
    = note: macro `crate::runtime::ownership_tests::vec` exists but is inaccessible
help: consider importing this macro
    |
  1 + use alloc::vec;
    |

error: cannot find macro `vec` in this scope
   --> crates\foundation\reader\src\..\tests\runtime\checkpoints.rs:229:9
    |
229 |         vec![0, 1, 1, 2]
    |         ^^^
    |
    = note: macro `crate::runtime::ownership_tests::vec` exists but is inaccessible
help: consider importing this macro
    |
  1 + use alloc::vec;
    |

error: cannot find macro `vec` in this scope
   --> crates\foundation\reader\src\..\tests\runtime\checkpoints.rs:176:9
    |
176 |         vec![
    |         ^^^
    |
    = note: macro `crate::runtime::ownership_tests::vec` exists but is inaccessible
help: consider importing this macro
    |
  1 + use alloc::vec;
    |

error: cannot find macro `vec` in this scope
 --> crates\foundation\reader\src\..\tests\runtime\checkpoints.rs:9:31
  |
9 |         let mut expressions = vec![ReaderExpr::Call(read.operation.clone())];
  |                               ^^^
  |
  = note: macro `crate::runtime::ownership_tests::vec` exists but is inaccessible
help: consider importing this macro
  |
1 + use alloc::vec;
  |

error: cannot find macro `println` in this scope
    --> crates\foundation\reader\src\..\tests\review_owned.rs:2827:22
     |
2827 |  }assert!(stopped>0);println!("actual request stop sweep allocation={allocation} preserved={stopped}");}
     |                      ^^^^^^^

error: cannot find macro `println` in this scope
    --> crates\foundation\reader\src\..\tests\review_owned.rs:2821:3
     |
2821 |   println!("native host mode={mode}: retained seed diagnostics/events/source/map");
     |   ^^^^^^^

error: cannot find macro `println` in this scope
    --> crates\foundation\reader\src\..\tests\review_owned.rs:2807:3
     |
2807 |   println!("preflight mode={mode} error={:?} seed moved intact",failure.error);
     |   ^^^^^^^

error: cannot find macro `eprintln` in this scope
   --> crates\foundation\reader\src\..\tests\runtime\checkpoints.rs:157:5
    |
157 |     eprintln!("rollback allocation units at 128/256: {allocations:?}");
    |     ^^^^^^^^

error: cannot find macro `vec` in this scope
   --> crates\foundation\reader\src\..\tests\runtime\checkpoints.rs:147:28
    |
147 |             NdfValue::List(vec![
    |                            ^^^
    |
    = note: macro `crate::runtime::ownership_tests::vec` exists but is inaccessible
help: consider importing this macro
    |
  1 + use alloc::vec;
    |

error: cannot find macro `vec` in this scope
  --> crates\foundation\reader\src\..\tests\runtime\checkpoints.rs:98:9
   |
98 |         vec![
   |         ^^^
   |
   = note: macro `crate::runtime::ownership_tests::vec` exists but is inaccessible
help: consider importing this macro
   |
 1 + use alloc::vec;
   |

error[E0433]: cannot find type `Box` in this scope
   --> crates\foundation\reader\src\..\tests\runtime\checkpoints.rs:116:30
    |
116 |         TypeDescriptor::List(Box::new(TypeDescriptor::List(Box::new(
    |                              ^^^ use of undeclared type `Box`
    |
    = note: struct `crate::runtime::ownership_tests::Box` exists but is inaccessible
help: consider importing this struct
    |
  1 + use alloc::boxed::Box;
    |

error[E0433]: cannot find type `Box` in this scope
   --> crates\foundation\reader\src\..\tests\runtime\checkpoints.rs:116:60
    |
116 |         TypeDescriptor::List(Box::new(TypeDescriptor::List(Box::new(
    |                                                            ^^^ use of undeclared type `Box`
    |
    = note: struct `crate::runtime::ownership_tests::Box` exists but is inaccessible
help: consider importing this struct
    |
  1 + use alloc::boxed::Box;
    |

error[E0433]: cannot find type `Vec` in this scope
   --> crates\foundation\reader\src\..\tests\runtime\checkpoints.rs:120:27
    |
120 |     let mut allocations = Vec::new();
    |                           ^^^ use of undeclared type `Vec`
    |
    = note: struct `crate::runtime::ownership_tests::Vec` exists but is inaccessible
help: consider importing this struct
    |
  1 + use alloc::vec::Vec;
    |

error[E0433]: cannot find type `Box` in this scope
   --> crates\foundation\reader\src\..\tests\runtime\checkpoints.rs:193:30
    |
193 |         TypeDescriptor::List(Box::new(TypeDescriptor::NdfValue)),
    |                              ^^^ use of undeclared type `Box`
    |
    = note: struct `crate::runtime::ownership_tests::Box` exists but is inaccessible
help: consider importing this struct
    |
  1 + use alloc::boxed::Box;
    |

error[E0425]: cannot find type `Vec` in this scope
   --> crates\foundation\reader\src\..\tests\runtime\checkpoints.rs:228:24
    |
228 |             .collect::<Vec<_>>(),
    |                        ^^^ not found in this scope
    |
    = note: struct `crate::runtime::ownership_tests::Vec` exists but is inaccessible
help: consider importing this struct
    |
  1 + use alloc::vec::Vec;
    |

error[E0425]: cannot find type `Vec` in this scope
   --> crates\foundation\reader\src\..\tests\runtime\checkpoints.rs:254:24
    |
254 |             .collect::<Vec<_>>(),
    |                        ^^^ not found in this scope
    |
    = note: struct `crate::runtime::ownership_tests::Vec` exists but is inaccessible
help: consider importing this struct
    |
  1 + use alloc::vec::Vec;
    |

error[E0433]: cannot find type `Box` in this scope
  --> crates\foundation\reader\src\..\tests\runtime\retry.rs:12:50
   |
12 |         p.rules[0].output = TypeDescriptor::List(Box::new(TypeDescriptor::NdfValue));
   |                                                  ^^^ use of undeclared type `Box`
   |
   = note: struct `crate::runtime::ownership_tests::Box` exists but is inaccessible
help: consider importing this struct
   |
 1 + use alloc::boxed::Box;
   |

error[E0425]: cannot find type `String` in this scope
 --> crates\foundation\reader\src\..\tests\runtime\transform.rs:5:39
  |
5 | fn error(e: impl core::fmt::Debug) -> String {
  |                                       ^^^^^^ not found in this scope
  |
  = note: struct `crate::runtime::ownership_tests::String` exists but is inaccessible
help: consider importing this struct
  |
1 + use alloc::string::String;
  |

error[E0425]: cannot find type `String` in this scope
  --> crates\foundation\reader\src\..\tests\runtime\transform.rs:11:15
   |
11 | -> Result<(), String> {
   |               ^^^^^^ not found in this scope
   |
   = note: struct `crate::runtime::ownership_tests::String` exists but is inaccessible
help: consider importing this struct
   |
 1 + use alloc::string::String;
   |

error[E0433]: cannot find type `Box` in this scope
  --> crates\foundation\reader\src\..\tests\runtime\transform.rs:39:46
   |
39 |                         TypeDescriptor::List(Box::new(TypeDescriptor::NdfValue)),
   |                                              ^^^ use of undeclared type `Box`
   |
   = note: struct `crate::runtime::ownership_tests::Box` exists but is inaccessible
help: consider importing this struct
   |
 1 + use alloc::boxed::Box;
   |

error[E0433]: cannot find type `Box` in this scope
   --> crates\foundation\reader\src\..\tests\runtime\transform.rs:137:41
    |
137 | ...                   diagnostic: Box::new(report.diagnostics[0].clone()),
    |                                   ^^^ use of undeclared type `Box`
    |
    = note: struct `crate::runtime::ownership_tests::Box` exists but is inaccessible
help: consider importing this struct
    |
  1 + use alloc::boxed::Box;
    |

error[E0433]: cannot find type `Box` in this scope
   --> crates\foundation\reader\src\..\tests\runtime\transform.rs:175:62
    |
175 | ...                   ProviderReply::Transform(Box::new(invalid)),
    |                                                ^^^ use of undeclared type `Box`
    |
    = note: struct `crate::runtime::ownership_tests::Box` exists but is inaccessible
help: consider importing this struct
    |
  1 + use alloc::boxed::Box;
    |

error[E0433]: cannot find type `Box` in this scope
   --> crates\foundation\reader\src\..\tests\runtime\transform.rs:193:58
    |
193 | ...                   ProviderReply::Transform(Box::new(expected)),
    |                                                ^^^ use of undeclared type `Box`
    |
    = note: struct `crate::runtime::ownership_tests::Box` exists but is inaccessible
help: consider importing this struct
    |
  1 + use alloc::boxed::Box;
    |

error[E0433]: cannot find type `Box` in this scope
   --> crates\foundation\reader\src\..\tests\runtime\transform.rs:284:67
    |
284 | ...                   operation::TransformCompletion::Reply(Box::new(expected.clone()))
    |                                                             ^^^ use of undeclared type `Box`
    |
    = note: struct `crate::runtime::ownership_tests::Box` exists but is inaccessible
help: consider importing this struct
    |
  1 + use alloc::boxed::Box;
    |

error[E0433]: cannot find type `Box` in this scope
   --> crates\foundation\reader\src\..\tests\runtime\transform.rs:374:54
    |
374 | ...                   ProviderReply::Transform(Box::new(reply)),
    |                                                ^^^ use of undeclared type `Box`
    |
    = note: struct `crate::runtime::ownership_tests::Box` exists but is inaccessible
help: consider importing this struct
    |
  1 + use alloc::boxed::Box;
    |

error[E0425]: cannot find type `Vec` in this scope
  --> crates\foundation\reader\src\..\tests\review_owned.rs:75:18
   |
75 |     expressions: Vec<ReaderExpr>,
   |                  ^^^ not found in this scope
   |
   = note: struct `crate::runtime::ownership_tests::Vec` exists but is inaccessible
help: consider importing this struct
   |
 1 + use alloc::vec::Vec;
   |

error[E0433]: cannot find type `Box` in this scope
   --> crates\foundation\reader\src\..\tests\review_owned.rs:215:30
    |
215 |         TypeDescriptor::List(Box::new(TypeDescriptor::NdfValue)),
    |                              ^^^ use of undeclared type `Box`
    |
    = note: struct `crate::runtime::ownership_tests::Box` exists but is inaccessible
help: consider importing this struct
    |
  1 + use alloc::boxed::Box;
    |

error[E0433]: cannot find type `Box` in this scope
   --> crates\foundation\reader\src\..\tests\review_owned.rs:261:30
    |
261 |         TypeDescriptor::List(Box::new(TypeDescriptor::Unit)),
    |                              ^^^ use of undeclared type `Box`
    |
    = note: struct `crate::runtime::ownership_tests::Box` exists but is inaccessible
help: consider importing this struct
    |
  1 + use alloc::boxed::Box;
    |

error[E0433]: cannot find type `Box` in this scope
   --> crates\foundation\reader\src\..\tests\review_owned.rs:297:30
    |
297 |         TypeDescriptor::List(Box::new(TypeDescriptor::NdfValue)),
    |                              ^^^ use of undeclared type `Box`
    |
    = note: struct `crate::runtime::ownership_tests::Box` exists but is inaccessible
help: consider importing this struct
    |
  1 + use alloc::boxed::Box;
    |

error[E0433]: cannot find type `Box` in this scope
   --> crates\foundation\reader\src\..\tests\review_owned.rs:345:30
    |
345 |         TypeDescriptor::List(Box::new(TypeDescriptor::NdfValue)),
    |                              ^^^ use of undeclared type `Box`
    |
    = note: struct `crate::runtime::ownership_tests::Box` exists but is inaccessible
help: consider importing this struct
    |
  1 + use alloc::boxed::Box;
    |

error[E0433]: cannot find type `Box` in this scope
   --> crates\foundation\reader\src\..\tests\review_owned.rs:389:28
    |
389 |     Ok(ProviderReply::Read(Box::new(ReadReply::Matched {
    |                            ^^^ use of undeclared type `Box`
    |
    = note: struct `crate::runtime::ownership_tests::Box` exists but is inaccessible
help: consider importing this struct
    |
  1 + use alloc::boxed::Box;
    |

error[E0433]: cannot find type `Box` in this scope
   --> crates\foundation\reader\src\..\tests\review_owned.rs:526:28
    |
526 |     Ok(ProviderReply::Read(Box::new(ReadReply::Matched {
    |                            ^^^ use of undeclared type `Box`
    |
    = note: struct `crate::runtime::ownership_tests::Box` exists but is inaccessible
help: consider importing this struct
    |
  1 + use alloc::boxed::Box;
    |

error[E0433]: cannot find type `Box` in this scope
   --> crates\foundation\reader\src\..\tests\review_owned.rs:561:50
    |
561 |         p.rules[0].output = TypeDescriptor::List(Box::new(TypeDescriptor::Text));
    |                                                  ^^^ use of undeclared type `Box`
    |
    = note: struct `crate::runtime::ownership_tests::Box` exists but is inaccessible
help: consider importing this struct
    |
  1 + use alloc::boxed::Box;
    |

error[E0433]: cannot find type `Box` in this scope
   --> crates\foundation\reader\src\..\tests\review_owned.rs:597:44
    |
597 |         let provider = ProviderReply::Read(Box::new(if streaming {
    |                                            ^^^ use of undeclared type `Box`
    |
    = note: struct `crate::runtime::ownership_tests::Box` exists but is inaccessible
help: consider importing this struct
    |
  1 + use alloc::boxed::Box;
    |

error[E0433]: cannot find type `Box` in this scope
   --> crates\foundation\reader\src\..\tests\review_owned.rs:634:50
    |
634 |         p.rules[0].output = TypeDescriptor::List(Box::new(TypeDescriptor::Text));
    |                                                  ^^^ use of undeclared type `Box`
    |
    = note: struct `crate::runtime::ownership_tests::Box` exists but is inaccessible
help: consider importing this struct
    |
  1 + use alloc::boxed::Box;
    |

error[E0433]: cannot find type `Box` in this scope
   --> crates\foundation\reader\src\..\tests\review_owned.rs:675:48
    |
675 |             let provider = ProviderReply::Read(Box::new(ReadReply::NoMatch {
    |                                                ^^^ use of undeclared type `Box`
    |
    = note: struct `crate::runtime::ownership_tests::Box` exists but is inaccessible
help: consider importing this struct
    |
  1 + use alloc::boxed::Box;
    |

error[E0433]: cannot find type `Box` in this scope
   --> crates\foundation\reader\src\..\tests\review_owned.rs:830:38
    |
830 |             ProviderReply::Transform(Box::new(TransformReply {
    |                                      ^^^ use of undeclared type `Box`
    |
    = note: struct `crate::runtime::ownership_tests::Box` exists but is inaccessible
help: consider importing this struct
    |
  1 + use alloc::boxed::Box;
    |

error[E0433]: cannot find type `Box` in this scope
   --> crates\foundation\reader\src\..\tests\review_owned.rs:862:46
    |
862 |     p.rules[0].output = TypeDescriptor::List(Box::new(TypeDescriptor::NdfValue));
    |                                              ^^^ use of undeclared type `Box`
    |
    = note: struct `crate::runtime::ownership_tests::Box` exists but is inaccessible
help: consider importing this struct
    |
  1 + use alloc::boxed::Box;
    |

error[E0433]: cannot find type `Box` in this scope
   --> crates\foundation\reader\src\..\tests\review_owned.rs:911:46
    |
911 |     p.rules[0].output = TypeDescriptor::List(Box::new(TypeDescriptor::NdfValue));
    |                                              ^^^ use of undeclared type `Box`
    |
    = note: struct `crate::runtime::ownership_tests::Box` exists but is inaccessible
help: consider importing this struct
    |
  1 + use alloc::boxed::Box;
    |

error[E0433]: cannot find type `Box` in this scope
    --> crates\foundation\reader\src\..\tests\review_owned.rs:1199:46
     |
1199 |     p.rules[0].output = TypeDescriptor::List(Box::new(TypeDescriptor::NdfValue));
     |                                              ^^^ use of undeclared type `Box`
     |
     = note: struct `crate::runtime::ownership_tests::Box` exists but is inaccessible
help: consider importing this struct
     |
   1 + use alloc::boxed::Box;
     |

error[E0433]: cannot find type `Box` in this scope
    --> crates\foundation\reader\src\..\tests\review_owned.rs:1332:46
     |
1332 |     p.rules[0].output = TypeDescriptor::List(Box::new(TypeDescriptor::NdfValue));
     |                                              ^^^ use of undeclared type `Box`
     |
     = note: struct `crate::runtime::ownership_tests::Box` exists but is inaccessible
help: consider importing this struct
     |
   1 + use alloc::boxed::Box;
     |

error[E0433]: cannot find type `Box` in this scope
    --> crates\foundation\reader\src\..\tests\review_owned.rs:1401:30
     |
1401 |         TypeDescriptor::List(Box::new(TypeDescriptor::NdfValue)),
     |                              ^^^ use of undeclared type `Box`
     |
     = note: struct `crate::runtime::ownership_tests::Box` exists but is inaccessible
help: consider importing this struct
     |
   1 + use alloc::boxed::Box;
     |

error[E0433]: cannot find type `Box` in this scope
    --> crates\foundation\reader\src\..\tests\review_owned.rs:1424:30
     |
1424 |         TypeDescriptor::List(Box::new(TypeDescriptor::Unit)),
     |                              ^^^ use of undeclared type `Box`
     |
     = note: struct `crate::runtime::ownership_tests::Box` exists but is inaccessible
help: consider importing this struct
     |
   1 + use alloc::boxed::Box;
     |

error[E0433]: cannot find type `Box` in this scope
    --> crates\foundation\reader\src\..\tests\review_owned.rs:1497:46
     |
1497 |     p.rules[0].output = TypeDescriptor::List(Box::new(TypeDescriptor::NdfValue));
     |                                              ^^^ use of undeclared type `Box`
     |
     = note: struct `crate::runtime::ownership_tests::Box` exists but is inaccessible
help: consider importing this struct
     |
   1 + use alloc::boxed::Box;
     |

error[E0433]: cannot find type `Box` in this scope
    --> crates\foundation\reader\src\..\tests\review_owned.rs:1589:46
     |
1589 |     p.rules[0].output = TypeDescriptor::List(Box::new(TypeDescriptor::NdfValue));
     |                                              ^^^ use of undeclared type `Box`
     |
     = note: struct `crate::runtime::ownership_tests::Box` exists but is inaccessible
help: consider importing this struct
     |
   1 + use alloc::boxed::Box;
     |

error[E0433]: cannot find type `Box` in this scope
    --> crates\foundation\reader\src\..\tests\review_owned.rs:1715:50
     |
1715 |         p.rules[0].output = TypeDescriptor::List(Box::new(TypeDescriptor::NdfValue));
     |                                                  ^^^ use of undeclared type `Box`
     |
     = note: struct `crate::runtime::ownership_tests::Box` exists but is inaccessible
help: consider importing this struct
     |
   1 + use alloc::boxed::Box;
     |

error[E0433]: cannot find type `Box` in this scope
    --> crates\foundation\reader\src\..\tests\review_owned.rs:1846:50
     |
1846 |         p.rules[0].output = TypeDescriptor::List(Box::new(TypeDescriptor::NdfValue));
     |                                                  ^^^ use of undeclared type `Box`
     |
     = note: struct `crate::runtime::ownership_tests::Box` exists but is inaccessible
help: consider importing this struct
     |
   1 + use alloc::boxed::Box;
     |

error[E0433]: cannot find type `Box` in this scope
    --> crates\foundation\reader\src\..\tests\review_owned.rs:1930:44
     |
1930 |         let provider = ProviderReply::Read(Box::new(ReadReply::NoMatch {
     |                                            ^^^ use of undeclared type `Box`
     |
     = note: struct `crate::runtime::ownership_tests::Box` exists but is inaccessible
help: consider importing this struct
     |
   1 + use alloc::boxed::Box;
     |

error[E0433]: cannot find type `Box` in this scope
    --> crates\foundation\reader\src\..\tests\review_owned.rs:2680:41
     |
2680 |                     ProviderReply::Read(Box::new(reply))
     |                                         ^^^ use of undeclared type `Box`
     |
     = note: struct `crate::runtime::ownership_tests::Box` exists but is inaccessible
help: consider importing this struct
     |
   1 + use alloc::boxed::Box;
     |

error[E0433]: cannot find type `Box` in this scope
    --> crates\foundation\reader\src\..\tests\review_owned.rs:2682:42
     |
2682 |                 1 => ProviderReply::Read(Box::new(ReadReply::Failed {
     |                                          ^^^ use of undeclared type `Box`
     |
     = note: struct `crate::runtime::ownership_tests::Box` exists but is inaccessible
help: consider importing this struct
     |
   1 + use alloc::boxed::Box;
     |

error[E0433]: cannot find type `Box` in this scope
    --> crates\foundation\reader\src\..\tests\review_owned.rs:2689:51
     |
2689 |                 2 | 3 => ProviderReply::Transform(Box::new(TransformReply {
     |                                                   ^^^ use of undeclared type `Box`
     |
     = note: struct `crate::runtime::ownership_tests::Box` exists but is inaccessible
help: consider importing this struct
     |
   1 + use alloc::boxed::Box;
     |

error[E0433]: cannot find type `Box` in this scope
    --> crates\foundation\reader\src\..\tests\review_owned.rs:2702:42
     |
2702 |                 _ => ProviderReply::Read(Box::new(ReadReply::Stopped {
     |                                          ^^^ use of undeclared type `Box`
     |
     = note: struct `crate::runtime::ownership_tests::Box` exists but is inaccessible
help: consider importing this struct
     |
   1 + use alloc::boxed::Box;
     |

warning: unused imports: `MappingKind` and `Mapping`
 --> crates\foundation\reader\src\..\tests\runtime\transform.rs:2:26
  |
2 | use nepl3_core::origin::{Mapping, MappingKind};
  |                          ^^^^^^^  ^^^^^^^^^^^
  |
  = note: `#[warn(unused_imports)]` (part of `#[warn(unused)]`) on by default

warning: unused imports: `Fix` and `Related`
    --> crates\foundation\reader\src\..\tests\review_owned.rs:2307:34
     |
2307 |     use nepl3_core::diagnostic::{Fix, Related};
     |                                  ^^^  ^^^^^^^

error[E0026]: variant `model::ReadReply::Await` does not have fields named `sources`, `source_maps`
    --> crates\foundation\reader\src\..\tests\review_owned.rs:2818:67
     |
2818 | ...eadReply::Await{report,sources,source_maps,..}|ReadReply::Matched{report,sources,source_maps,..}|ReadReply::Stopped{report,sour...
     |                           ^^^^^^^ ^^^^^^^^^^^ variant `model::ReadReply::Await` does not have these fields

Some errors have detailed explanations: E0026, E0425, E0433.
For more information about an error, try `rustc --explain E0026`.
warning: `nepl3-reader` (lib test) generated 2 warnings
error: could not compile `nepl3-reader` (lib test) due to 180 previous errors; 2 warnings emitted
