   Compiling nepl3-core v0.1.0 (C:\projects\NEPL3-runtime\.tmp\review-doc-html-current\workspace\crates\foundation\core)
   Compiling nepl3-reader v0.1.0 (C:\projects\NEPL3-runtime\.tmp\review-doc-html-current\workspace\crates\foundation\reader)
   Compiling nepl3-doc-core v0.1.0 (C:\projects\NEPL3-runtime\.tmp\review-doc-html-current\workspace\crates\languages\doc\core)
   Compiling nepl3-markup v0.1.0 (C:\projects\NEPL3-runtime\.tmp\review-doc-html-current\workspace\crates\output\markup)
   Compiling nepl3-math-core v0.1.0 (C:\projects\NEPL3-runtime\.tmp\review-doc-html-current\workspace\crates\languages\math\core)
   Compiling nepl3-wire v0.1.0 (C:\projects\NEPL3-runtime\.tmp\review-doc-html-current\workspace\crates\foundation\wire)
   Compiling nepl3-engine v0.1.0 (C:\projects\NEPL3-runtime\.tmp\review-doc-html-current\workspace\crates\foundation\engine)
   Compiling nepl3-doc-html v0.1.0 (C:\projects\NEPL3-runtime\.tmp\review-doc-html-current\workspace\crates\languages\doc\html)
   Compiling nepl3-grammar-core v0.1.0 (C:\projects\NEPL3-runtime\.tmp\review-doc-html-current\workspace\crates\languages\grammar\core)
   Compiling nepl3-tools v0.1.0 (C:\projects\NEPL3-runtime\.tmp\review-doc-html-current\workspace\tools)
   Compiling independent-doc-local-html v0.0.0 (C:\projects\NEPL3-runtime\.tmp\review-doc-html-current\probe)
warning: function `parse_source_as` is never used
   --> src\bin\../helpers.rs:163:4
    |
163 | fn parse_source_as(
    |    ^^^^^^^^^^^^^^^
    |
    = note: `#[warn(dead_code)]` (part of `#[warn(unused)]`) on by default

warning: `independent-doc-local-html` (bin "source") generated 1 warning
    Finished `dev` profile [unoptimized + debuginfo] target(s) in 2m 35s
