warning: function `parse_source_as` is never used
   --> src\bin\../helpers.rs:163:4
    |
163 | fn parse_source_as(
    |    ^^^^^^^^^^^^^^^
    |
    = note: `#[warn(dead_code)]` (part of `#[warn(unused)]`) on by default

   Compiling independent-doc-local-html v0.0.0 (C:\projects\NEPL3-runtime\.tmp\review-doc-html-current\probe)
warning: `independent-doc-local-html` (bin "source") generated 1 warning
warning: unused import: `value::NdfValue`
 --> src\bin\sweep.rs:1:114
  |
1 | use nepl3_core::{budget::{Budget,Limits,StopReason},schema::SchemaRegistry,source::{SourceStore,SourceAdmission},value::NdfValue};
  |                                                                                                                  ^^^^^^^^^^^^^^^
  |
  = note: `#[warn(unused_imports)]` (part of `#[warn(unused)]`) on by default

warning: function `serialize` is never used
  --> src\bin\sweep.rs:10:4
   |
10 | fn serialize(f:&RenderedFragment)->Result<String,String>{let m=&f.markup;nepl3_markup::html::serialize(&nepl3_markup::html::validate...
   |    ^^^^^^^^^
   |
   = note: `#[warn(dead_code)]` (part of `#[warn(unused)]`) on by default

warning: `independent-doc-local-html` (bin "sweep") generated 2 warnings (run `cargo fix --bin "sweep" -p independent-doc-local-html` to apply 1 suggestion)
    Finished `dev` profile [unoptimized + debuginfo] target(s) in 1.06s
