   Compiling nepl3-core v0.1.0 (C:\projects\NEPL3-runtime\.tmp\review-doc-html-current\workspace\crates\foundation\core)
   Compiling nepl3-reader v0.1.0 (C:\projects\NEPL3-runtime\.tmp\review-doc-html-current\workspace\crates\foundation\reader)
   Compiling nepl3-doc-core v0.1.0 (C:\projects\NEPL3-runtime\.tmp\review-doc-html-current\workspace\crates\languages\doc\core)
   Compiling nepl3-math-core v0.1.0 (C:\projects\NEPL3-runtime\.tmp\review-doc-html-current\workspace\crates\languages\math\core)
   Compiling nepl3-wire v0.1.0 (C:\projects\NEPL3-runtime\.tmp\review-doc-html-current\workspace\crates\foundation\wire)
   Compiling nepl3-markup v0.1.0 (C:\projects\NEPL3-runtime\.tmp\review-doc-html-current\workspace\crates\output\markup)
   Compiling nepl3-engine v0.1.0 (C:\projects\NEPL3-runtime\.tmp\review-doc-html-current\workspace\crates\foundation\engine)
   Compiling nepl3-doc-html v0.1.0 (C:\projects\NEPL3-runtime\.tmp\review-doc-html-current\workspace\crates\languages\doc\html)
   Compiling nepl3-grammar-core v0.1.0 (C:\projects\NEPL3-runtime\.tmp\review-doc-html-current\workspace\crates\languages\grammar\core)
   Compiling nepl3-tools v0.1.0 (C:\projects\NEPL3-runtime\.tmp\review-doc-html-current\workspace\tools)
    Finished `test` profile [unoptimized + debuginfo] target(s) in 3m 16s
     Running tests\doc.rs (C:\projects\NEPL3-runtime\.tmp\review-fixed-target\wasm32-wasip2\debug\deps\doc-4e9d9bcb35ae7501.wasm)

running 9 tests
test html::annotated_linear_combination_document_reaches_real_html ... ok
test html::article_html_preserves_nested_paragraph_order_without_nested_p ... ok
test html::article_html_preserves_ruby_notes_and_forward_label_reference ... ok
test html::browser_layout_corpus_from_real_doc_source ... DOC_HTML_CASE ruby 3c61727469636c6520636c6173733d226e65706c2d646f6322206c616e673d22656e223e3c68313e3c7370616e3e4c61796f75743c2f7370616e3e3c2f68313e3c64697620636c6173733d226e65706c2d706172616772617068223e3c703e3c7370616e3e413c7370616e20636c6173733d226e65706c2d72756279223e3c7370616e20636c6173733d226e65706c2d62617365223e423c2f7370616e3e3c7370616e20636c6173733d226e65706c2d72656164696e67223e726561643c2f7370616e3e3c2f7370616e3e433c2f7370616e3e3c2f703e3c2f6469763e3c2f61727469636c653e
DOC_HTML_CASE anno 3c61727469636c6520636c6173733d226e65706c2d646f6322206c616e673d22656e223e3c68313e3c7370616e3e4c61796f75743c2f7370616e3e3c2f68313e3c64697620636c6173733d226e65706c2d706172616772617068223e3c703e3c7370616e3e413c7370616e20636c6173733d226e65706c2d616e6e6f223e3c7370616e20636c6173733d226e65706c2d62617365223e423c2f7370616e3e3c7370616e20636c6173733d226e65706c2d6e6f746573223e3c7370616e20636c6173733d226e65706c2d6e6f7465223e6e6f74653c2f7370616e3e3c2f7370616e3e3c2f7370616e3e433c2f7370616e3e3c2f703e3c2f6469763e3c2f61727469636c653e
DOC_HTML_CASE anno-ruby 3c61727469636c6520636c6173733d226e65706c2d646f6322206c616e673d22656e223e3c68313e3c7370616e3e4c61796f75743c2f7370616e3e3c2f68313e3c64697620636c6173733d226e65706c2d706172616772617068223e3c703e3c7370616e3e413c7370616e20636c6173733d226e65706c2d616e6e6f223e3c7370616e20636c6173733d226e65706c2d62617365223e3c7370616e20636c6173733d226e65706c2d72756279223e3c7370616e20636c6173733d226e65706c2d62617365223e423c2f7370616e3e3c7370616e20636c6173733d226e65706c2d72656164696e67223e726561643c2f7370616e3e3c2f7370616e3e3c2f7370616e3e3c7370616e20636c6173733d226e65706c2d6e6f746573223e3c7370616e20636c6173733d226e65706c2d6e6f7465223e6e6f74653c2f7370616e3e3c2f7370616e3e3c2f7370616e3e433c2f7370616e3e3c2f703e3c2f6469763e3c2f61727469636c653e
DOC_HTML_CASE ruby-anno 3c61727469636c6520636c6173733d226e65706c2d646f6322206c616e673d22656e223e3c68313e3c7370616e3e4c61796f75743c2f7370616e3e3c2f68313e3c64697620636c6173733d226e65706c2d706172616772617068223e3c703e3c7370616e3e413c7370616e20636c6173733d226e65706c2d72756279223e3c7370616e20636c6173733d226e65706c2d62617365223e3c7370616e20636c6173733d226e65706c2d616e6e6f223e3c7370616e20636c6173733d226e65706c2d62617365223e423c2f7370616e3e3c7370616e20636c6173733d226e65706c2d6e6f746573223e3c7370616e20636c6173733d226e65706c2d6e6f7465223e6e6f74653c2f7370616e3e3c2f7370616e3e3c2f7370616e3e3c2f7370616e3e3c7370616e20636c6173733d226e65706c2d72656164696e67223e726561643c2f7370616e3e3c2f7370616e3e433c2f7370616e3e3c2f703e3c2f6469763e3c2f61727469636c653e
DOC_HTML_CASE ruby-ruby 3c61727469636c6520636c6173733d226e65706c2d646f6322206c616e673d22656e223e3c68313e3c7370616e3e4c61796f75743c2f7370616e3e3c2f68313e3c64697620636c6173733d226e65706c2d706172616772617068223e3c703e3c7370616e3e413c7370616e20636c6173733d226e65706c2d72756279223e3c7370616e20636c6173733d226e65706c2d62617365223e3c7370616e20636c6173733d226e65706c2d72756279223e3c7370616e20636c6173733d226e65706c2d62617365223e423c2f7370616e3e3c7370616e20636c6173733d226e65706c2d72656164696e67223e726561643c2f7370616e3e3c2f7370616e3e3c2f7370616e3e3c7370616e20636c6173733d226e65706c2d72656164696e67223e6f757465723c2f7370616e3e3c2f7370616e3e433c2f7370616e3e3c2f703e3c2f6469763e3c2f61727469636c653e
DOC_HTML_CASE table-ruby 3c61727469636c6520636c6173733d226e65706c2d646f6322206c616e673d22656e223e3c68313e3c7370616e3e4c61796f75743c2f7370616e3e3c2f68313e3c7461626c653e3c74626f64793e3c74723e3c746420636c6173733d226e65706c2d616c69676e2d6c656674223e3c7370616e3e413c7370616e20636c6173733d226e65706c2d72756279223e3c7370616e20636c6173733d226e65706c2d62617365223e423c2f7370616e3e3c7370616e20636c6173733d226e65706c2d72656164696e67223e726561643c2f7370616e3e3c2f7370616e3e433c2f7370616e3e3c2f74643e3c2f74723e3c2f74626f64793e3c2f7461626c653e3c2f61727469636c653e
DOC_HTML_CASE list-ruby 3c61727469636c6520636c6173733d226e65706c2d646f6322206c616e673d22656e223e3c68313e3c7370616e3e4c61796f75743c2f7370616e3e3c2f68313e3c756c3e3c6c693e3c64697620636c6173733d226e65706c2d706172616772617068223e3c703e3c7370616e3e413c7370616e20636c6173733d226e65706c2d72756279223e3c7370616e20636c6173733d226e65706c2d62617365223e423c2f7370616e3e3c7370616e20636c6173733d226e65706c2d72656164696e67223e726561643c2f7370616e3e3c2f7370616e3e433c2f7370616e3e3c2f703e3c2f6469763e3c2f6c693e3c2f756c3e3c2f61727469636c653e
ok
test html::explicit_break_renders_br_without_reinterpreting_text_line_feeds ... ok
test html::local_render_does_not_hide_unresolved_external_inputs_or_invalid_options ... ok
test html::parallel_html_selects_only_explicit_language_or_fallback ... ok
test html::real_source_html_crosses_first_receiver_cbor_with_positions_and_options ... ok
test html::table_list_and_raw_code_keep_order_shape_and_original_characters ... ok

test result: ok. 9 passed; 0 failed; 0 ignored; 0 measured; 31 filtered out; finished in 18.21s

