   Compiling autocfg v1.5.1
   Compiling typenum v1.20.1
   Compiling cfg-if v1.0.4
   Compiling cpufeatures v0.3.1
   Compiling unicode-ident v1.0.18
   Compiling num-traits v0.2.19
   Compiling hybrid-array v0.4.14
   Compiling num-integer v0.1.47
   Compiling block-buffer v0.12.1
   Compiling crypto-common v0.2.2
   Compiling num-bigint v0.5.1
   Compiling digest v0.11.3
   Compiling sha2 v0.11.0
   Compiling nepl3-core v0.1.0 (C:\projects\NEPL3-runtime\.tmp\review-reader-checkpoints\after\workspace\crates\foundation\core)
   Compiling nepl3-reader v0.1.0 (C:\projects\NEPL3-runtime\.tmp\review-reader-checkpoints\after\workspace\crates\foundation\reader)
   Compiling nepl3-wire v0.1.0 (C:\projects\NEPL3-runtime\.tmp\review-reader-checkpoints\after\workspace\crates\foundation\wire)
warning: function `run` is never used
   --> crates\foundation\reader\tests\review_helpers.rs:131:4
    |
131 | fn run(
    |    ^^^
    |
    = note: `#[warn(dead_code)]` (part of `#[warn(unused)]`) on by default

warning: function `annotated_terminal` is never used
   --> crates\foundation\reader\tests\review_helpers.rs:205:4
    |
205 | fn annotated_terminal(
    |    ^^^^^^^^^^^^^^^^^^

warning: `nepl3-reader` (test "review_frame_work") generated 2 warnings
    Finished `test` profile [unoptimized + debuginfo] target(s) in 6.77s
     Running tests\review_frame_work.rs (C:/projects/NEPL3-runtime/.tmp/review-reader-checkpoints/after/target\debug\deps\review_frame_work-4aeaab7b92f3dee0.exe)

running 1 test
test owned_frame_conversion_work_window ... depth=32 full_resume=(653, 66859, true) largest_adjacent_work_allocation_jump=(620, 15640, 51219, 66859, false, 33)
depth=128 full_resume=(2093, 244267, true) largest_adjacent_work_allocation_jump=(1964, 62488, 181779, 244267, false, 129)
ok

test result: ok. 1 passed; 0 failed; 0 ignored; 0 measured; 0 filtered out; finished in 1.37s

