[
  {
    "name": "inventory",
    "source_commit": "337057d71838c85a6fb9a304e3ec4164436bb310",
    "draft_commit": "074af5f822e873ae0d8b40a273b02dad1052ad09",
    "all_base_text_exact": true,
    "codes_exact": 30,
    "rawcode_bytes_hints_exact": 1,
    "rawcode_bytes": [
      235
    ],
    "links_exact": 3,
    "external_labels_equal_targets": false,
    "table_rows_including_headers_exact": 36,
    "table_alignments_exact": [
      [
        "AlignmentDefault",
        "AlignmentRight",
        "AlignmentDefault"
      ],
      [
        "AlignmentDefault",
        "AlignmentRight",
        "AlignmentDefault"
      ],
      [
        "AlignmentDefault",
        "AlignmentDefault",
        "AlignmentDefault"
      ],
      [
        "AlignmentDefault",
        "AlignmentDefault",
        "AlignmentDefault"
      ]
    ],
    "section_titles_exact": 5,
    "ruby": 600,
    "kinds": {
      "Article": 1,
      "Sentence": 175,
      "Text": 200,
      "Body": 6,
      "Paragraph": 17,
      "Section": 5,
      "InlineCode": 30,
      "Link": 3,
      "RelativeTarget": 1,
      "NoText": 1,
      "Table": 4,
      "AlignmentDefault": 10,
      "AlignmentRight": 2,
      "SomeRow": 4,
      "Row": 36,
      "ExternalTarget": 2,
      "RawCode": 1,
      "SomeText": 1
    },
    "narrative_kanji_missing_ruby": 0,
    "runtime_executed": false,
    "reachability_checked": false
  },
  {
    "name": "references",
    "source_commit": "337057d71838c85a6fb9a304e3ec4164436bb310",
    "draft_commit": "9fa716d23e44b5d5a8a288d0564911311ad1c755",
    "all_base_text_exact": true,
    "codes_exact": 1,
    "rawcode_bytes_hints_exact": 0,
    "rawcode_bytes": [],
    "links_exact": 18,
    "external_labels_equal_targets": true,
    "table_rows_including_headers_exact": 0,
    "table_alignments_exact": [],
    "section_titles_exact": 2,
    "ruby": 72,
    "kinds": {
      "Article": 1,
      "Sentence": 29,
      "Text": 48,
      "Body": 21,
      "Paragraph": 22,
      "Section": 2,
      "InlineCode": 1,
      "List": 1,
      "Unordered": 1,
      "ListItem": 18,
      "CheckNone": 18,
      "Link": 18,
      "ExternalTarget": 18
    },
    "narrative_kanji_missing_ruby": 0,
    "runtime_executed": false,
    "reachability_checked": false
  }
]
