    Blocking waiting for file lock on build directory
   Compiling nepl3-core v0.1.0 (C:\projects\NEPL3-prefix-validation\crates\foundation\core)
   Compiling nepl3-wire v0.1.0 (C:\projects\NEPL3-prefix-validation\crates\foundation\wire)
   Compiling nepl3-reader v0.1.0 (C:\projects\NEPL3-prefix-validation\crates\foundation\reader)
   Compiling nepl3-engine v0.1.0 (C:\projects\NEPL3-prefix-validation\crates\foundation\engine)
   Compiling nepl3-grammar-core v0.1.0 (C:\projects\NEPL3-prefix-validation\crates\languages\grammar\core)
    Finished `test` profile [unoptimized + debuginfo] target(s) in 44.71s
     Running unittests src\lib.rs (target\wasm32-wasip2\debug\deps\nepl3_core-c6b2e857afa250e4.wasm)

running 0 tests

test result: ok. 0 passed; 0 failed; 0 ignored; 0 measured; 0 filtered out; finished in 0.00s

     Running tests\contracts.rs (target\wasm32-wasip2\debug\deps\contracts-0fc654f47919cc2d.wasm)

running 18 tests
test admission_accounts_for_copied_locator_payload ... ok
test budget_exact_limits_overflow_zero_and_cancel_are_distinct ... ok
test canonical_integers_reject_negative_zero_and_leading_zero ... ok
test edit_size_limit_checked_before_replacement_is_built ... ok
test edits_are_atomic_across_sources_and_reject_stale_or_conflicting_input ... ok
test first_budget_stop_is_sticky_across_smaller_charges_and_cancellation ... ok
test generated_source_locator_scan_is_charged_before_validation ... ok
test line_index_allocation_limit_is_enforced ... ok
test line_positions_roundtrip_unicode_and_all_line_endings ... ok
test locator_profile_is_checked_without_os_or_scheme_normalization ... ok
test nested_budget_retains_work_and_peak_depth_after_failed_branch ... ok
test rational_constructors_normalize_native_but_reject_noncanonical_wire ... ok
test source_admission_charges_unique_snapshots_once_across_shared_calls ... ok
test source_admission_rejects_locator_changes_for_same_snapshot_identity ... ok
test source_digest_is_sha256_of_exact_original_bytes ... ok
test source_limits_precede_decode_and_decode_does_not_replace_bytes ... ok
test span_rejects_scalar_interiors_bounds_and_other_identity ... ok
test store_preserves_distinct_ids_at_same_uri_and_rejects_conflicting_revision ... ok

test result: ok. 18 passed; 0 failed; 0 ignored; 0 measured; 0 filtered out; finished in 0.00s

     Running tests\decimal.rs (target\wasm32-wasip2\debug\deps\decimal-11a284dd4bcc7d7d.wasm)

running 2 tests
test exact_decimal_constructor_is_independent_of_lexical_leading_zero_policy ... ok
test invalid_digits_and_resource_stops_precede_numeric_allocation ... ok

test result: ok. 2 passed; 0 failed; 0 ignored; 0 measured; 0 filtered out; finished in 0.00s

     Running tests\edit.rs (target\wasm32-wasip2\debug\deps\edit-186077318c1cfa99.wasm)

running 5 tests
test a_conflicting_preexisting_output_does_not_publish_other_transaction_outputs ... ok
test deletion_admits_original_and_generated_snapshots_once ... ok
test every_allocation_stop_is_atomic_sticky_and_retryable_in_a_fresh_operation ... ok
test semantic_failure_does_not_reserve_an_unpublished_output_identity ... ok
test work_source_and_locator_limits_stop_before_unbounded_owned_copies ... ok

test result: ok. 5 passed; 0 failed; 0 ignored; 0 measured; 0 filtered out; finished in 0.05s

     Running tests\facts.rs (target\wasm32-wasip2\debug\deps\facts-de7acebd636b3835.wasm)

running 2 tests
test delta_keeps_current_scope_namespace_reservations_and_foreign_scope_authority ... ok
test facts_reject_missing_sources_namespace_roots_and_fresh_operation_limits ... ok

test result: ok. 2 passed; 0 failed; 0 ignored; 0 measured; 0 filtered out; finished in 0.01s

     Running tests\maps.rs (target\wasm32-wasip2\debug\deps\maps-6fc9a0a4eeb70428.wasm)

running 3 tests
test map_admission_never_copies_long_identity_before_zero_allocation_budget ... ok
test mapped_containment_requires_every_byte_and_every_reverse_path ... ok
test snapshot_dag_proves_large_transforms_without_enumerating_the_point_product ... ok

test result: ok. 3 passed; 0 failed; 0 ignored; 0 measured; 0 filtered out; finished in 0.00s

     Running tests\structure.rs (target\wasm32-wasip2\debug\deps\structure-88d6b7ce9ae0dc22.wasm)

running 20 tests
test canonical_json_escapes_controls_without_unicode_normalization ... ok
test deeply_nested_value_cleanup_uses_no_recursive_drop_chain ... ok
test descriptor_canonical_json_has_independently_specified_field_order ... ok
test descriptor_map_order_is_irrelevant_but_duplicates_are_rejected ... ok
test empty_anchor_cycles_and_transformed_relations_are_checked ... ok
test forward_overlap_is_acyclic_and_map_budget_failure_does_not_insert ... ok
test imported_origin_graph_honors_zero_nodes_and_depth_limits ... ok
test imported_origin_graph_rejects_cycles_unknown_refs_and_missing_source ... ok
test inverse_refuses_transformed_and_ambiguous_mappings ... ok
test local_kind_ids_are_canonical_across_descriptor_input_order ... ok
test registry_accepts_mutual_symbolic_references_then_seals_them ... ok
test registry_rejects_wrong_digest_and_unknown_unused_references ... ok
test rejected_deep_descriptor_is_safe_to_clone_compare_debug_and_drop ... ok
test report_candidate_rollback_discards_facts_without_refunding_budget ... ok
test report_diagnostic_limit_has_no_fabricated_global_message ... ok
test report_storage_obeys_allocation_budget ... ok
test report_zero_event_capacity_keeps_one_typed_overflow_and_stop ... ok
test source_map_checks_composable_interval_cycles_not_snapshot_cycles ... ok
test structural_boundary_checks_field_count_kind_intrinsic_subset_and_negative_natural ... ok
test validator_and_descriptor_depth_share_parent_budget_and_peak ... ok

test result: ok. 20 passed; 0 failed; 0 ignored; 0 measured; 0 filtered out; finished in 0.06s

     Running tests\syntax.rs (target\wasm32-wasip2\debug\deps\syntax-fb39e35ffe4a5de8.wasm)

running 9 tests
test deeply_nested_foreign_bundle_cleanup_is_iterative ... ok
test foreign_ids_are_local_but_environment_and_root_must_match ... ok
test foreign_nesting_adds_to_containing_node_path_depth ... ok
test owned_syntax_copy_precharges_payloads_and_preserves_deep_foreign_ownership ... ok
test source_child_cover_must_follow_head_and_stay_in_parent ... ok
test syntax_graph_checks_all_refs_and_cycles_while_allowing_shared_children ... ok
test token_internal_view_is_sidecar_and_trivia_retains_bom_bytes ... ok
test token_owns_even_unreachable_view_elements ... ok
test view_child_edges_are_acyclic_but_semantic_relation_cycles_are_allowed ... ok

test result: ok. 9 passed; 0 failed; 0 ignored; 0 measured; 0 filtered out; finished in 0.48s

     Running unittests src\lib.rs (target\wasm32-wasip2\debug\deps\nepl3_engine-f7261a2043e723cc.wasm)

running 0 tests

test result: ok. 0 passed; 0 failed; 0 ignored; 0 measured; 0 filtered out; finished in 0.00s

     Running tests\package.rs (target\wasm32-wasip2\debug\deps\package-36bc91b00eb9eb59.wasm)

running 11 tests
test listof_foreign_has_foreign_head_and_local_tail_without_losing_its_selector ... ok
test package_boundary_checks_extension_provenance_and_resource_limits ... ok
test package_checks_real_surface_shapes_modes_selectors_and_binding_coverage ... ok
test package_rejects_direct_reader_cycles_and_counts_binding_entry_depth ... ok
test persistent_tree_checks_parent_reads_spelling_payload_and_concrete_owner ... ok
test portable::typed_tree_recovery_uses_the_guest_source_table_and_canonical_node_reference ... ok
test portable::typed_tree_roundtrip_remaps_every_local_owner_and_rejects_stale_wrapper_indices ... ok
test recovery_strategy_and_sync_order_are_part_of_package_behavior ... ok
test resolved_profile_pins_real_package_host_providers_resources_and_foreign_modes ... ok
test semantic_identity_preserves_ordered_behavior_and_presentation_fallback ... ok
test semantic_identity_removes_arena_layout_sharing_and_provenance ... ok

test result: ok. 11 passed; 0 failed; 0 ignored; 0 measured; 0 filtered out; finished in 0.22s

     Running tests\parse.rs (target\wasm32-wasip2\debug\deps\parse-35741830cbb85023.wasm)

running 18 tests
test accepted_trivia_without_a_token_survives_eof_and_need_more ... ok
test allocation_stop_preserves_actual_usage_and_never_invents_a_root ... ok
test append_retry_reparses_every_scalar_split_and_keeps_cumulative_usage ... ok
test append_retry_retains_original_caller_depth_when_host_resumes_at_zero ... ok
test explicit_list_spine_preserves_declared_head_and_tail_children ... ok
test foreign::foreign_root_mode_is_guest_owned_and_normal_child_and_host_restore_defaults ... ok
test missing_children_share_one_bundle_recovery_table ... ok
test missing_final_child_and_nonfinal_input_are_distinct ... ok
test native_host_cancel_and_invalid_reply_keep_boundary_semantics ... ok
test native_host_failure_keeps_generated_diagnostic_and_event_closure ... ok
test native_host_mixed_text_provider_fallback_preserves_decoded_sources ... ok
test native_host_prefix_growth_reduces_measured_copy_work ... ok
test native_host_preserves_tree_reports_maps_and_owned_fallback ... ok
test prefix_depth_composes_with_nested_reader_frames ... ok
test provider_resume_keeps_prefix_frames_report_and_caller_depth ... ok
test static_form_keeps_builtin_children_and_token_payloads ... ok
test text_reservation_preserves_prefix_identity_and_composed_caller_depth ... ok
test unknown_heads_preserve_remainder_without_inventing_a_leaf_arity ... ok

test result: ok. 18 passed; 0 failed; 0 ignored; 0 measured; 0 filtered out; finished in 3.99s

     Running unittests src\lib.rs (target\wasm32-wasip2\debug\deps\nepl3_grammar_core-abfcd48cd99d8908.wasm)

running 0 tests

test result: ok. 0 passed; 0 failed; 0 ignored; 0 measured; 0 filtered out; finished in 0.00s

     Running tests\reader.rs (target\wasm32-wasip2\debug\deps\reader-05578a4954489018.wasm)

running 2 tests
test compiler_catalogs_reject_ambiguous_and_empty_names_and_ast_charges_nodes ... ok
test reader_compiler_lowers_real_plan_and_rejects_natural_range_repeat_and_reference_errors ... ok

test result: ok. 2 passed; 0 failed; 0 ignored; 0 measured; 0 filtered out; finished in 0.03s

     Running unittests src\lib.rs (target\wasm32-wasip2\debug\deps\nepl3_reader-4bcfdb50e08b8642.wasm)

running 0 tests

test result: ok. 0 passed; 0 failed; 0 ignored; 0 measured; 0 filtered out; finished in 0.00s

     Running tests\builtin.rs (target\wasm32-wasip2\debug\deps\builtin-e2480a76128837e7.wasm)

running 17 tests
test builtin_budget_stops_are_typed_and_do_not_return_partial_tokens ... ok
test committed_text_rejects_invalid_escapes_scalars_and_direct_lines ... ok
test empty_skip_and_take_readers_are_nonprogress_failures ... ok
test generated_source_admission_is_once_and_unsuccessful_text_has_no_source_charge ... ok
test language_is_well_formed_abnf_not_registry_validity ... ok
test maximal_lexemes_wait_at_every_nonfinal_scalar_boundary ... ok
test mode_take_is_ordered_choice_and_does_not_consume_trailing_trivia ... ok
test mode_text_reservation_is_lazy_and_echo_is_checked ... ok
test names_preserve_unicode_spelling_and_read_maximal_identifier ... ok
test naturals_and_finite_decimals_are_exact_and_boundary_checked ... ok
test owned_tokenizer_resume_does_not_borrow_the_original_context_and_checks_all_echo_fields ... ok
test reservation_locator_validation_obeys_work_limit_before_scanning ... ok
test selected_standard_provider_dispatch_uses_builtin_values_and_rejects_forgery ... ok
test text_decoding_retains_each_exact_or_transformed_source_range ... ok
test text_exact_runs_preserve_utf8_offsets_and_escape_boundaries ... ok
test tokenizer_configuration_identity_ignores_mode_declaration_order_but_retains_rule_order ... ok
test trivia_keeps_ascii_line_boundaries_and_bom_position ... ok

test result: ok. 17 passed; 0 failed; 0 ignored; 0 measured; 0 filtered out; finished in 0.97s

     Running tests\context.rs (target\wasm32-wasip2\debug\deps\context-be6c52e275c18720.wasm)

running 1 test
test checked_context_uses_real_digest_and_exact_origin_source_closure ... ok

test result: ok. 1 passed; 0 failed; 0 ignored; 0 measured; 0 filtered out; finished in 0.01s

     Running tests\portable.rs (target\wasm32-wasip2\debug\deps\portable-b8c329b3ca860abf.wasm)

running 2 tests
test host_global_source_cannot_fill_a_missing_request_declaration ... ok
test native_request_and_checked_ndf_loopback_execute_with_identical_meaning ... ok

test result: ok. 2 passed; 0 failed; 0 ignored; 0 measured; 0 filtered out; finished in 0.02s

     Running tests\runtime.rs (target\wasm32-wasip2\debug\deps\runtime-fcf133dd7df63cc6.wasm)

running 31 tests
test accepted_collector_crosses_language_sessions_only_in_its_original_operation ... ok
test accepted_diagnostic_owns_primary_related_and_fix_source_closure_before_publication ... ok
test allocation_faults_across_later_resumes_preserve_already_accepted_reports ... ok
test bounded_repeat_zero_never_executes_nullable_body ... ok
test cancellation_during_provider_wait_stops_and_consumes_the_pending_slot ... ok
test checked_context_reuse_admits_exact_source_closure_in_each_operation ... ok
test checked_context_reuse_rejects_same_id_revision_with_changed_content ... ok
test choice_rewinds_captures_views_and_retains_work ... ok
test commit_does_not_hide_failure_or_need_more_in_choice ... ok
test direct_repeat_failure_and_streaming_shortage_rollback_all_prior_iteration_reports ... ok
test every_utf8_prefix_split_is_need_more_and_final_truncation_is_no_match ... ok
test failed_choice_restores_programmed_state_before_next_provider_call ... ok
test failed_stopped_and_rollback_results_have_their_exact_formal_source_closure ... ok
test fresh_budget_and_forged_call_or_source_cannot_resume_a_saved_slot ... ok
test generated_sources_are_validated_transactionally_and_available_to_diagnostics ... ok
test long_source_identity_is_not_copied_after_allocation_budget_is_exhausted ... ok
test map_decode_and_then_use_typed_provider_envelopes ... ok
test node_sidecar_and_look_not_optional_discard_have_independent_values ... ok
test plan_identity_is_deterministic_but_distinguishes_arena_representation ... ok
test programmed_repetition_requires_actual_consumption_and_accepts_consuming_calls ... ok
test provider_signature_checks_operation_envelope_and_pure_decoder ... ok
test runtime_rejects_left_recursion_hidden_behind_empty_programmed_call ... ok
test session_binds_call_source_plan_usage_and_closes_after_consumed_resume ... ok
test static_plan_rejects_unknown_references_types_and_unproductive_recursion ... ok
test stopped_reader_retains_committed_provider_reports ... ok
test stopped_tokenizer_retains_reader_report_and_generated_source_closure ... ok
test tokenizer_await_allocation_stops_clear_both_private_pending_slots ... ok
test tokenizer_outer_echo_validates_every_nested_reader_component_before_private_resume ... ok
test tokenizer_preserves_accepted_skip_reports_and_sources_across_candidate_rollback ... ok
test unicode_classes_use_pinned_unicode16_and_ascii_numeric_rules ... ok
test until_leaves_delimiter_and_takecount_counts_scalars ... ok

test result: ok. 31 passed; 0 failed; 0 ignored; 0 measured; 0 filtered out; finished in 1.19s

     Running unittests src\lib.rs (target\wasm32-wasip2\debug\deps\nepl3_wire-9fbb4bca64b7cc61.wasm)

running 0 tests

test result: ok. 0 passed; 0 failed; 0 ignored; 0 measured; 0 filtered out; finished in 0.00s

     Running tests\codec.rs (target\wasm32-wasip2\debug\deps\codec-28b953d38f3f9755.wasm)

running 7 tests
test all_twelve_tags_match_specified_cbor_bytes ... ok
test checked_boundary_uses_real_registry_and_rejects_wrong_field_type ... ok
test deeply_nested_values_do_not_use_the_native_call_stack ... ok
test every_truncated_prefix_fails_and_complete_input_preserves_bytes ... ok
test integer_width_boundaries_use_shortest_unsigned_encoding ... ok
test limits_stop_with_typed_reasons_without_a_successful_partial_value ... ok
test malformed_noncanonical_and_forbidden_cbor_values_are_rejected ... ok

test result: ok. 7 passed; 0 failed; 0 ignored; 0 measured; 0 filtered out; finished in 0.06s

     Running tests\facts.rs (target\wasm32-wasip2\debug\deps\facts-04508dfb6deff1d7.wasm)

running 1 test
test typed_facts_and_delta_roundtrip_preserve_ids_and_reject_semantic_forgery ... ok

test result: ok. 1 passed; 0 failed; 0 ignored; 0 measured; 0 filtered out; finished in 0.01s

     Running tests\origin.rs (target\wasm32-wasip2\debug\deps\origin-b52ba9a27024d41b.wasm)

running 1 test
test origin_variants_roundtrip_and_wire_cycles_are_rejected ... ok

test result: ok. 1 passed; 0 failed; 0 ignored; 0 measured; 0 filtered out; finished in 0.01s

     Running tests\report.rs (target\wasm32-wasip2\debug\deps\report-cc1daa88c0c2d8a0.wasm)

running 4 tests
test fix_preconditions_reject_digest_and_overlap_in_native_and_structural_wire_values ... ok
test one_fix_uses_one_snapshot_per_source_but_allows_multiple_sources_and_historical_related ... ok
test report_boundary_rejects_payload_count_and_source_forgery_and_preserves_stops ... ok
test report_roundtrip_preserves_diagnostics_events_fixes_and_declared_sources ... ok

test result: ok. 4 passed; 0 failed; 0 ignored; 0 measured; 0 filtered out; finished in 0.03s

     Running tests\source.rs (target\wasm32-wasip2\debug\deps\source-2270569ee5deb127.wasm)

running 3 tests
test malformed_source_declarations_reject_without_committing_and_retry_does_not_refund ... ok
test native_and_wire_admission_reject_zero_source_limit_and_span_scalar_interior ... ok
test source_and_span_roundtrip_preserve_identity_bytes_and_shared_admission ... ok

test result: ok. 3 passed; 0 failed; 0 ignored; 0 measured; 0 filtered out; finished in 0.02s

     Running tests\syntax.rs (target\wasm32-wasip2\debug\deps\syntax-03f8c48ef5741789.wasm)

running 6 tests
test foreign_bundle_rejects_forged_environment_digest_token_and_origin_references ... ok
test foreign_bundle_roundtrip_keeps_local_token_view_origin_ids_and_payloads ... ok
test guest_arena_reordering_updates_foreign_root_and_guest_local_children ... ok
test mapped_views_and_maps_survive_host_and_guest_wire_boundaries ... ok
test native_arena_order_is_canonicalized_and_unreachable_nodes_are_rejected ... ok
test nested_generated_bundles_use_iterative_conversion_and_shared_depth_budget ... ok

test result: ok. 6 passed; 0 failed; 0 ignored; 0 measured; 0 filtered out; finished in 0.12s

     Running tests\view.rs (target\wasm32-wasip2\debug\deps\view-e47705de54a223af.wasm)

running 2 tests
test structured_payload_views_roles_relations_and_trivia_roundtrip_without_reparse ... ok
test token_wire_rejects_invalid_local_view_and_trivia_references_and_source_limit ... ok

test result: ok. 2 passed; 0 failed; 0 ignored; 0 measured; 0 filtered out; finished in 0.04s

   Doc-tests nepl3_core

running 0 tests

test result: ok. 0 passed; 0 failed; 0 ignored; 0 measured; 0 filtered out; finished in 0.00s

   Doc-tests nepl3_engine

running 0 tests

test result: ok. 0 passed; 0 failed; 0 ignored; 0 measured; 0 filtered out; finished in 0.00s

   Doc-tests nepl3_grammar_core

running 0 tests

test result: ok. 0 passed; 0 failed; 0 ignored; 0 measured; 0 filtered out; finished in 0.00s

   Doc-tests nepl3_reader

running 0 tests

test result: ok. 0 passed; 0 failed; 0 ignored; 0 measured; 0 filtered out; finished in 0.00s

   Doc-tests nepl3_wire

running 0 tests

test result: ok. 0 passed; 0 failed; 0 ignored; 0 measured; 0 filtered out; finished in 0.00s

    Checking nepl3-core v0.1.0 (C:\projects\NEPL3-prefix-validation\crates\foundation\core)
    Checking nepl3-reader v0.1.0 (C:\projects\NEPL3-prefix-validation\crates\foundation\reader)
    Checking nepl3-wire v0.1.0 (C:\projects\NEPL3-prefix-validation\crates\foundation\wire)
    Checking nepl3-engine v0.1.0 (C:\projects\NEPL3-prefix-validation\crates\foundation\engine)
    Checking nepl3-grammar-core v0.1.0 (C:\projects\NEPL3-prefix-validation\crates\languages\grammar\core)
    Finished `dev` profile [unoptimized + debuginfo] target(s) in 2.69s
