   Compiling nepl3-core v0.1.0 (C:\projects\NEPL3-doc-resource-links\crates\foundation\core)
   Compiling nepl3-wire v0.1.0 (C:\projects\NEPL3-doc-resource-links\crates\foundation\wire)
   Compiling nepl3-reader v0.1.0 (C:\projects\NEPL3-doc-resource-links\crates\foundation\reader)
   Compiling nepl3-doc-html v0.1.0 (C:\projects\NEPL3-doc-resource-links\crates\languages\doc\html)
   Compiling nepl3-doc-core v0.1.0 (C:\projects\NEPL3-doc-resource-links\crates\languages\doc\core)
   Compiling nepl3-engine v0.1.0 (C:\projects\NEPL3-doc-resource-links\crates\foundation\engine)
   Compiling nepl3-tools v0.1.0 (C:\projects\NEPL3-doc-resource-links\tools)
   Compiling nepl3-grammar-core v0.1.0 (C:\projects\NEPL3-doc-resource-links\crates\languages\grammar\core)
   Compiling nepl3-markup v0.1.0 (C:\projects\NEPL3-doc-resource-links\crates\output\markup)
   Compiling nepl3-math-core v0.1.0 (C:\projects\NEPL3-doc-resource-links\crates\languages\math\core)
    Finished `test` profile [unoptimized + debuginfo] target(s) in 18.43s
     Running unittests src\lib.rs (target\debug\deps\nepl3_core-f04d54aaa1e6a7b6.exe)

running 0 tests

test result: ok. 0 passed; 0 failed; 0 ignored; 0 measured; 0 filtered out; finished in 0.00s

     Running tests\budget.rs (target\debug\deps\budget-92272bcb7a56d2ac.exe)

running 3 tests
test depth_scope_restores_the_caller_even_after_callback_replaces_budget ... ok
test observed_delegated_cost_is_atomic_across_all_resources_and_preserves_stops ... ok
test temporary_ceilings_restore_on_result_paths_and_cannot_regrant_reserved_capacity ... ok

test result: ok. 3 passed; 0 failed; 0 ignored; 0 measured; 0 filtered out; finished in 0.00s

     Running tests\contracts.rs (target\debug\deps\contracts-36c3bab039a112b9.exe)

running 29 tests
test nested_budget_retains_work_and_peak_depth_after_failed_branch ... ok
test first_budget_stop_is_sticky_across_smaller_charges_and_cancellation ... ok
test canonical_integers_reject_negative_zero_and_leading_zero ... ok
test budget_exact_limits_overflow_zero_and_cancel_are_distinct ... ok
test line_index_allocation_limit_is_enforced ... ok
test admission_accounts_for_copied_locator_payload ... ok
test locator_profile_is_checked_without_os_or_scheme_normalization ... ok
test edits_are_atomic_across_sources_and_reject_stale_or_conflicting_input ... ok
test edit_size_limit_checked_before_replacement_is_built ... ok
test line_positions_roundtrip_unicode_and_all_line_endings ... ok
test borrowed_store_insert_does_not_clone_duplicates_or_publish_on_stop ... ok
test rational_constructors_normalize_native_but_reject_noncanonical_wire ... ok
test admission_usage_does_not_depend_on_snapshot_allocation_order ... ok
test shared_admission_is_operation_local_and_independent_storage_still_checked ... ok
test indexed_admission_keeps_unique_bytes_and_checks_empty_cancel ... ok
test indexed_source_insert_preserves_order_and_metered_duplicate_lookup ... ok
test source_admission_charges_unique_snapshots_once_across_shared_calls ... ok
test source_admission_rejects_locator_changes_for_same_snapshot_identity ... ok
test source_digest_is_sha256_of_exact_original_bytes ... ok
test source_limits_precede_decode_and_decode_does_not_replace_bytes ... ok
test source_index_hint_checks_full_key_and_keeps_conflicts_atomic ... ok
test span_rejects_scalar_interiors_bounds_and_other_identity ... ok
test store_preserves_distinct_ids_at_same_uri_and_rejects_conflicting_revision ... ok
test generated_source_locator_scan_is_charged_before_validation ... ok
test ordered_source_insertion_has_linear_index_search_work ... ok
test snapshot_metadata_copy_is_bounded_but_independent_comparison_is_not_free ... ok
test ordered_source_insertions_between_existing_bounds_use_neighbors ... ok
test shared_copy_and_independent_comparison_have_separate_work_bounds ... ok
test snapshot_clones_preserve_owned_lifetime_and_independent_identity_checks ... ok

test result: ok. 29 passed; 0 failed; 0 ignored; 0 measured; 0 filtered out; finished in 0.01s

     Running tests\decimal.rs (target\debug\deps\decimal-add215233e4865b2.exe)

running 2 tests
test invalid_digits_and_resource_stops_precede_numeric_allocation ... ok
test exact_decimal_constructor_is_independent_of_lexical_leading_zero_policy ... ok

test result: ok. 2 passed; 0 failed; 0 ignored; 0 measured; 0 filtered out; finished in 0.00s

     Running tests\edit.rs (target\debug\deps\edit-f3c6567523582070.exe)

running 5 tests
test deletion_admits_original_and_generated_snapshots_once ... ok
test semantic_failure_does_not_reserve_an_unpublished_output_identity ... ok
test a_conflicting_preexisting_output_does_not_publish_other_transaction_outputs ... ok
test work_source_and_locator_limits_stop_before_unbounded_owned_copies ... ok
test every_allocation_stop_is_atomic_sticky_and_retryable_in_a_fresh_operation ... ok

test result: ok. 5 passed; 0 failed; 0 ignored; 0 measured; 0 filtered out; finished in 0.03s

     Running tests\facts.rs (target\debug\deps\facts-8ba91ee1f81d7fa6.exe)

running 2 tests
test facts_reject_missing_sources_namespace_roots_and_fresh_operation_limits ... ok
test delta_keeps_current_scope_namespace_reservations_and_foreign_scope_authority ... ok

test result: ok. 2 passed; 0 failed; 0 ignored; 0 measured; 0 filtered out; finished in 0.00s

     Running tests\lexical.rs (target\debug\deps\lexical-f7cc9788180f2f92.exe)

running 3 tests
test whole_language_tag_preserves_abnf_scope ... ok
test whole_lexemes_stop_without_allocating_or_losing_cancellation ... ok
test whole_name_uses_pinned_unicode_spelling_and_excludes_trivia ... ok

test result: ok. 3 passed; 0 failed; 0 ignored; 0 measured; 0 filtered out; finished in 0.00s

     Running tests\maps.rs (target\debug\deps\maps-b8c40905248383a5.exe)

running 9 tests
test borrowed_map_union_checks_containment_and_geometry_in_both_parts ... ok
test mapped_containment_requires_every_byte_and_every_reverse_path ... ok
test duplicate_edges_and_joins_preserve_longest_depth_and_sticky_stops ... ok
test borrowed_union_does_not_copy_source_id_payloads ... ok
test snapshot_dag_proves_large_transforms_without_enumerating_the_point_product ... ok
test ordered_graph_hint_survives_insertions_before_and_after_cached_positions ... ok
test map_admission_never_copies_long_identity_before_zero_allocation_budget ... ok
test indexed_map_graphs_agree_with_transitive_closure_in_both_orders ... ok
test wide_snapshot_dag_work_does_not_scan_all_edges_for_each_vertex ... ok

test result: ok. 9 passed; 0 failed; 0 ignored; 0 measured; 0 filtered out; finished in 0.05s

     Running tests\structure.rs (target\debug\deps\structure-b369cb77884d8bf6.exe)

running 20 tests
test canonical_json_escapes_controls_without_unicode_normalization ... ok
test imported_origin_graph_honors_zero_nodes_and_depth_limits ... ok
test descriptor_canonical_json_has_independently_specified_field_order ... ok
test descriptor_map_order_is_irrelevant_but_duplicates_are_rejected ... ok
test inverse_refuses_transformed_and_ambiguous_mappings ... ok
test forward_overlap_is_acyclic_and_map_budget_failure_does_not_insert ... ok
test registry_accepts_mutual_symbolic_references_then_seals_them ... ok
test imported_origin_graph_rejects_cycles_unknown_refs_and_missing_source ... ok
test report_diagnostic_limit_has_no_fabricated_global_message ... ok
test local_kind_ids_are_canonical_across_descriptor_input_order ... ok
test empty_anchor_cycles_and_transformed_relations_are_checked ... ok
test report_storage_obeys_allocation_budget ... ok
test registry_rejects_wrong_digest_and_unknown_unused_references ... ok
test report_candidate_rollback_discards_facts_without_refunding_budget ... ok
test report_zero_event_capacity_keeps_one_typed_overflow_and_stop ... ok
test source_map_checks_composable_interval_cycles_not_snapshot_cycles ... ok
test structural_boundary_checks_field_count_kind_intrinsic_subset_and_negative_natural ... ok
test validator_and_descriptor_depth_share_parent_budget_and_peak ... ok
test rejected_deep_descriptor_is_safe_to_clone_compare_debug_and_drop ... ok
test deeply_nested_value_cleanup_uses_no_recursive_drop_chain ... ok

test result: ok. 20 passed; 0 failed; 0 ignored; 0 measured; 0 filtered out; finished in 0.05s

     Running tests\syntax.rs (target\debug\deps\syntax-14d9df9e34110420.exe)

running 10 tests
test syntax_preserves_nested_stop_causes_and_does_not_reclassify_semantic_errors ... ok
test source_child_cover_must_follow_head_and_stay_in_parent ... ok
test view_child_edges_are_acyclic_but_semantic_relation_cycles_are_allowed ... ok
test foreign_nesting_adds_to_containing_node_path_depth ... ok
test token_owns_even_unreachable_view_elements ... ok
test foreign_ids_are_local_but_environment_and_root_must_match ... ok
test token_internal_view_is_sidecar_and_trivia_retains_bom_bytes ... ok
test syntax_graph_checks_all_refs_and_cycles_while_allowing_shared_children ... ok
test deeply_nested_foreign_bundle_cleanup_is_iterative ... ok
test owned_syntax_copy_precharges_payloads_and_preserves_deep_foreign_ownership ... ok

test result: ok. 10 passed; 0 failed; 0 ignored; 0 measured; 0 filtered out; finished in 0.41s

     Running tests\value.rs (target\debug\deps\value-de47cfed8240bd08.exe)

running 2 tests
test budgeted_equality_keeps_values_and_composes_caller_depth ... ok
test equality_charges_frontier_before_queueing_wide_input ... ok

test result: ok. 2 passed; 0 failed; 0 ignored; 0 measured; 0 filtered out; finished in 0.01s

     Running unittests src\lib.rs (target\debug\deps\nepl3_doc_core-e8993f7a17903ff8.exe)

running 1 test
test normalize::tests::normal_form_flattens_only_sequences_and_retains_explicit_break ... ok

test result: ok. 1 passed; 0 failed; 0 ignored; 0 measured; 0 filtered out; finished in 0.00s

     Running tests\foreign.rs (target\debug\deps\foreign-383e97ffa5ff853e.exe)

running 2 tests
test shared_embed_validation_composes_its_deepest_doc_owner ... ok
test code_guest_stays_syntax_through_doc_structure_and_cbor ... ok

test result: ok. 2 passed; 0 failed; 0 ignored; 0 measured; 0 filtered out; finished in 0.01s

     Running tests\pages.rs (target\debug\deps\pages-b41d53f5710238aa.exe)

running 8 tests
test page_resolution_obeys_sticky_resource_limits ... ok
test page_boundary_validation_still_precedes_earlier_page_label_failures ... ok
test external_links_remain_requirements_not_successful_page_links ... ok
test first_cbor_receiver_recomputes_plan_and_rejects_forged_or_stale_links ... ok
test pages_resolve_forward_and_relative_links_with_explicit_identity ... ok
test registered_file_bytes_are_resolved_and_bound_to_the_portable_plan ... ok
test file_registration_cannot_shadow_pages_or_claim_doc_anchors ... ok
test registry_collisions_and_unknown_destinations_are_rejected ... ok

test result: ok. 8 passed; 0 failed; 0 ignored; 0 measured; 0 filtered out; finished in 0.09s

     Running tests\portable.rs (target\debug\deps\portable-007a0865904735ee.exe)

running 6 tests
test schema_valid_wrong_category_and_resource_stops_are_typed ... ok
test many_source_revisions_fit_a_bounded_index_lookup_allowance ... ok
test source_uniqueness_uses_logical_revision_and_preserves_source_order ... ok
test document_ndf_and_cbor_first_receiver_preserve_source_view_and_meaning ... ok
test sentence_payload_uses_only_the_explicit_owner_after_cbor ... ok
test valid_document_decode_keeps_work_stop_causes_at_inner_boundaries ... ok

test result: ok. 6 passed; 0 failed; 0 ignored; 0 measured; 0 filtered out; finished in 0.03s

     Running tests\prepare.rs (target\debug\deps\prepare-76b5163ffbe5f651.exe)

running 3 tests
test inspection_requires_article_labels_and_preserves_sticky_stops ... ok
test preparation_discovers_distinct_placements_without_loading_assets ... ok
test portable_plan_recomputes_requirements_and_rejects_stale_or_incomplete_data ... ok

test result: ok. 3 passed; 0 failed; 0 ignored; 0 measured; 0 filtered out; finished in 0.01s

     Running tests\sentence.rs (target\debug\deps\sentence-327440f8215f1f47.exe)

running 4 tests
test text_merge_preserves_known_and_source_less_provenance ... ok
test literal_annotations_escapes_and_original_views ... ok
test typed_prefix_constructor_and_literal_share_the_normal_form ... ok
test incomplete_and_failed_annotations_keep_raw_byte_positions ... ok

test result: ok. 4 passed; 0 failed; 0 ignored; 0 measured; 0 filtered out; finished in 0.01s

     Running tests\shape.rs (target\debug\deps\shape-a4b002c10d7e7375.exe)

running 4 tests
test shared_child_still_counts_on_the_longest_path ... ok
test parallel_and_annotation_constraints_use_actual_child_content ... ok
test categories_and_graph_are_checked_before_semantic_use ... ok
test deep_arenas_stop_and_drop_without_recursive_ownership ... ok

test result: ok. 4 passed; 0 failed; 0 ignored; 0 measured; 0 filtered out; finished in 0.05s

     Running unittests src\lib.rs (target\debug\deps\nepl3_doc_html-77ff5043da0ad34e.exe)

running 0 tests

test result: ok. 0 passed; 0 failed; 0 ignored; 0 measured; 0 filtered out; finished in 0.00s

     Running tests\local.rs (target\debug\deps\local-8fdeedf6c19a74bd.exe)

running 2 tests
test first_cbor_receiver_prepares_renders_and_rejects_stale_or_forged_results ... ok
test output_budget_and_browser_depth_never_silently_flatten_the_document ... ok

test result: ok. 2 passed; 0 failed; 0 ignored; 0 measured; 0 filtered out; finished in 0.02s

     Running unittests src\lib.rs (target\debug\deps\nepl3_engine-d18577ecd820ae0d.exe)

running 8 tests
test package::forms::tests::index_build_and_lookup_keep_cumulative_stops ... ok
test package::forms::tests::exact_category_and_spelling_preserve_original_indices ... ok
test head::tests::window_preserves_exact_utf8_and_requires_admission_in_each_operation ... ok
test head::tests::completed_projection_preserves_compound_values_without_unread_siblings_or_tables ... ok
test parse::build::tests::closure_merge_preserves_source_order_full_identity_and_conflicts ... ok
test parse::build::tests::session_index_stops_and_conflicts_keep_source_index_pairs_consistent ... ok
test parse::build::tests::ordered_closure_duplicates_fit_linear_comparison_allowance ... ok
test parse::build::tests::session_index_appends_each_closure_without_rebuilding_prior_sources ... ok

test result: ok. 8 passed; 0 failed; 0 ignored; 0 measured; 0 filtered out; finished in 0.00s

     Running tests\head.rs (target\debug\deps\head-8045e340dfcaab7e.exe)

running 14 tests
test long_failed_reply_is_charged_before_primary_equality_and_keeps_prior_report ... ok
test deep_failed_payload_respects_saved_call_depth_and_keeps_prior_report ... ok
test head_resume_source_uri_conflict_and_missing_primary_preserve_the_original_slot ... ok
test head_resume_uses_saved_auxiliary_context_and_rejects_caller_conflicts_before_consumption ... ok
test shape_provider_failure_keeps_unknown_arity_unparsed_and_primary_once ... ok
test dynamic_head_uses_compound_completed_child_and_restores_normal_child_context ... ok
test failed_child_context_preserves_known_parent_arity_and_formal_primary_once ... ok
test head_cancel_keeps_accepted_diagnostic_event_and_fixed_parent_progress ... ok
test foreign_completed_selector_uses_local_projection_ids_and_returns_to_host_body ... ok
test completed_head_wrapper_preserves_owned_execution_and_pending_boundaries ... ok
test synchronous_head_reader_head_dispatch_matches_owned_interleaving ... ok
test head_trace_overflow_requires_stopped_and_invalid_success_keeps_pending ... ok
test portable::portable_callback_and_dynamic_tree_match_owned_native_execution ... ok
test synchronous_head_host_and_owned_fallback_keep_the_same_tree_and_positions ... ok

test result: ok. 14 passed; 0 failed; 0 ignored; 0 measured; 0 filtered out; finished in 0.10s

     Running tests\package.rs (target\debug\deps\package-816b0a9c0115c5c8.exe)

running 21 tests
test listof_foreign_has_foreign_head_and_local_tail_without_losing_its_selector ... ok
test package_checks_real_surface_shapes_modes_selectors_and_binding_coverage ... ok
test persistent_tree_checks_parent_reads_spelling_payload_and_concrete_owner ... ok
test head::portable::delegated_grant_and_real_framing_share_the_original_work_cap ... ok
test head::portable::head_delegation_accounts_window_reception_once_and_merges_relative_costs_with_absolute_depth ... ok
test package_boundary_checks_extension_provenance_and_resource_limits ... ok
test portable::typed_tree_recovery_uses_the_guest_source_table_and_canonical_node_reference ... ok
test head::portable::projected_shared_payload_depth_includes_the_deeper_graph_path ... ok
test portable::facts::facts_first_receiver_decodes_without_the_senders_request_or_source_store ... ok
test head::portable::head_first_receiver_preserves_compound_projection_and_rejects_schema_valid_corruption ... ok
test head::portable::head_all_reply_branches_preserve_projected_report_and_reject_invalid_fixes_and_graphs ... ok
test head::portable::stopped_transport_records_child_cost_and_unsettled_drop_blocks_parent_reuse ... ok
test portable::facts::facts_all_reply_branches_keep_report_only_sources_and_request_relative_grants ... ok
test package_rejects_direct_reader_cycles_and_counts_binding_entry_depth ... ok
test head::head_registrations_bind_alias_signature_host_identity_and_profile_digest ... ok
test portable::facts::facts_request_binds_complete_host_authority_and_canonical_target ... ok
test semantic_identity_preserves_ordered_behavior_and_presentation_fallback ... ok
test recovery_strategy_and_sync_order_are_part_of_package_behavior ... ok
test semantic_identity_removes_arena_layout_sharing_and_provenance ... ok
test portable::typed_tree_roundtrip_remaps_every_local_owner_and_rejects_stale_wrapper_indices ... ok
test resolved_profile_pins_real_package_host_providers_resources_and_foreign_modes ... ok

test result: ok. 21 passed; 0 failed; 0 ignored; 0 measured; 0 filtered out; finished in 0.10s

     Running tests\parse.rs (target\debug\deps\parse-e6c9f90dc4f3ddba.exe)

running 23 tests
test explicit_list_spine_preserves_declared_head_and_tail_children ... ok
test native_host_nested_stop_is_sticky_without_host_mutating_budget ... ok
test foreign::foreign_root_mode_is_guest_owned_and_normal_child_and_host_restore_defaults ... ok
test missing_final_child_and_nonfinal_input_are_distinct ... ok
test append_retry_retains_original_caller_depth_when_host_resumes_at_zero ... ok
test native_host_failure_keeps_generated_diagnostic_and_event_closure ... ok
test missing_children_share_one_bundle_recovery_table ... ok
test static_form_keeps_builtin_children_and_token_payloads ... ok
test accepted_trivia_without_a_token_survives_eof_and_need_more ... ok
test text_reservation_preserves_prefix_identity_and_composed_caller_depth ... ok
test provider_resume_keeps_prefix_frames_report_and_caller_depth ... ok
test prefix_depth_composes_with_nested_reader_frames ... ok
test native_host_mixed_text_provider_fallback_preserves_decoded_sources ... ok
test native_host_prefix_growth_reduces_measured_copy_work ... ok
test unknown_heads_preserve_remainder_without_inventing_a_leaf_arity ... ok
test native_host_preserves_tree_reports_maps_and_owned_fallback ... ok
test indexed_forms_keep_declared_indices_exact_lexemes_and_leaf_priority ... ok
test replacing_a_callback_budget_cannot_be_hidden_by_cancel_or_transport_error ... ok
test append_retry_reparses_every_scalar_split_and_keeps_cumulative_usage ... ok
test completed_parse_wrappers_preserve_raw_outcomes_reports_and_costs ... ok
test native_host_cancel_and_invalid_reply_keep_boundary_semantics ... ok
test native_collector_transfer_preserves_generated_sources_at_allocation_boundaries ... ok
test allocation_stop_preserves_actual_usage_and_never_invents_a_root ... ok

test result: ok. 23 passed; 0 failed; 0 ignored; 0 measured; 0 filtered out; finished in 2.49s

     Running unittests src\lib.rs (target\debug\deps\nepl3_grammar_core-9b4ab6021457dfd6.exe)

running 0 tests

test result: ok. 0 passed; 0 failed; 0 ignored; 0 measured; 0 filtered out; finished in 0.00s

     Running tests\reader.rs (target\debug\deps\reader-b50978972d736057.exe)

running 2 tests
test compiler_catalogs_reject_ambiguous_and_empty_names_and_ast_charges_nodes ... ok
test reader_compiler_lowers_real_plan_and_rejects_natural_range_repeat_and_reference_errors ... ok

test result: ok. 2 passed; 0 failed; 0 ignored; 0 measured; 0 filtered out; finished in 0.01s

     Running unittests src\lib.rs (target\debug\deps\nepl3_markup-62bc77e4bf12aced.exe)

running 0 tests

test result: ok. 0 passed; 0 failed; 0 ignored; 0 measured; 0 filtered out; finished in 0.00s

     Running tests\anchors.rs (target\debug\deps\anchors-65c0f1444f98f41e.exe)

running 2 tests
test anchor_extension_does_not_relax_data_or_css_tokens ... ok
test decoded_ids_and_all_internal_href_variants_preserve_unicode ... ok

test result: ok. 2 passed; 0 failed; 0 ignored; 0 measured; 0 filtered out; finished in 0.00s

     Running tests\html.rs (target\debug\deps\html-6c179d8e1b3cfe8b.exe)

running 5 tests
test sticky_stops_apply_to_validation_and_serialization_with_caller_depth ... ok
test malformed_structure_and_attribute_values_never_become_partial_html ... ok
test tables_images_and_typed_external_links ... ok
test nested_paragraph_wrapper_links_lists_and_code_preserve_bytes ... ok
test dag_appearance_identity_cycles_unreachable_and_deep_drop ... ok

test result: ok. 5 passed; 0 failed; 0 ignored; 0 measured; 0 filtered out; finished in 0.04s

     Running tests\portable.rs (target\debug\deps\portable-2c186e2d007366dd.exe)

running 2 tests
test first_cbor_receiver_revalidates_owned_markup_and_matches_native_output ... ok
test schema_valid_invalid_markup_and_unknown_tags_are_rejected_after_cbor ... ok

test result: ok. 2 passed; 0 failed; 0 ignored; 0 measured; 0 filtered out; finished in 0.01s

     Running tests\regression.rs (target\debug\deps\regression-b71a0c778d71f7e6.exe)

running 5 tests
test ruby_grammar_rejects_invalid_fallback_and_base_sequences ... ok
test external_port_is_unsigned_ascii_decimal ... ok
test ruby_group_annotations_and_single_nested_base_are_retained ... ok
test zero_work_does_not_allocate_a_validation_arena ... ok
test serializer_work_limit_bounds_frontier_before_enqueue ... ok

test result: ok. 5 passed; 0 failed; 0 ignored; 0 measured; 0 filtered out; finished in 0.03s

     Running tests\routes.rs (target\debug\deps\routes-0fc0f013162b5598.exe)

running 4 tests
test raw_routes_do_not_authorize_parent_segments_or_url_syntax ... ok
test relative_routes_preserve_complete_directory_segments ... ok
test route_serialization_keeps_resource_stops_and_input ... ok
test route_first_cbor_receiver_checks_both_paths ... ok

test result: ok. 4 passed; 0 failed; 0 ignored; 0 measured; 0 filtered out; finished in 0.01s

     Running tests\text.rs (target\debug\deps\text-17303956a642d88d.exe)

running 3 tests
test canonical_escape_preserves_text_and_attribute_whitespace ... ok
test escaping_limits_precede_result_allocation_and_stops_are_sticky ... ok
test xml_character_ranges_and_error_byte_offsets_are_exact ... ok

test result: ok. 3 passed; 0 failed; 0 ignored; 0 measured; 0 filtered out; finished in 0.05s

     Running unittests src\lib.rs (target\debug\deps\nepl3_math_core-0fc0a9bddfa12e16.exe)

running 0 tests

test result: ok. 0 passed; 0 failed; 0 ignored; 0 measured; 0 filtered out; finished in 0.00s

     Running tests\construct.rs (target\debug\deps\construct-0c945ea2accfbadb.exe)

running 1 test
test fresh_rational_notation_obeys_structure_depth_and_caller ... ok

test result: ok. 1 passed; 0 failed; 0 ignored; 0 measured; 0 filtered out; finished in 0.00s

     Running tests\number.rs (target\debug\deps\number-5ab533f691181a2c.exe)

running 2 tests
test arithmetic_stops_before_big_integer_work_and_retains_operands ... ok
test canonical_rationals_keep_exact_decimal_and_fraction_values ... ok

test result: ok. 2 passed; 0 failed; 0 ignored; 0 measured; 0 filtered out; finished in 0.00s

     Running tests\portable.rs (target\debug\deps\portable-18d84a166fcec508.exe)

running 2 tests
test schema_valid_math_rejects_nonfinite_numbers_and_missing_source_closure ... ok
test first_receiver_keeps_fraction_notation_spelling_and_source_once ... ok

test result: ok. 2 passed; 0 failed; 0 ignored; 0 measured; 0 filtered out; finished in 0.01s

     Running tests\shape.rs (target\debug\deps\shape-9bd6e8a841acd955.exe)

running 3 tests
test rational_constructor_uses_number_only_for_finite_decimals ... ok
test notation_shapes_enforce_matrix_vector_fence_and_root_constraints ... ok
test shared_paths_and_deep_cleanup_keep_limits_and_categories ... ok

test result: ok. 3 passed; 0 failed; 0 ignored; 0 measured; 0 filtered out; finished in 0.05s

     Running unittests src\lib.rs (target\debug\deps\nepl3_reader-8c326c989ce8e0d0.exe)

running 6 tests
test runtime::ownership_tests::hard_failure_returns_owned_collector_without_copying_or_new_budget ... ok
test runtime::ownership_tests::stopped_owned_collector_retains_closure_and_original_stop ... ok
test tokenizer::recovery::tests::recovery_keeps_scope_limits_and_usage_but_restores_entry_overflow ... ok
test tokenizer::recovery::tests::every_short_prefix_is_rejected_without_issuing_an_accepted_proof ... ok
test tokenizer::session::ownership_tests::rejected_budget_cannot_erase_previously_accepted_usage ... ok
test tokenizer::session::ownership_tests::tokenizer_failure_moves_source_closure_with_exhausted_budget ... ok

test result: ok. 6 passed; 0 failed; 0 ignored; 0 measured; 0 filtered out; finished in 0.00s

     Running tests\builtin.rs (target\debug\deps\builtin-a5690bf0b8b6a445.exe)

running 17 tests
test reservation_locator_validation_obeys_work_limit_before_scanning ... ok
test mode_text_reservation_is_lazy_and_echo_is_checked ... ok
test tokenizer_configuration_identity_ignores_mode_declaration_order_but_retains_rule_order ... ok
test empty_skip_and_take_readers_are_nonprogress_failures ... ok
test text_exact_runs_preserve_utf8_offsets_and_escape_boundaries ... ok
test mode_take_is_ordered_choice_and_does_not_consume_trailing_trivia ... ok
test owned_tokenizer_resume_does_not_borrow_the_original_context_and_checks_all_echo_fields ... ok
test text_decoding_retains_each_exact_or_transformed_source_range ... ok
test selected_standard_provider_dispatch_uses_builtin_values_and_rejects_forgery ... ok
test generated_source_admission_is_once_and_unsuccessful_text_has_no_source_charge ... ok
test builtin_budget_stops_are_typed_and_do_not_return_partial_tokens ... ok
test trivia_keeps_ascii_line_boundaries_and_bom_position ... ok
test maximal_lexemes_wait_at_every_nonfinal_scalar_boundary ... ok
test names_preserve_unicode_spelling_and_read_maximal_identifier ... ok
test committed_text_rejects_invalid_escapes_scalars_and_direct_lines ... ok
test naturals_and_finite_decimals_are_exact_and_boundary_checked ... ok
test language_is_well_formed_abnf_not_registry_validity ... ok

test result: ok. 17 passed; 0 failed; 0 ignored; 0 measured; 0 filtered out; finished in 0.18s

     Running tests\context.rs (target\debug\deps\context-841a9507765a423b.exe)

running 1 test
test checked_context_uses_real_digest_and_exact_origin_source_closure ... ok

test result: ok. 1 passed; 0 failed; 0 ignored; 0 measured; 0 filtered out; finished in 0.00s

     Running tests\portable.rs (target\debug\deps\portable-4366c8ffda42ce68.exe)

running 2 tests
test host_global_source_cannot_fill_a_missing_request_declaration ... ok
test native_request_and_checked_ndf_loopback_execute_with_identical_meaning ... ok

test result: ok. 2 passed; 0 failed; 0 ignored; 0 measured; 0 filtered out; finished in 0.01s

     Running tests\runtime.rs (target\debug\deps\runtime-9ef2171083ae2cb7.exe)

running 40 tests
test bounded_repeat_zero_never_executes_nullable_body ... ok
test checked_context_reuse_admits_exact_source_closure_in_each_operation ... ok
test cancellation_during_provider_wait_stops_and_consumes_the_pending_slot ... ok
test accepted_diagnostic_owns_primary_related_and_fix_source_closure_before_publication ... ok
test checked_context_reuse_rejects_same_id_revision_with_changed_content ... ok
test every_utf8_prefix_split_is_need_more_and_final_truncation_is_no_match ... ok
test choice_rewinds_captures_views_and_retains_work ... ok
test commit_does_not_hide_failure_or_need_more_in_choice ... ok
test checkpoints::suspended_lookahead_materializes_owned_prefixes_then_restores_the_visible_tree ... ok
test failed_choice_restores_programmed_state_before_next_provider_call ... ok
test direct_repeat_failure_and_streaming_shortage_rollback_all_prior_iteration_reports ... ok
test checkpoints::lookahead_over_growing_view_keeps_prior_nodes_without_quadratic_rollback_copies ... ok
test accepted_collector_crosses_language_sessions_only_in_its_original_operation ... ok
test map_decode_and_then_use_typed_provider_envelopes ... ok
test generated_sources_are_validated_transactionally_and_available_to_diagnostics ... ok
test fresh_budget_and_forged_call_or_source_cannot_resume_a_saved_slot ... ok
test long_source_identity_is_not_copied_after_allocation_budget_is_exhausted ... ok
test programmed_repetition_requires_actual_consumption_and_accepts_consuming_calls ... ok
test node_sidecar_and_look_not_optional_discard_have_independent_values ... ok
test runtime_rejects_left_recursion_hidden_behind_empty_programmed_call ... ok
test retry::rejected_read_payload_state_end_source_and_view_preserve_formal_collector_and_pending ... ok
test provider_overflow_rejects_read_failed_map_decode_without_consuming_slot ... ok
test provider_signature_checks_operation_envelope_and_pure_decoder ... ok
test session_binds_call_source_plan_usage_and_closes_after_consumed_resume ... ok
test plan_identity_is_deterministic_but_distinguishes_arena_representation ... ok
test unicode_classes_use_pinned_unicode16_and_ascii_numeric_rules ... ok
test static_plan_rejects_unknown_references_types_and_unproductive_recursion ... ok
test tokenizer_host::synchronous_text_reservation_preserves_decode_maps_and_fallback ... ok
test tokenizer_outer_echo_validates_every_nested_reader_component_before_private_resume ... ok
test tokenizer_host::recovering_tokenizer_returns_the_prior_native_collector ... ok
test failed_stopped_and_rollback_results_have_their_exact_formal_source_closure ... ok
test tokenizer_host::synchronous_tokenizer_keeps_owned_fallback_and_validates_replies ... ok
test until_leaves_delimiter_and_takecount_counts_scalars ... ok
test stopped_reader_retains_committed_provider_reports ... ok
test allocation_faults_across_later_resumes_preserve_already_accepted_reports ... ok
test transform::transform_all_outcomes_keep_sources_reports_and_retry_after_rejected_native_or_ndf_reply ... ok
test stopped_tokenizer_retains_reader_report_and_generated_source_closure ... ok
test tokenizer_await_allocation_stops_clear_both_private_pending_slots ... ok
test tokenizer_preserves_accepted_skip_reports_and_sources_across_candidate_rollback ... ok
test checkpoints::owned_resume_charges_frame_traversal_before_allocating_the_frame_vector ... ok

test result: ok. 40 passed; 0 failed; 0 ignored; 0 measured; 0 filtered out; finished in 1.60s

     Running unittests src\lib.rs (target\debug\deps\nepl3_tools-69244717011a8889.exe)

running 67 tests
test bootstrap::tests::complete_grammar_bootstrap_host_comparison ... ignored, owned continuation performance baseline; run explicitly with --ignored --nocapture
test contract::tests::unknown_form_reference_is_rejected ... ok
test contract::tests::unordered_or_duplicate_schema_fields_are_rejected ... ok
test contract::foundation::tests::generated_foundation_is_registered_and_checks_ordinary_schema_ref_records ... ok
test contract::foundation::tests::constraint_declaration_order_is_canonical_but_duplicates_are_invalid ... ok
test contract::types::tests::parses_nested_types_and_rejects_unknown_or_malformed_generics ... ok
test contract::types::tests::intrinsic_tags_payload_order_and_subset_membership_are_fixed_by_ndf1 ... ok
test contract::types::tests::rejects_missing_duplicate_or_local_external_imports_and_duplicate_owners ... ok
test contract::types::tests::missing_or_description_only_intrinsic_is_not_a_closed_type ... ok
test contract::tests::real_contract_checker_uses_same_validation_for_model_fields ... ok
test dependency::tests::development_edges_are_reported_separately ... ok
test dependency::tests::production_host_boundary_does_not_depend_on_no_std_flag ... ok
test dependency::tests::indirect_domain_dependency_is_rejected ... ok
test dependency::tests::renamed_build_dependency_is_checked_by_package_name ... ok
test doc::host::tests::source_cache_tracks_exact_request_scope_and_rechecks_independent_values ... ok
test doc::export::pages::resources::tests::phase_digest_matches_independent_fixed_big_endian_vector ... ok
test documentation::markdown::tests::footnote_markers_are_preserved_without_inventing_rendered_numbers ... ok
test documentation::markdown::tests::generic_notation_is_literal_code_and_generated_comments_are_metadata ... ok
test documentation::markdown::tests::corrected_foundation_and_math_documents_have_no_accidental_html_tags ... ok
test documentation::markdown::tests::hard_break_is_the_same_typed_newline_in_setext_heading_and_link ... ok
test documentation::markdown::tests::heading_and_link_projection_keep_both_math_event_kinds ... ok
test documentation::markdown::tests::inline_html_is_retained_separately_and_not_interpreted_by_summary_projection ... ok
test documentation::markdown::tests::link_projection_preserves_soft_and_hard_word_boundaries ... ok
test documentation::markdown::tests::real_markdown_parser_keeps_badges_nested_links_and_literal_code_separate ... ok
test documentation::markdown::tests::unicode_crlf_breaks_and_math_keep_original_byte_ranges ... ok
test documentation::markdown::tests::nested_image_code_and_math_share_heading_and_link_projection ... ok
test contract::types::tests::repository_descriptors_resolve_including_recursive_intrinsics_and_models ... ok
test contract::types::tests::rejects_unresolved_nested_fields_union_targets_and_undeclared_parameters ... ok
test contract::foundation::tests::checker_rejects_changed_foundation_descriptor_before_registry_use ... ok
test contract::reader::tests::reader_envelope_reference_closure_rejects_nested_missing_type ... ok
test evidence::identity::tests::length_prefixed_profile_matches_independent_hashlib_vector ... ok
test contract::tests::real_contract_entry_rejects_unresolved_fields_intrinsics_and_imports ... ok
test bootstrap::tests::compiled_angle_reader_keeps_quoted_delimiters_and_streaming_commit ... ok
test bootstrap::tests::seed_rejects_forged_source_constructor_literal_and_list_boundaries ... ok
test contract::tests::real_contract_checker_rejects_malformed_contract_fields_and_variant_payloads ... ok
test documentation::tests::commit_reference_and_missing_history_are_not_silently_accepted ... ok
test bootstrap::tests::production_static_parse_lowers_actual_token_and_list_positions ... ok
test bootstrap::tests::lower_rechecks_execution_owner_even_when_semantic_profile_is_equal ... ok
test evidence::tests::actual_task_loader_accepts_only_matching_complete_attempt ... ok
test bootstrap::tests::file_driver_distinguishes_trailing_trivia_stop_from_extra_input ... ok
test repository::json::tests::duplicate_keys_cannot_hide_contract_fields ... ok
test repository::tests::escaping_reference_is_rejected_before_reading ... ok
test repository::tests::nul_paths_keep_spaces_and_non_ascii ... ok
test repository::tests::secret_and_artifact_names_are_rejected ... ok
test task::tests::acceptance_ids_are_spec_definitions_only ... ok
test task::tests::dependency_graph_rejects_cycle_missing_and_duplicate_edges ... ok
test task::tests::executed_status_requires_evidence ... ok
test task::tests::final_completion_requires_all_global_acceptance_passed ... ok
test task::tests::scoped_evidence_rejects_empty_checks_or_wrong_task ... ok
test task::tests::scoped_task_completion_does_not_pretend_global_editor_acceptance_passed ... ok
test task::tests::status_cannot_omit_an_acceptance_group ... ok
test task::tests::terminal_task_uses_new_required_groups_and_not_optional_groups ... ok
test evidence::tests::evidence_status_and_generated_tasks_do_not_create_hash_self_reference ... ok
test bootstrap::tests::original_grammar_parser_compiles_independent_reader_binding_style_mutations ... ok
test evidence::tests::failed_attempt_can_record_early_failure_without_claiming_full_coverage ... ok
test evidence::tests::actual_task_loader_rejects_missing_malformed_and_duplicate_key_reports ... ok
test bootstrap::tests::supplied_grammar_sources_load_complete_typed_constructor_arenas ... ok
test evidence::tests::partial_success_reports_cannot_be_combined_into_a_full_attempt ... ok
test evidence::tests::modifying_excluded_log_still_invalidates_its_bound_report ... ok
test evidence::tests::independent_review_is_typed_and_cannot_be_faked_as_a_process_run ... ok
test evidence::tests::actual_task_loader_rejects_wrong_group_result_identity_and_target_coverage ... ok
test documentation::tests::git_symlink_mode_is_rejected_without_creating_an_os_symlink ... ok
test evidence::tests::inventory_addition_source_change_spec_change_and_deleted_input_invalidate ... ok
test bootstrap::tests::complete_grammar_bootstrap_uses_production_parser_lower_and_semantic_identity ... ok
test documentation::tests::real_checker_reports_added_changed_removed_and_rejects_current_claim ... ok
test documentation::tests::nonregular_output_and_oversized_current_input_are_rejected ... ok
test documentation::tests::real_checker_rejects_omitted_page_digest_and_structure_tampering ... ok

test result: ok. 66 passed; 0 failed; 1 ignored; 0 measured; 0 filtered out; finished in 5.15s

     Running unittests src\main.rs (target\debug\deps\nepl3_tools-adc3eba88a1e619b.exe)

running 0 tests

test result: ok. 0 passed; 0 failed; 0 ignored; 0 measured; 0 filtered out; finished in 0.00s

     Running tests\bootstrap.rs (target\debug\deps\bootstrap-bc85a2faa37623e1.exe)

running 1 test
test seed_import_runs_on_main_thread_for_complete_sources_and_rejects_bad_input ... ok

test result: ok. 1 passed; 0 failed; 0 ignored; 0 measured; 0 filtered out; finished in 0.75s

     Running tests\doc.rs (target\debug\deps\doc-3ca723e83baae99e.exe)

running 69 tests
test export::page_manifest_requires_all_explicit_limit_fields ... ok
test doc_sentence_provider_failures_have_typed_report_positions_and_stops ... ok
test doc_code_same_alias_keeps_invalid_guest_meaning_and_restores_host ... ok
test external::external_links_use_shared_markup_rules_and_portable_revalidation ... ok
test doc_sentence_provider_payload_and_prefix_share_the_actual_normal_form ... ok
test doc_prefix_original_annotation_examples_use_actual_parser_and_lower ... ok
test doc_prefix_limits_preserve_typed_stops_and_caller_depth ... ok
test html::article_html_preserves_nested_paragraph_order_without_nested_p ... ok
test export::export_reuses_the_admitted_tree_proof_without_recharging_parse ... ok
test export::export_preserves_content_and_binds_script_free_files ... ok
test html::article_html_preserves_ruby_notes_and_forward_label_reference ... ok
test html::table_list_and_raw_code_keep_order_shape_and_original_characters ... ok
test html::explicit_break_renders_br_without_reinterpreting_text_line_feeds ... ok
test external::hidden_unsafe_links_are_rejected_and_other_requirements_remain ... ok
test input::physical_file_names_do_not_rebase_logical_doc_links ... ok
test export::export_reserves_depth_for_the_document_shell ... ok
test html::real_source_html_crosses_first_receiver_cbor_with_positions_and_options ... ok
test input::file_export_reads_explicit_inputs_and_preserves_logical_namespace ... ok
test labels::article_labels_resolve_forward_names_and_keep_operand_selection ... ok
test labels::label_diagnostics_keep_typed_names_paths_and_original_failure_on_stop ... ok
test labels::field_location_first_receiver_rejects_kind_duplicates_and_position_claims ... ok
test labels::shared_label_display_occurrences_have_two_structural_paths ... ok
test labels::article_labels_do_not_import_or_validate_guest_labels ... ok
test mixed::literal_and_prefix_share_one_lower_with_source_and_local_view_retention ... ok
test doc_suite_seed_artifacts_match_the_original_sources ... ok
test labels::unicode_crlf_labels_and_budget_stops_keep_their_input_positions ... ok
test mixed::mixed_lower_rejects_other_token_view_and_semantic_positions_without_mutation ... ok
test labels::label_duplicates_use_name_operands_and_source_less_positions_stay_absent ... ok
test phases::phase_manifest_requires_complete_finite_records ... ok
test html::parallel_html_selects_only_explicit_language_or_fallback ... ok
test mixed::mixed_lower_keeps_doc_guest_syntax_without_meaning_check ... ok
test mixed::mixed_lower_stops_keep_original_tree_and_caller_depth ... ok
test pages::page_output_rejects_an_anchor_hidden_by_language_selection ... ok
test print::printer_expands_shared_paths_with_bounded_output_and_deep_cleanup ... ok
test doc_auxiliary_fragments_and_parent_operands_have_typed_boundaries ... ok
test phases::phase_configuration_binds_real_profile_and_keeps_native_portable_tree_equal ... ok
test phases::phase_settings_preserve_defaults_and_do_not_hide_stops ... ok
test export::page_output_budget_is_explicit_shared_and_sticky ... ok
test pages::real_two_page_sources_resolve_without_ambient_documents ... ok
test native_doc_host_preserves_owned_parse_tree_and_uses_less_allocation ... ok
test prepare::source_preparation_retains_code_and_identifies_each_foreign_closure ... ok
test mixed::referenced_sentence_payloads_cross_the_owned_syntax_boundary_without_source_copies ... ok
test print::printer_rejects_unprintable_source_less_names_and_languages_without_changing_values ... ok
test projection::explicit_breaks_preserve_markdown_paragraph_and_list_structure ... ok
test projection::markdown_projection_preserves_literal_punctuation_and_code_delimiters ... ok
test print::printer_requires_explicit_current_guest_print_and_binding_at_first_receiver ... ok
test print::printer_stops_preserve_request_and_report_at_preparation_and_output_boundaries ... ok
test projection::projection_stops_without_returning_partial_markdown ... ok
test export::page_export_shares_script_free_shell_and_verifies_every_file ... ok
test projection::raw_code_projection_preserves_bytes_and_distinct_blocks ... ok
test print::standalone_guest_fragments_keep_concrete_entry_and_foreign_syntax ... ok
test projection::sentence_sequences_preserve_one_paragraph_and_author_spacing ... ok
test print::prefix_and_compact_print_reparse_real_doc_annotation_and_explicit_break ... ok
test html::browser_layout_corpus_from_real_doc_source ... ok
test text::plain_text_preparation_stops_are_formal_and_report_overflow_requires_stopped ... ok
test projection::markdown_breaks_refuse_lossy_edges_and_heading_line_splitting ... ok
test projection::raw_code_projection_rejects_normalized_bytes_and_ambiguous_hints ... ok
test resources::registered_resources_obey_output_stop_and_reserved_routes ... ok
test resources::actual_doc_links_to_exact_registered_file_bytes ... ok
test text::plain_text_preserves_output_work_allocation_depth_and_cancel_stops ... ok
test html::local_render_does_not_hide_unresolved_external_inputs_or_invalid_options ... ok
test text::plain_text_uses_explicit_labels_alt_and_author_whitespace ... ok
test text::plain_text_projects_only_policy_selected_embeds_and_roundtrips_typed_requests ... ok
test projection::actual_contract_projects_to_equivalent_markdown_events ... ok
test projection::projection_refuses_lossy_or_unsupported_doc_shapes ... ok
test projection::sentence_boundaries_do_not_hide_unsupported_flow_or_code_collisions ... ok
test text::plain_text_first_receiver_rejects_old_source_other_guest_and_owner_environment ... ok
test html::annotated_linear_combination_document_reaches_real_html ... ok
test print::every_form_prints_through_real_parser_and_typed_first_receiver ... ok

test result: ok. 69 passed; 0 failed; 0 ignored; 0 measured; 0 filtered out; finished in 23.40s

     Running tests\doc_capacity.rs (target\debug\deps\doc_capacity-e4fa224fac117c4b.exe)

running 1 test
test annotated_sentences_exceed_the_old_host_node_cap_without_losing_content ... ok

test result: ok. 1 passed; 0 failed; 0 ignored; 0 measured; 0 filtered out; finished in 1.58s

     Running tests\grammar.rs (target\debug\deps\grammar-ee18e55d0e160077.exe)

running 81 tests
test binding::custom::borrowed_facts_boundary_shares_owned_validation_without_tree_or_fact_copies ... ok
test binding::custom::custom_global_diagnostic_retains_the_validated_delta_source ... ok
test binding::custom::custom_foreign_call_uses_its_own_namespace_and_root ... ok
test binding::analysis_revalidates_concrete_package_and_keeps_initial_failures_typed ... ok
test binding::custom::custom_declared_mapping_and_report_survive_cancel ... ok
test binding::custom::custom_resolution_history_preserves_issuance_and_updates_open_inputs ... ok
test binding::custom::custom_maximum_ids_stay_typed ... ok
test binding::custom::custom_provider_sparse_ids_then_normal_binding_and_accepted_stop ... ok
test binding::custom::recursive::recursive_custom_rejects_header_references_and_id_reissue_but_preserves_distinct_names ... ok
test binding::custom::custom_global_checks_existing_batch_duplicates_and_lexical_authority ... ok
test binding::binding_stops_preserve_reason_partial_closure_and_caller_depth ... ok
test binding::official_binding_let_lambda_visibility_and_entity_identity ... ok
test binding::declaration_body_foreign_uses_independent_root_for_both_orders ... ok
test binding::portable::analysis::preparation_binds_conditions_and_uri_and_preserves_typed_stops ... ok
test binding::open_inputs_and_global_occurrences_keep_their_distinct_scopes ... ok
test binding::portable::analysis::keyed_invalid_reply_and_access_errors_keep_typed_causes ... ok
test binding::global::global_duplicate_construction_stops_keep_the_formal_prefix ... ok
test binding::portable::binding_bundle_scope_ledger_preserves_ids_and_rejects_invalid_raw_roots ... ok
test binding::custom::recursive::recursive_custom_reuses_header_ids_and_runs_initializers_after_all_headers ... ok
test binding::portable::analysis::selected_profile_provider_resource_and_execution_changes_invalidate_bound_results ... ok
test binding::portable::binding_invalid_and_stopped_envelopes_preserve_typed_causes_and_partial_fact_invariants ... ok
test binding::portable::causes::every_binding_failure_variant_keeps_its_typed_nested_cause ... ok
test binding::portable::analysis::prepared_binding_request_first_receiver_and_keyed_reply_preserve_identity ... ok
test binding::custom::custom_partial_reply_and_budget_stop_keep_checked_prefixes ... ok
test binding::portable::query::keyed_references_boundary_options_and_sticky_stops ... ok
test binding::portable::binding_result_first_receiver_preserves_visibility_reports_and_foreign_closure ... ok
test binding::portable::query::query_import_option_uses_a_real_provider_occurrence ... ok
test binding::portable::query::custom_keyed_queries_use_sparse_final_ids_and_keep_absent_locations ... ok
test binding::portable::query::query_received_geometry_identity_sources_and_stop_mutations_are_rejected ... ok
test binding::portable::namespace_visibility_stage_roundtrips_and_rejects_wrong_policy_or_root ... ok
test binding::global::global_visibility_is_ordered_and_duplicates_keep_both_locations ... ok
test binding::portable::query::query_role_options_ambiguity_and_open_inputs_remain_distinct ... ok
test binding::ordered_exports_recursive_headers_and_foreign_roots ... ok
test binding::portable::query::keyed_definition_uses_original_ranges_and_all_identity_candidates ... ok
test binding::portable::rename::rename_inverse_rejects_transformed_and_multiple_source_paths ... ok
test binding::portable::query::region_queries_keep_custom_sparse_final_resolution_and_source_less_targets ... ok
test binding::portable::rename::rename_custom_owned_generated_name_retains_inverse_and_forward_edits ... ok
test binding::portable::query::region_queries_use_only_accepted_custom_map_owners ... ok
test binding::custom::recursive::recursive_custom_actual_cbor_requests_use_same_phase_callback_and_fact_ids ... ok
test binding::portable::rename::rename_rejects_a_guest_map_as_host_edit_authority ... ok
test binding::portable::rename::rename_refuses_ambiguous_and_encoded_names_without_inverse_encoder ... ok
test binding::portable::rename::rename_candidate_checks_unmapped_bytes_uri_revision_and_explicit_exact_derivation ... ok
test binding::repeated_recursive_plan_reuses_only_its_own_header_entities ... ok
test binding::portable::rename::rename_rejects_stale_requests_seal_swaps_and_sticky_resource_stops ... ok
test binding::portable::rename::rename_refuses_capture_free_name_and_scope_collision_after_real_reanalysis ... ok
test binding::portable::rename::rename_exact_segments_preserve_unique_coverage_and_unmapped_geometry ... ok
test binding::portable::rename::rename_reserved_heads_use_namespace_owner_and_ignore_other_selected_language ... ok
test binding::stopped_origin_preparation_never_publishes_a_forward_reference_prefix ... ok
test diagnostic::compiler_report_boundary_without_host_process ... ok
test binding::portable::rename::rename_reparses_candidate_and_preserves_original_entity_correspondence ... ok
test binding::portable::rename::rename_uses_custom_final_resolutions_and_refuses_missing_locations ... ok
test binding::custom::recursive::recursive_custom_phase_receipts_reject_schema_valid_claims_and_preserve_stop_prefix ... ok
test reader::all_reader_constructors_compile_and_execute_with_independent_results ... ok
test reader::all_reader_constructors_preserve_failure_optional_and_commit_semantics ... ok
test reader::compiled_reader_streaming_boundaries_and_rollback_keep_raw_positions ... ok
test binding::portable::query::custom_map_ownership_survives_stops_and_raw_validation ... ok
test region::actual_parser_region_selects_field_priority_before_inner_depth ... ok
test region::actual_reader_capture_and_nested_view_remain_token_owned ... ok
test region::boundaries::region_first_receiver_rebuilds_tree_and_sidecar_without_sender_sources ... ok
test binding_example_uses_text_name_payload_and_actual_schema_dependencies ... ok
test region::boundaries::region_recovery_utf8_end_stale_and_stops_do_not_invent_children ... ok
test region::grammar_selection_priority_is_separate_from_style_and_changes_identity ... ok
test diagnostic::checked_in_seed_fixture_matches_the_real_bootstrap_adapter ... ok
test complete_grammar_source_compiles_with_real_reader_and_facts_descriptors ... ok
test region::mapped::foreign_maps_stay_owner_local_and_compose_caller_depth ... ok
test region::query::region_query_preserves_multiple_mapping_candidates_and_atomic_failures ... ok
test region::mapped::formally_accepted_mapped_capture_and_trivia_republication_survive_wire ... ok
test region::grammar_selection_errors_keep_the_exact_operand_location ... ok
test diagnostic::detailed_package_checker_is_the_legacy_checker_with_exact_subjects ... ok
test region::query::regions_drive_final_definition_and_references_without_name_lookup ... ok
test reader::reader_matrix_seed_matches_the_real_adapter ... ok
test diagnostic::compiler_diagnostic_rejects_an_unrelated_document_and_preserves_stopped_reason ... ok
test diagnostic::compiler_diagnostic_is_typed_roundtrips_and_stops_without_losing_borrowed_location ... ok
test diagnostic::document_compile_and_diagnostic_share_one_source_admission ... ok
test diagnostic::plan_progress_and_recursion_failures_retain_the_compiled_expression_source ... ok
test diagnostic::compiler_locations_use_utf8_raw_escape_ranges_and_typed_choice_operands ... ok
test full_example_assembly_reaches_actual_plan_and_binding_validation ... ok
test diagnostic::compiler_locates_missing_rule_range_and_binding_payload_from_real_source ... ok
test binding::binding_seed_artifacts_match_original_source_and_host_adapter ... ok
test shared_kind_is_category_local_with_one_shape_and_distinct_provenance ... ok
test diagnostic::package_subjects_locate_original_category_and_mode_operands ... ok

test result: ok. 81 passed; 0 failed; 0 ignored; 0 measured; 0 filtered out; finished in 3.08s

     Running tests\math.rs (target\debug\deps\math-9bf2f2f134c34129.exe)

running 2 tests
test math_lower_failures_keep_original_constructor_and_sticky_resource_reason ... ok
test all_math_constructors_lower_from_the_actual_parser_and_first_receiver ... ok

test result: ok. 2 passed; 0 failed; 0 ignored; 0 measured; 0 filtered out; finished in 2.31s

     Running unittests src\lib.rs (target\debug\deps\nepl3_wire-c9c688a1680522f8.exe)

running 0 tests

test result: ok. 0 passed; 0 failed; 0 ignored; 0 measured; 0 filtered out; finished in 0.00s

     Running tests\codec.rs (target\debug\deps\codec-cdb7d8a897dda542.exe)

running 7 tests
test limits_stop_with_typed_reasons_without_a_successful_partial_value ... ok
test malformed_noncanonical_and_forbidden_cbor_values_are_rejected ... ok
test integer_width_boundaries_use_shortest_unsigned_encoding ... ok
test every_truncated_prefix_fails_and_complete_input_preserves_bytes ... ok
test checked_boundary_uses_real_registry_and_rejects_wrong_field_type ... ok
test all_twelve_tags_match_specified_cbor_bytes ... ok
test deeply_nested_values_do_not_use_the_native_call_stack ... ok

test result: ok. 7 passed; 0 failed; 0 ignored; 0 measured; 0 filtered out; finished in 0.05s

     Running tests\digest.rs (target\debug\deps\digest-90cb2b2dd2d39ad2.exe)

running 1 test
test canonical_digest_uses_ndf_tagged_cbor_and_keeps_budget_stops ... ok

test result: ok. 1 passed; 0 failed; 0 ignored; 0 measured; 0 filtered out; finished in 0.06s

     Running tests\facts.rs (target\debug\deps\facts-30822cb54eabccf7.exe)

running 1 test
test typed_facts_and_delta_roundtrip_preserve_ids_and_reject_semantic_forgery ... ok

test result: ok. 1 passed; 0 failed; 0 ignored; 0 measured; 0 filtered out; finished in 0.01s

     Running tests\origin.rs (target\debug\deps\origin-77dbcaefc1cc4d90.exe)

running 1 test
test origin_variants_roundtrip_and_wire_cycles_are_rejected ... ok

test result: ok. 1 passed; 0 failed; 0 ignored; 0 measured; 0 filtered out; finished in 0.01s

     Running tests\report.rs (target\debug\deps\report-3e0e4471b4064487.exe)

running 4 tests
test report_boundary_rejects_payload_count_and_source_forgery_and_preserves_stops ... ok
test fix_preconditions_reject_digest_and_overlap_in_native_and_structural_wire_values ... ok
test one_fix_uses_one_snapshot_per_source_but_allows_multiple_sources_and_historical_related ... ok
test report_roundtrip_preserves_diagnostics_events_fixes_and_declared_sources ... ok

test result: ok. 4 passed; 0 failed; 0 ignored; 0 measured; 0 filtered out; finished in 0.01s

     Running tests\source.rs (target\debug\deps\source-1e26e45ce5b83020.exe)

running 3 tests
test malformed_source_declarations_reject_without_committing_and_retry_does_not_refund ... ok
test source_and_span_roundtrip_preserve_identity_bytes_and_shared_admission ... ok
test native_and_wire_admission_reject_zero_source_limit_and_span_scalar_interior ... ok

test result: ok. 3 passed; 0 failed; 0 ignored; 0 measured; 0 filtered out; finished in 0.01s

     Running tests\stop.rs (target\debug\deps\stop-f48067cb1bc31d39.exe)

running 2 tests
test codec_stop_extraction_preserves_every_typed_nested_cause ... ok
test actual_checked_codec_schema_work_stop_is_extractable ... ok

test result: ok. 2 passed; 0 failed; 0 ignored; 0 measured; 0 filtered out; finished in 0.00s

     Running tests\syntax.rs (target\debug\deps\syntax-574754ce6003e66b.exe)

running 8 tests
test foreign_bundle_roundtrip_keeps_local_token_view_origin_ids_and_payloads ... ok
test guest_arena_reordering_updates_foreign_root_and_guest_local_children ... ok
test foreign_bundle_rejects_forged_environment_digest_token_and_origin_references ... ok
test foreign::standalone_foreign_keeps_selected_owner_environment_and_origin_arena ... ok
test native_arena_order_is_canonicalized_and_unreachable_nodes_are_rejected ... ok
test foreign::standalone_foreign_rejects_missing_owner_closure_hash_and_cross_arena_claims ... ok
test mapped_views_and_maps_survive_host_and_guest_wire_boundaries ... ok
test nested_generated_bundles_use_iterative_conversion_and_shared_depth_budget ... ok

test result: ok. 8 passed; 0 failed; 0 ignored; 0 measured; 0 filtered out; finished in 0.09s

     Running tests\types.rs (target\debug\deps\types-4b98d8eed2a2ea90.exe)

running 2 tests
test symbolic_type_descriptors_preserve_all_variants_and_nested_named_data ... ok
test deep_symbolic_types_roundtrip_and_stop_without_recursive_cleanup ... ok

test result: ok. 2 passed; 0 failed; 0 ignored; 0 measured; 0 filtered out; finished in 0.04s

     Running tests\view.rs (target\debug\deps\view-cec5b78c69d7e69d.exe)

running 2 tests
test structured_payload_views_roles_relations_and_trivia_roundtrip_without_reparse ... ok
test token_wire_rejects_invalid_local_view_and_trivia_references_and_source_limit ... ok

test result: ok. 2 passed; 0 failed; 0 ignored; 0 measured; 0 filtered out; finished in 0.01s

   Doc-tests nepl3_core

running 0 tests

test result: ok. 0 passed; 0 failed; 0 ignored; 0 measured; 0 filtered out; finished in 0.00s

   Doc-tests nepl3_doc_core

running 0 tests

test result: ok. 0 passed; 0 failed; 0 ignored; 0 measured; 0 filtered out; finished in 0.00s

   Doc-tests nepl3_doc_html

running 0 tests

test result: ok. 0 passed; 0 failed; 0 ignored; 0 measured; 0 filtered out; finished in 0.01s

   Doc-tests nepl3_engine

running 0 tests

test result: ok. 0 passed; 0 failed; 0 ignored; 0 measured; 0 filtered out; finished in 0.00s

   Doc-tests nepl3_grammar_core

running 0 tests

test result: ok. 0 passed; 0 failed; 0 ignored; 0 measured; 0 filtered out; finished in 0.00s

   Doc-tests nepl3_markup

running 0 tests

test result: ok. 0 passed; 0 failed; 0 ignored; 0 measured; 0 filtered out; finished in 0.00s

   Doc-tests nepl3_math_core

running 0 tests

test result: ok. 0 passed; 0 failed; 0 ignored; 0 measured; 0 filtered out; finished in 0.00s

   Doc-tests nepl3_reader

running 0 tests

test result: ok. 0 passed; 0 failed; 0 ignored; 0 measured; 0 filtered out; finished in 0.00s

   Doc-tests nepl3_tools

running 0 tests

test result: ok. 0 passed; 0 failed; 0 ignored; 0 measured; 0 filtered out; finished in 0.00s

   Doc-tests nepl3_wire

running 0 tests

test result: ok. 0 passed; 0 failed; 0 ignored; 0 measured; 0 filtered out; finished in 0.00s

