    Checking typenum v1.20.1
    Checking cpufeatures v0.3.1
    Checking cfg-if v1.0.4
    Checking unicode-ident v1.0.18
    Checking memchr v2.8.3
    Checking unicase v2.9.0
    Checking itoa v1.0.18
    Checking serde_core v1.0.229
    Checking zmij v1.0.23
    Checking bitflags v2.13.1
    Checking num-traits v0.2.19
   Compiling proc-macro2 v1.0.107
    Checking pulldown-cmark v0.13.4
   Compiling quote v1.0.47
   Compiling syn v3.0.5
    Checking num-integer v0.1.47
    Checking num-bigint v0.5.1
    Checking hybrid-array v0.4.14
    Checking crypto-common v0.2.2
    Checking block-buffer v0.12.1
    Checking digest v0.11.3
    Checking serde_json v1.0.151
    Checking sha2 v0.11.0
   Compiling serde_derive v1.0.229
    Checking nepl3-core v0.1.0 (C:\projects\NEPL3-form-lookup-integration\crates\foundation\core)
    Checking serde v1.0.229
    Checking nepl3-wire v0.1.0 (C:\projects\NEPL3-form-lookup-integration\crates\foundation\wire)
    Checking nepl3-reader v0.1.0 (C:\projects\NEPL3-form-lookup-integration\crates\foundation\reader)
    Checking nepl3-markup v0.1.0 (C:\projects\NEPL3-form-lookup-integration\crates\output\markup)
    Checking nepl3-doc-core v0.1.0 (C:\projects\NEPL3-form-lookup-integration\crates\languages\doc\core)
    Checking nepl3-math-core v0.1.0 (C:\projects\NEPL3-form-lookup-integration\crates\languages\math\core)
    Checking nepl3-engine v0.1.0 (C:\projects\NEPL3-form-lookup-integration\crates\foundation\engine)
    Checking nepl3-doc-html v0.1.0 (C:\projects\NEPL3-form-lookup-integration\crates\languages\doc\html)
    Checking nepl3-grammar-core v0.1.0 (C:\projects\NEPL3-form-lookup-integration\crates\languages\grammar\core)
    Checking nepl3-tools v0.1.0 (C:\projects\NEPL3-form-lookup-integration\tools)
    Finished `dev` profile [unoptimized + debuginfo] target(s) in 16.75s
