   Compiling typenum v1.20.1
   Compiling autocfg v1.5.1
   Compiling cfg-if v1.0.4
   Compiling cpufeatures v0.3.1
   Compiling unicode-ident v1.0.18
   Compiling num-traits v0.2.19
   Compiling hybrid-array v0.4.14
   Compiling num-integer v0.1.47
   Compiling crypto-common v0.2.2
   Compiling block-buffer v0.12.1
   Compiling num-bigint v0.5.1
   Compiling digest v0.11.3
   Compiling sha2 v0.11.0
   Compiling nepl3-core v0.1.0 (C:\projects\NEPL3-runtime\.tmp\review-source-map-adjacency\workspace\crates\foundation\core)
    Finished `test` profile [unoptimized + debuginfo] target(s) in 6.31s
     Running unittests src\lib.rs (C:/projects/NEPL3-runtime/.tmp/review-source-map-adjacency/target\debug\deps\nepl3_core-f04d54aaa1e6a7b6.exe)

running 0 tests

test result: ok. 0 passed; 0 failed; 0 ignored; 0 measured; 0 filtered out; finished in 0.00s

     Running tests\budget.rs (C:/projects/NEPL3-runtime/.tmp/review-source-map-adjacency/target\debug\deps\budget-92272bcb7a56d2ac.exe)

running 2 tests
test observed_delegated_cost_is_atomic_across_all_resources_and_preserves_stops ... ok
test temporary_ceilings_restore_on_result_paths_and_cannot_regrant_reserved_capacity ... ok

test result: ok. 2 passed; 0 failed; 0 ignored; 0 measured; 0 filtered out; finished in 0.00s

     Running tests\contracts.rs (C:/projects/NEPL3-runtime/.tmp/review-source-map-adjacency/target\debug\deps\contracts-36c3bab039a112b9.exe)

running 26 tests
test admission_accounts_for_copied_locator_payload ... ok
test admission_usage_does_not_depend_on_snapshot_allocation_order ... ok
test borrowed_store_insert_does_not_clone_duplicates_or_publish_on_stop ... ok
test budget_exact_limits_overflow_zero_and_cancel_are_distinct ... ok
test canonical_integers_reject_negative_zero_and_leading_zero ... ok
test edit_size_limit_checked_before_replacement_is_built ... ok
test edits_are_atomic_across_sources_and_reject_stale_or_conflicting_input ... ok
test first_budget_stop_is_sticky_across_smaller_charges_and_cancellation ... ok
test generated_source_locator_scan_is_charged_before_validation ... ok
test indexed_admission_keeps_unique_bytes_and_checks_empty_cancel ... ok
test indexed_source_insert_preserves_order_and_metered_duplicate_lookup ... ok
test line_index_allocation_limit_is_enforced ... ok
test line_positions_roundtrip_unicode_and_all_line_endings ... ok
test locator_profile_is_checked_without_os_or_scheme_normalization ... ok
test nested_budget_retains_work_and_peak_depth_after_failed_branch ... ok
test rational_constructors_normalize_native_but_reject_noncanonical_wire ... ok
test shared_admission_is_operation_local_and_independent_storage_still_checked ... ok
test shared_copy_and_independent_comparison_have_separate_work_bounds ... ok
test snapshot_clones_preserve_owned_lifetime_and_independent_identity_checks ... ok
test snapshot_metadata_copy_is_bounded_but_independent_comparison_is_not_free ... ok
test source_admission_charges_unique_snapshots_once_across_shared_calls ... ok
test source_admission_rejects_locator_changes_for_same_snapshot_identity ... ok
test source_digest_is_sha256_of_exact_original_bytes ... ok
test source_limits_precede_decode_and_decode_does_not_replace_bytes ... ok
test span_rejects_scalar_interiors_bounds_and_other_identity ... ok
test store_preserves_distinct_ids_at_same_uri_and_rejects_conflicting_revision ... ok

test result: ok. 26 passed; 0 failed; 0 ignored; 0 measured; 0 filtered out; finished in 0.02s

     Running tests\decimal.rs (C:/projects/NEPL3-runtime/.tmp/review-source-map-adjacency/target\debug\deps\decimal-add215233e4865b2.exe)

running 2 tests
test exact_decimal_constructor_is_independent_of_lexical_leading_zero_policy ... ok
test invalid_digits_and_resource_stops_precede_numeric_allocation ... ok

test result: ok. 2 passed; 0 failed; 0 ignored; 0 measured; 0 filtered out; finished in 0.00s

     Running tests\edit.rs (C:/projects/NEPL3-runtime/.tmp/review-source-map-adjacency/target\debug\deps\edit-f3c6567523582070.exe)

running 5 tests
test a_conflicting_preexisting_output_does_not_publish_other_transaction_outputs ... ok
test deletion_admits_original_and_generated_snapshots_once ... ok
test every_allocation_stop_is_atomic_sticky_and_retryable_in_a_fresh_operation ... ok
test semantic_failure_does_not_reserve_an_unpublished_output_identity ... ok
test work_source_and_locator_limits_stop_before_unbounded_owned_copies ... ok

test result: ok. 5 passed; 0 failed; 0 ignored; 0 measured; 0 filtered out; finished in 0.03s

     Running tests\facts.rs (C:/projects/NEPL3-runtime/.tmp/review-source-map-adjacency/target\debug\deps\facts-8ba91ee1f81d7fa6.exe)

running 2 tests
test delta_keeps_current_scope_namespace_reservations_and_foreign_scope_authority ... ok
test facts_reject_missing_sources_namespace_roots_and_fresh_operation_limits ... ok

test result: ok. 2 passed; 0 failed; 0 ignored; 0 measured; 0 filtered out; finished in 0.01s

     Running tests\lexical.rs (C:/projects/NEPL3-runtime/.tmp/review-source-map-adjacency/target\debug\deps\lexical-f7cc9788180f2f92.exe)

running 3 tests
test whole_language_tag_preserves_abnf_scope ... ok
test whole_lexemes_stop_without_allocating_or_losing_cancellation ... ok
test whole_name_uses_pinned_unicode_spelling_and_excludes_trivia ... ok

test result: ok. 3 passed; 0 failed; 0 ignored; 0 measured; 0 filtered out; finished in 0.00s

     Running tests\maps.rs (C:/projects/NEPL3-runtime/.tmp/review-source-map-adjacency/target\debug\deps\maps-b8c40905248383a5.exe)

running 6 tests
test duplicate_edges_and_joins_preserve_longest_depth_and_sticky_stops ... ok
test indexed_map_graphs_agree_with_transitive_closure_in_both_orders ... ok
test map_admission_never_copies_long_identity_before_zero_allocation_budget ... ok
test mapped_containment_requires_every_byte_and_every_reverse_path ... ok
test snapshot_dag_proves_large_transforms_without_enumerating_the_point_product ... ok
test wide_snapshot_dag_work_does_not_scan_all_edges_for_each_vertex ... wide DAG work: 808432 -> 1803898
ok

test result: ok. 6 passed; 0 failed; 0 ignored; 0 measured; 0 filtered out; finished in 0.05s

     Running tests\review_adjacency.rs (C:/projects/NEPL3-runtime/.tmp/review-source-map-adjacency/target\debug\deps\review_adjacency-765cf299c7a71e97.exe)

running 3 tests
test dag_longest_depth_atomic_insert_and_stop_caps ... stop_caps=48 orders=3 caller_depth=5 longest_relative=5
ok
test observe_star_work_and_additional_storage ... star width=1024 usage=Usage { source_bytes: 0, work: 808432, depth: 2, nodes: 1025, allocation_units: 81976, output_bytes: 0, diagnostics: 0, events: 0 } head_size=16 edge_delta=8
star width=2048 usage=Usage { source_bytes: 0, work: 1803898, depth: 2, nodes: 2049, allocation_units: 163896, output_bytes: 0, diagnostics: 0, events: 0 } head_size=16 edge_delta=8
ok
test pointwise_oracle_duplicates_anchors_and_orders ... pointwise_oracle valid=504 cycles=264 permutations=3 masks=256
ok

test result: ok. 3 passed; 0 failed; 0 ignored; 0 measured; 0 filtered out; finished in 0.09s

     Running tests\structure.rs (C:/projects/NEPL3-runtime/.tmp/review-source-map-adjacency/target\debug\deps\structure-b369cb77884d8bf6.exe)

running 20 tests
test canonical_json_escapes_controls_without_unicode_normalization ... ok
test deeply_nested_value_cleanup_uses_no_recursive_drop_chain ... ok
test descriptor_canonical_json_has_independently_specified_field_order ... ok
test descriptor_map_order_is_irrelevant_but_duplicates_are_rejected ... ok
test empty_anchor_cycles_and_transformed_relations_are_checked ... ok
test forward_overlap_is_acyclic_and_map_budget_failure_does_not_insert ... ok
test imported_origin_graph_honors_zero_nodes_and_depth_limits ... ok
test imported_origin_graph_rejects_cycles_unknown_refs_and_missing_source ... ok
test inverse_refuses_transformed_and_ambiguous_mappings ... ok
test local_kind_ids_are_canonical_across_descriptor_input_order ... ok
test registry_accepts_mutual_symbolic_references_then_seals_them ... ok
test registry_rejects_wrong_digest_and_unknown_unused_references ... ok
test rejected_deep_descriptor_is_safe_to_clone_compare_debug_and_drop ... ok
test report_candidate_rollback_discards_facts_without_refunding_budget ... ok
test report_diagnostic_limit_has_no_fabricated_global_message ... ok
test report_storage_obeys_allocation_budget ... ok
test report_zero_event_capacity_keeps_one_typed_overflow_and_stop ... ok
test source_map_checks_composable_interval_cycles_not_snapshot_cycles ... ok
test structural_boundary_checks_field_count_kind_intrinsic_subset_and_negative_natural ... ok
test validator_and_descriptor_depth_share_parent_budget_and_peak ... ok

test result: ok. 20 passed; 0 failed; 0 ignored; 0 measured; 0 filtered out; finished in 0.07s

     Running tests\syntax.rs (C:/projects/NEPL3-runtime/.tmp/review-source-map-adjacency/target\debug\deps\syntax-14d9df9e34110420.exe)

running 10 tests
test deeply_nested_foreign_bundle_cleanup_is_iterative ... ok
test foreign_ids_are_local_but_environment_and_root_must_match ... ok
test foreign_nesting_adds_to_containing_node_path_depth ... ok
test owned_syntax_copy_precharges_payloads_and_preserves_deep_foreign_ownership ... ok
test source_child_cover_must_follow_head_and_stay_in_parent ... ok
test syntax_graph_checks_all_refs_and_cycles_while_allowing_shared_children ... ok
test syntax_preserves_nested_stop_causes_and_does_not_reclassify_semantic_errors ... ok
test token_internal_view_is_sidecar_and_trivia_retains_bom_bytes ... ok
test token_owns_even_unreachable_view_elements ... ok
test view_child_edges_are_acyclic_but_semantic_relation_cycles_are_allowed ... ok

test result: ok. 10 passed; 0 failed; 0 ignored; 0 measured; 0 filtered out; finished in 0.45s

     Running tests\value.rs (C:/projects/NEPL3-runtime/.tmp/review-source-map-adjacency/target\debug\deps\value-de47cfed8240bd08.exe)

running 2 tests
test budgeted_equality_keeps_values_and_composes_caller_depth ... ok
test equality_charges_frontier_before_queueing_wide_input ... ok

test result: ok. 2 passed; 0 failed; 0 ignored; 0 measured; 0 filtered out; finished in 0.02s

   Doc-tests nepl3_core

running 0 tests

test result: ok. 0 passed; 0 failed; 0 ignored; 0 measured; 0 filtered out; finished in 0.00s

