[
  {
    "name": "authoring",
    "all_paragraph_underlying_text_exact": true,
    "kinds": {
      "Article": 1,
      "Sentence": 65,
      "Text": 89,
      "Body": 7,
      "Paragraph": 17,
      "Link": 6,
      "RelativeTarget": 5,
      "NoText": 4,
      "Section": 6,
      "RawCode": 4,
      "SomeText": 5,
      "InlineCode": 20,
      "ExternalTarget": 1
    },
    "rawcode_exact_bytes_hints": 4,
    "inline_code_exact_order": 20,
    "links_exact_order": 6,
    "ruby_occurrences": 345,
    "narrative_unannotated_kanji": 0,
    "production_runtime_executed": false
  },
  {
    "name": "development",
    "all_paragraph_underlying_text_exact": true,
    "kinds": {
      "Article": 1,
      "Sentence": 175,
      "Text": 251,
      "Body": 6,
      "Section": 5,
      "Paragraph": 47,
      "InlineCode": 55,
      "Link": 19,
      "RelativeTarget": 17,
      "NoText": 17,
      "RawCode": 7,
      "SomeText": 7,
      "ExternalTarget": 2
    },
    "rawcode_exact_bytes_hints": 7,
    "inline_code_exact_order": 55,
    "links_exact_order": 19,
    "ruby_occurrences": 913,
    "narrative_unannotated_kanji": 0,
    "production_runtime_executed": false
  }
]
