
running 3 tests
inspect output=1563 projection=Ok("# T\n\na\\!\\?\\&\n\n") used=1563
test review_projection::independent_projection_charges_generated_markdown_output ... FAILED
input="article en \"T\" body cons paragraph cons sentence cons code \"a\" cons code \"b\" nil nil nil" markdown="# T\n\n`a``b`\n\n" codes=["a``b"]
test review_projection::independent_projection_adjacent_code_preserves_both_values_or_rejects ... FAILED
input="article en \"T\" body cons section s \"S\" body cons list unordered cons item none body cons paragraph cons \"a\" nil nil nil nil cons list unordered cons item none body cons paragraph cons \"b\" nil nil nil nil" markdown="# T\n\n## S\n\n- a\n\n- b\n\n" lists=1
test review_projection::independent_projection_list_boundary_across_section_must_not_merge ... FAILED

failures:

failures:
    review_projection::independent_projection_adjacent_code_preserves_both_values_or_rejects
    review_projection::independent_projection_charges_generated_markdown_output
    review_projection::independent_projection_list_boundary_across_section_must_not_merge

test result: FAILED. 0 passed; 3 failed; 0 ignored; 0 measured; 49 filtered out; finished in 0.21s

   Compiling autocfg v1.5.1
   Compiling unicode-ident v1.0.18
   Compiling typenum v1.20.1
   Compiling cfg-if v1.0.4
   Compiling cpufeatures v0.3.1
   Compiling proc-macro2 v1.0.107
   Compiling quote v1.0.47
   Compiling serde_core v1.0.229
   Compiling zmij v1.0.23
   Compiling serde v1.0.229
   Compiling serde_json v1.0.151
   Compiling pulldown-cmark v0.13.4
   Compiling memchr v2.8.3
   Compiling bitflags v2.13.1
   Compiling unicase v2.9.0
   Compiling itoa v1.0.18
   Compiling num-traits v0.2.19
   Compiling hybrid-array v0.4.14
   Compiling syn v3.0.5
   Compiling num-integer v0.1.47
   Compiling crypto-common v0.2.2
   Compiling block-buffer v0.12.1
   Compiling num-bigint v0.4.8
   Compiling digest v0.11.3
   Compiling sha2 v0.11.0
   Compiling serde_derive v1.0.229
   Compiling nepl3-core v0.1.0 (C:\projects\NEPL3-doc-page-links\.tmp\review-doc-projection\workspace\crates\foundation\core)
   Compiling nepl3-reader v0.1.0 (C:\projects\NEPL3-doc-page-links\.tmp\review-doc-projection\workspace\crates\foundation\reader)
   Compiling nepl3-doc-core v0.1.0 (C:\projects\NEPL3-doc-page-links\.tmp\review-doc-projection\workspace\crates\languages\doc\core)
   Compiling nepl3-markup v0.1.0 (C:\projects\NEPL3-doc-page-links\.tmp\review-doc-projection\workspace\crates\output\markup)
   Compiling nepl3-math-core v0.1.0 (C:\projects\NEPL3-doc-page-links\.tmp\review-doc-projection\workspace\crates\languages\math\core)
   Compiling nepl3-wire v0.1.0 (C:\projects\NEPL3-doc-page-links\.tmp\review-doc-projection\workspace\crates\foundation\wire)
   Compiling nepl3-engine v0.1.0 (C:\projects\NEPL3-doc-page-links\.tmp\review-doc-projection\workspace\crates\foundation\engine)
   Compiling nepl3-doc-html v0.1.0 (C:\projects\NEPL3-doc-page-links\.tmp\review-doc-projection\workspace\crates\languages\doc\html)
   Compiling nepl3-grammar-core v0.1.0 (C:\projects\NEPL3-doc-page-links\.tmp\review-doc-projection\workspace\crates\languages\grammar\core)
   Compiling nepl3-tools v0.1.0 (C:\projects\NEPL3-doc-page-links\.tmp\review-doc-projection\workspace\tools)
    Finished `test` profile [unoptimized + debuginfo] target(s) in 20.83s
     Running tests\doc.rs (.tmp/review-target\debug\deps\doc-e0a7226c393ababd.exe)

thread 'review_projection::independent_projection_charges_generated_markdown_output' (29464) panicked at tools\tests\doc\review_projection.rs:36:2:
assertion failed: matches!(value,Err(Error::Stopped(StopReason::OutputLimit)))
note: run with `RUST_BACKTRACE=1` environment variable to display a backtrace

thread 'review_projection::independent_projection_adjacent_code_preserves_both_values_or_rejects' (39148) panicked at tools\tests\doc\review_projection.rs:10:208:
assertion `left == right` failed
  left: ["a``b"]
 right: ["a", "b"]

thread 'review_projection::independent_projection_list_boundary_across_section_must_not_merge' (27796) panicked at tools\tests\doc\review_projection.rs:20:211:
assertion `left == right` failed
  left: 1
 right: 2
error: test failed, to rerun pass `-p nepl3-tools --test doc`
