
running 8 tests
test projection::actual_contract_projects_to_equivalent_markdown_events ... ok
test projection::markdown_projection_preserves_literal_punctuation_and_code_delimiters ... ok
test projection::projection_refuses_lossy_or_unsupported_doc_shapes ... ok
test projection::projection_stops_without_returning_partial_markdown ... ok
test review_projection::independent_projection_adjacent_code_preserves_both_values_or_rejects ... explicit rejection: Unsupported { node: 3 }
explicit rejection: Unsupported { node: 3 }
explicit rejection: Unsupported { node: 3 }
ok
test review_projection::independent_projection_charges_generated_markdown_output ... inspect output=1563 projection=Err(Stopped(OutputLimit)) used=1563
ok
test review_projection::independent_projection_code_whitespace_and_markers_remain_literal ... ok
test review_projection::independent_projection_list_boundary_across_section_must_not_merge ... explicit rejection: Unsupported { node: 18 }
ok

test result: ok. 8 passed; 0 failed; 0 ignored; 0 measured; 45 filtered out; finished in 5.57s

   Compiling autocfg v1.5.1
   Compiling typenum v1.20.1
   Compiling cfg-if v1.0.4
   Compiling unicode-ident v1.0.18
   Compiling proc-macro2 v1.0.107
   Compiling quote v1.0.47
   Compiling serde_core v1.0.229
   Compiling zmij v1.0.23
   Compiling serde_json v1.0.151
   Compiling pulldown-cmark v0.13.4
   Compiling memchr v2.8.3
   Compiling serde v1.0.229
   Compiling bitflags v2.13.1
   Compiling unicase v2.9.0
   Compiling itoa v1.0.18
   Compiling num-traits v0.2.19
   Compiling hybrid-array v0.4.14
   Compiling syn v3.0.5
   Compiling block-buffer v0.12.1
   Compiling crypto-common v0.2.2
   Compiling num-integer v0.1.47
   Compiling num-bigint v0.4.8
   Compiling digest v0.11.3
   Compiling sha2 v0.11.0
   Compiling nepl3-core v0.1.0 (C:\projects\NEPL3-doc-page-links\.tmp\review-doc-projection\workspace\crates\foundation\core)
   Compiling serde_derive v1.0.229
   Compiling nepl3-reader v0.1.0 (C:\projects\NEPL3-doc-page-links\.tmp\review-doc-projection\workspace\crates\foundation\reader)
   Compiling nepl3-markup v0.1.0 (C:\projects\NEPL3-doc-page-links\.tmp\review-doc-projection\workspace\crates\output\markup)
   Compiling nepl3-doc-core v0.1.0 (C:\projects\NEPL3-doc-page-links\.tmp\review-doc-projection\workspace\crates\languages\doc\core)
   Compiling nepl3-math-core v0.1.0 (C:\projects\NEPL3-doc-page-links\.tmp\review-doc-projection\workspace\crates\languages\math\core)
   Compiling nepl3-wire v0.1.0 (C:\projects\NEPL3-doc-page-links\.tmp\review-doc-projection\workspace\crates\foundation\wire)
   Compiling nepl3-engine v0.1.0 (C:\projects\NEPL3-doc-page-links\.tmp\review-doc-projection\workspace\crates\foundation\engine)
   Compiling nepl3-doc-html v0.1.0 (C:\projects\NEPL3-doc-page-links\.tmp\review-doc-projection\workspace\crates\languages\doc\html)
   Compiling nepl3-grammar-core v0.1.0 (C:\projects\NEPL3-doc-page-links\.tmp\review-doc-projection\workspace\crates\languages\grammar\core)
   Compiling nepl3-tools v0.1.0 (C:\projects\NEPL3-doc-page-links\.tmp\review-doc-projection\workspace\tools)
    Finished `test` profile [unoptimized + debuginfo] target(s) in 2m 45s
     Running tests\doc.rs (.tmp/review-target\wasm32-wasip2\debug\deps\doc-d82c699289d48b18.wasm)
