    Blocking waiting for file lock on package cache
    Updating crates.io index
    Blocking waiting for file lock on package cache
     Locking 15 packages to latest Rust 1.97.0 compatible versions
      Adding unicode-ident v1.0.18 (available: v1.0.24)
    Blocking waiting for file lock on package cache
    Blocking waiting for file lock on package cache
    Blocking waiting for file lock on package cache
   Compiling autocfg v1.5.1
   Compiling typenum v1.20.1
   Compiling cpufeatures v0.3.1
   Compiling cfg-if v1.0.4
   Compiling unicode-ident v1.0.18
   Compiling num-traits v0.2.19
   Compiling hybrid-array v0.4.14
   Compiling num-integer v0.1.47
   Compiling block-buffer v0.12.1
   Compiling crypto-common v0.2.2
   Compiling num-bigint v0.5.1
   Compiling digest v0.11.3
   Compiling sha2 v0.11.0
   Compiling nepl3-core v0.1.0 (C:\projects\NEPL3-doc-authoring-delivery\.tmp\review-source-locality\before\crates\foundation\core)
   Compiling source-tail-probe v0.0.0 (C:\projects\NEPL3-doc-authoring-delivery\.tmp\review-source-locality\before-probe)
    Finished `test` profile [unoptimized + debuginfo] target(s) in 12.57s
     Running tests\tail.rs (before-native-target\debug\deps\tail-4a6d6c37cb53a5ca.exe)

running 6 tests
test bounded_sorted_window_and_alternating_duplicate_costs ... window/hits mode=0 work=62531 allocation=8192
window/hits mode=1 work=70331 allocation=0
window/hits mode=2 work=83200 allocation=0
ok
test failed_insert_and_edit_do_not_move_hint ... all five rejected/stopped mutation modes preserve subsequent metered search behavior
ok
test metered_faults_are_atomic_and_sticky ... fault sweep 2640 attempts, 182 typed sticky atomic stops; cancellation empty/nonempty; 9000-byte Unicode ID comparison precharged
ok
test mixed_apis_hint_movement_missing_neighbors_and_edits ... Error: ExpectedDigest
FAILED
test permutations_revisions_content_uri_and_lookup ... all 240 permutation/owned/ref cases; independent equal snapshots and URI/digest conflicts preserved
ok
test workload_order_costs_and_16000_cap ... order=0 borrowed=false work=61115 allocation=8192
order=1 borrowed=false work=200465 allocation=8192
order=2 borrowed=false work=126282 allocation=8192
order=0 borrowed=true work=61627 allocation=8192
order=1 borrowed=true work=200977 allocation=8192
order=2 borrowed=true work=126794 allocation=8192
owned ascending cap16000 result=Err(Stopped(WorkLimit)) accepted=169 work=15997
ok

failures:

failures:
    mixed_apis_hint_movement_missing_neighbors_and_edits

test result: FAILED. 5 passed; 1 failed; 0 ignored; 0 measured; 0 filtered out; finished in 0.06s

error: test failed, to rerun pass `--test tail`
