   Compiling proc-macro2 v1.0.107
   Compiling quote v1.0.47
   Compiling serde_core v1.0.229
   Compiling zmij v1.0.23
   Compiling serde v1.0.229
   Compiling pulldown-cmark v0.13.4
   Compiling serde_json v1.0.151
   Compiling memchr v2.8.3
   Compiling itoa v1.0.18
   Compiling unicase v2.9.0
   Compiling bitflags v2.13.1
   Compiling nepl3-reader v0.1.0 (C:\projects\NEPL3-snapshot-storage\.tmp\review-native-reader-drive\workspace\crates\foundation\reader)
   Compiling nepl3-doc-core v0.1.0 (C:\projects\NEPL3-snapshot-storage\.tmp\review-native-reader-drive\workspace\crates\languages\doc\core)
   Compiling nepl3-math-core v0.1.0 (C:\projects\NEPL3-snapshot-storage\.tmp\review-native-reader-drive\workspace\crates\languages\math\core)
   Compiling nepl3-engine v0.1.0 (C:\projects\NEPL3-snapshot-storage\.tmp\review-native-reader-drive\workspace\crates\foundation\engine)
   Compiling syn v3.0.5
   Compiling nepl3-grammar-core v0.1.0 (C:\projects\NEPL3-snapshot-storage\.tmp\review-native-reader-drive\workspace\crates\languages\grammar\core)
   Compiling serde_derive v1.0.229
   Compiling nepl3-tools v0.1.0 (C:\projects\NEPL3-snapshot-storage\.tmp\review-native-reader-drive\workspace\tools)
    Finished `test` profile [unoptimized + debuginfo] target(s) in 12.25s
     Running unittests src\lib.rs (target\debug\deps\nepl3_tools-6feda0d9671b35c6.exe)

running 2 tests
test doc::host::tests::source_cache_tracks_exact_request_scope_and_rechecks_independent_values ... ok
test doc::host::review_cache::review_cache_all_reorders_scope_replacement_and_failure_boundaries ... ok

test result: ok. 2 passed; 0 failed; 0 ignored; 0 measured; 65 filtered out; finished in 0.00s

