   Compiling nepl3-engine v0.1.0 (C:\projects\NEPL3-snapshot-storage\.tmp\review-native-reader-drive\workspace\crates\foundation\engine)
   Compiling nepl3-reader v0.1.0 (C:\projects\NEPL3-snapshot-storage\.tmp\review-native-reader-drive\workspace\crates\foundation\reader)
    Finished `test` profile [unoptimized + debuginfo] target(s) in 3.80s
     Running unittests src\lib.rs (target\debug\deps\nepl3_engine-7638c49707442989.exe)

running 2 tests
test head::tests::window_preserves_exact_utf8_and_requires_admission_in_each_operation ... ok
test head::tests::completed_projection_preserves_compound_values_without_unread_siblings_or_tables ... ok

test result: ok. 2 passed; 0 failed; 0 ignored; 0 measured; 0 filtered out; finished in 0.00s

     Running tests\head.rs (target\debug\deps\head-f5ebaa698eac4450.exe)

running 14 tests
test deep_failed_payload_respects_saved_call_depth_and_keeps_prior_report ... ok
test head_resume_uses_saved_auxiliary_context_and_rejects_caller_conflicts_before_consumption ... ok
test shape_provider_failure_keeps_unknown_arity_unparsed_and_primary_once ... ok
test dynamic_head_uses_compound_completed_child_and_restores_normal_child_context ... ok
test head_cancel_keeps_accepted_diagnostic_event_and_fixed_parent_progress ... ok
test foreign_completed_selector_uses_local_projection_ids_and_returns_to_host_body ... ok
test head_resume_source_uri_conflict_and_missing_primary_preserve_the_original_slot ... ok
test failed_child_context_preserves_known_parent_arity_and_formal_primary_once ... ok
test long_failed_reply_is_charged_before_primary_equality_and_keeps_prior_report ... ok
test completed_head_wrapper_preserves_owned_execution_and_pending_boundaries ... ok
test head_trace_overflow_requires_stopped_and_invalid_success_keeps_pending ... ok
test portable::portable_callback_and_dynamic_tree_match_owned_native_execution ... ok
test synchronous_head_reader_head_dispatch_matches_owned_interleaving ... ok
test synchronous_head_host_and_owned_fallback_keep_the_same_tree_and_positions ... ok

test result: ok. 14 passed; 0 failed; 0 ignored; 0 measured; 0 filtered out; finished in 0.11s

     Running tests\package.rs (target\debug\deps\package-cf62ac59c7eeea97.exe)

running 21 tests
test listof_foreign_has_foreign_head_and_local_tail_without_losing_its_selector ... ok
test package_checks_real_surface_shapes_modes_selectors_and_binding_coverage ... ok
test head::portable::projected_shared_payload_depth_includes_the_deeper_graph_path ... ok
test portable::typed_tree_recovery_uses_the_guest_source_table_and_canonical_node_reference ... ok
test head::portable::delegated_grant_and_real_framing_share_the_original_work_cap ... ok
test persistent_tree_checks_parent_reads_spelling_payload_and_concrete_owner ... ok
test head::portable::head_delegation_accounts_window_reception_once_and_merges_relative_costs_with_absolute_depth ... ok
test portable::facts::facts_first_receiver_decodes_without_the_senders_request_or_source_store ... ok
test head::portable::stopped_transport_records_child_cost_and_unsettled_drop_blocks_parent_reuse ... ok
test package_rejects_direct_reader_cycles_and_counts_binding_entry_depth ... ok
test head::portable::head_first_receiver_preserves_compound_projection_and_rejects_schema_valid_corruption ... ok
test head::portable::head_all_reply_branches_preserve_projected_report_and_reject_invalid_fixes_and_graphs ... ok
test portable::facts::facts_all_reply_branches_keep_report_only_sources_and_request_relative_grants ... ok
test package_boundary_checks_extension_provenance_and_resource_limits ... ok
test portable::facts::facts_request_binds_complete_host_authority_and_canonical_target ... ok
test recovery_strategy_and_sync_order_are_part_of_package_behavior ... ok
test semantic_identity_preserves_ordered_behavior_and_presentation_fallback ... ok
test head::head_registrations_bind_alias_signature_host_identity_and_profile_digest ... ok
test portable::typed_tree_roundtrip_remaps_every_local_owner_and_rejects_stale_wrapper_indices ... ok
test semantic_identity_removes_arena_layout_sharing_and_provenance ... ok
test resolved_profile_pins_real_package_host_providers_resources_and_foreign_modes ... ok

test result: ok. 21 passed; 0 failed; 0 ignored; 0 measured; 0 filtered out; finished in 0.13s

     Running tests\parse.rs (target\debug\deps\parse-4631596fce90cc28.exe)

running 20 tests
test explicit_list_spine_preserves_declared_head_and_tail_children ... ok
test native_host_nested_stop_is_sticky_without_host_mutating_budget ... ok
test foreign::foreign_root_mode_is_guest_owned_and_normal_child_and_host_restore_defaults ... ok
test missing_children_share_one_bundle_recovery_table ... ok
test native_host_failure_keeps_generated_diagnostic_and_event_closure ... ok
test missing_final_child_and_nonfinal_input_are_distinct ... ok
test append_retry_retains_original_caller_depth_when_host_resumes_at_zero ... ok
parents 1: owned Usage { source_bytes: 7, work: 9852, depth: 6, nodes: 38, allocation_units: 236598, output_bytes: 0, diagnostics: 2, events: 0 }, native Usage { source_bytes: 7, work: 3682, depth: 6, nodes: 34, allocation_units: 46637, output_bytes: 0, diagnostics: 2, events: 0 }
test text_reservation_preserves_prefix_identity_and_composed_caller_depth ... ok
test static_form_keeps_builtin_children_and_token_payloads ... ok
test accepted_trivia_without_a_token_survives_eof_and_need_more ... ok
test provider_resume_keeps_prefix_frames_report_and_caller_depth ... ok
parents 4: owned Usage { source_bytes: 25, work: 45021, depth: 9, nodes: 119, allocation_units: 949947, output_bytes: 0, diagnostics: 5, events: 0 }, native Usage { source_bytes: 25, work: 12928, depth: 9, nodes: 109, allocation_units: 149945, output_bytes: 0, diagnostics: 5, events: 0 }
test unknown_heads_preserve_remainder_without_inventing_a_leaf_arity ... ok
test native_host_mixed_text_provider_fallback_preserves_decoded_sources ... ok
test prefix_depth_composes_with_nested_reader_frames ... ok
parents 8: owned Usage { source_bytes: 49, work: 127249, depth: 13, nodes: 255, allocation_units: 2546591, output_bytes: 0, diagnostics: 9, events: 0 }, native Usage { source_bytes: 49, work: 29568, depth: 13, nodes: 237, allocation_units: 328555, output_bytes: 0, diagnostics: 9, events: 0 }
test native_host_prefix_growth_reduces_measured_copy_work ... ok
test native_host_preserves_tree_reports_maps_and_owned_fallback ... ok
test append_retry_reparses_every_scalar_split_and_keeps_cumulative_usage ... ok
test native_host_cancel_and_invalid_reply_keep_boundary_semantics ... ok
test completed_parse_wrappers_preserve_raw_outcomes_reports_and_costs ... ok
test allocation_stop_preserves_actual_usage_and_never_invents_a_root ... ok

test result: ok. 20 passed; 0 failed; 0 ignored; 0 measured; 0 filtered out; finished in 2.22s

     Running unittests src\lib.rs (target\debug\deps\nepl3_reader-5ad7cea22f28d74a.exe)

running 0 tests

test result: ok. 0 passed; 0 failed; 0 ignored; 0 measured; 0 filtered out; finished in 0.00s

     Running tests\builtin.rs (target\debug\deps\builtin-b0711605153c1741.exe)

running 17 tests
test owned_tokenizer_resume_does_not_borrow_the_original_context_and_checks_all_echo_fields ... ok
test reservation_locator_validation_obeys_work_limit_before_scanning ... ok
test mode_take_is_ordered_choice_and_does_not_consume_trailing_trivia ... ok
test mode_text_reservation_is_lazy_and_echo_is_checked ... ok
test tokenizer_configuration_identity_ignores_mode_declaration_order_but_retains_rule_order ... ok
test text_exact_runs_preserve_utf8_offsets_and_escape_boundaries ... ok
test empty_skip_and_take_readers_are_nonprogress_failures ... ok
test text_decoding_retains_each_exact_or_transformed_source_range ... ok
test generated_source_admission_is_once_and_unsuccessful_text_has_no_source_charge ... ok
test maximal_lexemes_wait_at_every_nonfinal_scalar_boundary ... ok
test builtin_budget_stops_are_typed_and_do_not_return_partial_tokens ... ok
test selected_standard_provider_dispatch_uses_builtin_values_and_rejects_forgery ... ok
test trivia_keeps_ascii_line_boundaries_and_bom_position ... ok
test names_preserve_unicode_spelling_and_read_maximal_identifier ... ok
test committed_text_rejects_invalid_escapes_scalars_and_direct_lines ... ok
test naturals_and_finite_decimals_are_exact_and_boundary_checked ... ok
test language_is_well_formed_abnf_not_registry_validity ... ok

test result: ok. 17 passed; 0 failed; 0 ignored; 0 measured; 0 filtered out; finished in 0.16s

     Running tests\context.rs (target\debug\deps\context-70884aa03600a1b5.exe)

running 1 test
test checked_context_uses_real_digest_and_exact_origin_source_closure ... ok

test result: ok. 1 passed; 0 failed; 0 ignored; 0 measured; 0 filtered out; finished in 0.00s

     Running tests\portable.rs (target\debug\deps\portable-61d20f51ea479705.exe)

running 2 tests
test native_request_and_checked_ndf_loopback_execute_with_identical_meaning ... ok
test host_global_source_cannot_fill_a_missing_request_declaration ... ok

test result: ok. 2 passed; 0 failed; 0 ignored; 0 measured; 0 filtered out; finished in 0.01s

     Running tests\runtime.rs (target\debug\deps\runtime-66fa20415fd05493.exe)

running 37 tests
test long_source_identity_is_not_copied_after_allocation_budget_is_exhausted ... ok
test accepted_diagnostic_owns_primary_related_and_fix_source_closure_before_publication ... ok
test bounded_repeat_zero_never_executes_nullable_body ... ok
test checked_context_reuse_admits_exact_source_closure_in_each_operation ... ok
test choice_rewinds_captures_views_and_retains_work ... ok
test failed_choice_restores_programmed_state_before_next_provider_call ... ok
test fresh_budget_and_forged_call_or_source_cannot_resume_a_saved_slot ... ok
test direct_repeat_failure_and_streaming_shortage_rollback_all_prior_iteration_reports ... ok
test checked_context_reuse_rejects_same_id_revision_with_changed_content ... ok
test commit_does_not_hide_failure_or_need_more_in_choice ... ok
test cancellation_during_provider_wait_stops_and_consumes_the_pending_slot ... ok
test generated_sources_are_validated_transactionally_and_available_to_diagnostics ... ok
test every_utf8_prefix_split_is_need_more_and_final_truncation_is_no_match ... ok
test accepted_collector_crosses_language_sessions_only_in_its_original_operation ... ok
test node_sidecar_and_look_not_optional_discard_have_independent_values ... ok
test programmed_repetition_requires_actual_consumption_and_accepts_consuming_calls ... ok
test provider_signature_checks_operation_envelope_and_pure_decoder ... ok
test retry::rejected_read_payload_state_end_source_and_view_preserve_formal_collector_and_pending ... ok
test map_decode_and_then_use_typed_provider_envelopes ... ok
test session_binds_call_source_plan_usage_and_closes_after_consumed_resume ... ok
test unicode_classes_use_pinned_unicode16_and_ascii_numeric_rules ... ok
changed-limits result Await { call: Dependent { session_id: "dependent-native", call_id: 1, depth_base: 2, operation: OperationRef { schema: SchemaRef { package: "test", revision: 1, digest: Digest([131, 162, 255, 11, 137, 16, 165, 121, 39, 205, 198, 55, 81, 41, 96, 208, 221, 124, 88, 69, 240, 153, 134, 247, 115, 99, 131, 169, 82, 23, 29, 99]) }, name: "dependent" }, request: DependentRequest { first: Text("a"), end: 1, request: OwnedReadRequest { snapshot: SourceRef { source_id: SourceId("test"), revision: 0, digest: Digest([251, 142, 32, 252, 46, 76, 63, 36, 140, 96, 195, 155, 214, 82, 243, 193, 52, 114, 152, 187, 151, 123, 139, 77, 89, 3, 184, 80, 85, 98, 6, 3]) }, sources: [SourceSnapshot { storage: SnapshotData { id: SnapshotId { source: SourceId("test"), revision: 0, digest: Digest([251, 142, 32, 252, 46, 76, 63, 36, 140, 96, 195, 155, 214, 82, 243, 193, 52, 114, 152, 187, 151, 123, 139, 77, 89, 3, 184, 80, 85, 98, 6, 3]) }, uri: "memory:test", text: "ab" } }], start: 1, limit: 2, final_input: true, context: ReaderContext { schema: SchemaRef { package: "test", revision: 1, digest: Digest([131, 162, 255, 11, 137, 16, 165, 121, 39, 205, 198, 55, 81, 41, 96, 208, 221, 124, 88, 69, 240, 153, 134, 247, 115, 99, 131, 169, 82, 23, 29, 99]) }, category: "Token", mode: "test", environment: EnvironmentEntry { id: 0, digest: Digest([247, 69, 230, 176, 130, 176, 128, 97, 156, 253, 162, 143, 55, 30, 70, 237, 217, 154, 43, 57, 253, 148, 7, 141, 251, 197, 33, 69, 89, 34, 11, 206]), value: Environment { bindings: [], resources: [] } }, origins: [] }, state: Unit } } }, continuation: TokenizationContinuation { scope: TokenizationScope { operation_id: "dependent-scope", profile_digest: Digest([7, 7, 7, 7, 7, 7, 7, 7, 7, 7, 7, 7, 7, 7, 7, 7, 7, 7, 7, 7, 7, 7, 7, 7, 7, 7, 7, 7, 7, 7, 7, 7]), snapshot: SourceRef { source_id: SourceId("test"), revision: 0, digest: Digest([251, 142, 32, 252, 46, 76, 63, 36, 140, 96, 195, 155, 214, 82, 243, 193, 52, 114, 152, 187, 151, 123, 139, 77, 89, 3, 184, 80, 85, 98, 6, 3]) } }, session_id: "dependent-native", reader_schema: SchemaRef { package: "test", revision: 1, digest: Digest([131, 162, 255, 11, 137, 16, 165, 121, 39, 205, 198, 55, 81, 41, 96, 208, 221, 124, 88, 69, 240, 153, 134, 247, 115, 99, 131, 169, 82, 23, 29, 99]) }, reader_plan_digest: Digest([177, 90, 217, 183, 114, 216, 210, 164, 61, 47, 88, 71, 125, 239, 194, 163, 220, 199, 206, 187, 245, 112, 89, 123, 13, 98, 168, 161, 128, 210, 22, 81]), configuration_digest: Digest([95, 81, 139, 220, 76, 208, 78, 21, 186, 40, 5, 239, 126, 119, 151, 79, 139, 48, 150, 7, 4, 171, 238, 23, 69, 83, 44, 33, 101, 69, 163, 64]), request: OwnedReadRequest { snapshot: SourceRef { source_id: SourceId("test"), revision: 0, digest: Digest([251, 142, 32, 252, 46, 76, 63, 36, 140, 96, 195, 155, 214, 82, 243, 193, 52, 114, 152, 187, 151, 123, 139, 77, 89, 3, 184, 80, 85, 98, 6, 3]) }, sources: [SourceSnapshot { storage: SnapshotData { id: SnapshotId { source: SourceId("test"), revision: 0, digest: Digest([251, 142, 32, 252, 46, 76, 63, 36, 140, 96, 195, 155, 214, 82, 243, 193, 52, 114, 152, 187, 151, 123, 139, 77, 89, 3, 184, 80, 85, 98, 6, 3]) }, uri: "memory:test", text: "ab" } }], start: 0, limit: 2, final_input: true, context: ReaderContext { schema: SchemaRef { package: "test", revision: 1, digest: Digest([131, 162, 255, 11, 137, 16, 165, 121, 39, 205, 198, 55, 81, 41, 96, 208, 221, 124, 88, 69, 240, 153, 134, 247, 115, 99, 131, 169, 82, 23, 29, 99]) }, category: "Token", mode: "test", environment: EnvironmentEntry { id: 0, digest: Digest([247, 69, 230, 176, 130, 176, 128, 97, 156, 253, 162, 143, 55, 30, 70, 237, 217, 154, 43, 57, 253, 148, 7, 141, 251, 197, 33, 69, 89, 34, 11, 206]), value: Environment { bindings: [], resources: [] } }, origins: [] }, state: Unit }, mode: "test", target: Mode, phase: Take { next: 0 }, current: ReaderCheckpoint { cursor: 0, state: Unit, view: ViewBundle { elements: [], roots: [] }, facts: [], diagnostics: [], events: [], trace_overflow: None, sources: [], source_maps: [] }, trivia: [], expected: [], furthest: 0, pending: Provider { continuation: ReaderContinuation { session_id: "dependent-native", depth_base: 1, plan_schema: SchemaRef { package: "test", revision: 1, digest: Digest([131, 162, 255, 11, 137, 16, 165, 121, 39, 205, 198, 55, 81, 41, 96, 208, 221, 124, 88, 69, 240, 153, 134, 247, 115, 99, 131, 169, 82, 23, 29, 99]) }, plan_digest: Digest([177, 90, 217, 183, 114, 216, 210, 164, 61, 47, 88, 71, 125, 239, 194, 163, 220, 199, 206, 187, 245, 112, 89, 123, 13, 98, 168, 161, 128, 210, 22, 81]), request: OwnedReadRequest { snapshot: SourceRef { source_id: SourceId("test"), revision: 0, digest: Digest([251, 142, 32, 252, 46, 76, 63, 36, 140, 96, 195, 155, 214, 82, 243, 193, 52, 114, 152, 187, 151, 123, 139, 77, 89, 3, 184, 80, 85, 98, 6, 3]) }, sources: [SourceSnapshot { storage: SnapshotData { id: SnapshotId { source: SourceId("test"), revision: 0, digest: Digest([251, 142, 32, 252, 46, 76, 63, 36, 140, 96, 195, 155, 214, 82, 243, 193, 52, 114, 152, 187, 151, 123, 139, 77, 89, 3, 184, 80, 85, 98, 6, 3]) }, uri: "memory:test", text: "ab" } }], start: 0, limit: 2, final_input: true, context: ReaderContext { schema: SchemaRef { package: "test", revision: 1, digest: Digest([131, 162, 255, 11, 137, 16, 165, 121, 39, 205, 198, 55, 81, 41, 96, 208, 221, 124, 88, 69, 240, 153, 134, 247, 115, 99, 131, 169, 82, 23, 29, 99]) }, category: "Token", mode: "test", environment: EnvironmentEntry { id: 0, digest: Digest([247, 69, 230, 176, 130, 176, 128, 97, 156, 253, 162, 143, 55, 30, 70, 237, 217, 154, 43, 57, 253, 148, 7, 141, 251, 197, 33, 69, 89, 34, 11, 206]), value: Environment { bindings: [], resources: [] } }, origins: [] }, state: Unit }, frames: [ReaderFrame { expression: ReaderId(1), start: 0, checkpoint: ReaderCheckpoint { cursor: 0, state: Unit, view: ViewBundle { elements: [], roots: [] }, facts: [], diagnostics: [], events: [], trace_overflow: None, sources: [], source_maps: [] }, phase: Provider { call_id: 1 } }], current: ReaderCheckpoint { cursor: 1, state: Unit, view: ViewBundle { elements: [], roots: [] }, facts: [], diagnostics: [], events: [], trace_overflow: None, sources: [], source_maps: [] }, pending: Dependent { session_id: "dependent-native", call_id: 1, depth_base: 2, operation: OperationRef { schema: SchemaRef { package: "test", revision: 1, digest: Digest([131, 162, 255, 11, 137, 16, 165, 121, 39, 205, 198, 55, 81, 41, 96, 208, 221, 124, 88, 69, 240, 153, 134, 247, 115, 99, 131, 169, 82, 23, 29, 99]) }, name: "dependent" }, request: DependentRequest { first: Text("a"), end: 1, request: OwnedReadRequest { snapshot: SourceRef { source_id: SourceId("test"), revision: 0, digest: Digest([251, 142, 32, 252, 46, 76, 63, 36, 140, 96, 195, 155, 214, 82, 243, 193, 52, 114, 152, 187, 151, 123, 139, 77, 89, 3, 184, 80, 85, 98, 6, 3]) }, sources: [SourceSnapshot { storage: SnapshotData { id: SnapshotId { source: SourceId("test"), revision: 0, digest: Digest([251, 142, 32, 252, 46, 76, 63, 36, 140, 96, 195, 155, 214, 82, 243, 193, 52, 114, 152, 187, 151, 123, 139, 77, 89, 3, 184, 80, 85, 98, 6, 3]) }, uri: "memory:test", text: "ab" } }], start: 1, limit: 2, final_input: true, context: ReaderContext { schema: SchemaRef { package: "test", revision: 1, digest: Digest([131, 162, 255, 11, 137, 16, 165, 121, 39, 205, 198, 55, 81, 41, 96, 208, 221, 124, 88, 69, 240, 153, 134, 247, 115, 99, 131, 169, 82, 23, 29, 99]) }, category: "Token", mode: "test", environment: EnvironmentEntry { id: 0, digest: Digest([247, 69, 230, 176, 130, 176, 128, 97, 156, 253, 162, 143, 55, 30, 70, 237, 217, 154, 43, 57, 253, 148, 7, 141, 251, 197, 33, 69, 89, 34, 11, 206]), value: Environment { bindings: [], resources: [] } }, origins: [] }, state: Unit } } }, usage: Usage { source_bytes: 2, work: 3945, depth: 4, nodes: 10, allocation_units: 27646, output_bytes: 74, diagnostics: 0, events: 0 }, report: Report { diagnostics: [], events: [], trace_overflow: None, usage: Usage { source_bytes: 2, work: 3945, depth: 4, nodes: 10, allocation_units: 27646, output_bytes: 74, diagnostics: 0, events: 0 } } } }, depth_base: 1, usage: Usage { source_bytes: 2, work: 4304, depth: 4, nodes: 10, allocation_units: 44498, output_bytes: 74, diagnostics: 0, events: 0 }, report: Report { diagnostics: [], events: [], trace_overflow: None, usage: Usage { source_bytes: 2, work: 4304, depth: 4, nodes: 10, allocation_units: 44498, output_bytes: 74, diagnostics: 0, events: 0 } } } }, host_error Some(Continuation), work_limit 1000000001
test provider_overflow_rejects_read_failed_map_decode_without_consuming_slot ... ok
test static_plan_rejects_unknown_references_types_and_unproductive_recursion ... ok
test review_native::review_read_then_dependent_native_retry_scope_and_stops ... ok
test runtime_rejects_left_recursion_hidden_behind_empty_programmed_call ... ok
test tokenizer_host::synchronous_text_reservation_preserves_decode_maps_and_fallback ... ok
test tokenizer_host::synchronous_tokenizer_keeps_owned_fallback_and_validates_replies ... ok
test tokenizer_outer_echo_validates_every_nested_reader_component_before_private_resume ... ok
test until_leaves_delimiter_and_takecount_counts_scalars ... ok
test plan_identity_is_deterministic_but_distinguishes_arena_representation ... ok
test failed_stopped_and_rollback_results_have_their_exact_formal_source_closure ... ok
test stopped_reader_retains_committed_provider_reports ... ok
test transform::transform_all_outcomes_keep_sources_reports_and_retry_after_rejected_native_or_ndf_reply ... ok
test allocation_faults_across_later_resumes_preserve_already_accepted_reports ... ok
test stopped_tokenizer_retains_reader_report_and_generated_source_closure ... ok
test tokenizer_await_allocation_stops_clear_both_private_pending_slots ... ok
test tokenizer_preserves_accepted_skip_reports_and_sources_across_candidate_rollback ... ok

test result: ok. 37 passed; 0 failed; 0 ignored; 0 measured; 0 filtered out; finished in 0.37s

   Doc-tests nepl3_engine

running 0 tests

test result: ok. 0 passed; 0 failed; 0 ignored; 0 measured; 0 filtered out; finished in 0.00s

   Doc-tests nepl3_reader

running 0 tests

test result: ok. 0 passed; 0 failed; 0 ignored; 0 measured; 0 filtered out; finished in 0.00s

