   Compiling typenum v1.20.1
   Compiling autocfg v1.5.1
   Compiling cfg-if v1.0.4
   Compiling cpufeatures v0.3.1
   Compiling unicode-ident v1.0.18
   Compiling num-traits v0.2.19
   Compiling hybrid-array v0.4.14
   Compiling num-integer v0.1.47
   Compiling block-buffer v0.12.1
   Compiling crypto-common v0.2.2
   Compiling num-bigint v0.4.8
   Compiling digest v0.11.3
   Compiling sha2 v0.11.0
   Compiling nepl3-core v0.1.0 (C:\projects\NEPL3-snapshot-storage\.tmp\review-native-reader-drive\workspace\crates\foundation\core)
   Compiling nepl3-reader v0.1.0 (C:\projects\NEPL3-snapshot-storage\.tmp\review-native-reader-drive\workspace\crates\foundation\reader)
   Compiling nepl3-wire v0.1.0 (C:\projects\NEPL3-snapshot-storage\.tmp\review-native-reader-drive\workspace\crates\foundation\wire)
   Compiling nepl3-engine v0.1.0 (C:\projects\NEPL3-snapshot-storage\.tmp\review-native-reader-drive\workspace\crates\foundation\engine)
    Finished `test` profile [unoptimized + debuginfo] target(s) in 19.83s
     Running unittests src\lib.rs (target\debug\deps\nepl3_engine-7638c49707442989.exe)

running 2 tests
test head::tests::window_preserves_exact_utf8_and_requires_admission_in_each_operation ... ok
test head::tests::completed_projection_preserves_compound_values_without_unread_siblings_or_tables ... ok

test result: ok. 2 passed; 0 failed; 0 ignored; 0 measured; 0 filtered out; finished in 0.00s

     Running tests\head.rs (target\debug\deps\head-f5ebaa698eac4450.exe)

running 14 tests
test shape_provider_failure_keeps_unknown_arity_unparsed_and_primary_once ... ok
test failed_child_context_preserves_known_parent_arity_and_formal_primary_once ... ok
test head_cancel_keeps_accepted_diagnostic_event_and_fixed_parent_progress ... ok
test dynamic_head_uses_compound_completed_child_and_restores_normal_child_context ... ok
test head_resume_source_uri_conflict_and_missing_primary_preserve_the_original_slot ... ok
test long_failed_reply_is_charged_before_primary_equality_and_keeps_prior_report ... ok
test head_resume_uses_saved_auxiliary_context_and_rejects_caller_conflicts_before_consumption ... ok
test deep_failed_payload_respects_saved_call_depth_and_keeps_prior_report ... ok
test foreign_completed_selector_uses_local_projection_ids_and_returns_to_host_body ... ok
test completed_head_wrapper_preserves_owned_execution_and_pending_boundaries ... ok
test synchronous_head_reader_head_dispatch_matches_owned_interleaving ... ok
test head_trace_overflow_requires_stopped_and_invalid_success_keeps_pending ... ok
test portable::portable_callback_and_dynamic_tree_match_owned_native_execution ... ok
test synchronous_head_host_and_owned_fallback_keep_the_same_tree_and_positions ... ok

test result: ok. 14 passed; 0 failed; 0 ignored; 0 measured; 0 filtered out; finished in 0.10s

     Running tests\package.rs (target\debug\deps\package-cf62ac59c7eeea97.exe)

running 21 tests
test package_checks_real_surface_shapes_modes_selectors_and_binding_coverage ... ok
test head::portable::projected_shared_payload_depth_includes_the_deeper_graph_path ... ok
test persistent_tree_checks_parent_reads_spelling_payload_and_concrete_owner ... ok
test head::portable::head_delegation_accounts_window_reception_once_and_merges_relative_costs_with_absolute_depth ... ok
test head::portable::delegated_grant_and_real_framing_share_the_original_work_cap ... ok
test package_rejects_direct_reader_cycles_and_counts_binding_entry_depth ... ok
test portable::facts::facts_first_receiver_decodes_without_the_senders_request_or_source_store ... ok
test package_boundary_checks_extension_provenance_and_resource_limits ... ok
test portable::typed_tree_recovery_uses_the_guest_source_table_and_canonical_node_reference ... ok
test head::portable::stopped_transport_records_child_cost_and_unsettled_drop_blocks_parent_reuse ... ok
test head::portable::head_all_reply_branches_preserve_projected_report_and_reject_invalid_fixes_and_graphs ... ok
test head::portable::head_first_receiver_preserves_compound_projection_and_rejects_schema_valid_corruption ... ok
test listof_foreign_has_foreign_head_and_local_tail_without_losing_its_selector ... ok
test portable::facts::facts_all_reply_branches_keep_report_only_sources_and_request_relative_grants ... ok
test head::head_registrations_bind_alias_signature_host_identity_and_profile_digest ... ok
test portable::facts::facts_request_binds_complete_host_authority_and_canonical_target ... ok
test recovery_strategy_and_sync_order_are_part_of_package_behavior ... ok
test semantic_identity_preserves_ordered_behavior_and_presentation_fallback ... ok
test semantic_identity_removes_arena_layout_sharing_and_provenance ... ok
test portable::typed_tree_roundtrip_remaps_every_local_owner_and_rejects_stale_wrapper_indices ... ok
test resolved_profile_pins_real_package_host_providers_resources_and_foreign_modes ... ok

test result: ok. 21 passed; 0 failed; 0 ignored; 0 measured; 0 filtered out; finished in 0.08s

     Running tests\parse.rs (target\debug\deps\parse-4631596fce90cc28.exe)

running 20 tests
test native_host_nested_stop_is_sticky_without_host_mutating_budget ... ok
test foreign::foreign_root_mode_is_guest_owned_and_normal_child_and_host_restore_defaults ... ok
test explicit_list_spine_preserves_declared_head_and_tail_children ... ok
parents test missing_children_share_one_bundle_recovery_table ... 1ok
test static_form_keeps_builtin_children_and_token_payloads ... ok
: owned Usage { source_bytes: 7, work: test missing_final_child_and_nonfinal_input_are_distinct ... ok
9852, depth: 6, nodes: 38, allocation_units: 236598, output_bytes: 0, diagnostics: 2, events: 0 }, native Usage { source_bytes: 7, work: 3682, depth: 6, nodes: 34, allocation_units: 46637, output_bytes: 0, diagnostics: 2, events: 0 }
test append_retry_retains_original_caller_depth_when_host_resumes_at_zero ... ok
test native_host_failure_keeps_generated_diagnostic_and_event_closure ... ok
test prefix_depth_composes_with_nested_reader_frames ... ok
test text_reservation_preserves_prefix_identity_and_composed_caller_depth ... ok
test accepted_trivia_without_a_token_survives_eof_and_need_more ... ok
test provider_resume_keeps_prefix_frames_report_and_caller_depth ... ok
parents 4: owned Usage { source_bytes: 25, work: 45021, depth: 9, nodes: 119, allocation_units: 949947, output_bytes: 0, diagnostics: 5, events: 0 }, native Usage { source_bytes: 25, work: 12928, depth: 9, nodes: 109, allocation_units: 149945, output_bytes: 0, diagnostics: 5, events: 0 }
test unknown_heads_preserve_remainder_without_inventing_a_leaf_arity ... ok
test native_host_mixed_text_provider_fallback_preserves_decoded_sources ... ok
parents 8: owned Usage { source_bytes: 49, work: 127249, depth: 13, nodes: 255, allocation_units: 2546591, output_bytes: 0, diagnostics: 9, events: 0 }, native Usage { source_bytes: 49, work: 29568, depth: 13, nodes: 237, allocation_units: 328555, output_bytes: 0, diagnostics: 9, events: 0 }
test native_host_prefix_growth_reduces_measured_copy_work ... ok
test native_host_preserves_tree_reports_maps_and_owned_fallback ... ok
test append_retry_reparses_every_scalar_split_and_keeps_cumulative_usage ... ok

thread 'completed_parse_wrappers_preserve_raw_outcomes_reports_and_costs' (13632) panicked at crates\foundation\engine\tests\parse.rs:1511:9:
assertion `left == right` failed: let "x" "x"
  left: ParseReply { outcome: Recovered { tree: ParseTree { profile_digest: Digest([115, 118, 105, 80, 192, 247, 116, 118, 6, 78, 156, 154, 89, 76, 159, 9, 57, 17, 208, 162, 150, 217, 157, 242, 214, 124, 59, 179, 139, 144, 82, 188]), bundle: SyntaxBundle { root: NodeRef(0), nodes: 3, sources: 2, origins: 3, source_maps: 1, environments: 1 }, recovery: [BundleRecovery { path: [], entries: [RecoveryEntry { node: NodeRef(2), kind: Unparsed { span: Span { snapshot: SnapshotId { source: SourceId("input"), revision: 0, digest: Digest([21, 29, 183, 48, 243, 64, 136, 53, 22, 222, 81, 44, 206, 47, 187, 56, 18, 102, 69, 214, 5, 108, 143, 164, 237, 62, 92, 30, 94, 59, 234, 173]) }, start: 8, end: 11 }, reason: UnknownHead } }] }], contexts: [BundleContext { path: [], nodes: [NodeSelection { node: NodeRef(0), entry: EntryContext { package: PackageIdentity { schema: SchemaRef { package: "fixture.syntax", revision: 1, digest: Digest([134, 232, 62, 4, 135, 44, 177, 220, 24, 179, 222, 250, 48, 130, 101, 110, 152, 8, 14, 105, 254, 170, 182, 43, 136, 254, 84, 193, 154, 79, 25, 157]) }, semantic_digest: Digest([225, 196, 30, 60, 77, 243, 36, 92, 86, 21, 74, 49, 14, 145, 66, 157, 135, 230, 31, 253, 176, 238, 185, 54, 182, 204, 183, 74, 34, 111, 148, 111]) }, alias: "Host", category: "Expr", mode: "Code" }, execution_digest: Digest([80, 160, 80, 255, 190, 189, 253, 1, 241, 113, 234, 61, 223, 126, 211, 46, 153, 240, 48, 215, 223, 240, 8, 76, 201, 46, 235, 232, 4, 175, 22, 210]), shape: Form { index: 0 } }, NodeSelection { node: NodeRef(1), entry: EntryContext { package: PackageIdentity { schema: SchemaRef { package: "fixture.syntax", revision: 1, digest: Digest([134, 232, 62, 4, 135, 44, 177, 220, 24, 179, 222, 250, 48, 130, 101, 110, 152, 8, 14, 105, 254, 170, 182, 43, 136, 254, 84, 193, 154, 79, 25, 157]) }, semantic_digest: Digest([225, 196, 30, 60, 77, 243, 36, 92, 86, 21, 74, 49, 14, 145, 66, 157, 135, 230, 31, 253, 176, 238, 185, 54, 182, 204, 183, 74, 34, 111, 148, 111]) }, alias: "Host", category: "Expr", mode: "Code" }, execution_digest: Digest([80, 160, 80, 255, 190, 189, 253, 1, 241, 113, 234, 61, 223, 126, 211, 46, 153, 240, 48, 215, 223, 240, 8, 76, 201, 46, 235, 232, 4, 175, 22, 210]), shape: Builtin { read: ReadSpecId(0) } }, NodeSelection { node: NodeRef(2), entry: EntryContext { package: PackageIdentity { schema: SchemaRef { package: "fixture.syntax", revision: 1, digest: Digest([134, 232, 62, 4, 135, 44, 177, 220, 24, 179, 222, 250, 48, 130, 101, 110, 152, 8, 14, 105, 254, 170, 182, 43, 136, 254, 84, 193, 154, 79, 25, 157]) }, semantic_digest: Digest([225, 196, 30, 60, 77, 243, 36, 92, 86, 21, 74, 49, 14, 145, 66, 157, 135, 230, 31, 253, 176, 238, 185, 54, 182, 204, 183, 74, 34, 111, 148, 111]) }, alias: "Host", category: "Expr", mode: "Code" }, execution_digest: Digest([80, 160, 80, 255, 190, 189, 253, 1, 241, 113, 234, 61, 223, 126, 211, 46, 153, 240, 48, 215, 223, 240, 8, 76, 201, 46, 235, 232, 4, 175, 22, 210]), shape: Recovery }] }] }, cursor: 11, states: [LanguageReaderState { alias: "Host", state: Unit }], facts: [ReaderFactBatch { path: [], node: Some(NodeRef(0)), entry: EntryContext { package: PackageIdentity { schema: SchemaRef { package: "fixture.syntax", revision: 1, digest: Digest([134, 232, 62, 4, 135, 44, 177, 220, 24, 179, 222, 250, 48, 130, 101, 110, 152, 8, 14, 105, 254, 170, 182, 43, 136, 254, 84, 193, 154, 79, 25, 157]) }, semantic_digest: Digest([225, 196, 30, 60, 77, 243, 36, 92, 86, 21, 74, 49, 14, 145, 66, 157, 135, 230, 31, 253, 176, 238, 185, 54, 182, 204, 183, 74, 34, 111, 148, 111]) }, alias: "Host", category: "Expr", mode: "Code" }, facts: [], trivia: [] }, ReaderFactBatch { path: [], node: Some(NodeRef(1)), entry: EntryContext { package: PackageIdentity { schema: SchemaRef { package: "fixture.syntax", revision: 1, digest: Digest([134, 232, 62, 4, 135, 44, 177, 220, 24, 179, 222, 250, 48, 130, 101, 110, 152, 8, 14, 105, 254, 170, 182, 43, 136, 254, 84, 193, 154, 79, 25, 157]) }, semantic_digest: Digest([225, 196, 30, 60, 77, 243, 36, 92, 86, 21, 74, 49, 14, 145, 66, 157, 135, 230, 31, 253, 176, 238, 185, 54, 182, 204, 183, 74, 34, 111, 148, 111]) }, alias: "Host", category: "Expr", mode: "Code" }, facts: [], trivia: [Trivia { span: Span { snapshot: SnapshotId { source: SourceId("input"), revision: 0, digest: Digest([21, 29, 183, 48, 243, 64, 136, 53, 22, 222, 81, 44, 206, 47, 187, 56, 18, 102, 69, 214, 5, 108, 143, 164, 237, 62, 92, 30, 94, 59, 234, 173]) }, start: 3, end: 4 }, kind: Whitespace }] }, ReaderFactBatch { path: [], node: None, entry: EntryContext { package: PackageIdentity { schema: SchemaRef { package: "fixture.syntax", revision: 1, digest: Digest([134, 232, 62, 4, 135, 44, 177, 220, 24, 179, 222, 250, 48, 130, 101, 110, 152, 8, 14, 105, 254, 170, 182, 43, 136, 254, 84, 193, 154, 79, 25, 157]) }, semantic_digest: Digest([225, 196, 30, 60, 77, 243, 36, 92, 86, 21, 74, 49, 14, 145, 66, 157, 135, 230, 31, 253, 176, 238, 185, 54, 182, 204, 183, 74, 34, 111, 148, 111]) }, alias: "Host", category: "Expr", mode: "Code" }, facts: [], trivia: [Trivia { span: Span { snapshot: SnapshotId { source: SourceId("input"), revision: 0, digest: Digest([21, 29, 183, 48, 243, 64, 136, 53, 22, 222, 81, 44, 206, 47, 187, 56, 18, 102, 69, 214, 5, 108, 143, 164, 237, 62, 92, 30, 94, 59, 234, 173]) }, start: 7, end: 8 }, kind: Whitespace }] }] }, report: Report { diagnostics: [Diagnostic { schema: SchemaRef { package: "nepl3.engine", revision: 1, digest: Digest([170, 233, 212, 34, 121, 16, 118, 192, 230, 198, 62, 124, 176, 33, 121, 201, 164, 239, 186, 75, 180, 20, 15, 84, 118, 223, 127, 152, 194, 102, 227, 94]) }, code: "UnparsedInput", severity: Error, stage: "parse", arguments: Record(Record { schema: SchemaRef { package: "nepl3.engine", revision: 1, digest: Digest([170, 233, 212, 34, 121, 16, 118, 192, 230, 198, 62, 124, 176, 33, 121, 201, 164, 239, 186, 75, 180, 20, 15, 84, 118, 223, 127, 152, 194, 102, 227, 94]) }, kind: "EngineDiagnosticArguments", fields: [Record { schema: SchemaRef { package: "nepl3.engine", revision: 1, digest: Digest([170, 233, 212, 34, 121, 16, 118, 192, 230, 198, 62, 124, 176, 33, 121, 201, 164, 239, 186, 75, 180, 20, 15, 84, 118, 223, 127, 152, 194, 102, 227, 94]) }, kind: "EntryContext", fields: 4 }, U64(8)] }), primary: Some(Span { snapshot: SnapshotId { source: SourceId("input"), revision: 0, digest: Digest([21, 29, 183, 48, 243, 64, 136, 53, 22, 222, 81, 44, 206, 47, 187, 56, 18, 102, 69, 214, 5, 108, 143, 164, 237, 62, 92, 30, 94, 59, 234, 173]) }, start: 8, end: 11 }), related: [], fixes: [] }], events: [], trace_overflow: None, usage: Usage { source_bytes: 12, work: 5100, depth: 6, nodes: 38, allocation_units: 91312, output_bytes: 1, diagnostics: 1, events: 0 } }, sources: [SourceSnapshot { storage: SnapshotData { id: SnapshotId { source: SourceId("decoded"), revision: 0, digest: Digest([45, 113, 22, 66, 183, 38, 176, 68, 1, 98, 124, 169, 251, 172, 50, 245, 200, 83, 15, 177, 144, 60, 196, 219, 2, 37, 135, 23, 146, 26, 72, 129]) }, uri: "memory:decoded", text: "x" } }, SourceSnapshot { storage: SnapshotData { id: SnapshotId { source: SourceId("input"), revision: 0, digest: Digest([21, 29, 183, 48, 243, 64, 136, 53, 22, 222, 81, 44, 206, 47, 187, 56, 18, 102, 69, 214, 5, 108, 143, 164, 237, 62, 92, 30, 94, 59, 234, 173]) }, uri: "memory:input", text: "let \"x\" \"x\"" } }], source_maps: [Mapping { source: Span { snapshot: SnapshotId { source: SourceId("input"), revision: 0, digest: Digest([21, 29, 183, 48, 243, 64, 136, 53, 22, 222, 81, 44, 206, 47, 187, 56, 18, 102, 69, 214, 5, 108, 143, 164, 237, 62, 92, 30, 94, 59, 234, 173]) }, start: 5, end: 6 }, target: Span { snapshot: SnapshotId { source: SourceId("decoded"), revision: 0, digest: Digest([45, 113, 22, 66, 183, 38, 176, 68, 1, 98, 124, 169, 251, 172, 50, 245, 200, 83, 15, 177, 144, 60, 196, 219, 2, 37, 135, 23, 146, 26, 72, 129]) }, start: 0, end: 1 }, kind: Exact }] }
 right: ParseReply { outcome: Recovered { tree: ParseTree { profile_digest: Digest([115, 118, 105, 80, 192, 247, 116, 118, 6, 78, 156, 154, 89, 76, 159, 9, 57, 17, 208, 162, 150, 217, 157, 242, 214, 124, 59, 179, 139, 144, 82, 188]), bundle: SyntaxBundle { root: NodeRef(0), nodes: 3, sources: 2, origins: 3, source_maps: 1, environments: 1 }, recovery: [BundleRecovery { path: [], entries: [RecoveryEntry { node: NodeRef(2), kind: Unparsed { span: Span { snapshot: SnapshotId { source: SourceId("input"), revision: 0, digest: Digest([21, 29, 183, 48, 243, 64, 136, 53, 22, 222, 81, 44, 206, 47, 187, 56, 18, 102, 69, 214, 5, 108, 143, 164, 237, 62, 92, 30, 94, 59, 234, 173]) }, start: 8, end: 11 }, reason: UnknownHead } }] }], contexts: [BundleContext { path: [], nodes: [NodeSelection { node: NodeRef(0), entry: EntryContext { package: PackageIdentity { schema: SchemaRef { package: "fixture.syntax", revision: 1, digest: Digest([134, 232, 62, 4, 135, 44, 177, 220, 24, 179, 222, 250, 48, 130, 101, 110, 152, 8, 14, 105, 254, 170, 182, 43, 136, 254, 84, 193, 154, 79, 25, 157]) }, semantic_digest: Digest([225, 196, 30, 60, 77, 243, 36, 92, 86, 21, 74, 49, 14, 145, 66, 157, 135, 230, 31, 253, 176, 238, 185, 54, 182, 204, 183, 74, 34, 111, 148, 111]) }, alias: "Host", category: "Expr", mode: "Code" }, execution_digest: Digest([80, 160, 80, 255, 190, 189, 253, 1, 241, 113, 234, 61, 223, 126, 211, 46, 153, 240, 48, 215, 223, 240, 8, 76, 201, 46, 235, 232, 4, 175, 22, 210]), shape: Form { index: 0 } }, NodeSelection { node: NodeRef(1), entry: EntryContext { package: PackageIdentity { schema: SchemaRef { package: "fixture.syntax", revision: 1, digest: Digest([134, 232, 62, 4, 135, 44, 177, 220, 24, 179, 222, 250, 48, 130, 101, 110, 152, 8, 14, 105, 254, 170, 182, 43, 136, 254, 84, 193, 154, 79, 25, 157]) }, semantic_digest: Digest([225, 196, 30, 60, 77, 243, 36, 92, 86, 21, 74, 49, 14, 145, 66, 157, 135, 230, 31, 253, 176, 238, 185, 54, 182, 204, 183, 74, 34, 111, 148, 111]) }, alias: "Host", category: "Expr", mode: "Code" }, execution_digest: Digest([80, 160, 80, 255, 190, 189, 253, 1, 241, 113, 234, 61, 223, 126, 211, 46, 153, 240, 48, 215, 223, 240, 8, 76, 201, 46, 235, 232, 4, 175, 22, 210]), shape: Builtin { read: ReadSpecId(0) } }, NodeSelection { node: NodeRef(2), entry: EntryContext { package: PackageIdentity { schema: SchemaRef { package: "fixture.syntax", revision: 1, digest: Digest([134, 232, 62, 4, 135, 44, 177, 220, 24, 179, 222, 250, 48, 130, 101, 110, 152, 8, 14, 105, 254, 170, 182, 43, 136, 254, 84, 193, 154, 79, 25, 157]) }, semantic_digest: Digest([225, 196, 30, 60, 77, 243, 36, 92, 86, 21, 74, 49, 14, 145, 66, 157, 135, 230, 31, 253, 176, 238, 185, 54, 182, 204, 183, 74, 34, 111, 148, 111]) }, alias: "Host", category: "Expr", mode: "Code" }, execution_digest: Digest([80, 160, 80, 255, 190, 189, 253, 1, 241, 113, 234, 61, 223, 126, 211, 46, 153, 240, 48, 215, 223, 240, 8, 76, 201, 46, 235, 232, 4, 175, 22, 210]), shape: Recovery }] }] }, cursor: 11, states: [LanguageReaderState { alias: "Host", state: Unit }], facts: [ReaderFactBatch { path: [], node: Some(NodeRef(0)), entry: EntryContext { package: PackageIdentity { schema: SchemaRef { package: "fixture.syntax", revision: 1, digest: Digest([134, 232, 62, 4, 135, 44, 177, 220, 24, 179, 222, 250, 48, 130, 101, 110, 152, 8, 14, 105, 254, 170, 182, 43, 136, 254, 84, 193, 154, 79, 25, 157]) }, semantic_digest: Digest([225, 196, 30, 60, 77, 243, 36, 92, 86, 21, 74, 49, 14, 145, 66, 157, 135, 230, 31, 253, 176, 238, 185, 54, 182, 204, 183, 74, 34, 111, 148, 111]) }, alias: "Host", category: "Expr", mode: "Code" }, facts: [], trivia: [] }, ReaderFactBatch { path: [], node: Some(NodeRef(1)), entry: EntryContext { package: PackageIdentity { schema: SchemaRef { package: "fixture.syntax", revision: 1, digest: Digest([134, 232, 62, 4, 135, 44, 177, 220, 24, 179, 222, 250, 48, 130, 101, 110, 152, 8, 14, 105, 254, 170, 182, 43, 136, 254, 84, 193, 154, 79, 25, 157]) }, semantic_digest: Digest([225, 196, 30, 60, 77, 243, 36, 92, 86, 21, 74, 49, 14, 145, 66, 157, 135, 230, 31, 253, 176, 238, 185, 54, 182, 204, 183, 74, 34, 111, 148, 111]) }, alias: "Host", category: "Expr", mode: "Code" }, facts: [], trivia: [Trivia { span: Span { snapshot: SnapshotId { source: SourceId("input"), revision: 0, digest: Digest([21, 29, 183, 48, 243, 64, 136, 53, 22, 222, 81, 44, 206, 47, 187, 56, 18, 102, 69, 214, 5, 108, 143, 164, 237, 62, 92, 30, 94, 59, 234, 173]) }, start: 3, end: 4 }, kind: Whitespace }] }, ReaderFactBatch { path: [], node: None, entry: EntryContext { package: PackageIdentity { schema: SchemaRef { package: "fixture.syntax", revision: 1, digest: Digest([134, 232, 62, 4, 135, 44, 177, 220, 24, 179, 222, 250, 48, 130, 101, 110, 152, 8, 14, 105, 254, 170, 182, 43, 136, 254, 84, 193, 154, 79, 25, 157]) }, semantic_digest: Digest([225, 196, 30, 60, 77, 243, 36, 92, 86, 21, 74, 49, 14, 145, 66, 157, 135, 230, 31, 253, 176, 238, 185, 54, 182, 204, 183, 74, 34, 111, 148, 111]) }, alias: "Host", category: "Expr", mode: "Code" }, facts: [], trivia: [Trivia { span: Span { snapshot: SnapshotId { source: SourceId("input"), revision: 0, digest: Digest([21, 29, 183, 48, 243, 64, 136, 53, 22, 222, 81, 44, 206, 47, 187, 56, 18, 102, 69, 214, 5, 108, 143, 164, 237, 62, 92, 30, 94, 59, 234, 173]) }, start: 7, end: 8 }, kind: Whitespace }] }] }, report: Report { diagnostics: [Diagnostic { schema: SchemaRef { package: "nepl3.engine", revision: 1, digest: Digest([170, 233, 212, 34, 121, 16, 118, 192, 230, 198, 62, 124, 176, 33, 121, 201, 164, 239, 186, 75, 180, 20, 15, 84, 118, 223, 127, 152, 194, 102, 227, 94]) }, code: "UnparsedInput", severity: Error, stage: "parse", arguments: Record(Record { schema: SchemaRef { package: "nepl3.engine", revision: 1, digest: Digest([170, 233, 212, 34, 121, 16, 118, 192, 230, 198, 62, 124, 176, 33, 121, 201, 164, 239, 186, 75, 180, 20, 15, 84, 118, 223, 127, 152, 194, 102, 227, 94]) }, kind: "EngineDiagnosticArguments", fields: [Record { schema: SchemaRef { package: "nepl3.engine", revision: 1, digest: Digest([170, 233, 212, 34, 121, 16, 118, 192, 230, 198, 62, 124, 176, 33, 121, 201, 164, 239, 186, 75, 180, 20, 15, 84, 118, 223, 127, 152, 194, 102, 227, 94]) }, kind: "EntryContext", fields: 4 }, U64(8)] }), primary: Some(Span { snapshot: SnapshotId { source: SourceId("input"), revision: 0, digest: Digest([21, 29, 183, 48, 243, 64, 136, 53, 22, 222, 81, 44, 206, 47, 187, 56, 18, 102, 69, 214, 5, 108, 143, 164, 237, 62, 92, 30, 94, 59, 234, 173]) }, start: 8, end: 11 }), related: [], fixes: [] }], events: [], trace_overflow: None, usage: Usage { source_bytes: 12, work: 5097, depth: 6, nodes: 38, allocation_units: 91312, output_bytes: 1, diagnostics: 1, events: 0 } }, sources: [SourceSnapshot { storage: SnapshotData { id: SnapshotId { source: SourceId("decoded"), revision: 0, digest: Digest([45, 113, 22, 66, 183, 38, 176, 68, 1, 98, 124, 169, 251, 172, 50, 245, 200, 83, 15, 177, 144, 60, 196, 219, 2, 37, 135, 23, 146, 26, 72, 129]) }, uri: "memory:decoded", text: "x" } }, SourceSnapshot { storage: SnapshotData { id: SnapshotId { source: SourceId("input"), revision: 0, digest: Digest([21, 29, 183, 48, 243, 64, 136, 53, 22, 222, 81, 44, 206, 47, 187, 56, 18, 102, 69, 214, 5, 108, 143, 164, 237, 62, 92, 30, 94, 59, 234, 173]) }, uri: "memory:input", text: "let \"x\" \"x\"" } }], source_maps: [Mapping { source: Span { snapshot: SnapshotId { source: SourceId("input"), revision: 0, digest: Digest([21, 29, 183, 48, 243, 64, 136, 53, 22, 222, 81, 44, 206, 47, 187, 56, 18, 102, 69, 214, 5, 108, 143, 164, 237, 62, 92, 30, 94, 59, 234, 173]) }, start: 5, end: 6 }, target: Span { snapshot: SnapshotId { source: SourceId("decoded"), revision: 0, digest: Digest([45, 113, 22, 66, 183, 38, 176, 68, 1, 98, 124, 169, 251, 172, 50, 245, 200, 83, 15, 177, 144, 60, 196, 219, 2, 37, 135, 23, 146, 26, 72, 129]) }, start: 0, end: 1 }, kind: Exact }] }
note: run with `RUST_BACKTRACE=1` environment variable to display a backtrace
test completed_parse_wrappers_preserve_raw_outcomes_reports_and_costs ... FAILED
test native_host_cancel_and_invalid_reply_keep_boundary_semantics ... ok
test allocation_stop_preserves_actual_usage_and_never_invents_a_root ... ok

failures:

failures:
    completed_parse_wrappers_preserve_raw_outcomes_reports_and_costs

test result: FAILED. 19 passed; 1 failed; 0 ignored; 0 measured; 0 filtered out; finished in 3.27s

error: test failed, to rerun pass `-p nepl3-engine --test parse`
