   Compiling nepl3-core v0.1.0 (C:\projects\NEPL3-runtime\.tmp\review-empty-provider-closure\source\crates\foundation\core)
   Compiling nepl3-reader v0.1.0 (C:\projects\NEPL3-runtime\.tmp\review-empty-provider-closure\source\crates\foundation\reader)
   Compiling nepl3-wire v0.1.0 (C:\projects\NEPL3-runtime\.tmp\review-empty-provider-closure\source\crates\foundation\wire)
   Compiling independent-empty-provider-closure v0.0.0 (C:\projects\NEPL3-runtime\.tmp\review-empty-provider-closure\probe)
warning: unused import: `super::*`
 --> C:\projects\NEPL3-runtime\.tmp\review-empty-provider-closure\source\crates\foundation\reader\tests\runtime\retry.rs:1:5
  |
1 | use super::*;
  |     ^^^^^^^^
  |
  = note: `#[warn(unused_imports)]` (part of `#[warn(unused)]`) on by default

warning: unused import: `super::*`
 --> C:\projects\NEPL3-runtime\.tmp\review-empty-provider-closure\source\crates\foundation\reader\tests\runtime\transform.rs:1:5
  |
1 | use super::*;
  |     ^^^^^^^^

warning: unused imports: `MappingKind` and `Mapping`
 --> C:\projects\NEPL3-runtime\.tmp\review-empty-provider-closure\source\crates\foundation\reader\tests\runtime\transform.rs:2:26
  |
2 | use nepl3_core::origin::{Mapping, MappingKind};
  |                          ^^^^^^^  ^^^^^^^^^^^

warning: unused import: `nepl3_reader::portable::transform::*`
 --> C:\projects\NEPL3-runtime\.tmp\review-empty-provider-closure\source\crates\foundation\reader\tests\runtime\transform.rs:3:5
  |
3 | use nepl3_reader::portable::transform::*;
  |     ^^^^^^^^^^^^^^^^^^^^^^^^^^^^^^^^^^^^

warning: unused import: `nepl3_wire::foundation::FoundationCodec`
 --> C:\projects\NEPL3-runtime\.tmp\review-empty-provider-closure\source\crates\foundation\reader\tests\runtime\transform.rs:4:5
  |
4 | use nepl3_wire::foundation::FoundationCodec;
  |     ^^^^^^^^^^^^^^^^^^^^^^^^^^^^^^^^^^^^^^^

warning: unused import: `super::*`
 --> ..\independent.rs:1:5
  |
1 | use super::*;
  |     ^^^^^^^^

warning: unused imports: `MappingKind` and `Mapping`
 --> ..\independent.rs:2:26
  |
2 | use nepl3_core::origin::{Mapping,MappingKind};
  |                          ^^^^^^^ ^^^^^^^^^^^

warning: function `budget` is never used
 --> root.rs:9:4
  |
9 | fn budget() -> Budget {
  |    ^^^^^^
  |
  = note: `#[warn(dead_code)]` (part of `#[warn(unused)]`) on by default

warning: function `reader_type` is never used
  --> root.rs:21:4
   |
21 | fn reader_type(name: &str) -> TypeDescriptor {
   |    ^^^^^^^^^^^

warning: function `registry` is never used
  --> root.rs:28:4
   |
28 | fn registry() -> Result<(SchemaRegistry, SchemaRef), SchemaError> {
   |    ^^^^^^^^

warning: function `plan` is never used
  --> root.rs:71:4
   |
71 | fn plan(
   |    ^^^^

warning: function `context` is never used
  --> root.rs:89:4
   |
89 | fn context(schema: &SchemaRef, registry: &SchemaRegistry) -> Result<ReaderContext, ReaderError> {
   |    ^^^^^^^

warning: function `check_context` is never used
   --> root.rs:115:4
    |
115 | fn check_context<'a>(
    |    ^^^^^^^^^^^^^

warning: function `source` is never used
   --> root.rs:128:4
    |
128 | fn source(text: &str) -> Result<SourceSnapshot, SourceError> {
    |    ^^^^^^

warning: function `run` is never used
   --> root.rs:137:4
    |
137 | fn run(
    |    ^^^

warning: function `signature` is never used
   --> root.rs:350:4
    |
350 | fn signature(schema: &SchemaRef, kind: ProviderKind) -> ProviderSignature {
    |    ^^^^^^^^^

warning: function `provider_plan` is never used
   --> root.rs:373:4
    |
373 | fn provider_plan(schema: &SchemaRef) -> ReaderPlan {
    |    ^^^^^^^^^^^^^

warning: function `terminal` is never used
   --> root.rs:384:4
    |
384 | fn terminal(value: &str, end: u64, budget: &mut Budget) -> Result<ProviderReply, StopReason> {
    |    ^^^^^^^^

warning: function `annotated_terminal` is never used
   --> root.rs:493:4
    |
493 | fn annotated_terminal(
    |    ^^^^^^^^^^^^^^^^^^

warning: struct `Host` is never constructed
 --> C:\projects\NEPL3-runtime\.tmp\review-empty-provider-closure\source\crates\foundation\reader\tests\runtime\tokenizer_host.rs:4:8
  |
4 | struct Host {
  |        ^^^^

warning: function `error` is never used
 --> C:\projects\NEPL3-runtime\.tmp\review-empty-provider-closure\source\crates\foundation\reader\tests\runtime\transform.rs:5:4
  |
5 | fn error(e: impl core::fmt::Debug) -> String {
  |    ^^^^^

warning: function `error` is never used
 --> ..\independent.rs:3:4
  |
3 | fn error(e:impl core::fmt::Debug)->String{format!("{e:?}")}
  |    ^^^^^

warning: `independent-empty-provider-closure` (lib) generated 22 warnings (run `cargo fix --lib -p independent-empty-provider-closure` to apply 7 suggestions)
    Finished `test` profile [unoptimized + debuginfo] target(s) in 49.40s
     Running unittests root.rs (.tmp\review-fixed-target\wasm32-wasip2\debug\deps\independent_empty_provider_closure-49969fb22bcc8938.wasm)

running 39 tests
test accepted_collector_crosses_language_sessions_only_in_its_original_operation ... ok
test accepted_diagnostic_owns_primary_related_and_fix_source_closure_before_publication ... ok
test allocation_faults_across_later_resumes_preserve_already_accepted_reports ... ok
test bounded_repeat_zero_never_executes_nullable_body ... ok
test cancellation_during_provider_wait_stops_and_consumes_the_pending_slot ... ok
test checked_context_reuse_admits_exact_source_closure_in_each_operation ... ok
test checked_context_reuse_rejects_same_id_revision_with_changed_content ... ok
test choice_rewinds_captures_views_and_retains_work ... ok
test commit_does_not_hide_failure_or_need_more_in_choice ... ok
test direct_repeat_failure_and_streaming_shortage_rollback_all_prior_iteration_reports ... ok
test every_utf8_prefix_split_is_need_more_and_final_truncation_is_no_match ... ok
test failed_choice_restores_programmed_state_before_next_provider_call ... ok
test failed_stopped_and_rollback_results_have_their_exact_formal_source_closure ... ok
test fresh_budget_and_forged_call_or_source_cannot_resume_a_saved_slot ... ok
test generated_sources_are_validated_transactionally_and_available_to_diagnostics ... ok
test independent::empty_read_rejects_payload_state_range_usage_echo_and_source_conflicts_then_retries ... empty Read negative 0: Schema(WrongType)
empty Read negative 1: Schema(WrongType)
empty Read negative 2: Source(ScalarBoundary)
empty Read negative 3: ProviderContract
empty Read negative 4: ProviderContract
empty Read negative 5: ProviderContract
empty Read negative 6: ProviderContract
ok
test independent::empty_transform_preserves_maps_and_checks_future_cross_cycle_and_roots ... portable=false cross-cycle rejected: Err(Origin(Cycle))
portable=true cross-cycle rejected: Err(Origin(Cycle))
portable=false cancelled after empty reply retains accepted map/source
portable=true cancelled after empty reply retains accepted map/source
ok
test independent::no_match_need_more_empty_contract_and_original_retry ... ok
test long_source_identity_is_not_copied_after_allocation_budget_is_exhausted ... ok
test map_decode_and_then_use_typed_provider_envelopes ... ok
test node_sidecar_and_look_not_optional_discard_have_independent_values ... ok
test plan_identity_is_deterministic_but_distinguishes_arena_representation ... ok
test programmed_repetition_requires_actual_consumption_and_accepts_consuming_calls ... ok
test provider_overflow_rejects_read_failed_map_decode_without_consuming_slot ... ok
test provider_signature_checks_operation_envelope_and_pure_decoder ... ok
test retry::rejected_read_payload_state_end_source_and_view_preserve_formal_collector_and_pending ... ok
test runtime_rejects_left_recursion_hidden_behind_empty_programmed_call ... ok
test session_binds_call_source_plan_usage_and_closes_after_consumed_resume ... ok
test static_plan_rejects_unknown_references_types_and_unproductive_recursion ... ok
test stopped_reader_retains_committed_provider_reports ... ok
test stopped_tokenizer_retains_reader_report_and_generated_source_closure ... ok
test tokenizer_await_allocation_stops_clear_both_private_pending_slots ... ok
test tokenizer_host::synchronous_text_reservation_preserves_decode_maps_and_fallback ... ok
test tokenizer_host::synchronous_tokenizer_keeps_owned_fallback_and_validates_replies ... ok
test tokenizer_outer_echo_validates_every_nested_reader_component_before_private_resume ... ok
test tokenizer_preserves_accepted_skip_reports_and_sources_across_candidate_rollback ... ok
test transform::transform_all_outcomes_keep_sources_reports_and_retry_after_rejected_native_or_ndf_reply ... ok
test unicode_classes_use_pinned_unicode16_and_ascii_numeric_rules ... ok
test until_leaves_delimiter_and_takecount_counts_scalars ... ok

test result: ok. 39 passed; 0 failed; 0 ignored; 0 measured; 0 filtered out; finished in 1.23s

   Doc-tests independent_empty_provider_closure

running 0 tests

test result: ok. 0 passed; 0 failed; 0 ignored; 0 measured; 0 filtered out; finished in 0.00s

