    Blocking waiting for file lock on build directory
   Compiling nepl3-core v0.1.0 (C:\projects\NEPL3-doc-capacity\.tmp\review-doc-capacity\fixed\crates\foundation\core)
   Compiling nepl3-reader v0.1.0 (C:\projects\NEPL3-doc-capacity\.tmp\review-doc-capacity\fixed\crates\foundation\reader)
   Compiling nepl3-doc-core v0.1.0 (C:\projects\NEPL3-doc-capacity\.tmp\review-doc-capacity\fixed\crates\languages\doc\core)
   Compiling nepl3-markup v0.1.0 (C:\projects\NEPL3-doc-capacity\.tmp\review-doc-capacity\fixed\crates\output\markup)
   Compiling nepl3-math-core v0.1.0 (C:\projects\NEPL3-doc-capacity\.tmp\review-doc-capacity\fixed\crates\languages\math\core)
   Compiling nepl3-wire v0.1.0 (C:\projects\NEPL3-doc-capacity\.tmp\review-doc-capacity\fixed\crates\foundation\wire)
   Compiling nepl3-engine v0.1.0 (C:\projects\NEPL3-doc-capacity\.tmp\review-doc-capacity\fixed\crates\foundation\engine)
   Compiling nepl3-doc-html v0.1.0 (C:\projects\NEPL3-doc-capacity\.tmp\review-doc-capacity\fixed\crates\languages\doc\html)
   Compiling nepl3-grammar-core v0.1.0 (C:\projects\NEPL3-doc-capacity\.tmp\review-doc-capacity\fixed\crates\languages\grammar\core)
   Compiling nepl3-tools v0.1.0 (C:\projects\NEPL3-doc-capacity\.tmp\review-doc-capacity\fixed\tools)
   Compiling independent-doc-capacity v0.0.0 (C:\projects\NEPL3-doc-capacity\.tmp\review-doc-capacity\probe)
    Finished `test` profile [unoptimized + debuginfo] target(s) in 4m 51s
     Running unittests src\lib.rs (target-wasi\wasm32-wasip2\debug\deps\independent_doc_capacity-aa3aeda3e49f2e43.wasm)

running 2 tests
test tests::distinct_authored_sentences_are_all_exported_in_order ... source_bytes=17815; html_bytes=71197; 512 distinct Ruby sentences retained in order
ok
test tests::old_and_new_caps_real_parser_and_sticky_other_limits ... case=old nodes; result=Err("candidate stopped: NodeLimit; cursor=Some(14231); usage=Usage { source_bytes: 28462, work: 18531219, depth: 150, nodes: 1000000, allocation_units: 118224335, output_bytes: 381026, diagnostics: 0, events: 0 }"); usage=Usage { source_bytes: 28462, work: 18531219, depth: 150, nodes: 1000000, allocation_units: 118224335, output_bytes: 381026, diagnostics: 0, events: 0 }
case=new nodes; result=Ok(1413); usage=Usage { source_bytes: 28462, work: 26125095, depth: 150, nodes: 1441749, allocation_units: 125885693, output_bytes: 381026, diagnostics: 0, events: 0 }
case=work; result=Err("Stopped(WorkLimit)"); usage=Usage { source_bytes: 14231, work: 24, depth: 0, nodes: 0, allocation_units: 0, output_bytes: 0, diagnostics: 0, events: 0 }
case=allocation; result=Err("Boundary(Stopped(AllocationLimit))"); usage=Usage { source_bytes: 14231, work: 14657, depth: 2, nodes: 12, allocation_units: 882, output_bytes: 148, diagnostics: 0, events: 0 }
case=source; result=Err("Stopped(SourceLimit)"); usage=Usage { source_bytes: 0, work: 0, depth: 0, nodes: 0, allocation_units: 0, output_bytes: 0, diagnostics: 0, events: 0 }
case=depth; result=Err("Schema(Stopped(DepthLimit))"); usage=Usage { source_bytes: 14231, work: 14256, depth: 0, nodes: 1, allocation_units: 323, output_bytes: 0, diagnostics: 0, events: 0 }
case=output; result=Err("Stopped(OutputLimit)"); usage=Usage { source_bytes: 14231, work: 14258, depth: 2, nodes: 4, allocation_units: 371, output_bytes: 0, diagnostics: 0, events: 0 }
case=cancel; result=Err("Stopped(Cancelled)"); usage=Usage { source_bytes: 0, work: 0, depth: 0, nodes: 0, allocation_units: 0, output_bytes: 0, diagnostics: 0, events: 0 }
ok

test result: ok. 2 passed; 0 failed; 0 ignored; 0 measured; 0 filtered out; finished in 5.68s

   Doc-tests independent_doc_capacity

running 0 tests

test result: ok. 0 passed; 0 failed; 0 ignored; 0 measured; 0 filtered out; finished in 0.00s

