   Compiling typenum v1.20.1
   Compiling autocfg v1.5.1
   Compiling cfg-if v1.0.4
   Compiling cpufeatures v0.3.1
   Compiling unicode-ident v1.0.18
   Compiling num-traits v0.2.19
   Compiling hybrid-array v0.4.14
   Compiling num-integer v0.1.47
   Compiling block-buffer v0.12.1
   Compiling crypto-common v0.2.2
   Compiling num-bigint v0.5.1
   Compiling digest v0.11.3
   Compiling sha2 v0.11.0
   Compiling nepl3-core v0.1.0 (C:\projects\NEPL3-doc-authoring-delivery\.tmp\review-form-selection\source\crates\foundation\core)
   Compiling nepl3-reader v0.1.0 (C:\projects\NEPL3-doc-authoring-delivery\.tmp\review-form-selection\source\crates\foundation\reader)
   Compiling nepl3-wire v0.1.0 (C:\projects\NEPL3-doc-authoring-delivery\.tmp\review-form-selection\source\crates\foundation\wire)
   Compiling nepl3-engine v0.1.0 (C:\projects\NEPL3-doc-authoring-delivery\.tmp\review-form-selection\source\crates\foundation\engine)
   Compiling form-selection-probe v0.0.0 (C:\projects\NEPL3-doc-authoring-delivery\.tmp\review-form-selection\source\probe)
error[E0308]: mismatched types
   --> probe\tests\head.rs:597:31
    |
597 |                     return Ok(result);
    |                            -- ^^^^^^ expected `(ParseReply, Vec<String>)`, found `ParseReply`
    |                            |
    |                            arguments to this enum variant are incorrect
    |
    = note: expected tuple `(nepl3_engine::parse::ParseReply, Vec<String>)`
              found struct `nepl3_engine::parse::ParseReply`
help: the type constructed contains `nepl3_engine::parse::ParseReply` due to the type of the argument passed
   --> probe\tests\head.rs:597:28
    |
597 |                     return Ok(result);
    |                            ^^^------^
    |                               |
    |                               this argument influences the type of `Ok`
note: tuple variant defined here
   --> /rustc/2d8144b7880597b6e6d3dfd63a9a9efae3f533d3/library\core\src\result.rs:561:4

error[E0308]: mismatched types
   --> probe\tests\head.rs:711:28
    |
 99 |   fn observed(input: &str, case: Case, exercise_rejections: bool, forms: usize, no_head: bool, no_leaf: bool, cap: Option<u64>) -> Result<(ParseReply, Vec<String>), String> {
    |                                                                                                                                    ----------------------------------------- expected `Result<(nepl3_engine::parse::ParseReply, Vec<String>), String>` because of return type
...
711 |                       return session
    |  ____________________________^
712 | |                         .resume_head(continuation, wrong, &sources, &mut b, &mut a)
713 | |                         .map_err(|v| format!("overflow stop {v:?}"));
    | |____________________________________________________________________^ expected `Result<(ParseReply, Vec<String>), ...>`, found `Result<ParseReply, String>`
    |
    = note: expected enum `Result<(nepl3_engine::parse::ParseReply, Vec<String>), _>`
               found enum `Result<nepl3_engine::parse::ParseReply, _>`

error[E0027]: pattern does not mention fields `states`, `facts`
    --> probe\tests\head.rs:1276:2
     |
1276 |  ParseOutcome::Complete{tree,cursor}|ParseOutcome::Recovered{tree,cursor}=>format!("{cursor}|{:?}|{:?}",tree.syntax.nodes.iter().m...
     |  ^^^^^^^^^^^^^^^^^^^^^^^^^^^^^^^^^^^ missing fields `states`, `facts`
     |
help: include the missing fields in the pattern
     |
1276 |  ParseOutcome::Complete{tree,cursor, states, facts }|ParseOutcome::Recovered{tree,cursor}=>format!("{cursor}|{:?}|{:?}",tree.syntax.nodes.iter().map(|n|(&n.kind,&n.fields)).collect::<Vec<_>>(),tree.contexts),
     |                                    +++++++++++++++
help: if you don't care about these missing fields, you can explicitly ignore them
     |
1276 |  ParseOutcome::Complete{tree,cursor, states: _, facts: _ }|ParseOutcome::Recovered{tree,cursor}=>format!("{cursor}|{:?}|{:?}",tree.syntax.nodes.iter().map(|n|(&n.kind,&n.fields)).collect::<Vec<_>>(),tree.contexts),
     |                                    +++++++++++++++++++++
help: or always ignore missing fields here
     |
1276 |  ParseOutcome::Complete{tree,cursor, .. }|ParseOutcome::Recovered{tree,cursor}=>format!("{cursor}|{:?}|{:?}",tree.syntax.nodes.iter().map(|n|(&n.kind,&n.fields)).collect::<Vec<_>>(),tree.contexts),
     |                                    ++++

error[E0027]: pattern does not mention fields `states`, `facts`
    --> probe\tests\head.rs:1276:38
     |
1276 |  ParseOutcome::Complete{tree,cursor}|ParseOutcome::Recovered{tree,cursor}=>format!("{cursor}|{:?}|{:?}",tree.syntax.nodes.iter().m...
     |                                      ^^^^^^^^^^^^^^^^^^^^^^^^^^^^^^^^^^^^ missing fields `states`, `facts`
     |
help: include the missing fields in the pattern
     |
1276 |  ParseOutcome::Complete{tree,cursor}|ParseOutcome::Recovered{tree,cursor, states, facts }=>format!("{cursor}|{:?}|{:?}",tree.syntax.nodes.iter().map(|n|(&n.kind,&n.fields)).collect::<Vec<_>>(),tree.contexts),
     |                                                                         +++++++++++++++
help: if you don't care about these missing fields, you can explicitly ignore them
     |
1276 |  ParseOutcome::Complete{tree,cursor}|ParseOutcome::Recovered{tree,cursor, states: _, facts: _ }=>format!("{cursor}|{:?}|{:?}",tree.syntax.nodes.iter().map(|n|(&n.kind,&n.fields)).collect::<Vec<_>>(),tree.contexts),
     |                                                                         +++++++++++++++++++++
help: or always ignore missing fields here
     |
1276 |  ParseOutcome::Complete{tree,cursor}|ParseOutcome::Recovered{tree,cursor, .. }=>format!("{cursor}|{:?}|{:?}",tree.syntax.nodes.iter().map(|n|(&n.kind,&n.fields)).collect::<Vec<_>>(),tree.contexts),
     |                                                                         ++++

error[E0609]: no field `syntax` on type `&ParseTree`
    --> probe\tests\head.rs:1276:110
     |
1276 | ...ered{tree,cursor}=>format!("{cursor}|{:?}|{:?}",tree.syntax.nodes.iter().map(|n|(&n.kind,&n.fields)).collect::<Vec<_>>(),tree.c...
     |                                                         ^^^^^^ unknown field
     |
     = note: available fields are: `profile_digest`, `bundle`, `recovery`, `contexts`

Some errors have detailed explanations: E0027, E0308, E0609.
For more information about an error, try `rustc --explain E0027`.
error: could not compile `form-selection-probe` (test "head") due to 5 previous errors
