   Compiling nepl3-reader v0.1.0 (C:\projects\NEPL3-runtime\.tmp\review-reader-checkpoints\workspace\crates\foundation\reader)
warning: function `run` is never used
   --> crates\foundation\reader\tests\review_helpers.rs:131:4
    |
131 | fn run(
    |    ^^^
    |
    = note: `#[warn(dead_code)]` (part of `#[warn(unused)]`) on by default

warning: function `annotated_terminal` is never used
   --> crates\foundation\reader\tests\review_helpers.rs:205:4
    |
205 | fn annotated_terminal(
    |    ^^^^^^^^^^^^^^^^^^

warning: `nepl3-reader` (test "review_frame_work") generated 2 warnings
    Finished `test` profile [unoptimized + debuginfo] target(s) in 0.67s
     Running tests\review_frame_work.rs (C:/projects/NEPL3-runtime/.tmp/review-reader-checkpoints/target\debug\deps\review_frame_work-4aeaab7b92f3dee0.exe)

running 1 test
test owned_frame_conversion_work_window ... depth=32 full_resume=(621, 66859, true) largest_adjacent_work_allocation_jump=(588, 15640, 51219, 66859, false)
depth=128 full_resume=(1965, 244267, true) largest_adjacent_work_allocation_jump=(1836, 62488, 181779, 244267, false)
ok

test result: ok. 1 passed; 0 failed; 0 ignored; 0 measured; 0 filtered out; finished in 1.35s

