   Compiling nepl3-reader v0.1.0 (C:\projects\NEPL3-runtime\.tmp\review-reader-checkpoints\workspace\crates\foundation\reader)
error[E0063]: missing fields `relations` and `roles` in initializer of `nepl3_core::view::ViewElement`
  --> crates\foundation\reader\tests\review_checkpoints.rs:25:36
   |
25 | ...   view.elements.push(ViewElement { kind: KindRef { schema:self.schema.clone(),local_kind:0 }, span:span.clone(), fields:vec![] });
   |                          ^^^^^^^^^^^ missing `relations` and `roles`

error[E0609]: no field `state` on type `TokenizationReply`
  --> crates\foundation\reader\tests\review_checkpoints.rs:97:31
   |
97 |             assert_eq!(result.state,NdfValue::U64(1));
   |                               ^^^^^ unknown field
   |
   = note: available fields are: `outcome`, `cursor`, `new_state`, `trivia`, `facts` ... and 3 others

error[E0609]: no field `0` on type `SnapshotId`
   --> crates\foundation\reader\tests\review_checkpoints.rs:100:82
    |
100 | ...   assert_eq!(result.sources.len(),1);assert_eq!(result.sources[0].id().0,"generated-1");assert_eq!(result.source_maps.len(),1);
    |                                                                            ^ unknown field
    |
help: some of the expressions' fields have a field of the same name
    |
100 |             assert_eq!(result.sources.len(),1);assert_eq!(result.sources[0].id().digest.0,"generated-1");assert_eq!(result.source_maps.len(),1);
    |                                                                                  +++++++
100 |             assert_eq!(result.sources.len(),1);assert_eq!(result.sources[0].id().source.0,"generated-1");assert_eq!(result.source_maps.len(),1);
    |                                                                                  +++++++

error[E0609]: no field `fact_batches` on type `TokenizationReply`
   --> crates\foundation\reader\tests\review_checkpoints.rs:103:31
    |
103 |             assert_eq!(result.fact_batches.len(),1);assert_eq!(result.fact_batches[0].facts.len(),1);
    |                               ^^^^^^^^^^^^ unknown field
    |
    = note: available fields are: `outcome`, `cursor`, `new_state`, `trivia`, `facts` ... and 3 others

error[E0609]: no field `fact_batches` on type `TokenizationReply`
   --> crates\foundation\reader\tests\review_checkpoints.rs:103:71
    |
103 |             assert_eq!(result.fact_batches.len(),1);assert_eq!(result.fact_batches[0].facts.len(),1);
    |                                                                       ^^^^^^^^^^^^ unknown field
    |
    = note: available fields are: `outcome`, `cursor`, `new_state`, `trivia`, `facts` ... and 3 others

Some errors have detailed explanations: E0063, E0609.
For more information about an error, try `rustc --explain E0063`.
error: could not compile `nepl3-reader` (test "review_checkpoints") due to 5 previous errors
