   Compiling typenum v1.20.1
   Compiling autocfg v1.5.1
   Compiling cfg-if v1.0.4
   Compiling unicode-ident v1.0.18
   Compiling num-traits v0.2.19
   Compiling hybrid-array v0.4.14
   Compiling crypto-common v0.2.2
   Compiling block-buffer v0.12.1
   Compiling num-integer v0.1.47
   Compiling num-bigint v0.5.1
   Compiling digest v0.11.3
   Compiling sha2 v0.11.0
   Compiling nepl3-core v0.1.0 (C:\projects\NEPL3-runtime\.tmp\review-reader-checkpoints\workspace\crates\foundation\core)
   Compiling nepl3-wire v0.1.0 (C:\projects\NEPL3-runtime\.tmp\review-reader-checkpoints\workspace\crates\foundation\wire)
   Compiling nepl3-reader v0.1.0 (C:\projects\NEPL3-runtime\.tmp\review-reader-checkpoints\workspace\crates\foundation\reader)
warning: function `budget` is never used
 --> crates\foundation\reader\tests\review_helpers.rs:3:4
  |
3 | fn budget() -> Budget {
  |    ^^^^^^
  |
  = note: `#[warn(dead_code)]` (part of `#[warn(unused)]`) on by default

warning: function `reader_type` is never used
  --> crates\foundation\reader\tests\review_helpers.rs:15:4
   |
15 | fn reader_type(name: &str) -> TypeDescriptor {
   |    ^^^^^^^^^^^

warning: function `registry` is never used
  --> crates\foundation\reader\tests\review_helpers.rs:22:4
   |
22 | fn registry() -> Result<(SchemaRegistry, SchemaRef), SchemaError> {
   |    ^^^^^^^^

warning: function `plan` is never used
  --> crates\foundation\reader\tests\review_helpers.rs:65:4
   |
65 | fn plan(
   |    ^^^^

warning: function `context` is never used
  --> crates\foundation\reader\tests\review_helpers.rs:83:4
   |
83 | fn context(schema: &SchemaRef, registry: &SchemaRegistry) -> Result<ReaderContext, ReaderError> {
   |    ^^^^^^^

warning: function `check_context` is never used
   --> crates\foundation\reader\tests\review_helpers.rs:109:4
    |
109 | fn check_context<'a>(
    |    ^^^^^^^^^^^^^

warning: function `source` is never used
   --> crates\foundation\reader\tests\review_helpers.rs:122:4
    |
122 | fn source(text: &str) -> Result<SourceSnapshot, SourceError> {
    |    ^^^^^^

warning: function `run` is never used
   --> crates\foundation\reader\tests\review_helpers.rs:131:4
    |
131 | fn run(
    |    ^^^

warning: function `signature` is never used
   --> crates\foundation\reader\tests\review_helpers.rs:162:4
    |
162 | fn signature(schema: &SchemaRef, kind: ProviderKind) -> ProviderSignature {
    |    ^^^^^^^^^

warning: function `terminal` is never used
   --> crates\foundation\reader\tests\review_helpers.rs:185:4
    |
185 | fn terminal(value: &str, end: u64, budget: &mut Budget) -> Result<ProviderReply, StopReason> {
    |    ^^^^^^^^

warning: function `annotated_terminal` is never used
   --> crates\foundation\reader\tests\review_helpers.rs:205:4
    |
205 | fn annotated_terminal(
    |    ^^^^^^^^^^^^^^^^^^

warning: function `run` is never used
   --> crates\foundation\reader\tests\review_helpers.rs:131:4
    |
131 | fn run(
    |    ^^^
    |
    = note: `#[warn(dead_code)]` (part of `#[warn(unused)]`) on by default

warning: `nepl3-reader` (test "review_helpers") generated 11 warnings
warning: `nepl3-reader` (test "review_checkpoints") generated 1 warning
    Finished `test` profile [unoptimized + debuginfo] target(s) in 40.24s
     Running unittests src\lib.rs (C:/projects/NEPL3-runtime/.tmp/review-reader-checkpoints/wasm-target\wasm32-wasip2\debug\deps\nepl3_reader-2512f5e16d79f3fd.wasm)

running 0 tests

test result: ok. 0 passed; 0 failed; 0 ignored; 0 measured; 0 filtered out; finished in 0.00s

     Running tests\builtin.rs (C:/projects/NEPL3-runtime/.tmp/review-reader-checkpoints/wasm-target\wasm32-wasip2\debug\deps\builtin-8139ad4fbbe0c618.wasm)

running 17 tests
test builtin_budget_stops_are_typed_and_do_not_return_partial_tokens ... ok
test committed_text_rejects_invalid_escapes_scalars_and_direct_lines ... ok
test empty_skip_and_take_readers_are_nonprogress_failures ... ok
test generated_source_admission_is_once_and_unsuccessful_text_has_no_source_charge ... ok
test language_is_well_formed_abnf_not_registry_validity ... ok
test maximal_lexemes_wait_at_every_nonfinal_scalar_boundary ... ok
test mode_take_is_ordered_choice_and_does_not_consume_trailing_trivia ... ok
test mode_text_reservation_is_lazy_and_echo_is_checked ... ok
test names_preserve_unicode_spelling_and_read_maximal_identifier ... ok
test naturals_and_finite_decimals_are_exact_and_boundary_checked ... ok
test owned_tokenizer_resume_does_not_borrow_the_original_context_and_checks_all_echo_fields ... ok
test reservation_locator_validation_obeys_work_limit_before_scanning ... ok
test selected_standard_provider_dispatch_uses_builtin_values_and_rejects_forgery ... ok
test text_decoding_retains_each_exact_or_transformed_source_range ... ok
test text_exact_runs_preserve_utf8_offsets_and_escape_boundaries ... ok
test tokenizer_configuration_identity_ignores_mode_declaration_order_but_retains_rule_order ... ok
test trivia_keeps_ascii_line_boundaries_and_bom_position ... ok

test result: ok. 17 passed; 0 failed; 0 ignored; 0 measured; 0 filtered out; finished in 0.77s

     Running tests\context.rs (C:/projects/NEPL3-runtime/.tmp/review-reader-checkpoints/wasm-target\wasm32-wasip2\debug\deps\context-ae70e8f536d44f18.wasm)

running 1 test
test checked_context_uses_real_digest_and_exact_origin_source_closure ... ok

test result: ok. 1 passed; 0 failed; 0 ignored; 0 measured; 0 filtered out; finished in 0.01s

     Running tests\portable.rs (C:/projects/NEPL3-runtime/.tmp/review-reader-checkpoints/wasm-target\wasm32-wasip2\debug\deps\portable-0fcce5728c5d3518.wasm)

running 2 tests
test host_global_source_cannot_fill_a_missing_request_declaration ... ok
test native_request_and_checked_ndf_loopback_execute_with_identical_meaning ... ok

test result: ok. 2 passed; 0 failed; 0 ignored; 0 measured; 0 filtered out; finished in 0.02s

     Running tests\review_checkpoints.rs (C:/projects/NEPL3-runtime/.tmp/review-reader-checkpoints/wasm-target\wasm32-wasip2\debug\deps\review_checkpoints-287caa2b422e22d4.wasm)

running 2 tests
test seven_collectors_state_and_nested_root_rollback_match_owned_transport ... mode=0 owned=false calls=2 work=5522 allocation=24450
mode=0 owned=true calls=2 work=31147 allocation=533741
mode=0 stop=1 owned=false calls=2
mode=0 stop=1 owned=true calls=2
mode=0 stop=2 owned=false calls=2
mode=0 stop=2 owned=true calls=2
mode=1 owned=false calls=2 work=5493 allocation=20748
mode=1 owned=true calls=2 work=25342 allocation=419899
mode=1 stop=1 owned=false calls=2
mode=1 stop=1 owned=true calls=2
mode=1 stop=2 owned=false calls=2
mode=1 stop=2 owned=true calls=2
mode=2 owned=false calls=2 work=5507 allocation=23251
mode=2 owned=true calls=2 work=28325 allocation=478938
mode=2 stop=1 owned=false calls=2
mode=2 stop=1 owned=true calls=2
mode=2 stop=2 owned=false calls=2
mode=2 stop=2 owned=true calls=2
mode=3 owned=false calls=3 work=5605 allocation=26519
mode=3 owned=true calls=3 work=37442 allocation=659904
mode=3 stop=1 owned=false calls=2
mode=3 stop=1 owned=true calls=2
mode=3 stop=2 owned=false calls=2
mode=3 stop=2 owned=true calls=2
mode=4 owned=false calls=3 work=7894 allocation=69658
mode=4 owned=true calls=3 work=34562 allocation=594503
mode=4 stop=1 owned=false calls=2
mode=4 stop=1 owned=true calls=2
mode=4 stop=2 owned=false calls=2
mode=4 stop=2 owned=true calls=2
mode=5 owned=false calls=3 work=7899 allocation=69663
mode=5 owned=true calls=3 work=34567 allocation=594508
mode=5 stop=1 owned=false calls=2
mode=5 stop=1 owned=true calls=2
mode=5 stop=2 owned=false calls=2
mode=5 stop=2 owned=true calls=2
mode=6 owned=false calls=2 work=5898 allocation=22557
mode=6 owned=true calls=2 work=28378 allocation=472212
mode=6 stop=1 owned=false calls=2
mode=6 stop=1 owned=true calls=2
mode=6 stop=2 owned=false calls=2
mode=6 stop=2 owned=true calls=2
ok
test unicode_node_prefixes_keep_caller_depth_and_atomic_resource_stops ... resource stops=20; complete usage=Usage { source_bytes: 51, work: 1600, depth: 12, nodes: 35, allocation_units: 122077, output_bytes: 0, diagnostics: 0, events: 0 }
ok

test result: ok. 2 passed; 0 failed; 0 ignored; 0 measured; 0 filtered out; finished in 0.06s

     Running tests\review_helpers.rs (C:/projects/NEPL3-runtime/.tmp/review-reader-checkpoints/wasm-target\wasm32-wasip2\debug\deps\review_helpers-3bad9b9b4ac84bc6.wasm)

running 0 tests

test result: ok. 0 passed; 0 failed; 0 ignored; 0 measured; 0 filtered out; finished in 0.00s

     Running tests\runtime.rs (C:/projects/NEPL3-runtime/.tmp/review-reader-checkpoints/wasm-target\wasm32-wasip2\debug\deps\runtime-a949447e75487676.wasm)

running 38 tests
test accepted_collector_crosses_language_sessions_only_in_its_original_operation ... ok
test accepted_diagnostic_owns_primary_related_and_fix_source_closure_before_publication ... ok
test allocation_faults_across_later_resumes_preserve_already_accepted_reports ... ok
test bounded_repeat_zero_never_executes_nullable_body ... ok
test cancellation_during_provider_wait_stops_and_consumes_the_pending_slot ... ok
test checked_context_reuse_admits_exact_source_closure_in_each_operation ... ok
test checked_context_reuse_rejects_same_id_revision_with_changed_content ... ok
test checkpoints::lookahead_over_growing_view_keeps_prior_nodes_without_quadratic_rollback_copies ... rollback allocation units at 128/256: [914662, 1822950]
ok
test checkpoints::suspended_lookahead_materializes_owned_prefixes_then_restores_the_visible_tree ... ok
test choice_rewinds_captures_views_and_retains_work ... ok
test commit_does_not_hide_failure_or_need_more_in_choice ... ok
test direct_repeat_failure_and_streaming_shortage_rollback_all_prior_iteration_reports ... ok
test every_utf8_prefix_split_is_need_more_and_final_truncation_is_no_match ... ok
test failed_choice_restores_programmed_state_before_next_provider_call ... ok
test failed_stopped_and_rollback_results_have_their_exact_formal_source_closure ... ok
test fresh_budget_and_forged_call_or_source_cannot_resume_a_saved_slot ... ok
test generated_sources_are_validated_transactionally_and_available_to_diagnostics ... ok
test long_source_identity_is_not_copied_after_allocation_budget_is_exhausted ... ok
test map_decode_and_then_use_typed_provider_envelopes ... ok
test node_sidecar_and_look_not_optional_discard_have_independent_values ... ok
test plan_identity_is_deterministic_but_distinguishes_arena_representation ... ok
test programmed_repetition_requires_actual_consumption_and_accepts_consuming_calls ... ok
test provider_overflow_rejects_read_failed_map_decode_without_consuming_slot ... ok
test provider_signature_checks_operation_envelope_and_pure_decoder ... ok
test retry::rejected_read_payload_state_end_source_and_view_preserve_formal_collector_and_pending ... ok
test runtime_rejects_left_recursion_hidden_behind_empty_programmed_call ... ok
test session_binds_call_source_plan_usage_and_closes_after_consumed_resume ... ok
test static_plan_rejects_unknown_references_types_and_unproductive_recursion ... ok
test stopped_reader_retains_committed_provider_reports ... ok
test stopped_tokenizer_retains_reader_report_and_generated_source_closure ... ok
test tokenizer_await_allocation_stops_clear_both_private_pending_slots ... ok
test tokenizer_host::synchronous_text_reservation_preserves_decode_maps_and_fallback ... ok
test tokenizer_host::synchronous_tokenizer_keeps_owned_fallback_and_validates_replies ... ok
test tokenizer_outer_echo_validates_every_nested_reader_component_before_private_resume ... ok
test tokenizer_preserves_accepted_skip_reports_and_sources_across_candidate_rollback ... ok
test transform::transform_all_outcomes_keep_sources_reports_and_retry_after_rejected_native_or_ndf_reply ... ok
test unicode_classes_use_pinned_unicode16_and_ascii_numeric_rules ... ok
test until_leaves_delimiter_and_takecount_counts_scalars ... ok

test result: ok. 38 passed; 0 failed; 0 ignored; 0 measured; 0 filtered out; finished in 1.15s

   Doc-tests nepl3_reader

running 0 tests

test result: ok. 0 passed; 0 failed; 0 ignored; 0 measured; 0 filtered out; finished in 0.00s

