   Compiling autocfg v1.5.1
   Compiling typenum v1.20.1
   Compiling cfg-if v1.0.4
   Compiling cpufeatures v0.3.1
   Compiling unicode-ident v1.0.18
   Compiling num-traits v0.2.19
   Compiling hybrid-array v0.4.14
   Compiling num-integer v0.1.47
   Compiling crypto-common v0.2.2
   Compiling block-buffer v0.12.1
   Compiling num-bigint v0.5.1
   Compiling digest v0.11.3
   Compiling sha2 v0.11.0
   Compiling nepl3-core v0.1.0 (C:\projects\NEPL3-runtime\.tmp\review-source-map-adjacency\before\workspace\crates\foundation\core)
    Finished `test` profile [unoptimized + debuginfo] target(s) in 5.63s
     Running tests\review_adjacency.rs (C:/projects/NEPL3-runtime/.tmp/review-source-map-adjacency/before/target\debug\deps\review_adjacency-765cf299c7a71e97.exe)

running 3 tests
test dag_longest_depth_atomic_insert_and_stop_caps ... stop_caps=48 orders=3 caller_depth=5 longest_relative=5
ok
test observe_star_work_and_additional_storage ... star width=1024 usage=Usage { source_bytes: 0, work: 1855984, depth: 2, nodes: 1025, allocation_units: 57384, output_bytes: 0, diagnostics: 0, events: 0 } head_size=16 edge_delta=8
star width=2048 usage=Usage { source_bytes: 0, work: 5996154, depth: 2, nodes: 2049, allocation_units: 114728, output_bytes: 0, diagnostics: 0, events: 0 } head_size=16 edge_delta=8
ok
test pointwise_oracle_duplicates_anchors_and_orders ... pointwise_oracle valid=504 cycles=264 permutations=3 masks=256
ok

test result: ok. 3 passed; 0 failed; 0 ignored; 0 measured; 0 filtered out; finished in 0.20s

