    Blocking waiting for file lock on package cache
    Blocking waiting for file lock on package cache
    Blocking waiting for file lock on package cache
   Compiling typenum v1.20.1
   Compiling autocfg v1.5.1
   Compiling proc-macro2 v1.0.107
   Compiling cfg-if v1.0.4
   Compiling cpufeatures v0.3.1
   Compiling quote v1.0.47
   Compiling unicode-ident v1.0.18
   Compiling serde_core v1.0.229
   Compiling zmij v1.0.23
   Compiling serde_json v1.0.151
   Compiling serde v1.0.229
   Compiling pulldown-cmark v0.13.4
   Compiling memchr v2.8.3
   Compiling bitflags v2.13.1
   Compiling itoa v1.0.18
   Compiling unicase v2.9.0
   Compiling num-traits v0.2.19
   Compiling hybrid-array v0.4.14
   Compiling syn v3.0.5
   Compiling num-integer v0.1.47
   Compiling block-buffer v0.12.1
   Compiling crypto-common v0.2.2
   Compiling num-bigint v0.4.8
   Compiling digest v0.11.3
   Compiling sha2 v0.11.0
   Compiling serde_derive v1.0.229
   Compiling nepl3-core v0.1.0 (C:\projects\NEPL3-prefix-validation\crates\foundation\core)
   Compiling nepl3-reader v0.1.0 (C:\projects\NEPL3-prefix-validation\crates\foundation\reader)
   Compiling nepl3-wire v0.1.0 (C:\projects\NEPL3-prefix-validation\crates\foundation\wire)
   Compiling nepl3-engine v0.1.0 (C:\projects\NEPL3-prefix-validation\crates\foundation\engine)
   Compiling nepl3-grammar-core v0.1.0 (C:\projects\NEPL3-prefix-validation\crates\languages\grammar\core)
   Compiling nepl3-tools v0.1.0 (C:\projects\NEPL3-prefix-validation\tools)
    Finished `release` profile [optimized] target(s) in 45.47s
     Running unittests src\lib.rs (target\release\deps\nepl3_tools-d3d023b0250de28e.exe)

running 1 test
compile P0: 4.9383ms; work 865490; allocation 633694; source 9369; nodes 607; output 0; depth peak 5
parse P1 (includes host boundary/validation): 13.8795381s; work 5094484692; allocation 29846616503; source 19702; nodes 226401; output 293264; depth peak 96
lower P1: 39.2691ms; work 15765594; allocation 1334105; source 0; nodes 5658; output 0; depth peak 96
P1 driver metrics: Metrics {
    inline_host: false,
    initial: Cost {
        calls: 1,
        elapsed: 544.9µs,
        usage: Usage {
            source_bytes: 0,
            work: 172452,
            depth: 5,
            nodes: 3,
            allocation_units: 237367,
            output_bytes: 0,
            diagnostics: 0,
            events: 0,
        },
    },
    provider_sources: Cost {
        calls: 3945,
        elapsed: 102.4342ms,
        usage: Usage {
            source_bytes: 0,
            work: 57336235,
            depth: 96,
            nodes: 0,
            allocation_units: 93658007,
            output_bytes: 0,
            diagnostics: 0,
            events: 0,
        },
    },
    provider_context: Cost {
        calls: 3945,
        elapsed: 36.8473ms,
        usage: Usage {
            source_bytes: 0,
            work: 595695,
            depth: 96,
            nodes: 23670,
            allocation_units: 2008005,
            output_bytes: 291930,
            diagnostics: 0,
            events: 0,
        },
    },
    provider_read: Cost {
        calls: 3945,
        elapsed: 19.6231ms,
        usage: Usage {
            source_bytes: 0,
            work: 400384,
            depth: 96,
            nodes: 3945,
            allocation_units: 1300989,
            output_bytes: 0,
            diagnostics: 0,
            events: 0,
        },
    },
    resume: Cost {
        calls: 3945,
        elapsed: 10.9726721s,
        usage: Usage {
            source_bytes: 0,
            work: 4814986873,
            depth: 96,
            nodes: 193231,
            allocation_units: 28695609149,
            output_bytes: 0,
            diagnostics: 0,
            events: 0,
        },
    },
    reservation: Cost {
        calls: 145,
        elapsed: 405.213ms,
        usage: Usage {
            source_bytes: 964,
            work: 204599778,
            depth: 96,
            nodes: 725,
            allocation_units: 1052741996,
            output_bytes: 964,
            diagnostics: 0,
            events: 0,
        },
    },
}
compile P1: 2.5981ms; work 887286; allocation 759842; source 10333; nodes 607; output 0; depth peak 96
parse P2 (includes host boundary/validation): 11.446109s; work 5094540722; allocation 29846720618; source 20666; nodes 226401; output 293264; depth peak 96
lower P2: 31.6998ms; work 15765594; allocation 1334105; source 0; nodes 5658; output 0; depth peak 96
P2 driver metrics: Metrics {
    inline_host: false,
    initial: Cost {
        calls: 1,
        elapsed: 122.8µs,
        usage: Usage {
            source_bytes: 0,
            work: 172452,
            depth: 96,
            nodes: 3,
            allocation_units: 237367,
            output_bytes: 0,
            diagnostics: 0,
            events: 0,
        },
    },
    provider_sources: Cost {
        calls: 3945,
        elapsed: 90.0547ms,
        usage: Usage {
            source_bytes: 0,
            work: 57336235,
            depth: 96,
            nodes: 0,
            allocation_units: 93658007,
            output_bytes: 0,
            diagnostics: 0,
            events: 0,
        },
    },
    provider_context: Cost {
        calls: 3945,
        elapsed: 26.4872ms,
        usage: Usage {
            source_bytes: 0,
            work: 595695,
            depth: 96,
            nodes: 23670,
            allocation_units: 2008005,
            output_bytes: 291930,
            diagnostics: 0,
            events: 0,
        },
    },
    provider_read: Cost {
        calls: 3945,
        elapsed: 14.3021ms,
        usage: Usage {
            source_bytes: 0,
            work: 400384,
            depth: 96,
            nodes: 3945,
            allocation_units: 1300989,
            output_bytes: 0,
            diagnostics: 0,
            events: 0,
        },
    },
    resume: Cost {
        calls: 3945,
        elapsed: 9.166393s,
        usage: Usage {
            source_bytes: 0,
            work: 4814986873,
            depth: 96,
            nodes: 193231,
            allocation_units: 28695609149,
            output_bytes: 0,
            diagnostics: 0,
            events: 0,
        },
    },
    reservation: Cost {
        calls: 145,
        elapsed: 333.1957ms,
        usage: Usage {
            source_bytes: 0,
            work: 204599778,
            depth: 96,
            nodes: 725,
            allocation_units: 1052719592,
            output_bytes: 964,
            diagnostics: 0,
            events: 0,
        },
    },
}
compile P2: 1.873ms; work 887286; allocation 759842; source 10333; nodes 607; output 0; depth peak 96
bootstrap actual usage: Usage { source_bytes: 109807, work: 10224368473, depth: 96, nodes: 467236, allocation_units: 59758050358, output_bytes: 586528, diagnostics: 0, events: 0 }; nodes 518
compile P0: 1.1553ms; work 865490; allocation 633694; source 9369; nodes 607; output 0; depth peak 5
parse P1 (includes host boundary/validation): 1.749766s; work 3439264939; allocation 5134282863; source 19702; nodes 226401; output 293264; depth peak 96
lower P1: 32.5365ms; work 15765594; allocation 1334105; source 0; nodes 5658; output 0; depth peak 96
P1 driver metrics: Metrics {
    inline_host: true,
    initial: Cost {
        calls: 1,
        elapsed: 1.7168785s,
        usage: Usage {
            source_bytes: 964,
            work: 3422871664,
            depth: 96,
            nodes: 221574,
            allocation_units: 5133221873,
            output_bytes: 292894,
            diagnostics: 0,
            events: 0,
        },
    },
    provider_sources: Cost {
        calls: 3945,
        elapsed: 54.9632ms,
        usage: Usage {
            source_bytes: 0,
            work: 57336235,
            depth: 96,
            nodes: 0,
            allocation_units: 93658007,
            output_bytes: 0,
            diagnostics: 0,
            events: 0,
        },
    },
    provider_context: Cost {
        calls: 3945,
        elapsed: 8.6828ms,
        usage: Usage {
            source_bytes: 0,
            work: 595695,
            depth: 96,
            nodes: 23670,
            allocation_units: 2008005,
            output_bytes: 291930,
            diagnostics: 0,
            events: 0,
        },
    },
    provider_read: Cost {
        calls: 3945,
        elapsed: 4.8334ms,
        usage: Usage {
            source_bytes: 0,
            work: 400384,
            depth: 96,
            nodes: 3945,
            allocation_units: 1300989,
            output_bytes: 0,
            diagnostics: 0,
            events: 0,
        },
    },
    resume: Cost {
        calls: 0,
        elapsed: 0ns,
        usage: Usage {
            source_bytes: 0,
            work: 0,
            depth: 0,
            nodes: 0,
            allocation_units: 0,
            output_bytes: 0,
            diagnostics: 0,
            events: 0,
        },
    },
    reservation: Cost {
        calls: 0,
        elapsed: 0ns,
        usage: Usage {
            source_bytes: 0,
            work: 0,
            depth: 0,
            nodes: 0,
            allocation_units: 0,
            output_bytes: 0,
            diagnostics: 0,
            events: 0,
        },
    },
}
compile P1: 1.5254ms; work 887286; allocation 759842; source 10333; nodes 607; output 0; depth peak 96
parse P2 (includes host boundary/validation): 1.7704319s; work 3439320969; allocation 5134386978; source 20666; nodes 226401; output 293264; depth peak 96
lower P2: 30.9057ms; work 15765594; allocation 1334105; source 0; nodes 5658; output 0; depth peak 96
P2 driver metrics: Metrics {
    inline_host: true,
    initial: Cost {
        calls: 1,
        elapsed: 1.7384883s,
        usage: Usage {
            source_bytes: 0,
            work: 3422871664,
            depth: 96,
            nodes: 221574,
            allocation_units: 5133199469,
            output_bytes: 292894,
            diagnostics: 0,
            events: 0,
        },
    },
    provider_sources: Cost {
        calls: 3945,
        elapsed: 56.7836ms,
        usage: Usage {
            source_bytes: 0,
            work: 57336235,
            depth: 96,
            nodes: 0,
            allocation_units: 93658007,
            output_bytes: 0,
            diagnostics: 0,
            events: 0,
        },
    },
    provider_context: Cost {
        calls: 3945,
        elapsed: 8.3319ms,
        usage: Usage {
            source_bytes: 0,
            work: 595695,
            depth: 96,
            nodes: 23670,
            allocation_units: 2008005,
            output_bytes: 291930,
            diagnostics: 0,
            events: 0,
        },
    },
    provider_read: Cost {
        calls: 3945,
        elapsed: 4.8561ms,
        usage: Usage {
            source_bytes: 0,
            work: 400384,
            depth: 96,
            nodes: 3945,
            allocation_units: 1300989,
            output_bytes: 0,
            diagnostics: 0,
            events: 0,
        },
    },
    resume: Cost {
        calls: 0,
        elapsed: 0ns,
        usage: Usage {
            source_bytes: 0,
            work: 0,
            depth: 0,
            nodes: 0,
            allocation_units: 0,
            output_bytes: 0,
            diagnostics: 0,
            events: 0,
        },
    },
    reservation: Cost {
        calls: 0,
        elapsed: 0ns,
        usage: Usage {
            source_bytes: 0,
            work: 0,
            depth: 0,
            nodes: 0,
            allocation_units: 0,
            output_bytes: 0,
            diagnostics: 0,
            events: 0,
        },
    },
}
compile P2: 2.1732ms; work 887286; allocation 759842; source 10333; nodes 607; output 0; depth peak 96
bootstrap actual usage: Usage { source_bytes: 109807, work: 6913928967, depth: 96, nodes: 467236, allocation_units: 10333383078, output_bytes: 586528, diagnostics: 0, events: 0 }; nodes 518
test bootstrap::tests::complete_grammar_bootstrap_host_comparison ... ok

test result: ok. 1 passed; 0 failed; 0 ignored; 0 measured; 64 filtered out; finished in 29.37s

     Running unittests src\main.rs (target\release\deps\nepl3_tools-a01676b7cd7278d3.exe)

running 0 tests

test result: ok. 0 passed; 0 failed; 0 ignored; 0 measured; 0 filtered out; finished in 0.00s

     Running tests\bootstrap.rs (target\release\deps\bootstrap-91b2f932a45b4ab8.exe)

running 0 tests

test result: ok. 0 passed; 0 failed; 0 ignored; 0 measured; 1 filtered out; finished in 0.00s

     Running tests\grammar.rs (target\release\deps\grammar-163f74f77c53d3cf.exe)

running 0 tests

test result: ok. 0 passed; 0 failed; 0 ignored; 0 measured; 4 filtered out; finished in 0.00s
