native (ubuntu-latest)	API documentation	﻿2026-09-08T10:46:00.8731776Z ##[group]Run cargo doc --workspace --no-deps --locked
native (ubuntu-latest)	API documentation	2026-09-08T10:46:00.8732180Z [36;1mcargo doc --workspace --no-deps --locked[0m
native (ubuntu-latest)	API documentation	2026-09-08T10:46:00.8757441Z shell: /usr/bin/bash --noprofile --norc -e -o pipefail {0}
native (ubuntu-latest)	API documentation	2026-09-08T10:46:00.8757815Z env:
native (ubuntu-latest)	API documentation	2026-09-08T10:46:00.8758023Z   CARGO_TERM_COLOR: always
native (ubuntu-latest)	API documentation	2026-09-08T10:46:00.8758280Z   RUSTDOCFLAGS: -D warnings
native (ubuntu-latest)	API documentation	2026-09-08T10:46:00.8758599Z   pythonLocation: /opt/hostedtoolcache/Python/3.13.15/x64
native (ubuntu-latest)	API documentation	2026-09-08T10:46:00.8759079Z   PKG_CONFIG_PATH: /opt/hostedtoolcache/Python/3.13.15/x64/lib/pkgconfig
native (ubuntu-latest)	API documentation	2026-09-08T10:46:00.8759511Z   Python_ROOT_DIR: /opt/hostedtoolcache/Python/3.13.15/x64
native (ubuntu-latest)	API documentation	2026-09-08T10:46:00.8759904Z   Python2_ROOT_DIR: /opt/hostedtoolcache/Python/3.13.15/x64
native (ubuntu-latest)	API documentation	2026-09-08T10:46:00.8760352Z   Python3_ROOT_DIR: /opt/hostedtoolcache/Python/3.13.15/x64
native (ubuntu-latest)	API documentation	2026-09-08T10:46:00.8760776Z   LD_LIBRARY_PATH: /opt/hostedtoolcache/Python/3.13.15/x64/lib
native (ubuntu-latest)	API documentation	2026-09-08T10:46:00.8761138Z ##[endgroup]
native (ubuntu-latest)	API documentation	2026-09-08T10:46:00.9415949Z [1m[92m    Checking[0m nepl3-core v0.1.0 (/home/runner/work/NEPL3/NEPL3/crates/foundation/core)
native (ubuntu-latest)	API documentation	2026-09-08T10:46:00.9425464Z [1m[92m Documenting[0m nepl3-core v0.1.0 (/home/runner/work/NEPL3/NEPL3/crates/foundation/core)
native (ubuntu-latest)	API documentation	2026-09-08T10:46:01.5581364Z [1m[92m    Checking[0m nepl3-reader v0.1.0 (/home/runner/work/NEPL3/NEPL3/crates/foundation/reader)
native (ubuntu-latest)	API documentation	2026-09-08T10:46:01.5582245Z [1m[92m    Checking[0m nepl3-doc-core v0.1.0 (/home/runner/work/NEPL3/NEPL3/crates/languages/doc/core)
native (ubuntu-latest)	API documentation	2026-09-08T10:46:01.5582887Z [1m[92m    Checking[0m nepl3-markup v0.1.0 (/home/runner/work/NEPL3/NEPL3/crates/output/markup)
native (ubuntu-latest)	API documentation	2026-09-08T10:46:01.5583404Z [1m[92m    Checking[0m nepl3-wire v0.1.0 (/home/runner/work/NEPL3/NEPL3/crates/foundation/wire)
native (ubuntu-latest)	API documentation	2026-09-08T10:46:01.8118632Z [1m[92m    Checking[0m nepl3-math-core v0.1.0 (/home/runner/work/NEPL3/NEPL3/crates/languages/math/core)
native (ubuntu-latest)	API documentation	2026-09-08T10:46:01.9957386Z [1m[92m Documenting[0m nepl3-wire v0.1.0 (/home/runner/work/NEPL3/NEPL3/crates/foundation/wire)
native (ubuntu-latest)	API documentation	2026-09-08T10:46:02.1575797Z [1m[92m Documenting[0m nepl3-math-core v0.1.0 (/home/runner/work/NEPL3/NEPL3/crates/languages/math/core)
native (ubuntu-latest)	API documentation	2026-09-08T10:46:02.4016458Z [1m[92m Documenting[0m nepl3-markup v0.1.0 (/home/runner/work/NEPL3/NEPL3/crates/output/markup)
native (ubuntu-latest)	API documentation	2026-09-08T10:46:02.4275218Z [1m[92m    Checking[0m nepl3-engine v0.1.0 (/home/runner/work/NEPL3/NEPL3/crates/foundation/engine)
native (ubuntu-latest)	API documentation	2026-09-08T10:46:02.5955310Z [1m[92m Documenting[0m nepl3-engine v0.1.0 (/home/runner/work/NEPL3/NEPL3/crates/foundation/engine)
native (ubuntu-latest)	API documentation	2026-09-08T10:46:02.6988162Z [1m[92m    Checking[0m nepl3-doc-html v0.1.0 (/home/runner/work/NEPL3/NEPL3/crates/languages/doc/html)
native (ubuntu-latest)	API documentation	2026-09-08T10:46:02.8204908Z [1m[92m Documenting[0m nepl3-doc-html v0.1.0 (/home/runner/work/NEPL3/NEPL3/crates/languages/doc/html)
native (ubuntu-latest)	API documentation	2026-09-08T10:46:02.9186510Z [1m[92m Documenting[0m nepl3-reader v0.1.0 (/home/runner/work/NEPL3/NEPL3/crates/foundation/reader)
native (ubuntu-latest)	API documentation	2026-09-08T10:46:03.2511968Z [1m[92m Documenting[0m nepl3-doc-core v0.1.0 (/home/runner/work/NEPL3/NEPL3/crates/languages/doc/core)
native (ubuntu-latest)	API documentation	2026-09-08T10:46:04.8133136Z [1m[92m    Checking[0m nepl3-grammar-core v0.1.0 (/home/runner/work/NEPL3/NEPL3/crates/languages/grammar/core)
native (ubuntu-latest)	API documentation	2026-09-08T10:46:04.8134363Z [1m[92m Documenting[0m nepl3-grammar-core v0.1.0 (/home/runner/work/NEPL3/NEPL3/crates/languages/grammar/core)
native (ubuntu-latest)	API documentation	2026-09-08T10:46:05.1405160Z [1m[92m Documenting[0m nepl3-tools v0.1.0 (/home/runner/work/NEPL3/NEPL3/tools)
native (ubuntu-latest)	API documentation	2026-09-08T10:46:05.6412995Z [1m[91merror[0m[1m: unresolved link to `reading`[0m
native (ubuntu-latest)	API documentation	2026-09-08T10:46:05.6413714Z   [1m[94m--> [0mtools/src/doc/projection/annotated.rs:23:31
native (ubuntu-latest)	API documentation	2026-09-08T10:46:05.6414003Z    [1m[94m|[0m
native (ubuntu-latest)	API documentation	2026-09-08T10:46:05.6414353Z [1m[94m23[0m [1m[94m|[0m /// Ruby is displayed as base[reading], Anno as base{note1/note2}; nested
native (ubuntu-latest)	API documentation	2026-09-08T10:46:05.6414847Z    [1m[94m|[0m                               [1m[91m^^^^^^^[0m [1m[91mno item named `reading` in scope[0m
native (ubuntu-latest)	API documentation	2026-09-08T10:46:05.6415139Z    [1m[94m|[0m
native (ubuntu-latest)	API documentation	2026-09-08T10:46:05.6415455Z    [1m[94m= [0m[1mhelp[0m: to escape `[` and `]` characters, add '\' before them like `\[` or `\]`
native (ubuntu-latest)	API documentation	2026-09-08T10:46:05.6416891Z    [1m[94m= [0m[1mnote[0m: `-D rustdoc::broken-intra-doc-links` implied by `-D warnings`
native (ubuntu-latest)	API documentation	2026-09-08T10:46:05.6417393Z    [1m[94m= [0m[1mhelp[0m: to override `-D warnings` add `#[allow(rustdoc::broken_intra_doc_links)]`
native (ubuntu-latest)	API documentation	2026-09-08T10:46:05.6417637Z 
native (ubuntu-latest)	API documentation	2026-09-08T10:46:05.6629801Z [1m[91merror[0m: could not document `nepl3-tools`
native (ubuntu-latest)	API documentation	2026-09-08T10:46:05.6673058Z ##[error]Process completed with exit code 101.
native (macos-latest)	API documentation	﻿2026-09-08T10:47:11.4041600Z ##[group]Run cargo doc --workspace --no-deps --locked
native (macos-latest)	API documentation	2026-09-08T10:47:11.4041970Z [36;1mcargo doc --workspace --no-deps --locked[0m
native (macos-latest)	API documentation	2026-09-08T10:47:11.4099500Z shell: /bin/bash --noprofile --norc -e -o pipefail {0}
native (macos-latest)	API documentation	2026-09-08T10:47:11.4099840Z env:
native (macos-latest)	API documentation	2026-09-08T10:47:11.4100020Z   CARGO_TERM_COLOR: always
native (macos-latest)	API documentation	2026-09-08T10:47:11.4100240Z   RUSTDOCFLAGS: -D warnings
native (macos-latest)	API documentation	2026-09-08T10:47:11.4100750Z   pythonLocation: /Users/runner/hostedtoolcache/Python/3.13.15/arm64
native (macos-latest)	API documentation	2026-09-08T10:47:11.4101470Z   PKG_CONFIG_PATH: /Users/runner/hostedtoolcache/Python/3.13.15/arm64/lib/pkgconfig
native (macos-latest)	API documentation	2026-09-08T10:47:11.4102020Z   Python_ROOT_DIR: /Users/runner/hostedtoolcache/Python/3.13.15/arm64
native (macos-latest)	API documentation	2026-09-08T10:47:11.4102460Z   Python2_ROOT_DIR: /Users/runner/hostedtoolcache/Python/3.13.15/arm64
native (macos-latest)	API documentation	2026-09-08T10:47:11.4102870Z   Python3_ROOT_DIR: /Users/runner/hostedtoolcache/Python/3.13.15/arm64
native (macos-latest)	API documentation	2026-09-08T10:47:11.4103160Z ##[endgroup]
native (macos-latest)	API documentation	2026-09-08T10:47:11.5932490Z [1m[92m    Checking[0m nepl3-core v0.1.0 (/Users/runner/work/NEPL3/NEPL3/crates/foundation/core)
native (macos-latest)	API documentation	2026-09-08T10:47:11.5957810Z [1m[92m Documenting[0m nepl3-core v0.1.0 (/Users/runner/work/NEPL3/NEPL3/crates/foundation/core)
native (macos-latest)	API documentation	2026-09-08T10:47:12.5114190Z [1m[92m    Checking[0m nepl3-reader v0.1.0 (/Users/runner/work/NEPL3/NEPL3/crates/foundation/reader)
native (macos-latest)	API documentation	2026-09-08T10:47:12.5114950Z [1m[92m    Checking[0m nepl3-doc-core v0.1.0 (/Users/runner/work/NEPL3/NEPL3/crates/languages/doc/core)
native (macos-latest)	API documentation	2026-09-08T10:47:12.5115560Z [1m[92m    Checking[0m nepl3-markup v0.1.0 (/Users/runner/work/NEPL3/NEPL3/crates/output/markup)
native (macos-latest)	API documentation	2026-09-08T10:47:12.7549040Z [1m[92m    Checking[0m nepl3-math-core v0.1.0 (/Users/runner/work/NEPL3/NEPL3/crates/languages/math/core)
native (macos-latest)	API documentation	2026-09-08T10:47:13.0644730Z [1m[92m    Checking[0m nepl3-wire v0.1.0 (/Users/runner/work/NEPL3/NEPL3/crates/foundation/wire)
native (macos-latest)	API documentation	2026-09-08T10:47:13.3053840Z [1m[92m    Checking[0m nepl3-engine v0.1.0 (/Users/runner/work/NEPL3/NEPL3/crates/foundation/engine)
native (macos-latest)	API documentation	2026-09-08T10:47:13.5494240Z [1m[92m Documenting[0m nepl3-engine v0.1.0 (/Users/runner/work/NEPL3/NEPL3/crates/foundation/engine)
native (macos-latest)	API documentation	2026-09-08T10:47:13.6198010Z [1m[92m    Checking[0m nepl3-doc-html v0.1.0 (/Users/runner/work/NEPL3/NEPL3/crates/languages/doc/html)
native (macos-latest)	API documentation	2026-09-08T10:47:13.9284160Z [1m[92m Documenting[0m nepl3-doc-html v0.1.0 (/Users/runner/work/NEPL3/NEPL3/crates/languages/doc/html)
native (macos-latest)	API documentation	2026-09-08T10:47:14.4937580Z [1m[92m Documenting[0m nepl3-wire v0.1.0 (/Users/runner/work/NEPL3/NEPL3/crates/foundation/wire)
native (macos-latest)	API documentation	2026-09-08T10:47:15.1998370Z [1m[92m Documenting[0m nepl3-doc-core v0.1.0 (/Users/runner/work/NEPL3/NEPL3/crates/languages/doc/core)
native (macos-latest)	API documentation	2026-09-08T10:47:15.2301250Z [1m[92m Documenting[0m nepl3-reader v0.1.0 (/Users/runner/work/NEPL3/NEPL3/crates/foundation/reader)
native (macos-latest)	API documentation	2026-09-08T10:47:16.0875760Z [1m[92m Documenting[0m nepl3-math-core v0.1.0 (/Users/runner/work/NEPL3/NEPL3/crates/languages/math/core)
native (macos-latest)	API documentation	2026-09-08T10:47:16.3007430Z [1m[92m Documenting[0m nepl3-markup v0.1.0 (/Users/runner/work/NEPL3/NEPL3/crates/output/markup)
native (macos-latest)	API documentation	2026-09-08T10:47:17.6702910Z [1m[92m    Checking[0m nepl3-grammar-core v0.1.0 (/Users/runner/work/NEPL3/NEPL3/crates/languages/grammar/core)
native (macos-latest)	API documentation	2026-09-08T10:47:17.6703780Z [1m[92m Documenting[0m nepl3-grammar-core v0.1.0 (/Users/runner/work/NEPL3/NEPL3/crates/languages/grammar/core)
native (macos-latest)	API documentation	2026-09-08T10:47:18.1799080Z [1m[92m Documenting[0m nepl3-tools v0.1.0 (/Users/runner/work/NEPL3/NEPL3/tools)
native (macos-latest)	API documentation	2026-09-08T10:47:18.9884770Z [1m[91merror[0m[1m: unresolved link to `reading`[0m
native (macos-latest)	API documentation	2026-09-08T10:47:18.9885710Z   [1m[94m--> [0mtools/src/doc/projection/annotated.rs:23:31
native (macos-latest)	API documentation	2026-09-08T10:47:18.9886090Z    [1m[94m|[0m
native (macos-latest)	API documentation	2026-09-08T10:47:18.9886570Z [1m[94m23[0m [1m[94m|[0m /// Ruby is displayed as base[reading], Anno as base{note1/note2}; nested
native (macos-latest)	API documentation	2026-09-08T10:47:18.9887260Z    [1m[94m|[0m                               [1m[91m^^^^^^^[0m [1m[91mno item named `reading` in scope[0m
native (macos-latest)	API documentation	2026-09-08T10:47:18.9887710Z    [1m[94m|[0m
native (macos-latest)	API documentation	2026-09-08T10:47:18.9888060Z    [1m[94m= [0m[1mhelp[0m: to escape `[` and `]` characters, add '\' before them like `\[` or `\]`
native (macos-latest)	API documentation	2026-09-08T10:47:18.9893630Z    [1m[94m= [0m[1mnote[0m: `-D rustdoc::broken-intra-doc-links` implied by `-D warnings`
native (macos-latest)	API documentation	2026-09-08T10:47:18.9894270Z    [1m[94m= [0m[1mhelp[0m: to override `-D warnings` add `#[allow(rustdoc::broken_intra_doc_links)]`
native (macos-latest)	API documentation	2026-09-08T10:47:18.9894650Z 
native (macos-latest)	API documentation	2026-09-08T10:47:19.0195610Z [1m[91merror[0m: could not document `nepl3-tools`
native (macos-latest)	API documentation	2026-09-08T10:47:19.0236710Z ##[error]Process completed with exit code 101.
native (windows-latest)	API documentation	﻿2026-09-08T10:48:24.3257287Z ##[group]Run cargo doc --workspace --no-deps --locked
native (windows-latest)	API documentation	2026-09-08T10:48:24.3258010Z [36;1mcargo doc --workspace --no-deps --locked[0m
native (windows-latest)	API documentation	2026-09-08T10:48:24.3274652Z shell: C:\Program Files\Git\bin\bash.EXE --noprofile --norc -e -o pipefail {0}
native (windows-latest)	API documentation	2026-09-08T10:48:24.3275043Z env:
native (windows-latest)	API documentation	2026-09-08T10:48:24.3275216Z   CARGO_TERM_COLOR: always
native (windows-latest)	API documentation	2026-09-08T10:48:24.3275443Z   RUSTDOCFLAGS: -D warnings
native (windows-latest)	API documentation	2026-09-08T10:48:24.3275747Z   pythonLocation: C:\hostedtoolcache\windows\Python\3.13.15\x64
native (windows-latest)	API documentation	2026-09-08T10:48:24.3276260Z   PKG_CONFIG_PATH: C:\hostedtoolcache\windows\Python\3.13.15\x64/lib/pkgconfig
native (windows-latest)	API documentation	2026-09-08T10:48:24.3276702Z   Python_ROOT_DIR: C:\hostedtoolcache\windows\Python\3.13.15\x64
native (windows-latest)	API documentation	2026-09-08T10:48:24.3277097Z   Python2_ROOT_DIR: C:\hostedtoolcache\windows\Python\3.13.15\x64
native (windows-latest)	API documentation	2026-09-08T10:48:24.3277492Z   Python3_ROOT_DIR: C:\hostedtoolcache\windows\Python\3.13.15\x64
native (windows-latest)	API documentation	2026-09-08T10:48:24.3277795Z ##[endgroup]
native (windows-latest)	API documentation	2026-09-08T10:48:24.6107292Z [1m[92m    Checking[0m nepl3-core v0.1.0 (D:\a\NEPL3\NEPL3\crates\foundation\core)
native (windows-latest)	API documentation	2026-09-08T10:48:24.6130346Z [1m[92m Documenting[0m nepl3-core v0.1.0 (D:\a\NEPL3\NEPL3\crates\foundation\core)
native (windows-latest)	API documentation	2026-09-08T10:48:25.8961398Z [1m[92m    Checking[0m nepl3-reader v0.1.0 (D:\a\NEPL3\NEPL3\crates\foundation\reader)
native (windows-latest)	API documentation	2026-09-08T10:48:25.8963488Z [1m[92m    Checking[0m nepl3-doc-core v0.1.0 (D:\a\NEPL3\NEPL3\crates\languages\doc\core)
native (windows-latest)	API documentation	2026-09-08T10:48:25.8965491Z [1m[92m    Checking[0m nepl3-markup v0.1.0 (D:\a\NEPL3\NEPL3\crates\output\markup)
native (windows-latest)	API documentation	2026-09-08T10:48:25.8973496Z [1m[92m    Checking[0m nepl3-wire v0.1.0 (D:\a\NEPL3\NEPL3\crates\foundation\wire)
native (windows-latest)	API documentation	2026-09-08T10:48:26.4552286Z [1m[92m    Checking[0m nepl3-math-core v0.1.0 (D:\a\NEPL3\NEPL3\crates\languages\math\core)
native (windows-latest)	API documentation	2026-09-08T10:48:26.8186386Z [1m[92m Documenting[0m nepl3-doc-core v0.1.0 (D:\a\NEPL3\NEPL3\crates\languages\doc\core)
native (windows-latest)	API documentation	2026-09-08T10:48:27.2439977Z [1m[92m Documenting[0m nepl3-reader v0.1.0 (D:\a\NEPL3\NEPL3\crates\foundation\reader)
native (windows-latest)	API documentation	2026-09-08T10:48:27.7794886Z [1m[92m    Checking[0m nepl3-engine v0.1.0 (D:\a\NEPL3\NEPL3\crates\foundation\engine)
native (windows-latest)	API documentation	2026-09-08T10:48:28.3059043Z [1m[92m    Checking[0m nepl3-doc-html v0.1.0 (D:\a\NEPL3\NEPL3\crates\languages\doc\html)
native (windows-latest)	API documentation	2026-09-08T10:48:28.4777856Z [1m[92m Documenting[0m nepl3-doc-html v0.1.0 (D:\a\NEPL3\NEPL3\crates\languages\doc\html)
native (windows-latest)	API documentation	2026-09-08T10:48:28.8392117Z [1m[92m Documenting[0m nepl3-engine v0.1.0 (D:\a\NEPL3\NEPL3\crates\foundation\engine)
native (windows-latest)	API documentation	2026-09-08T10:48:28.8568855Z [1m[92m Documenting[0m nepl3-math-core v0.1.0 (D:\a\NEPL3\NEPL3\crates\languages\math\core)
native (windows-latest)	API documentation	2026-09-08T10:48:29.6132783Z [1m[92m Documenting[0m nepl3-markup v0.1.0 (D:\a\NEPL3\NEPL3\crates\output\markup)
native (windows-latest)	API documentation	2026-09-08T10:48:29.9577933Z [1m[92m Documenting[0m nepl3-wire v0.1.0 (D:\a\NEPL3\NEPL3\crates\foundation\wire)
native (windows-latest)	API documentation	2026-09-08T10:48:33.5537749Z [1m[92m    Checking[0m nepl3-grammar-core v0.1.0 (D:\a\NEPL3\NEPL3\crates\languages\grammar\core)
native (windows-latest)	API documentation	2026-09-08T10:48:33.5539247Z [1m[92m Documenting[0m nepl3-grammar-core v0.1.0 (D:\a\NEPL3\NEPL3\crates\languages\grammar\core)
native (windows-latest)	API documentation	2026-09-08T10:48:34.5613636Z [1m[92m Documenting[0m nepl3-tools v0.1.0 (D:\a\NEPL3\NEPL3\tools)
native (windows-latest)	API documentation	2026-09-08T10:48:35.5611300Z [1m[91merror[0m[1m[97m: unresolved link to `reading`[0m
native (windows-latest)	API documentation	2026-09-08T10:48:35.5612187Z   [1m[96m--> [0mtools\src\doc\projection\annotated.rs:23:31
native (windows-latest)	API documentation	2026-09-08T10:48:35.5612759Z    [1m[96m|[0m
native (windows-latest)	API documentation	2026-09-08T10:48:35.5613490Z [1m[96m23[0m [1m[96m|[0m /// Ruby is displayed as base[reading], Anno as base{note1/note2}; nested
native (windows-latest)	API documentation	2026-09-08T10:48:35.5614770Z    [1m[96m|[0m                               [1m[91m^^^^^^^[0m [1m[91mno item named `reading` in scope[0m
native (windows-latest)	API documentation	2026-09-08T10:48:35.5615474Z    [1m[96m|[0m
native (windows-latest)	API documentation	2026-09-08T10:48:35.5616199Z    [1m[96m= [0m[1m[97mhelp[0m: to escape `[` and `]` characters, add '\' before them like `\[` or `\]`
native (windows-latest)	API documentation	2026-09-08T10:48:35.5618006Z    [1m[96m= [0m[1m[97mnote[0m: `-D rustdoc::broken-intra-doc-links` implied by `-D warnings`
native (windows-latest)	API documentation	2026-09-08T10:48:35.5619305Z    [1m[96m= [0m[1m[97mhelp[0m: to override `-D warnings` add `#[allow(rustdoc::broken_intra_doc_links)]`
native (windows-latest)	API documentation	2026-09-08T10:48:35.5622670Z 
native (windows-latest)	API documentation	2026-09-08T10:48:35.6326802Z [1m[91merror[0m: could not document `nepl3-tools`
native (windows-latest)	API documentation	2026-09-08T10:48:35.6458967Z ##[error]Process completed with exit code 101.
quality	Require native and WASI checks to pass	﻿2026-09-08T10:49:16.6590592Z ##[group]Run test "$NATIVE_RESULT" = success
quality	Require native and WASI checks to pass	2026-09-08T10:49:16.6591570Z [36;1mtest "$NATIVE_RESULT" = success[0m
quality	Require native and WASI checks to pass	2026-09-08T10:49:16.6592288Z [36;1mtest "$WASI_RESULT" = success[0m
quality	Require native and WASI checks to pass	2026-09-08T10:49:16.6593024Z [36;1mtest "$ARM_BUILD_RESULT" = success[0m
quality	Require native and WASI checks to pass	2026-09-08T10:49:16.6593795Z [36;1mtest "$RP2040_RESULT" = success[0m
quality	Require native and WASI checks to pass	2026-09-08T10:49:16.7276728Z shell: /usr/bin/bash --noprofile --norc -e -o pipefail {0}
quality	Require native and WASI checks to pass	2026-09-08T10:49:16.7277745Z env:
quality	Require native and WASI checks to pass	2026-09-08T10:49:16.7278200Z   CARGO_TERM_COLOR: always
quality	Require native and WASI checks to pass	2026-09-08T10:49:16.7278733Z   RUSTDOCFLAGS: -D warnings
quality	Require native and WASI checks to pass	2026-09-08T10:49:16.7279261Z   NATIVE_RESULT: failure
quality	Require native and WASI checks to pass	2026-09-08T10:49:16.7279752Z   WASI_RESULT: success
quality	Require native and WASI checks to pass	2026-09-08T10:49:16.7280228Z   ARM_BUILD_RESULT: success
quality	Require native and WASI checks to pass	2026-09-08T10:49:16.7280732Z   RP2040_RESULT: success
quality	Require native and WASI checks to pass	2026-09-08T10:49:16.7281244Z ##[endgroup]
quality	Require native and WASI checks to pass	2026-09-08T10:49:16.7526721Z ##[error]Process completed with exit code 1.
