   Compiling nepl3-reader v0.1.0 (C:\projects\NEPL3-prefix-validation\crates\foundation\reader)
   Compiling nepl3-wire v0.1.0 (C:\projects\NEPL3-prefix-validation\crates\foundation\wire)
warning: unused import: `value_codec::FoundationValueCodec`
 --> crates\foundation\wire\tests\types.rs:1:61
  |
1 | use nepl3_core::{budget::*, schema::*, source::*, value::*, value_codec::FoundationValueCodec};
  |                                                             ^^^^^^^^^^^^^^^^^^^^^^^^^^^^^^^^^
  |
  = note: `#[warn(unused_imports)]` (part of `#[warn(unused)]`) on by default

error[E0599]: no method named `encode_type_descriptor` found for struct `FoundationCodec<'a>` in the current scope
  --> crates\foundation\wire\tests\types.rs:47:14
   |
46 |           let value = codec
   |  _____________________-
47 | |             .encode_type_descriptor(&ty, &mut budget())
   | |             -^^^^^^^^^^^^^^^^^^^^^^ method not found in `FoundationCodec<'_>`
   | |_____________|
   |

error[E0599]: no method named `encode_type_descriptor` found for struct `FoundationCodec<'a>` in the current scope
  --> crates\foundation\wire\tests\types.rs:69:10
   |
68 |       let value = codec
   |  _________________-
69 | |         .encode_type_descriptor(&ty, &mut budget())
   | |         -^^^^^^^^^^^^^^^^^^^^^^ method not found in `FoundationCodec<'_>`
   | |_________|
   |

error[E0599]: no method named `encode_type_descriptor` found for struct `FoundationCodec<'a>` in the current scope
   --> crates\foundation\wire\tests\types.rs:119:19
    |
119 |             codec.encode_type_descriptor(&ty, &mut stopped),
    |                   ^^^^^^^^^^^^^^^^^^^^^^ method not found in `FoundationCodec<'_>`

For more information about this error, try `rustc --explain E0599`.
warning: `nepl3-wire` (test "types") generated 1 warning
error: could not compile `nepl3-wire` (test "types") due to 3 previous errors; 1 warning emitted
warning: build failed, waiting for other jobs to finish...
