{
  "authored_sha256": "356f41bf562251b730065bc6773024cc850cf36ef8d11b19cc96ac9ee16497b6",
  "inline_code_exact_multiset": [
    "nepl3-doc-html",
    "interfaces/doc-html.json",
    "LocalHtmlRequest",
    "prepare_local",
    "RenderedFragment",
    "NEPL3.Doc.Html.Fragment.v1",
    "nepl3-tools doc-html export <input.nepld> <new-directory>",
    "document.html",
    "assets/doc.css",
    "manifest.json",
    "baseline-source:last",
    "baseline-source:first"
  ],
  "links_exact_in_order": [
    "https://drafts.csswg.org/css-inline/#baseline-source",
    "https://www.w3.org/TR/css-grid-1/#grid-baselines"
  ],
  "sections": [
    "local_export",
    "baseline"
  ],
  "ruby_count": 401,
  "scope": "Independent restricted source parser from fixed forms plus direct full-source review, not production runtime"
}
[]
