{
  "authored_sha256": "265de78f635661382ab8b42cb0508d74391ac599d0ecff754f90c691371bce31",
  "inline_code_exact_multiset": [
    "KaTeXPreferred",
    "renderToString",
    "render",
    "math-core",
    "nepl3-math-tex",
    "math-mathml",
    "no_std + alloc",
    "KaTeXPreferred",
    "MathMlOnly",
    "--math-renderer katex-preferred|mathml-only",
    "htmlAndMathml",
    "output: html",
    "throwOnError: true",
    "trust: false",
    "maxExpand",
    "maxSize",
    "maxExpand",
    "maxSize",
    "design/markup.json",
    "style-src-attr 'none'",
    "SaveFinished"
  ],
  "links_exact_in_order": [
    "18-html-delivery.md",
    "https://katex.org/docs/node",
    "https://katex.org/docs/api",
    "https://katex.org/docs/options",
    "https://katex.org/docs/security",
    "https://katex.org/docs/browser"
  ],
  "sections": [
    "generation",
    "ownership",
    "failure_stop",
    "identity_resources",
    "checked_artifact",
    "acceptance",
    "references"
  ],
  "ruby_count": 703,
  "scope": "Independent restricted source parser from fixed forms plus direct full-source review, not production runtime"
}
[
  [
    "Table",
    [
      [
        "AlignmentDefault"
      ],
      [
        "AlignmentDefault"
      ],
      [
        "AlignmentDefault"
      ]
    ],
    [
      "SomeRow",
      [
        "Row",
        [
          [
            "Sentence",
            [
              [
                "Text",
                "場面"
              ]
            ]
          ],
          [
            "Sentence",
            [
              [
                "Text",
                "生成環境"
              ]
            ]
          ],
          [
            "Sentence",
            [
              [
                "Text",
                "渡す成果物"
              ]
            ]
          ]
        ]
      ]
    ],
    [
      [
        "Row",
        [
          [
            "Sentence",
            [
              [
                "Text",
                "CLI"
              ]
            ]
          ],
          [
            "Sentence",
            [
              [
                "Text",
                "host側の許可済みKaTeX adapter"
              ]
            ]
          ],
          [
            "Sentence",
            [
              [
                "Text",
                "完成HTML・CSS・font"
              ]
            ]
          ]
        ]
      ],
      [
        "Row",
        [
          [
            "Sentence",
            [
              [
                "Text",
                "Playground"
              ]
            ]
          ],
          [
            "Sentence",
            [
              [
                "Text",
                "ブラウザWorker内のJavaScript adapter"
              ]
            ]
          ],
          [
            "Sentence",
            [
              [
                "Text",
                "完成した検査済みHTML artifact"
              ]
            ]
          ]
        ]
      ],
      [
        "Row",
        [
          [
            "Sentence",
            [
              [
                "Text",
                "preview・書出し済み文書の閲覧"
              ]
            ]
          ],
          [
            "Sentence",
            [
              [
                "Text",
                "KaTeXを実行しない"
              ]
            ]
          ],
          [
            "Sentence",
            [
              [
                "Text",
                "同じ生成結果とassetを表示"
              ]
            ]
          ]
        ]
      ]
    ]
  ],
  [
    "Table",
    [
      [
        "AlignmentDefault"
      ],
      [
        "AlignmentDefault"
      ]
    ],
    [
      "SomeRow",
      [
        "Row",
        [
          [
            "Sentence",
            [
              [
                "Text",
                "条件"
              ]
            ]
          ],
          [
            "Sentence",
            [
              [
                "Text",
                "結果"
              ]
            ]
          ]
        ]
      ]
    ],
    [
      [
        "Row",
        [
          [
            "Sentence",
            [
              [
                "Text",
                "忠実なTeX変換・KaTeX実行・出力検査が成功"
              ]
            ]
          ],
          [
            "Sentence",
            [
              [
                "Text",
                "KaTeX生成済みHTMLを採用する。"
              ]
            ]
          ]
        ]
      ],
      [
        "Row",
        [
          [
            "Sentence",
            [
              [
                "Text",
                "忠実に変換不能、host能力なし、module読込失敗"
              ]
            ]
          ],
          [
            "Sentence",
            [
              [
                "Text",
                "理由を診断として保持し、その数式をNEPL3 MathMLへ切り替える。"
              ]
            ]
          ]
        ]
      ],
      [
        "Row",
        [
          [
            "Sentence",
            [
              [
                "Text",
                "KaTeX通常構文エラー"
              ]
            ]
          ],
          [
            "Sentence",
            [
              [
                "Text",
                "エラーを隠さず、その数式をNEPL3 MathMLへ切り替える。"
              ]
            ]
          ]
        ]
      ],
      [
        "Row",
        [
          [
            "Sentence",
            [
              [
                "Text",
                "偽identity・未要求資源・出力安全性違反"
              ]
            ]
          ],
          [
            "Sentence",
            [
              [
                "Text",
                "provider違反を記録し、正常な能力不足として扱わず、親操作が継続可能とする明示policyがある場合だけMathML代替を許す。"
              ]
            ]
          ]
        ]
      ],
      [
        "Row",
        [
          [
            "Sentence",
            [
              [
                "Text",
                "文書全体の取消し・予算超過・期限、それによるWorker強制終了"
              ]
            ]
          ],
          [
            "Sentence",
            [
              [
                "Text",
                "元のStopped理由を保持し、既に利用可能な同じ要求のMathMLだけを表示上の代替にできる。"
              ]
            ]
          ]
        ]
      ],
      [
        "Row",
        [
          [
            "Sentence",
            [
              [
                "Text",
                "許容されたrenderer局所期限による専用Worker終了"
              ]
            ]
          ],
          [
            "Sentence",
            [
              [
                "Text",
                "親操作が継続可能で必要資源が残る場合だけ、局所失敗を診断として正式なMathML fallbackへ移る。"
              ]
            ]
          ]
        ]
      ],
      [
        "Row",
        [
          [
            "Sentence",
            [
              [
                "Text",
                "CSS・fontの欠落や遮断"
              ]
            ]
          ],
          [
            "Sentence",
            [
              [
                "Text",
                "asset診断と、明示的なMathMlOnlyへの再生成操作を提供する。"
              ]
            ]
          ]
        ]
      ],
      [
        "Row",
        [
          [
            "Sentence",
            [
              [
                "Text",
                "元Mathまたはfallback MathMLが不正"
              ]
            ]
          ],
          [
            "Sentence",
            [
              [
                "Text",
                "型付き失敗とし、空の成功fragmentを返さない。"
              ]
            ]
          ]
        ]
      ]
    ]
  ]
]
