command: cargo test --locked -p nepl3-engine -p nepl3-grammar-core --target wasm32-wasip2 -- --test-threads=1
runner: CARGO_TARGET_WASM32_WASIP2_RUNNER=wasmtime run
exit_code: 0
   Compiling nepl3-reader v0.1.0 (C:\projects\NEPL3-prefix-validation\crates\foundation\reader)
   Compiling nepl3-wire v0.1.0 (C:\projects\NEPL3-prefix-validation\crates\foundation\wire)
   Compiling nepl3-engine v0.1.0 (C:\projects\NEPL3-prefix-validation\crates\foundation\engine)
   Compiling nepl3-grammar-core v0.1.0 (C:\projects\NEPL3-prefix-validation\crates\languages\grammar\core)
    Finished `test` profile [unoptimized + debuginfo] target(s) in 45.42s
     Running unittests src\lib.rs (target\wasm32-wasip2\debug\deps\nepl3_engine-f7261a2043e723cc.wasm)

running 0 tests

test result: ok. 0 passed; 0 failed; 0 ignored; 0 measured; 0 filtered out; finished in 0.00s

     Running tests\package.rs (target\wasm32-wasip2\debug\deps\package-36bc91b00eb9eb59.wasm)

running 9 tests
test listof_foreign_has_foreign_head_and_local_tail_without_losing_its_selector ... ok
test package_boundary_checks_extension_provenance_and_resource_limits ... ok
test package_checks_real_surface_shapes_modes_selectors_and_binding_coverage ... ok
test package_rejects_direct_reader_cycles_and_counts_binding_entry_depth ... ok
test persistent_tree_checks_parent_reads_spelling_payload_and_concrete_owner ... ok
test recovery_strategy_and_sync_order_are_part_of_package_behavior ... ok
test resolved_profile_pins_real_package_host_providers_resources_and_foreign_modes ... ok
test semantic_identity_preserves_ordered_behavior_and_presentation_fallback ... ok
test semantic_identity_removes_arena_layout_sharing_and_provenance ... ok

test result: ok. 9 passed; 0 failed; 0 ignored; 0 measured; 0 filtered out; finished in 0.22s

     Running tests\parse.rs (target\wasm32-wasip2\debug\deps\parse-35741830cbb85023.wasm)

running 13 tests
test accepted_trivia_without_a_token_survives_eof_and_need_more ... ok
test allocation_stop_preserves_actual_usage_and_never_invents_a_root ... ok
test append_retry_reparses_every_scalar_split_and_keeps_cumulative_usage ... ok
test append_retry_retains_original_caller_depth_when_host_resumes_at_zero ... ok
test explicit_list_spine_preserves_declared_head_and_tail_children ... ok
test foreign::foreign_root_mode_is_guest_owned_and_normal_child_and_host_restore_defaults ... ok
test missing_children_share_one_bundle_recovery_table ... ok
test missing_final_child_and_nonfinal_input_are_distinct ... ok
test prefix_depth_composes_with_nested_reader_frames ... ok
test provider_resume_keeps_prefix_frames_report_and_caller_depth ... ok
test static_form_keeps_builtin_children_and_token_payloads ... ok
test text_reservation_preserves_prefix_identity_and_composed_caller_depth ... ok
test unknown_heads_preserve_remainder_without_inventing_a_leaf_arity ... ok

test result: ok. 13 passed; 0 failed; 0 ignored; 0 measured; 0 filtered out; finished in 4.75s

     Running unittests src\lib.rs (target\wasm32-wasip2\debug\deps\nepl3_grammar_core-abfcd48cd99d8908.wasm)

running 0 tests

test result: ok. 0 passed; 0 failed; 0 ignored; 0 measured; 0 filtered out; finished in 0.00s

     Running tests\reader.rs (target\wasm32-wasip2\debug\deps\reader-05578a4954489018.wasm)

running 2 tests
test compiler_catalogs_reject_ambiguous_and_empty_names_and_ast_charges_nodes ... ok
test reader_compiler_lowers_real_plan_and_rejects_natural_range_repeat_and_reference_errors ... ok

test result: ok. 2 passed; 0 failed; 0 ignored; 0 measured; 0 filtered out; finished in 0.03s

   Doc-tests nepl3_engine

running 0 tests

test result: ok. 0 passed; 0 failed; 0 ignored; 0 measured; 0 filtered out; finished in 0.00s

   Doc-tests nepl3_grammar_core

running 0 tests

test result: ok. 0 passed; 0 failed; 0 ignored; 0 measured; 0 filtered out; finished in 0.00s
