   Compiling autocfg v1.5.1
   Compiling typenum v1.20.1
   Compiling cfg-if v1.0.4
   Compiling unicode-ident v1.0.18
   Compiling num-traits v0.2.19
   Compiling hybrid-array v0.4.14
   Compiling crypto-common v0.2.2
   Compiling block-buffer v0.12.1
   Compiling num-integer v0.1.47
   Compiling num-bigint v0.5.1
   Compiling digest v0.11.3
   Compiling sha2 v0.11.0
   Compiling nepl3-core v0.1.0 (C:\projects\NEPL3-runtime\.tmp\review-html-anchor-identifiers\workspace\crates\foundation\core)
   Compiling nepl3-wire v0.1.0 (C:\projects\NEPL3-runtime\.tmp\review-html-anchor-identifiers\workspace\crates\foundation\wire)
   Compiling nepl3-markup v0.1.0 (C:\projects\NEPL3-runtime\.tmp\review-html-anchor-identifiers\workspace\crates\output\markup)
    Finished `test` profile [unoptimized + debuginfo] target(s) in 1m 02s
     Running unittests src\lib.rs (C:\projects\NEPL3-runtime\.tmp\review-html-anchor-identifiers\target\wasm32-wasip2\debug\deps\nepl3_markup-cc347c93c9c5ad1d.wasm)

running 0 tests

test result: ok. 0 passed; 0 failed; 0 ignored; 0 measured; 0 filtered out; finished in 0.00s

     Running tests\anchors.rs (C:\projects\NEPL3-runtime\.tmp\review-html-anchor-identifiers\target\wasm32-wasip2\debug\deps\anchors-9c9b70db5adc46c5.wasm)

running 2 tests
test anchor_extension_does_not_relax_data_or_css_tokens ... ok
test decoded_ids_and_all_internal_href_variants_preserve_unicode ... ok

test result: ok. 2 passed; 0 failed; 0 ignored; 0 measured; 0 filtered out; finished in 0.00s

     Running tests\html.rs (C:\projects\NEPL3-runtime\.tmp\review-html-anchor-identifiers\target\wasm32-wasip2\debug\deps\html-cba53392d20d752c.wasm)

running 5 tests
test dag_appearance_identity_cycles_unreachable_and_deep_drop ... ok
test malformed_structure_and_attribute_values_never_become_partial_html ... ok
test nested_paragraph_wrapper_links_lists_and_code_preserve_bytes ... ok
test sticky_stops_apply_to_validation_and_serialization_with_caller_depth ... ok
test tables_images_and_typed_external_links ... ok

test result: ok. 5 passed; 0 failed; 0 ignored; 0 measured; 0 filtered out; finished in 0.12s

     Running tests\portable.rs (C:\projects\NEPL3-runtime\.tmp\review-html-anchor-identifiers\target\wasm32-wasip2\debug\deps\portable-84529d32cf2c9641.wasm)

running 2 tests
test first_cbor_receiver_revalidates_owned_markup_and_matches_native_output ... ok
test schema_valid_invalid_markup_and_unknown_tags_are_rejected_after_cbor ... ok

test result: ok. 2 passed; 0 failed; 0 ignored; 0 measured; 0 filtered out; finished in 0.02s

     Running tests\regression.rs (C:\projects\NEPL3-runtime\.tmp\review-html-anchor-identifiers\target\wasm32-wasip2\debug\deps\regression-658403204d93e002.wasm)

running 5 tests
test external_port_is_unsigned_ascii_decimal ... ok
test ruby_grammar_rejects_invalid_fallback_and_base_sequences ... ok
test ruby_group_annotations_and_single_nested_base_are_retained ... ok
test serializer_work_limit_bounds_frontier_before_enqueue ... ok
test zero_work_does_not_allocate_a_validation_arena ... ok

test result: ok. 5 passed; 0 failed; 0 ignored; 0 measured; 0 filtered out; finished in 0.10s

     Running tests\routes.rs (C:\projects\NEPL3-runtime\.tmp\review-html-anchor-identifiers\target\wasm32-wasip2\debug\deps\routes-13b4a4a27edd1348.wasm)

running 4 tests
test raw_routes_do_not_authorize_parent_segments_or_url_syntax ... ok
test relative_routes_preserve_complete_directory_segments ... ok
test route_first_cbor_receiver_checks_both_paths ... ok
test route_serialization_keeps_resource_stops_and_input ... ok

test result: ok. 4 passed; 0 failed; 0 ignored; 0 measured; 0 filtered out; finished in 0.01s

     Running tests\text.rs (C:\projects\NEPL3-runtime\.tmp\review-html-anchor-identifiers\target\wasm32-wasip2\debug\deps\text-d346ce169495831e.wasm)

running 3 tests
test canonical_escape_preserves_text_and_attribute_whitespace ... ok
test escaping_limits_precede_result_allocation_and_stops_are_sticky ... ok
test xml_character_ranges_and_error_byte_offsets_are_exact ... ok

test result: ok. 3 passed; 0 failed; 0 ignored; 0 measured; 0 filtered out; finished in 0.12s

   Doc-tests nepl3_markup

running 0 tests

test result: ok. 0 passed; 0 failed; 0 ignored; 0 measured; 0 filtered out; finished in 0.00s

