{
  "authored_sha256": "373a519dffc1cbbc2bbd2b6334eef8d4490aae6c62798bf26918a5f280bfe083",
  "inline_code_exact_multiset": [
    "nepl3.safe-markup/2",
    "nepl3.markup",
    "interfaces/markup.json",
    "nepl3-markup",
    "[a-z][a-z0-9-]*",
    "[a-z][a-z0-9-]*",
    "-_.",
    ".",
    "..",
    "BetweenArtifacts(source,target,fragment)",
    "../",
    "#fragment",
    "docs/a/index.html",
    "docs/b/index.html",
    "../b/index.html",
    "../",
    "BetweenArtifacts"
  ],
  "links_exact_in_order": [
    "https://www.rfc-editor.org/rfc/rfc3986#section-5.2.3",
    "https://html.spec.whatwg.org/multipage/tables.html#the-table-element",
    "https://html.spec.whatwg.org/multipage/text-level-semantics.html#the-a-element",
    "https://url.spec.whatwg.org/",
    "https://html.spec.whatwg.org/multipage/text-level-semantics.html#the-ruby-element"
  ],
  "sections": [],
  "ruby_count": 463,
  "scope": "Independent restricted source parser from fixed forms plus direct full-source review, not production runtime"
}
[]
