   Compiling nepl3-core v0.1.0 (C:\projects\NEPL3-prefix-validation\crates\foundation\core)
   Compiling nepl3-reader v0.1.0 (C:\projects\NEPL3-prefix-validation\crates\foundation\reader)
   Compiling nepl3-wire v0.1.0 (C:\projects\NEPL3-prefix-validation\crates\foundation\wire)
   Compiling nepl3-engine v0.1.0 (C:\projects\NEPL3-prefix-validation\crates\foundation\engine)
   Compiling nepl3-grammar-core v0.1.0 (C:\projects\NEPL3-prefix-validation\crates\languages\grammar\core)
   Compiling nepl3-tools v0.1.0 (C:\projects\NEPL3-prefix-validation\tools)
    Finished `release` profile [optimized] target(s) in 36.21s
     Running unittests src\lib.rs (target\release\deps\nepl3_tools-d3d023b0250de28e.exe)

running 1 test
compile P0: 1.6201ms; work 865739; allocation 633694; source 9369; nodes 607; output 0; depth peak 5
parse P1 (includes host boundary/validation): 1.4986563s; work 3617885779; allocation 3990122133; source 19702; nodes 226401; output 293264; depth peak 96
lower P1: 29.7743ms; work 18277934; allocation 1334105; source 0; nodes 5658; output 0; depth peak 96
P1 driver metrics: Metrics {
    inline_host: true,
    probe_continuations: false,
    reader_continuation_copy: Cost {
        calls: 0,
        elapsed: 0ns,
        usage: Usage {
            source_bytes: 0,
            work: 0,
            depth: 0,
            nodes: 0,
            allocation_units: 0,
            output_bytes: 0,
            diagnostics: 0,
            events: 0,
        },
    },
    tokenizer_continuation_copy: Cost {
        calls: 0,
        elapsed: 0ns,
        usage: Usage {
            source_bytes: 0,
            work: 0,
            depth: 0,
            nodes: 0,
            allocation_units: 0,
            output_bytes: 0,
            diagnostics: 0,
            events: 0,
        },
    },
    initial: Cost {
        calls: 1,
        elapsed: 1.4684315s,
        usage: Usage {
            source_bytes: 964,
            work: 3600236021,
            depth: 96,
            nodes: 221574,
            allocation_units: 3989061147,
            output_bytes: 292894,
            diagnostics: 0,
            events: 0,
        },
    },
    provider_sources: Cost {
        calls: 3945,
        elapsed: 53.7347ms,
        usage: Usage {
            source_bytes: 0,
            work: 57336235,
            depth: 96,
            nodes: 0,
            allocation_units: 93658007,
            output_bytes: 0,
            diagnostics: 0,
            events: 0,
        },
    },
    provider_context: Cost {
        calls: 3945,
        elapsed: 6.8758ms,
        usage: Usage {
            source_bytes: 0,
            work: 595695,
            depth: 96,
            nodes: 23670,
            allocation_units: 2008005,
            output_bytes: 291930,
            diagnostics: 0,
            events: 0,
        },
    },
    provider_read: Cost {
        calls: 3945,
        elapsed: 4.3176ms,
        usage: Usage {
            source_bytes: 0,
            work: 1098649,
            depth: 96,
            nodes: 3945,
            allocation_units: 1300989,
            output_bytes: 0,
            diagnostics: 0,
            events: 0,
        },
    },
    resume: Cost {
        calls: 0,
        elapsed: 0ns,
        usage: Usage {
            source_bytes: 0,
            work: 0,
            depth: 0,
            nodes: 0,
            allocation_units: 0,
            output_bytes: 0,
            diagnostics: 0,
            events: 0,
        },
    },
    reservation: Cost {
        calls: 0,
        elapsed: 0ns,
        usage: Usage {
            source_bytes: 0,
            work: 0,
            depth: 0,
            nodes: 0,
            allocation_units: 0,
            output_bytes: 0,
            diagnostics: 0,
            events: 0,
        },
    },
}
compile P1: 1.7291ms; work 3384947; allocation 759842; source 10333; nodes 607; output 0; depth peak 96
parse P2 (includes host boundary/validation): 1.6319702s; work 3621680640; allocation 3990226248; source 20666; nodes 226401; output 293264; depth peak 96
lower P2: 29.3253ms; work 18277934; allocation 1334105; source 0; nodes 5658; output 0; depth peak 96
P2 driver metrics: Metrics {
    inline_host: true,
    probe_continuations: false,
    reader_continuation_copy: Cost {
        calls: 0,
        elapsed: 0ns,
        usage: Usage {
            source_bytes: 0,
            work: 0,
            depth: 0,
            nodes: 0,
            allocation_units: 0,
            output_bytes: 0,
            diagnostics: 0,
            events: 0,
        },
    },
    tokenizer_continuation_copy: Cost {
        calls: 0,
        elapsed: 0ns,
        usage: Usage {
            source_bytes: 0,
            work: 0,
            depth: 0,
            nodes: 0,
            allocation_units: 0,
            output_bytes: 0,
            diagnostics: 0,
            events: 0,
        },
    },
    initial: Cost {
        calls: 1,
        elapsed: 1.6016331s,
        usage: Usage {
            source_bytes: 0,
            work: 3601492014,
            depth: 96,
            nodes: 221574,
            allocation_units: 3989038743,
            output_bytes: 292894,
            diagnostics: 0,
            events: 0,
        },
    },
    provider_sources: Cost {
        calls: 3945,
        elapsed: 57.2603ms,
        usage: Usage {
            source_bytes: 0,
            work: 57336235,
            depth: 96,
            nodes: 0,
            allocation_units: 93658007,
            output_bytes: 0,
            diagnostics: 0,
            events: 0,
        },
    },
    provider_context: Cost {
        calls: 3945,
        elapsed: 9.5632ms,
        usage: Usage {
            source_bytes: 0,
            work: 595695,
            depth: 96,
            nodes: 23670,
            allocation_units: 2008005,
            output_bytes: 291930,
            diagnostics: 0,
            events: 0,
        },
    },
    provider_read: Cost {
        calls: 3945,
        elapsed: 5.8525ms,
        usage: Usage {
            source_bytes: 0,
            work: 1098649,
            depth: 96,
            nodes: 3945,
            allocation_units: 1300989,
            output_bytes: 0,
            diagnostics: 0,
            events: 0,
        },
    },
    resume: Cost {
        calls: 0,
        elapsed: 0ns,
        usage: Usage {
            source_bytes: 0,
            work: 0,
            depth: 0,
            nodes: 0,
            allocation_units: 0,
            output_bytes: 0,
            diagnostics: 0,
            events: 0,
        },
    },
    reservation: Cost {
        calls: 0,
        elapsed: 0ns,
        usage: Usage {
            source_bytes: 0,
            work: 0,
            depth: 0,
            nodes: 0,
            allocation_units: 0,
            output_bytes: 0,
            diagnostics: 0,
            events: 0,
        },
    },
}
compile P2: 1.6144ms; work 3384947; allocation 759842; source 10333; nodes 607; output 0; depth peak 96
bootstrap actual usage: Usage { source_bytes: 109807, work: 7287412960, depth: 96, nodes: 467236, allocation_units: 8045061618, output_bytes: 586528, diagnostics: 0, events: 0 }; nodes 518
test bootstrap::tests::complete_grammar_bootstrap_uses_production_parser_lower_and_semantic_identity ... ok

test result: ok. 1 passed; 0 failed; 0 ignored; 0 measured; 64 filtered out; finished in 3.31s

     Running unittests src\main.rs (target\release\deps\nepl3_tools-a01676b7cd7278d3.exe)

running 0 tests

test result: ok. 0 passed; 0 failed; 0 ignored; 0 measured; 0 filtered out; finished in 0.00s

     Running tests\bootstrap.rs (target\release\deps\bootstrap-91b2f932a45b4ab8.exe)

running 0 tests

test result: ok. 0 passed; 0 failed; 0 ignored; 0 measured; 1 filtered out; finished in 0.00s

     Running tests\grammar.rs (target\release\deps\grammar-163f74f77c53d3cf.exe)

running 0 tests

test result: ok. 0 passed; 0 failed; 0 ignored; 0 measured; 4 filtered out; finished in 0.00s
