    Blocking waiting for file lock on build directory
   Compiling nepl3-reader v0.1.0 (C:\projects\NEPL3-prefix-validation\crates\foundation\reader)
   Compiling nepl3-engine v0.1.0 (C:\projects\NEPL3-prefix-validation\crates\foundation\engine)
    Finished `test` profile [unoptimized + debuginfo] target(s) in 31.24s
     Running unittests src\lib.rs (target\wasm32-wasip2\debug\deps\nepl3_engine-f7261a2043e723cc.wasm)

running 0 tests

test result: ok. 0 passed; 0 failed; 0 ignored; 0 measured; 0 filtered out; finished in 0.00s

     Running tests\package.rs (target\wasm32-wasip2\debug\deps\package-36bc91b00eb9eb59.wasm)

running 9 tests
test listof_foreign_has_foreign_head_and_local_tail_without_losing_its_selector ... ok
test package_boundary_checks_extension_provenance_and_resource_limits ... ok
test package_checks_real_surface_shapes_modes_selectors_and_binding_coverage ... ok
test package_rejects_direct_reader_cycles_and_counts_binding_entry_depth ... ok
test persistent_tree_checks_parent_reads_spelling_payload_and_concrete_owner ... ok
test recovery_strategy_and_sync_order_are_part_of_package_behavior ... ok
test resolved_profile_pins_real_package_host_providers_resources_and_foreign_modes ... ok
test semantic_identity_preserves_ordered_behavior_and_presentation_fallback ... ok
test semantic_identity_removes_arena_layout_sharing_and_provenance ... ok

test result: ok. 9 passed; 0 failed; 0 ignored; 0 measured; 0 filtered out; finished in 0.18s

     Running tests\parse.rs (target\wasm32-wasip2\debug\deps\parse-35741830cbb85023.wasm)

running 18 tests
test accepted_trivia_without_a_token_survives_eof_and_need_more ... ok
test allocation_stop_preserves_actual_usage_and_never_invents_a_root ... ok
test append_retry_reparses_every_scalar_split_and_keeps_cumulative_usage ... ok
test append_retry_retains_original_caller_depth_when_host_resumes_at_zero ... ok
test explicit_list_spine_preserves_declared_head_and_tail_children ... ok
test foreign::foreign_root_mode_is_guest_owned_and_normal_child_and_host_restore_defaults ... ok
test missing_children_share_one_bundle_recovery_table ... ok
test missing_final_child_and_nonfinal_input_are_distinct ... ok
test native_host_cancel_and_invalid_reply_keep_boundary_semantics ... ok
test native_host_failure_keeps_generated_diagnostic_and_event_closure ... ok
test native_host_mixed_text_provider_fallback_preserves_decoded_sources ... ok
test native_host_prefix_growth_reduces_measured_copy_work ... ok
test native_host_preserves_tree_reports_maps_and_owned_fallback ... ok
test prefix_depth_composes_with_nested_reader_frames ... ok
test provider_resume_keeps_prefix_frames_report_and_caller_depth ... ok
test static_form_keeps_builtin_children_and_token_payloads ... ok
test text_reservation_preserves_prefix_identity_and_composed_caller_depth ... ok
test unknown_heads_preserve_remainder_without_inventing_a_leaf_arity ... ok

test result: ok. 18 passed; 0 failed; 0 ignored; 0 measured; 0 filtered out; finished in 4.26s

     Running unittests src\lib.rs (target\wasm32-wasip2\debug\deps\nepl3_reader-4bcfdb50e08b8642.wasm)

running 0 tests

test result: ok. 0 passed; 0 failed; 0 ignored; 0 measured; 0 filtered out; finished in 0.00s

     Running tests\builtin.rs (target\wasm32-wasip2\debug\deps\builtin-e2480a76128837e7.wasm)

running 17 tests
test builtin_budget_stops_are_typed_and_do_not_return_partial_tokens ... ok
test committed_text_rejects_invalid_escapes_scalars_and_direct_lines ... ok
test empty_skip_and_take_readers_are_nonprogress_failures ... ok
test generated_source_admission_is_once_and_unsuccessful_text_has_no_source_charge ... ok
test language_is_well_formed_abnf_not_registry_validity ... ok
test maximal_lexemes_wait_at_every_nonfinal_scalar_boundary ... ok
test mode_take_is_ordered_choice_and_does_not_consume_trailing_trivia ... ok
test mode_text_reservation_is_lazy_and_echo_is_checked ... ok
test names_preserve_unicode_spelling_and_read_maximal_identifier ... ok
test naturals_and_finite_decimals_are_exact_and_boundary_checked ... ok
test owned_tokenizer_resume_does_not_borrow_the_original_context_and_checks_all_echo_fields ... ok
test reservation_locator_validation_obeys_work_limit_before_scanning ... ok
test selected_standard_provider_dispatch_uses_builtin_values_and_rejects_forgery ... ok
test text_decoding_retains_each_exact_or_transformed_source_range ... ok
test text_exact_runs_preserve_utf8_offsets_and_escape_boundaries ... ok
test tokenizer_configuration_identity_ignores_mode_declaration_order_but_retains_rule_order ... ok
test trivia_keeps_ascii_line_boundaries_and_bom_position ... ok

test result: ok. 17 passed; 0 failed; 0 ignored; 0 measured; 0 filtered out; finished in 0.83s

     Running tests\context.rs (target\wasm32-wasip2\debug\deps\context-be6c52e275c18720.wasm)

running 1 test
test checked_context_uses_real_digest_and_exact_origin_source_closure ... ok

test result: ok. 1 passed; 0 failed; 0 ignored; 0 measured; 0 filtered out; finished in 0.01s

     Running tests\portable.rs (target\wasm32-wasip2\debug\deps\portable-b8c329b3ca860abf.wasm)

running 2 tests
test host_global_source_cannot_fill_a_missing_request_declaration ... ok
test native_request_and_checked_ndf_loopback_execute_with_identical_meaning ... ok

test result: ok. 2 passed; 0 failed; 0 ignored; 0 measured; 0 filtered out; finished in 0.02s

     Running tests\runtime.rs (target\wasm32-wasip2\debug\deps\runtime-fcf133dd7df63cc6.wasm)

running 31 tests
test accepted_collector_crosses_language_sessions_only_in_its_original_operation ... ok
test accepted_diagnostic_owns_primary_related_and_fix_source_closure_before_publication ... ok
test allocation_faults_across_later_resumes_preserve_already_accepted_reports ... ok
test bounded_repeat_zero_never_executes_nullable_body ... ok
test cancellation_during_provider_wait_stops_and_consumes_the_pending_slot ... ok
test checked_context_reuse_admits_exact_source_closure_in_each_operation ... ok
test checked_context_reuse_rejects_same_id_revision_with_changed_content ... ok
test choice_rewinds_captures_views_and_retains_work ... ok
test commit_does_not_hide_failure_or_need_more_in_choice ... ok
test direct_repeat_failure_and_streaming_shortage_rollback_all_prior_iteration_reports ... ok
test every_utf8_prefix_split_is_need_more_and_final_truncation_is_no_match ... ok
test failed_choice_restores_programmed_state_before_next_provider_call ... ok
test failed_stopped_and_rollback_results_have_their_exact_formal_source_closure ... ok
test fresh_budget_and_forged_call_or_source_cannot_resume_a_saved_slot ... ok
test generated_sources_are_validated_transactionally_and_available_to_diagnostics ... ok
test long_source_identity_is_not_copied_after_allocation_budget_is_exhausted ... ok
test map_decode_and_then_use_typed_provider_envelopes ... ok
test node_sidecar_and_look_not_optional_discard_have_independent_values ... ok
test plan_identity_is_deterministic_but_distinguishes_arena_representation ... ok
test programmed_repetition_requires_actual_consumption_and_accepts_consuming_calls ... ok
test provider_signature_checks_operation_envelope_and_pure_decoder ... ok
test runtime_rejects_left_recursion_hidden_behind_empty_programmed_call ... ok
test session_binds_call_source_plan_usage_and_closes_after_consumed_resume ... ok
test static_plan_rejects_unknown_references_types_and_unproductive_recursion ... ok
test stopped_reader_retains_committed_provider_reports ... ok
test stopped_tokenizer_retains_reader_report_and_generated_source_closure ... ok
test tokenizer_await_allocation_stops_clear_both_private_pending_slots ... ok
test tokenizer_outer_echo_validates_every_nested_reader_component_before_private_resume ... ok
test tokenizer_preserves_accepted_skip_reports_and_sources_across_candidate_rollback ... ok
test unicode_classes_use_pinned_unicode16_and_ascii_numeric_rules ... ok
test until_leaves_delimiter_and_takecount_counts_scalars ... ok

test result: ok. 31 passed; 0 failed; 0 ignored; 0 measured; 0 filtered out; finished in 1.03s

   Doc-tests nepl3_engine

running 0 tests

test result: ok. 0 passed; 0 failed; 0 ignored; 0 measured; 0 filtered out; finished in 0.00s

   Doc-tests nepl3_reader

running 0 tests

test result: ok. 0 passed; 0 failed; 0 ignored; 0 measured; 0 filtered out; finished in 0.00s

    Blocking waiting for file lock on build directory
    Checking nepl3-reader v0.1.0 (C:\projects\NEPL3-prefix-validation\crates\foundation\reader)
    Checking nepl3-engine v0.1.0 (C:\projects\NEPL3-prefix-validation\crates\foundation\engine)
    Checking nepl3-grammar-core v0.1.0 (C:\projects\NEPL3-prefix-validation\crates\languages\grammar\core)
    Finished `dev` profile [unoptimized + debuginfo] target(s) in 6.52s
