
running 6 tests
test html::table_list_and_raw_code_keep_order_shape_and_original_characters ... ok
test projection::raw_code_projection_preserves_bytes_and_distinct_blocks ... ok
test projection::raw_code_projection_rejects_normalized_bytes_and_ambiguous_hints ... ok
test review_raw_code::independent_raw_code_bytes_and_container_boundaries ... ok
test review_raw_code::independent_raw_code_fence_budget_and_input_are_preserved ... ok
test review_raw_code::independent_raw_code_rejects_byte_normalization_and_info_mutation ... ok

test result: ok. 6 passed; 0 failed; 0 ignored; 0 measured; 52 filtered out; finished in 3.74s

   Compiling autocfg v1.5.1
   Compiling typenum v1.20.1
   Compiling cfg-if v1.0.4
   Compiling unicode-ident v1.0.18
   Compiling proc-macro2 v1.0.107
   Compiling quote v1.0.47
   Compiling serde_core v1.0.229
   Compiling zmij v1.0.23
   Compiling serde v1.0.229
   Compiling memchr v2.8.3
   Compiling serde_json v1.0.151
   Compiling pulldown-cmark v0.13.4
   Compiling itoa v1.0.18
   Compiling bitflags v2.13.1
   Compiling unicase v2.9.0
   Compiling num-traits v0.2.19
   Compiling hybrid-array v0.4.14
   Compiling syn v3.0.5
   Compiling block-buffer v0.12.1
   Compiling crypto-common v0.2.2
   Compiling num-integer v0.1.47
   Compiling num-bigint v0.5.1
   Compiling digest v0.11.3
   Compiling sha2 v0.11.0
   Compiling nepl3-core v0.1.0 (C:\projects\NEPL3-doc-page-links\.tmp\review-markdown-code\workspace\crates\foundation\core)
   Compiling serde_derive v1.0.229
   Compiling nepl3-reader v0.1.0 (C:\projects\NEPL3-doc-page-links\.tmp\review-markdown-code\workspace\crates\foundation\reader)
   Compiling nepl3-doc-core v0.1.0 (C:\projects\NEPL3-doc-page-links\.tmp\review-markdown-code\workspace\crates\languages\doc\core)
   Compiling nepl3-markup v0.1.0 (C:\projects\NEPL3-doc-page-links\.tmp\review-markdown-code\workspace\crates\output\markup)
   Compiling nepl3-math-core v0.1.0 (C:\projects\NEPL3-doc-page-links\.tmp\review-markdown-code\workspace\crates\languages\math\core)
   Compiling nepl3-wire v0.1.0 (C:\projects\NEPL3-doc-page-links\.tmp\review-markdown-code\workspace\crates\foundation\wire)
   Compiling nepl3-engine v0.1.0 (C:\projects\NEPL3-doc-page-links\.tmp\review-markdown-code\workspace\crates\foundation\engine)
   Compiling nepl3-doc-html v0.1.0 (C:\projects\NEPL3-doc-page-links\.tmp\review-markdown-code\workspace\crates\languages\doc\html)
   Compiling nepl3-grammar-core v0.1.0 (C:\projects\NEPL3-doc-page-links\.tmp\review-markdown-code\workspace\crates\languages\grammar\core)
   Compiling nepl3-tools v0.1.0 (C:\projects\NEPL3-doc-page-links\.tmp\review-markdown-code\workspace\tools)
    Finished `test` profile [unoptimized + debuginfo] target(s) in 3m 08s
     Running tests\doc.rs (.tmp/review-target\wasm32-wasip2\debug\deps\doc-8103b234a0324d65.wasm)
