   Compiling nepl3-core v0.1.0 (C:\projects\NEPL3-prefix-validation\crates\foundation\core)
   Compiling nepl3-wire v0.1.0 (C:\projects\NEPL3-prefix-validation\crates\foundation\wire)
   Compiling nepl3-reader v0.1.0 (C:\projects\NEPL3-prefix-validation\crates\foundation\reader)
   Compiling nepl3-engine v0.1.0 (C:\projects\NEPL3-prefix-validation\crates\foundation\engine)
   Compiling nepl3-grammar-core v0.1.0 (C:\projects\NEPL3-prefix-validation\crates\languages\grammar\core)
   Compiling nepl3-tools v0.1.0 (C:\projects\NEPL3-prefix-validation\tools)
    Finished `test` profile [unoptimized + debuginfo] target(s) in 17.11s
     Running unittests src\lib.rs (target\debug\deps\nepl3_core-7aa423d3ddb0d0c5.exe)

running 0 tests

test result: ok. 0 passed; 0 failed; 0 ignored; 0 measured; 0 filtered out; finished in 0.00s

     Running tests\budget.rs (target\debug\deps\budget-1294c1d14015b26b.exe)

running 2 tests
test observed_delegated_cost_is_atomic_across_all_resources_and_preserves_stops ... ok
test temporary_ceilings_restore_on_result_paths_and_cannot_regrant_reserved_capacity ... ok

test result: ok. 2 passed; 0 failed; 0 ignored; 0 measured; 0 filtered out; finished in 0.00s

     Running tests\contracts.rs (target\debug\deps\contracts-a6271fce5eff8409.exe)

running 18 tests
test budget_exact_limits_overflow_zero_and_cancel_are_distinct ... ok
test nested_budget_retains_work_and_peak_depth_after_failed_branch ... ok
test source_limits_precede_decode_and_decode_does_not_replace_bytes ... ok
test line_positions_roundtrip_unicode_and_all_line_endings ... ok
test edits_are_atomic_across_sources_and_reject_stale_or_conflicting_input ... ok
test canonical_integers_reject_negative_zero_and_leading_zero ... ok
test admission_accounts_for_copied_locator_payload ... ok
test edit_size_limit_checked_before_replacement_is_built ... ok
test rational_constructors_normalize_native_but_reject_noncanonical_wire ... ok
test source_admission_charges_unique_snapshots_once_across_shared_calls ... ok
test source_admission_rejects_locator_changes_for_same_snapshot_identity ... ok
test source_digest_is_sha256_of_exact_original_bytes ... ok
test first_budget_stop_is_sticky_across_smaller_charges_and_cancellation ... ok
test line_index_allocation_limit_is_enforced ... ok
test locator_profile_is_checked_without_os_or_scheme_normalization ... ok
test span_rejects_scalar_interiors_bounds_and_other_identity ... ok
test store_preserves_distinct_ids_at_same_uri_and_rejects_conflicting_revision ... ok
test generated_source_locator_scan_is_charged_before_validation ... ok

test result: ok. 18 passed; 0 failed; 0 ignored; 0 measured; 0 filtered out; finished in 0.00s

     Running tests\decimal.rs (target\debug\deps\decimal-c1293449445a6bd8.exe)

running 2 tests
test invalid_digits_and_resource_stops_precede_numeric_allocation ... ok
test exact_decimal_constructor_is_independent_of_lexical_leading_zero_policy ... ok

test result: ok. 2 passed; 0 failed; 0 ignored; 0 measured; 0 filtered out; finished in 0.00s

     Running tests\edit.rs (target\debug\deps\edit-0d921c6c4beb852c.exe)

running 5 tests
test a_conflicting_preexisting_output_does_not_publish_other_transaction_outputs ... ok
test deletion_admits_original_and_generated_snapshots_once ... ok
test semantic_failure_does_not_reserve_an_unpublished_output_identity ... ok
test work_source_and_locator_limits_stop_before_unbounded_owned_copies ... ok
test every_allocation_stop_is_atomic_sticky_and_retryable_in_a_fresh_operation ... ok

test result: ok. 5 passed; 0 failed; 0 ignored; 0 measured; 0 filtered out; finished in 0.03s

     Running tests\facts.rs (target\debug\deps\facts-8ab5783723ad12f8.exe)

running 2 tests
test facts_reject_missing_sources_namespace_roots_and_fresh_operation_limits ... ok
test delta_keeps_current_scope_namespace_reservations_and_foreign_scope_authority ... ok

test result: ok. 2 passed; 0 failed; 0 ignored; 0 measured; 0 filtered out; finished in 0.01s

     Running tests\maps.rs (target\debug\deps\maps-b4f545a3574c44f2.exe)

running 3 tests
test mapped_containment_requires_every_byte_and_every_reverse_path ... ok
test snapshot_dag_proves_large_transforms_without_enumerating_the_point_product ... ok
test map_admission_never_copies_long_identity_before_zero_allocation_budget ... ok

test result: ok. 3 passed; 0 failed; 0 ignored; 0 measured; 0 filtered out; finished in 0.00s

     Running tests\structure.rs (target\debug\deps\structure-63d08c1b51569297.exe)

running 20 tests
test descriptor_map_order_is_irrelevant_but_duplicates_are_rejected ... ok
test canonical_json_escapes_controls_without_unicode_normalization ... ok
test empty_anchor_cycles_and_transformed_relations_are_checked ... ok
test forward_overlap_is_acyclic_and_map_budget_failure_does_not_insert ... ok
test imported_origin_graph_honors_zero_nodes_and_depth_limits ... ok
test imported_origin_graph_rejects_cycles_unknown_refs_and_missing_source ... ok
test local_kind_ids_are_canonical_across_descriptor_input_order ... ok
test inverse_refuses_transformed_and_ambiguous_mappings ... ok
test registry_accepts_mutual_symbolic_references_then_seals_them ... ok
test report_candidate_rollback_discards_facts_without_refunding_budget ... ok
test report_diagnostic_limit_has_no_fabricated_global_message ... ok
test report_storage_obeys_allocation_budget ... ok
test descriptor_canonical_json_has_independently_specified_field_order ... ok
test registry_rejects_wrong_digest_and_unknown_unused_references ... ok
test report_zero_event_capacity_keeps_one_typed_overflow_and_stop ... ok
test validator_and_descriptor_depth_share_parent_budget_and_peak ... ok
test structural_boundary_checks_field_count_kind_intrinsic_subset_and_negative_natural ... ok
test source_map_checks_composable_interval_cycles_not_snapshot_cycles ... ok
test rejected_deep_descriptor_is_safe_to_clone_compare_debug_and_drop ... ok
test deeply_nested_value_cleanup_uses_no_recursive_drop_chain ... ok

test result: ok. 20 passed; 0 failed; 0 ignored; 0 measured; 0 filtered out; finished in 0.05s

     Running tests\syntax.rs (target\debug\deps\syntax-016dc4d048e73305.exe)

running 9 tests
test foreign_ids_are_local_but_environment_and_root_must_match ... ok
test syntax_graph_checks_all_refs_and_cycles_while_allowing_shared_children ... ok
test token_internal_view_is_sidecar_and_trivia_retains_bom_bytes ... ok
test source_child_cover_must_follow_head_and_stay_in_parent ... ok
test foreign_nesting_adds_to_containing_node_path_depth ... ok
test token_owns_even_unreachable_view_elements ... ok
test view_child_edges_are_acyclic_but_semantic_relation_cycles_are_allowed ... ok
test deeply_nested_foreign_bundle_cleanup_is_iterative ... ok
test owned_syntax_copy_precharges_payloads_and_preserves_deep_foreign_ownership ... ok

test result: ok. 9 passed; 0 failed; 0 ignored; 0 measured; 0 filtered out; finished in 0.37s

     Running unittests src\lib.rs (target\debug\deps\nepl3_engine-785aef645786a71c.exe)

running 2 tests
test head::tests::window_preserves_exact_utf8_and_requires_admission_in_each_operation ... ok
test head::tests::completed_projection_preserves_compound_values_without_unread_siblings_or_tables ... ok

test result: ok. 2 passed; 0 failed; 0 ignored; 0 measured; 0 filtered out; finished in 0.00s

     Running tests\head.rs (target\debug\deps\head-f156e5803eaffac2.exe)

running 13 tests
test shape_provider_failure_keeps_unknown_arity_unparsed_and_primary_once ... ok
test long_failed_reply_is_charged_before_primary_equality_and_keeps_prior_report ... ok
test head_resume_uses_saved_auxiliary_context_and_rejects_caller_conflicts_before_consumption ... ok
test head_resume_source_uri_conflict_and_missing_primary_preserve_the_original_slot ... ok
test failed_child_context_preserves_known_parent_arity_and_formal_primary_once ... ok
test foreign_completed_selector_uses_local_projection_ids_and_returns_to_host_body ... ok
test dynamic_head_uses_compound_completed_child_and_restores_normal_child_context ... ok
test head_cancel_keeps_accepted_diagnostic_event_and_fixed_parent_progress ... ok
test deep_failed_payload_respects_saved_call_depth_and_keeps_prior_report ... ok
test head_trace_overflow_requires_stopped_and_invalid_success_keeps_pending ... ok
test synchronous_head_reader_head_dispatch_matches_owned_interleaving ... ok
test portable::portable_callback_and_dynamic_tree_match_owned_native_execution ... ok
test synchronous_head_host_and_owned_fallback_keep_the_same_tree_and_positions ... ok

test result: ok. 13 passed; 0 failed; 0 ignored; 0 measured; 0 filtered out; finished in 0.08s

     Running tests\package.rs (target\debug\deps\package-a0e3b7d500c61ddb.exe)

running 21 tests
test package_checks_real_surface_shapes_modes_selectors_and_binding_coverage ... ok
test listof_foreign_has_foreign_head_and_local_tail_without_losing_its_selector ... ok
test head::portable::projected_shared_payload_depth_includes_the_deeper_graph_path ... ok
test persistent_tree_checks_parent_reads_spelling_payload_and_concrete_owner ... ok
test portable::typed_tree_recovery_uses_the_guest_source_table_and_canonical_node_reference ... ok
test head::portable::delegated_grant_and_real_framing_share_the_original_work_cap ... ok
test head::portable::head_delegation_accounts_window_reception_once_and_merges_relative_costs_with_absolute_depth ... ok
test package_rejects_direct_reader_cycles_and_counts_binding_entry_depth ... ok
test head::portable::stopped_transport_records_child_cost_and_unsettled_drop_blocks_parent_reuse ... ok
test head::portable::head_all_reply_branches_preserve_projected_report_and_reject_invalid_fixes_and_graphs ... ok
test head::portable::head_first_receiver_preserves_compound_projection_and_rejects_schema_valid_corruption ... ok
test portable::facts::facts_first_receiver_decodes_without_the_senders_request_or_source_store ... ok
test package_boundary_checks_extension_provenance_and_resource_limits ... ok
test portable::facts::facts_all_reply_branches_keep_report_only_sources_and_request_relative_grants ... ok
test head::head_registrations_bind_alias_signature_host_identity_and_profile_digest ... ok
test recovery_strategy_and_sync_order_are_part_of_package_behavior ... ok
test semantic_identity_preserves_ordered_behavior_and_presentation_fallback ... ok
test portable::typed_tree_roundtrip_remaps_every_local_owner_and_rejects_stale_wrapper_indices ... ok
test portable::facts::facts_request_binds_complete_host_authority_and_canonical_target ... ok
test semantic_identity_removes_arena_layout_sharing_and_provenance ... ok
test resolved_profile_pins_real_package_host_providers_resources_and_foreign_modes ... ok

test result: ok. 21 passed; 0 failed; 0 ignored; 0 measured; 0 filtered out; finished in 0.07s

     Running tests\parse.rs (target\debug\deps\parse-ea3b7a8ff9358216.exe)

running 18 tests
test foreign::foreign_root_mode_is_guest_owned_and_normal_child_and_host_restore_defaults ... ok
test explicit_list_spine_preserves_declared_head_and_tail_children ... ok
test static_form_keeps_builtin_children_and_token_payloads ... ok
test missing_final_child_and_nonfinal_input_are_distinct ... ok
test native_host_failure_keeps_generated_diagnostic_and_event_closure ... ok
test append_retry_retains_original_caller_depth_when_host_resumes_at_zero ... ok
test missing_children_share_one_bundle_recovery_table ... ok
test text_reservation_preserves_prefix_identity_and_composed_caller_depth ... ok
test provider_resume_keeps_prefix_frames_report_and_caller_depth ... ok
test accepted_trivia_without_a_token_survives_eof_and_need_more ... ok
test prefix_depth_composes_with_nested_reader_frames ... ok
test unknown_heads_preserve_remainder_without_inventing_a_leaf_arity ... ok
test native_host_mixed_text_provider_fallback_preserves_decoded_sources ... ok
test native_host_preserves_tree_reports_maps_and_owned_fallback ... ok
test native_host_prefix_growth_reduces_measured_copy_work ... ok
test append_retry_reparses_every_scalar_split_and_keeps_cumulative_usage ... ok
test native_host_cancel_and_invalid_reply_keep_boundary_semantics ... ok
test allocation_stop_preserves_actual_usage_and_never_invents_a_root ... ok

test result: ok. 18 passed; 0 failed; 0 ignored; 0 measured; 0 filtered out; finished in 2.81s

     Running unittests src\lib.rs (target\debug\deps\nepl3_grammar_core-55e138fd051a6df3.exe)

running 0 tests

test result: ok. 0 passed; 0 failed; 0 ignored; 0 measured; 0 filtered out; finished in 0.00s

     Running tests\reader.rs (target\debug\deps\reader-f5ea926d582cf52a.exe)

running 2 tests
test compiler_catalogs_reject_ambiguous_and_empty_names_and_ast_charges_nodes ... ok
test reader_compiler_lowers_real_plan_and_rejects_natural_range_repeat_and_reference_errors ... ok

test result: ok. 2 passed; 0 failed; 0 ignored; 0 measured; 0 filtered out; finished in 0.01s

     Running unittests src\lib.rs (target\debug\deps\nepl3_reader-a8b21cbd29a94272.exe)

running 0 tests

test result: ok. 0 passed; 0 failed; 0 ignored; 0 measured; 0 filtered out; finished in 0.00s

     Running tests\builtin.rs (target\debug\deps\builtin-1339681f61724624.exe)

running 17 tests
test reservation_locator_validation_obeys_work_limit_before_scanning ... ok
test tokenizer_configuration_identity_ignores_mode_declaration_order_but_retains_rule_order ... ok
test text_exact_runs_preserve_utf8_offsets_and_escape_boundaries ... ok
test empty_skip_and_take_readers_are_nonprogress_failures ... ok
test mode_text_reservation_is_lazy_and_echo_is_checked ... ok
test owned_tokenizer_resume_does_not_borrow_the_original_context_and_checks_all_echo_fields ... ok
test mode_take_is_ordered_choice_and_does_not_consume_trailing_trivia ... ok
test text_decoding_retains_each_exact_or_transformed_source_range ... ok
test selected_standard_provider_dispatch_uses_builtin_values_and_rejects_forgery ... ok
test generated_source_admission_is_once_and_unsuccessful_text_has_no_source_charge ... ok
test maximal_lexemes_wait_at_every_nonfinal_scalar_boundary ... ok
test builtin_budget_stops_are_typed_and_do_not_return_partial_tokens ... ok
test trivia_keeps_ascii_line_boundaries_and_bom_position ... ok
test committed_text_rejects_invalid_escapes_scalars_and_direct_lines ... ok
test names_preserve_unicode_spelling_and_read_maximal_identifier ... ok
test naturals_and_finite_decimals_are_exact_and_boundary_checked ... ok
test language_is_well_formed_abnf_not_registry_validity ... ok

test result: ok. 17 passed; 0 failed; 0 ignored; 0 measured; 0 filtered out; finished in 0.27s

     Running tests\context.rs (target\debug\deps\context-0d1df32d877a2217.exe)

running 1 test
test checked_context_uses_real_digest_and_exact_origin_source_closure ... ok

test result: ok. 1 passed; 0 failed; 0 ignored; 0 measured; 0 filtered out; finished in 0.01s

     Running tests\portable.rs (target\debug\deps\portable-b3491903dec25756.exe)

running 2 tests
test native_request_and_checked_ndf_loopback_execute_with_identical_meaning ... ok
test host_global_source_cannot_fill_a_missing_request_declaration ... ok

test result: ok. 2 passed; 0 failed; 0 ignored; 0 measured; 0 filtered out; finished in 0.04s

     Running tests\runtime.rs (target\debug\deps\runtime-f930795e0c41a671.exe)

running 32 tests
test checked_context_reuse_admits_exact_source_closure_in_each_operation ... ok
test bounded_repeat_zero_never_executes_nullable_body ... ok
test fresh_budget_and_forged_call_or_source_cannot_resume_a_saved_slot ... ok
test direct_repeat_failure_and_streaming_shortage_rollback_all_prior_iteration_reports ... ok
test choice_rewinds_captures_views_and_retains_work ... ok
test failed_choice_restores_programmed_state_before_next_provider_call ... ok
test long_source_identity_is_not_copied_after_allocation_budget_is_exhausted ... ok
test commit_does_not_hide_failure_or_need_more_in_choice ... ok
test accepted_diagnostic_owns_primary_related_and_fix_source_closure_before_publication ... ok
test cancellation_during_provider_wait_stops_and_consumes_the_pending_slot ... ok
test checked_context_reuse_rejects_same_id_revision_with_changed_content ... ok
test node_sidecar_and_look_not_optional_discard_have_independent_values ... ok
test programmed_repetition_requires_actual_consumption_and_accepts_consuming_calls ... ok
test provider_signature_checks_operation_envelope_and_pure_decoder ... ok
test session_binds_call_source_plan_usage_and_closes_after_consumed_resume ... ok
test accepted_collector_crosses_language_sessions_only_in_its_original_operation ... ok
test every_utf8_prefix_split_is_need_more_and_final_truncation_is_no_match ... ok
test unicode_classes_use_pinned_unicode16_and_ascii_numeric_rules ... ok
test map_decode_and_then_use_typed_provider_envelopes ... ok
test generated_sources_are_validated_transactionally_and_available_to_diagnostics ... ok
test until_leaves_delimiter_and_takecount_counts_scalars ... ok
test static_plan_rejects_unknown_references_types_and_unproductive_recursion ... ok
test tokenizer_outer_echo_validates_every_nested_reader_component_before_private_resume ... ok
test runtime_rejects_left_recursion_hidden_behind_empty_programmed_call ... ok
test provider_overflow_rejects_read_failed_map_decode_without_consuming_slot ... ok
test stopped_reader_retains_committed_provider_reports ... ok
test plan_identity_is_deterministic_but_distinguishes_arena_representation ... ok
test failed_stopped_and_rollback_results_have_their_exact_formal_source_closure ... ok
test tokenizer_await_allocation_stops_clear_both_private_pending_slots ... ok
test allocation_faults_across_later_resumes_preserve_already_accepted_reports ... ok
test stopped_tokenizer_retains_reader_report_and_generated_source_closure ... ok
test tokenizer_preserves_accepted_skip_reports_and_sources_across_candidate_rollback ... ok

test result: ok. 32 passed; 0 failed; 0 ignored; 0 measured; 0 filtered out; finished in 0.47s

     Running unittests src\lib.rs (target\debug\deps\nepl3_tools-831ff04cf836fa1d.exe)

running 65 tests
test bootstrap::tests::complete_grammar_bootstrap_host_comparison ... ignored, owned continuation performance baseline; run explicitly with --ignored --nocapture
test contract::tests::unknown_form_reference_is_rejected ... ok
test contract::tests::unordered_or_duplicate_schema_fields_are_rejected ... ok
test contract::foundation::tests::generated_foundation_is_registered_and_checks_ordinary_schema_ref_records ... ok
test contract::foundation::tests::constraint_declaration_order_is_canonical_but_duplicates_are_invalid ... ok
test contract::types::tests::parses_nested_types_and_rejects_unknown_or_malformed_generics ... ok
test contract::types::tests::rejects_missing_duplicate_or_local_external_imports_and_duplicate_owners ... ok
test contract::tests::real_contract_checker_uses_same_validation_for_model_fields ... ok
test contract::types::tests::missing_or_description_only_intrinsic_is_not_a_closed_type ... ok
test dependency::tests::development_edges_are_reported_separately ... ok
test contract::types::tests::intrinsic_tags_payload_order_and_subset_membership_are_fixed_by_ndf1 ... ok
test dependency::tests::production_host_boundary_does_not_depend_on_no_std_flag ... ok
test dependency::tests::indirect_domain_dependency_is_rejected ... ok
test dependency::tests::renamed_build_dependency_is_checked_by_package_name ... ok
test documentation::markdown::tests::corrected_foundation_and_math_documents_have_no_accidental_html_tags ... ok
test contract::types::tests::rejects_unresolved_nested_fields_union_targets_and_undeclared_parameters ... ok
test documentation::markdown::tests::generic_notation_is_literal_code_and_generated_comments_are_metadata ... ok
test documentation::markdown::tests::footnote_markers_are_preserved_without_inventing_rendered_numbers ... ok
test documentation::markdown::tests::heading_and_link_projection_keep_both_math_event_kinds ... ok
test documentation::markdown::tests::link_projection_preserves_soft_and_hard_word_boundaries ... ok
test documentation::markdown::tests::hard_break_is_the_same_typed_newline_in_setext_heading_and_link ... ok
test contract::types::tests::repository_descriptors_resolve_including_recursive_intrinsics_and_models ... ok
test documentation::markdown::tests::real_markdown_parser_keeps_badges_nested_links_and_literal_code_separate ... ok
test documentation::markdown::tests::inline_html_is_retained_separately_and_not_interpreted_by_summary_projection ... ok
test documentation::markdown::tests::nested_image_code_and_math_share_heading_and_link_projection ... ok
test documentation::markdown::tests::unicode_crlf_breaks_and_math_keep_original_byte_ranges ... ok
test contract::foundation::tests::checker_rejects_changed_foundation_descriptor_before_registry_use ... ok
test contract::reader::tests::reader_envelope_reference_closure_rejects_nested_missing_type ... ok
test evidence::identity::tests::length_prefixed_profile_matches_independent_hashlib_vector ... ok
test contract::tests::real_contract_entry_rejects_unresolved_fields_intrinsics_and_imports ... ok
test bootstrap::tests::seed_rejects_forged_source_constructor_literal_and_list_boundaries ... ok
test bootstrap::tests::compiled_angle_reader_keeps_quoted_delimiters_and_streaming_commit ... ok
test contract::tests::real_contract_checker_rejects_malformed_contract_fields_and_variant_payloads ... ok
test documentation::tests::commit_reference_and_missing_history_are_not_silently_accepted ... ok
test bootstrap::tests::lower_rechecks_execution_owner_even_when_semantic_profile_is_equal ... ok
test bootstrap::tests::production_static_parse_lowers_actual_token_and_list_positions ... ok
test evidence::tests::actual_task_loader_accepts_only_matching_complete_attempt ... ok
test bootstrap::tests::file_driver_distinguishes_trailing_trivia_stop_from_extra_input ... ok
test repository::json::tests::duplicate_keys_cannot_hide_contract_fields ... ok
test repository::tests::escaping_reference_is_rejected_before_reading ... ok
test repository::tests::nul_paths_keep_spaces_and_non_ascii ... ok
test repository::tests::secret_and_artifact_names_are_rejected ... ok
test task::tests::acceptance_ids_are_spec_definitions_only ... ok
test task::tests::dependency_graph_rejects_cycle_missing_and_duplicate_edges ... ok
test task::tests::executed_status_requires_evidence ... ok
test task::tests::final_completion_requires_all_global_acceptance_passed ... ok
test task::tests::scoped_evidence_rejects_empty_checks_or_wrong_task ... ok
test task::tests::scoped_task_completion_does_not_pretend_global_editor_acceptance_passed ... ok
test task::tests::status_cannot_omit_an_acceptance_group ... ok
test task::tests::terminal_task_uses_new_required_groups_and_not_optional_groups ... ok
test bootstrap::tests::original_grammar_parser_compiles_independent_reader_binding_style_mutations ... ok
test evidence::tests::failed_attempt_can_record_early_failure_without_claiming_full_coverage ... ok
test evidence::tests::actual_task_loader_rejects_missing_malformed_and_duplicate_key_reports ... ok
test evidence::tests::evidence_status_and_generated_tasks_do_not_create_hash_self_reference ... ok
test evidence::tests::partial_success_reports_cannot_be_combined_into_a_full_attempt ... ok
test evidence::tests::modifying_excluded_log_still_invalidates_its_bound_report ... ok
test bootstrap::tests::supplied_grammar_sources_load_complete_typed_constructor_arenas ... ok
test evidence::tests::independent_review_is_typed_and_cannot_be_faked_as_a_process_run ... ok
test evidence::tests::actual_task_loader_rejects_wrong_group_result_identity_and_target_coverage ... ok
test documentation::tests::git_symlink_mode_is_rejected_without_creating_an_os_symlink ... ok
test evidence::tests::inventory_addition_source_change_spec_change_and_deleted_input_invalidate ... ok
test documentation::tests::real_checker_reports_added_changed_removed_and_rejects_current_claim ... ok
test documentation::tests::nonregular_output_and_oversized_current_input_are_rejected ... ok
test documentation::tests::real_checker_rejects_omitted_page_digest_and_structure_tampering ... ok
test bootstrap::tests::complete_grammar_bootstrap_uses_production_parser_lower_and_semantic_identity ... ok

test result: ok. 64 passed; 0 failed; 1 ignored; 0 measured; 0 filtered out; finished in 17.75s

     Running unittests src\main.rs (target\debug\deps\nepl3_tools-d15b77ab79af5b67.exe)

running 0 tests

test result: ok. 0 passed; 0 failed; 0 ignored; 0 measured; 0 filtered out; finished in 0.00s

     Running tests\bootstrap.rs (target\debug\deps\bootstrap-42666d0992e7d2c2.exe)

running 1 test
test seed_import_runs_on_main_thread_for_complete_sources_and_rejects_bad_input ... ok

test result: ok. 1 passed; 0 failed; 0 ignored; 0 measured; 0 filtered out; finished in 0.67s

     Running tests\grammar.rs (target\debug\deps\grammar-b67a284cb1ec7a73.exe)

running 4 tests
test binding_example_uses_text_name_payload_and_actual_schema_dependencies ... ok
test complete_grammar_source_compiles_with_real_reader_and_facts_descriptors ... ok
test full_example_assembly_reaches_actual_plan_and_binding_validation ... ok
test shared_kind_is_category_local_with_one_shape_and_distinct_provenance ... ok

test result: ok. 4 passed; 0 failed; 0 ignored; 0 measured; 0 filtered out; finished in 0.40s

     Running unittests src\lib.rs (target\debug\deps\nepl3_wire-93cdf93175bcaa7f.exe)

running 0 tests

test result: ok. 0 passed; 0 failed; 0 ignored; 0 measured; 0 filtered out; finished in 0.00s

     Running tests\codec.rs (target\debug\deps\codec-da0d7f6d4c07e1fc.exe)

running 7 tests
test limits_stop_with_typed_reasons_without_a_successful_partial_value ... ok
test checked_boundary_uses_real_registry_and_rejects_wrong_field_type ... ok
test integer_width_boundaries_use_shortest_unsigned_encoding ... ok
test every_truncated_prefix_fails_and_complete_input_preserves_bytes ... ok
test all_twelve_tags_match_specified_cbor_bytes ... ok
test malformed_noncanonical_and_forbidden_cbor_values_are_rejected ... ok
test deeply_nested_values_do_not_use_the_native_call_stack ... ok

test result: ok. 7 passed; 0 failed; 0 ignored; 0 measured; 0 filtered out; finished in 0.04s

     Running tests\facts.rs (target\debug\deps\facts-97ee2fef51f6cedb.exe)

running 1 test
test typed_facts_and_delta_roundtrip_preserve_ids_and_reject_semantic_forgery ... ok

test result: ok. 1 passed; 0 failed; 0 ignored; 0 measured; 0 filtered out; finished in 0.00s

     Running tests\origin.rs (target\debug\deps\origin-1df7236521565949.exe)

running 1 test
test origin_variants_roundtrip_and_wire_cycles_are_rejected ... ok

test result: ok. 1 passed; 0 failed; 0 ignored; 0 measured; 0 filtered out; finished in 0.00s

     Running tests\report.rs (target\debug\deps\report-a76c0d000f25fa6d.exe)

running 4 tests
test report_boundary_rejects_payload_count_and_source_forgery_and_preserves_stops ... ok
test one_fix_uses_one_snapshot_per_source_but_allows_multiple_sources_and_historical_related ... ok
test fix_preconditions_reject_digest_and_overlap_in_native_and_structural_wire_values ... ok
test report_roundtrip_preserves_diagnostics_events_fixes_and_declared_sources ... ok

test result: ok. 4 passed; 0 failed; 0 ignored; 0 measured; 0 filtered out; finished in 0.01s

     Running tests\source.rs (target\debug\deps\source-cd5bda0d1fc38352.exe)

running 3 tests
test native_and_wire_admission_reject_zero_source_limit_and_span_scalar_interior ... ok
test source_and_span_roundtrip_preserve_identity_bytes_and_shared_admission ... ok
test malformed_source_declarations_reject_without_committing_and_retry_does_not_refund ... ok

test result: ok. 3 passed; 0 failed; 0 ignored; 0 measured; 0 filtered out; finished in 0.00s

     Running tests\syntax.rs (target\debug\deps\syntax-0da0e1c1e3f0d10a.exe)

running 6 tests
test foreign_bundle_roundtrip_keeps_local_token_view_origin_ids_and_payloads ... ok
test native_arena_order_is_canonicalized_and_unreachable_nodes_are_rejected ... ok
test foreign_bundle_rejects_forged_environment_digest_token_and_origin_references ... ok
test guest_arena_reordering_updates_foreign_root_and_guest_local_children ... ok
test mapped_views_and_maps_survive_host_and_guest_wire_boundaries ... ok
test nested_generated_bundles_use_iterative_conversion_and_shared_depth_budget ... ok

test result: ok. 6 passed; 0 failed; 0 ignored; 0 measured; 0 filtered out; finished in 0.06s

     Running tests\view.rs (target\debug\deps\view-5ce83ae77105f29b.exe)

running 2 tests
test structured_payload_views_roles_relations_and_trivia_roundtrip_without_reparse ... ok
test token_wire_rejects_invalid_local_view_and_trivia_references_and_source_limit ... ok

test result: ok. 2 passed; 0 failed; 0 ignored; 0 measured; 0 filtered out; finished in 0.00s

   Doc-tests nepl3_core

running 0 tests

test result: ok. 0 passed; 0 failed; 0 ignored; 0 measured; 0 filtered out; finished in 0.00s

   Doc-tests nepl3_engine

running 0 tests

test result: ok. 0 passed; 0 failed; 0 ignored; 0 measured; 0 filtered out; finished in 0.00s

   Doc-tests nepl3_grammar_core

running 0 tests

test result: ok. 0 passed; 0 failed; 0 ignored; 0 measured; 0 filtered out; finished in 0.00s

   Doc-tests nepl3_reader

running 0 tests

test result: ok. 0 passed; 0 failed; 0 ignored; 0 measured; 0 filtered out; finished in 0.00s

   Doc-tests nepl3_tools

running 0 tests

test result: ok. 0 passed; 0 failed; 0 ignored; 0 measured; 0 filtered out; finished in 0.00s

   Doc-tests nepl3_wire

running 0 tests

test result: ok. 0 passed; 0 failed; 0 ignored; 0 measured; 0 filtered out; finished in 0.00s
