   Compiling unicode-ident v1.0.18
    Checking memchr v2.8.3
    Checking bitflags v2.13.1
    Checking itoa v1.0.18
    Checking unicase v2.9.0
    Checking serde_core v1.0.229
    Checking zmij v1.0.23
    Checking nepl3-core v0.1.0 (C:\projects\NEPL3-session-source-index\crates\foundation\core)
    Checking nepl3-doc-core v0.1.0 (C:\projects\NEPL3-session-source-index\crates\languages\doc\core)
    Checking nepl3-markup v0.1.0 (C:\projects\NEPL3-session-source-index\crates\output\markup)
    Checking nepl3-math-core v0.1.0 (C:\projects\NEPL3-session-source-index\crates\languages\math\core)
    Checking nepl3-wire v0.1.0 (C:\projects\NEPL3-session-source-index\crates\foundation\wire)
    Checking nepl3-grammar-core v0.1.0 (C:\projects\NEPL3-session-source-index\crates\languages\grammar\core)
   Compiling proc-macro2 v1.0.107
    Checking nepl3-reader v0.1.0 (C:\projects\NEPL3-session-source-index\crates\foundation\reader)
    Checking pulldown-cmark v0.13.4
   Compiling quote v1.0.47
   Compiling syn v3.0.5
    Checking serde_json v1.0.151
    Checking nepl3-doc-html v0.1.0 (C:\projects\NEPL3-session-source-index\crates\languages\doc\html)
   Compiling serde_derive v1.0.229
    Checking serde v1.0.229
    Checking nepl3-tools v0.1.0 (C:\projects\NEPL3-session-source-index\tools)
    Finished `dev` profile [unoptimized + debuginfo] target(s) in 15.45s
