   Compiling autocfg v1.5.1
   Compiling typenum v1.20.1
   Compiling cpufeatures v0.3.1
   Compiling cfg-if v1.0.4
   Compiling unicode-ident v1.0.18
   Compiling num-traits v0.2.19
   Compiling hybrid-array v0.4.14
   Compiling num-integer v0.1.47
   Compiling block-buffer v0.12.1
   Compiling crypto-common v0.2.2
   Compiling num-bigint v0.5.1
   Compiling digest v0.11.3
   Compiling sha2 v0.11.0
   Compiling nepl3-core v0.1.0 (C:\projects\NEPL3-runtime\.tmp\review-source-map-locality\before\workspace\crates\foundation\core)
    Finished `test` profile [unoptimized + debuginfo] target(s) in 6.41s
     Running tests\review_adjacency.rs (target\debug\deps\review_adjacency-765cf299c7a71e97.exe)

running 3 tests
test dag_longest_depth_atomic_insert_and_stop_caps ... stop_caps=48 orders=3 caller_depth=5 longest_relative=5
ok
test observe_star_work_and_additional_storage ... star width=1024 usage=Usage { source_bytes: 0, work: 808432, depth: 2, nodes: 1025, allocation_units: 81976, output_bytes: 0, diagnostics: 0, events: 0 } head_size=16 edge_delta=8
star width=2048 usage=Usage { source_bytes: 0, work: 1803898, depth: 2, nodes: 2049, allocation_units: 163896, output_bytes: 0, diagnostics: 0, events: 0 } head_size=16 edge_delta=8
ok
test pointwise_oracle_duplicates_anchors_and_orders ... pointwise_oracle valid=504 cycles=264 permutations=3 masks=256
ok

test result: ok. 3 passed; 0 failed; 0 ignored; 0 measured; 0 filtered out; finished in 0.09s

     Running tests\review_locality.rs (target\debug\deps\review_locality-0b4d3286296f5d81.exe)

running 3 tests
test full_identity_endpoint_roles_and_fresh_graphs ... identity orders=24 successful_work_sum=297906 altered_digest=2 fresh_graphs=3
ok
test repeated_endpoints_stop_before_comparison_and_preserve_usage ... repeat n=1 usage=Usage { source_bytes: 0, work: 50, depth: 2, nodes: 2, allocation_units: 136, output_bytes: 0, diagnostics: 0, events: 0 }
repeat n=2 usage=Usage { source_bytes: 0, work: 181, depth: 2, nodes: 2, allocation_units: 160, output_bytes: 0, diagnostics: 0, events: 0 }
repeat n=3 usage=Usage { source_bytes: 0, work: 312, depth: 2, nodes: 2, allocation_units: 184, output_bytes: 0, diagnostics: 0, events: 0 }
repeat n=8 usage=Usage { source_bytes: 0, work: 967, depth: 2, nodes: 2, allocation_units: 304, output_bytes: 0, diagnostics: 0, events: 0 }
exhaustive_work_stops=967 endpoint_comparison_utf8_bytes=1 fixed_identity_bytes=41
ok
test star_same_budget_before_after_and_disjoint_misses ... star width=1024 usage=Usage { source_bytes: 0, work: 808432, depth: 2, nodes: 1025, allocation_units: 81976, output_bytes: 0, diagnostics: 0, events: 0 } cap1500000=Ok(())
star width=2048 usage=Usage { source_bytes: 0, work: 1803898, depth: 2, nodes: 2049, allocation_units: 163896, output_bytes: 0, diagnostics: 0, events: 0 } cap1500000=Err(Stopped(WorkLimit))
disjoint reverse=false usage=Usage { source_bytes: 0, work: 4645, depth: 2, nodes: 32, allocation_units: 2176, output_bytes: 0, diagnostics: 0, events: 0 }
disjoint reverse=true usage=Usage { source_bytes: 0, work: 6269, depth: 2, nodes: 32, allocation_units: 2176, output_bytes: 0, diagnostics: 0, events: 0 }
ok

test result: ok. 3 passed; 0 failed; 0 ignored; 0 measured; 0 filtered out; finished in 0.10s

