{
  "draft_sha256": "d4d987c22c0549495f1646d83e7bf13e636b9cd89c646fff7b689324585e177d",
  "paragraph_counts": [
    227,
    227
  ],
  "titles_equal": true,
  "table_rows_equal": true,
  "table_rows": 44,
  "table_columns": [
    3,
    2,
    3,
    3
  ],
  "inline_code_equal": true,
  "inline_codes": 349,
  "links_equal": true,
  "raw_code_equal": true,
  "raw_codes": 0,
  "ruby_count": 8477,
  "ruby_unique": 2045,
  "ruby_invalid": [],
  "uncovered_kanji": [],
  "sentence_count": 1239,
  "sections_unique": true,
  "kinds": {
    "Article": 1,
    "Sentence": 1239,
    "Ruby": 8477,
    "Text": 17854,
    "Body": 18,
    "Paragraph": 227,
    "InlineCode": 349,
    "Link": 32,
    "Section": 12,
    "Table": 4,
    "AlignmentDefault": 11,
    "SomeRow": 4,
    "Row": 44,
    "List": 1,
    "Ordered": 1,
    "ListItem": 5,
    "CheckNone": 5
  },
  "anno_count": 0,
  "utf8_lf": true
}
mismatch indexes [173] multiple sentence candidates 38
Traceback (most recent call last):
  File "C:\projects\NEPL3-runtime\.tmp\review-guide-review\check.py", line 68, in <module>
    assert not mismatches, 'Exact narrative mismatch; inspect checks.json (do not normalize whitespace)'
           ^^^^^^^^^^^^^^
AssertionError: Exact narrative mismatch; inspect checks.json (do not normalize whitespace)
