   Compiling unicode-ident v1.0.18
   Compiling typenum v1.20.1
   Compiling autocfg v1.5.1
   Compiling cfg-if v1.0.4
   Compiling cpufeatures v0.3.1
   Compiling proc-macro2 v1.0.107
   Compiling quote v1.0.47
   Compiling serde_core v1.0.229
   Compiling zmij v1.0.23
   Compiling memchr v2.8.3
   Compiling serde_json v1.0.151
   Compiling serde v1.0.229
   Compiling pulldown-cmark v0.13.4
   Compiling unicase v2.9.0
   Compiling itoa v1.0.18
   Compiling bitflags v2.13.1
   Compiling num-traits v0.2.19
   Compiling hybrid-array v0.4.14
   Compiling syn v3.0.5
   Compiling num-integer v0.1.47
   Compiling block-buffer v0.12.1
   Compiling crypto-common v0.2.2
   Compiling num-bigint v0.5.1
   Compiling digest v0.11.3
   Compiling sha2 v0.11.0
   Compiling nepl3-core v0.1.0 (C:\projects\NEPL3-runtime\.tmp\review-sentence-payload\workspace\crates\foundation\core)
   Compiling serde_derive v1.0.229
   Compiling nepl3-reader v0.1.0 (C:\projects\NEPL3-runtime\.tmp\review-sentence-payload\workspace\crates\foundation\reader)
   Compiling nepl3-doc-core v0.1.0 (C:\projects\NEPL3-runtime\.tmp\review-sentence-payload\workspace\crates\languages\doc\core)
   Compiling nepl3-markup v0.1.0 (C:\projects\NEPL3-runtime\.tmp\review-sentence-payload\workspace\crates\output\markup)
   Compiling nepl3-wire v0.1.0 (C:\projects\NEPL3-runtime\.tmp\review-sentence-payload\workspace\crates\foundation\wire)
   Compiling nepl3-math-core v0.1.0 (C:\projects\NEPL3-runtime\.tmp\review-sentence-payload\workspace\crates\languages\math\core)
   Compiling nepl3-engine v0.1.0 (C:\projects\NEPL3-runtime\.tmp\review-sentence-payload\workspace\crates\foundation\engine)
   Compiling nepl3-doc-html v0.1.0 (C:\projects\NEPL3-runtime\.tmp\review-sentence-payload\workspace\crates\languages\doc\html)
   Compiling nepl3-grammar-core v0.1.0 (C:\projects\NEPL3-runtime\.tmp\review-sentence-payload\workspace\crates\languages\grammar\core)
   Compiling nepl3-tools v0.1.0 (C:\projects\NEPL3-runtime\.tmp\review-sentence-payload\workspace\tools)
    Finished `test` profile [unoptimized + debuginfo] target(s) in 21.83s
     Running tests\doc.rs (../target\debug\deps\doc-5b761072f11c8a56.exe)

running 5 tests
test mixed::mixed_lower_rejects_other_token_view_and_semantic_positions_without_mutation ... ok
test mixed::mixed_lower_keeps_doc_guest_syntax_without_meaning_check ... ok
test mixed::mixed_lower_stops_keep_original_tree_and_caller_depth ... ok
test mixed::literal_and_prefix_share_one_lower_with_source_and_local_view_retention ... ok
test mixed::referenced_sentence_payloads_cross_the_owned_syntax_boundary_without_source_copies ... ok

test result: ok. 5 passed; 0 failed; 0 ignored; 0 measured; 53 filtered out; finished in 1.01s

