   Compiling nepl3-tools v0.1.0 (C:\projects\NEPL3-runtime\.tmp\review-sentence-payload\workspace\tools)
    Finished `test` profile [unoptimized + debuginfo] target(s) in 1.97s
     Running tests\review_sentence_payload.rs (../target\debug\deps\review_sentence_payload-556b94f9e9deda21.exe)

running 2 tests
explicit owner: same payload bytes 16216 for owner lengths 2078 / 8222; 3 identity negatives; 12 stops
test explicit_owner_fresh_receiver_identity_and_stop_matrix ... ok
full syntax first CBOR missing owner rejected with correct ambient
case 0 native=false
case 1 native=false
case 2 native=false
case 3 native=false
case 4 native=false
case 5 native=false
case 6 native=false
case 7 native=false
case 8 native=false
actual native=false: full CBOR lower Eq; 9 malformed branches; fresh lower Source0
full syntax first CBOR missing owner rejected with correct ambient
case 0 native=true
case 1 native=true
case 2 native=true
case 3 native=true
case 4 native=true
case 5 native=true
case 6 native=true
case 7 native=true
case 8 native=true
actual native=true: full CBOR lower Eq; 9 malformed branches; fresh lower Source0
test actual_parse_outer_cbor_lower_and_token_spoofs ... ok

test result: ok. 2 passed; 0 failed; 0 ignored; 0 measured; 0 filtered out; finished in 0.38s

