   Compiling autocfg v1.5.1
   Compiling typenum v1.20.1
   Compiling cfg-if v1.0.4
   Compiling unicode-ident v1.0.18
   Compiling proc-macro2 v1.0.107
   Compiling quote v1.0.47
   Compiling serde_core v1.0.229
   Compiling zmij v1.0.23
   Compiling serde v1.0.229
   Compiling memchr v2.8.3
   Compiling pulldown-cmark v0.13.4
   Compiling serde_json v1.0.151
   Compiling itoa v1.0.18
   Compiling bitflags v2.13.1
   Compiling unicase v2.9.0
   Compiling num-traits v0.2.19
   Compiling hybrid-array v0.4.14
   Compiling syn v3.0.5
   Compiling crypto-common v0.2.2
   Compiling block-buffer v0.12.1
   Compiling num-integer v0.1.47
   Compiling num-bigint v0.5.1
   Compiling digest v0.11.3
   Compiling sha2 v0.11.0
   Compiling nepl3-core v0.1.0 (C:\projects\NEPL3-runtime\.tmp\review-sentence-payload\workspace\crates\foundation\core)
   Compiling serde_derive v1.0.229
   Compiling nepl3-reader v0.1.0 (C:\projects\NEPL3-runtime\.tmp\review-sentence-payload\workspace\crates\foundation\reader)
   Compiling nepl3-markup v0.1.0 (C:\projects\NEPL3-runtime\.tmp\review-sentence-payload\workspace\crates\output\markup)
   Compiling nepl3-doc-core v0.1.0 (C:\projects\NEPL3-runtime\.tmp\review-sentence-payload\workspace\crates\languages\doc\core)
   Compiling nepl3-wire v0.1.0 (C:\projects\NEPL3-runtime\.tmp\review-sentence-payload\workspace\crates\foundation\wire)
   Compiling nepl3-math-core v0.1.0 (C:\projects\NEPL3-runtime\.tmp\review-sentence-payload\workspace\crates\languages\math\core)
   Compiling nepl3-engine v0.1.0 (C:\projects\NEPL3-runtime\.tmp\review-sentence-payload\workspace\crates\foundation\engine)
   Compiling nepl3-doc-html v0.1.0 (C:\projects\NEPL3-runtime\.tmp\review-sentence-payload\workspace\crates\languages\doc\html)
   Compiling nepl3-grammar-core v0.1.0 (C:\projects\NEPL3-runtime\.tmp\review-sentence-payload\workspace\crates\languages\grammar\core)
   Compiling nepl3-tools v0.1.0 (C:\projects\NEPL3-runtime\.tmp\review-sentence-payload\workspace\tools)
    Finished `test` profile [unoptimized + debuginfo] target(s) in 2m 41s
     Running tests\review_sentence_payload.rs (../target\wasm32-wasip2\debug\deps\review_sentence_payload-e863495e4d81964a.wasm)

running 2 tests
test actual_parse_outer_cbor_lower_and_token_spoofs ... case 0 native=false
case 1 native=false
case 2 native=false
case 3 native=false
case 4 native=false
case 5 native=false
case 6 native=false
case 7 native=false
case 8 native=false
actual native=false: full CBOR lower Eq; 9 malformed branches; fresh lower Source0
case 0 native=true
case 1 native=true
case 2 native=true
case 3 native=true
case 4 native=true
case 5 native=true
case 6 native=true
case 7 native=true
case 8 native=true
actual native=true: full CBOR lower Eq; 9 malformed branches; fresh lower Source0
ok
test explicit_owner_fresh_receiver_identity_and_stop_matrix ... explicit owner: same payload bytes 16216 for owner lengths 2078 / 8222; 3 identity negatives; 12 stops
ok

test result: ok. 2 passed; 0 failed; 0 ignored; 0 measured; 0 filtered out; finished in 0.52s

