   Compiling autocfg v1.5.1
   Compiling typenum v1.20.1
   Compiling cfg-if v1.0.4
   Compiling unicode-ident v1.0.18
   Compiling num-traits v0.2.19
   Compiling hybrid-array v0.4.14
   Compiling crypto-common v0.2.2
   Compiling block-buffer v0.12.1
   Compiling num-integer v0.1.47
   Compiling num-bigint v0.4.8
   Compiling digest v0.11.3
   Compiling sha2 v0.11.0
   Compiling nepl3-core v0.1.0 (C:\projects\NEPL3-source-lookup-indexes\.tmp\review-lookup-indexes\workspace\crates\foundation\core)
   Compiling review-lookup v0.0.0 (C:\projects\NEPL3-source-lookup-indexes\.tmp\review-lookup-indexes\workspace\probe)
    Finished `test` profile [unoptimized + debuginfo] target(s) in 31.73s
     Running unittests src\lib.rs (.tmp\review-lookup-indexes\wasi-target\wasm32-wasip2\debug\deps\nepl3_core-95fbf39db7713522.wasm)

running 0 tests

test result: ok. 0 passed; 0 failed; 0 ignored; 0 measured; 0 filtered out; finished in 0.01s

     Running tests\budget.rs (.tmp\review-lookup-indexes\wasi-target\wasm32-wasip2\debug\deps\budget-dbf9745bc562c800.wasm)

running 2 tests
test observed_delegated_cost_is_atomic_across_all_resources_and_preserves_stops ... ok
test temporary_ceilings_restore_on_result_paths_and_cannot_regrant_reserved_capacity ... ok

test result: ok. 2 passed; 0 failed; 0 ignored; 0 measured; 0 filtered out; finished in 0.00s

     Running tests\contracts.rs (.tmp\review-lookup-indexes\wasi-target\wasm32-wasip2\debug\deps\contracts-e95ee7809a15de4c.wasm)

running 22 tests
test admission_accounts_for_copied_locator_payload ... ok
test budget_exact_limits_overflow_zero_and_cancel_are_distinct ... ok
test canonical_integers_reject_negative_zero_and_leading_zero ... ok
test edit_size_limit_checked_before_replacement_is_built ... ok
test edits_are_atomic_across_sources_and_reject_stale_or_conflicting_input ... ok
test first_budget_stop_is_sticky_across_smaller_charges_and_cancellation ... ok
test generated_source_locator_scan_is_charged_before_validation ... ok
test indexed_admission_keeps_unique_bytes_and_checks_empty_cancel ... Error: failed to run main module `C:\projects\NEPL3-source-lookup-indexes\.tmp\review-lookup-indexes\wasi-target\wasm32-wasip2\debug\deps\contracts-e95ee7809a15de4c.wasm`

Caused by:
    0: failed to invoke `run` function
    1: error while executing at wasm backtrace:
    0:  0xa28dd - contracts-e95ee7809a15de4c.wasm!abort
    1:  0x9dbe5 - contracts-e95ee7809a15de4c.wasm!std[85c6cda83d22a5b5]::sys::pal::wasi::abort_internal
    2:  0x99eaa - contracts-e95ee7809a15de4c.wasm!std[85c6cda83d22a5b5]::process::abort
    3:  0x9a485 - contracts-e95ee7809a15de4c.wasm!__rustc[6c289b9f9c454d21]::__rust_abort
    4:  0x97db1 - contracts-e95ee7809a15de4c.wasm!__rustc[6c289b9f9c454d21]::__rust_start_panic
    5:  0x9a2b0 - contracts-e95ee7809a15de4c.wasm!__rustc[6c289b9f9c454d21]::rust_panic
    6:  0x99431 - contracts-e95ee7809a15de4c.wasm!std[85c6cda83d22a5b5]::panicking::panic_with_hook
    7:  0x98ec0 - contracts-e95ee7809a15de4c.wasm!std[85c6cda83d22a5b5]::panicking::panic_handler::{closure#0}
    8:  0x98e53 - contracts-e95ee7809a15de4c.wasm!std[85c6cda83d22a5b5]::sys::backtrace::__rust_end_short_backtrace::<std[85c6cda83d22a5b5]::panicking::panic_handler::{closure#0}, !>
    9:  0x9a568 - contracts-e95ee7809a15de4c.wasm!__rustc[6c289b9f9c454d21]::rust_begin_unwind
   10:  0xae915 - contracts-e95ee7809a15de4c.wasm!core[67bf7d663f0003c5]::panicking::panic_fmt
   11:  0xaa33e - contracts-e95ee7809a15de4c.wasm!core[67bf7d663f0003c5]::panicking::panic
   12:  0x128e0 - contracts-e95ee7809a15de4c.wasm!contracts[890f6239ef196c8a]::indexed_admission_keeps_unique_bytes_and_checks_empty_cancel
   13:   0x5611 - contracts-e95ee7809a15de4c.wasm!contracts[890f6239ef196c8a]::indexed_admission_keeps_unique_bytes_and_checks_empty_cancel::{closure#0}
   14:   0xb4b9 - contracts-e95ee7809a15de4c.wasm!<contracts[890f6239ef196c8a]::indexed_admission_keeps_unique_bytes_and_checks_empty_cancel::{closure#0} as core[67bf7d663f0003c5]::ops::function::FnOnce<()>>::call_once
   15:  0x1ab76 - contracts-e95ee7809a15de4c.wasm!test[76e3ad3c2726af43]::__rust_begin_short_backtrace::<core[67bf7d663f0003c5]::result::Result<(), alloc[9d21b2f1782ef760]::string::String>, fn() -> core[67bf7d663f0003c5]::result::Result<(), alloc[9d21b2f1782ef760]::string::String>>
   16:  0x3250b - contracts-e95ee7809a15de4c.wasm!<test[76e3ad3c2726af43]::types::RunnableTest>::run
   17:  0x335cf - contracts-e95ee7809a15de4c.wasm!test[76e3ad3c2726af43]::run_test
   18:  0x31181 - contracts-e95ee7809a15de4c.wasm!test[76e3ad3c2726af43]::console::run_tests_console
   19:  0x2c678 - contracts-e95ee7809a15de4c.wasm!test[76e3ad3c2726af43]::test_main_static
note: using the `WASMTIME_BACKTRACE_DETAILS=1` environment variable may show more debugging information
    2: wasm trap: wasm `unreachable` instruction executed

error: test failed, to rerun pass `-p nepl3-core --test contracts`

Caused by:
  process didn't exit successfully: `wasmtime C:\projects\NEPL3-source-lookup-indexes\.tmp\review-lookup-indexes\wasi-target\wasm32-wasip2\debug\deps\contracts-e95ee7809a15de4c.wasm` (exit code: 3)
note: test exited abnormally; to see the full output pass --no-capture to the harness.
