   Compiling review-lookup v0.0.0 (C:\projects\NEPL3-source-lookup-indexes\.tmp\review-lookup-indexes\workspace\probe)
    Finished `test` profile [unoptimized + debuginfo] target(s) in 0.51s
     Running unittests src\lib.rs (.tmp\review-lookup-indexes\target\debug\deps\review_lookup-97028be5ca7617f2.exe)

running 5 tests

thread 'empty_lookup_must_preserve_cancelled_budget' (64684) panicked at probe\src\lib.rs:5:202:
assertion `left == right` failed
  left: Ok(false)
 right: Err(Cancelled)
note: run with `RUST_BACKTRACE=1` environment variable to display a backtrace
test index_lookup_preserves_exact_revision_and_charged_name_comparisons ... ok
report Work caps0..=240
report AllocationUnits caps0..=24
test reports_preserve_duplicate_and_identity_uri_rules ... ok
test empty_lookup_must_preserve_cancelled_budget ... FAILED
test report_added_index_resolves_exact_span_and_preserves_validation_stops ... ok
map Work caps0..=185
map AllocationUnits caps0..=152
test map_index_preserves_cycles_disjoint_self_edges_and_depth ... ok

failures:

failures:
    empty_lookup_must_preserve_cancelled_budget

test result: FAILED. 4 passed; 1 failed; 0 ignored; 0 measured; 0 filtered out; finished in 0.00s

error: test failed, to rerun pass `-p review-lookup --lib`
