    Blocking waiting for file lock on package cache
    Blocking waiting for file lock on package cache
   Compiling review-lookup v0.0.0 (C:\projects\NEPL3-source-lookup-indexes\.tmp\review-lookup-indexes\workspace\probe)
   Compiling nepl3-core v0.1.0 (C:\projects\NEPL3-source-lookup-indexes\.tmp\review-lookup-indexes\workspace\crates\foundation\core)
    Finished `test` profile [unoptimized + debuginfo] target(s) in 2.16s
     Running unittests src\lib.rs (.tmp\review-lookup-indexes\target\debug\deps\nepl3_core-1b9b143ee90d1469.exe)

running 0 tests

test result: ok. 0 passed; 0 failed; 0 ignored; 0 measured; 0 filtered out; finished in 0.00s

     Running tests\budget.rs (.tmp\review-lookup-indexes\target\debug\deps\budget-3e89a6c069a967ca.exe)

running 2 tests
test observed_delegated_cost_is_atomic_across_all_resources_and_preserves_stops ... ok
test temporary_ceilings_restore_on_result_paths_and_cannot_regrant_reserved_capacity ... ok

test result: ok. 2 passed; 0 failed; 0 ignored; 0 measured; 0 filtered out; finished in 0.00s

     Running tests\contracts.rs (.tmp\review-lookup-indexes\target\debug\deps\contracts-4ccf74b50e85bba5.exe)

running 21 tests
test canonical_integers_reject_negative_zero_and_leading_zero ... ok
test source_admission_charges_unique_snapshots_once_across_shared_calls ... ok
test edit_size_limit_checked_before_replacement_is_built ... ok
test admission_accounts_for_copied_locator_payload ... ok
test line_index_allocation_limit_is_enforced ... ok
test edits_are_atomic_across_sources_and_reject_stale_or_conflicting_input ... ok
test locator_profile_is_checked_without_os_or_scheme_normalization ... ok
test budget_exact_limits_overflow_zero_and_cancel_are_distinct ... ok
test nested_budget_retains_work_and_peak_depth_after_failed_branch ... ok
test rational_constructors_normalize_native_but_reject_noncanonical_wire ... ok
test first_budget_stop_is_sticky_across_smaller_charges_and_cancellation ... ok
test line_positions_roundtrip_unicode_and_all_line_endings ... ok
test source_admission_rejects_locator_changes_for_same_snapshot_identity ... ok
test source_digest_is_sha256_of_exact_original_bytes ... ok
test source_limits_precede_decode_and_decode_does_not_replace_bytes ... ok
test span_rejects_scalar_interiors_bounds_and_other_identity ... ok
test store_preserves_distinct_ids_at_same_uri_and_rejects_conflicting_revision ... ok
test indexed_source_insert_preserves_order_and_metered_duplicate_lookup ... ok
test generated_source_locator_scan_is_charged_before_validation ... ok
test shared_copy_and_independent_comparison_have_separate_work_bounds ... ok
test snapshot_clones_preserve_owned_lifetime_and_independent_identity_checks ... ok

test result: ok. 21 passed; 0 failed; 0 ignored; 0 measured; 0 filtered out; finished in 0.01s

     Running tests\decimal.rs (.tmp\review-lookup-indexes\target\debug\deps\decimal-c60a78328e6b3634.exe)

running 2 tests
test invalid_digits_and_resource_stops_precede_numeric_allocation ... ok
test exact_decimal_constructor_is_independent_of_lexical_leading_zero_policy ... ok

test result: ok. 2 passed; 0 failed; 0 ignored; 0 measured; 0 filtered out; finished in 0.00s

     Running tests\edit.rs (.tmp\review-lookup-indexes\target\debug\deps\edit-19ba4687d6377501.exe)

running 5 tests
test deletion_admits_original_and_generated_snapshots_once ... ok
test a_conflicting_preexisting_output_does_not_publish_other_transaction_outputs ... ok
test semantic_failure_does_not_reserve_an_unpublished_output_identity ... ok
test work_source_and_locator_limits_stop_before_unbounded_owned_copies ... ok
test every_allocation_stop_is_atomic_sticky_and_retryable_in_a_fresh_operation ... ok

test result: ok. 5 passed; 0 failed; 0 ignored; 0 measured; 0 filtered out; finished in 0.13s

     Running tests\facts.rs (.tmp\review-lookup-indexes\target\debug\deps\facts-67d420f465e2caeb.exe)

running 2 tests
test facts_reject_missing_sources_namespace_roots_and_fresh_operation_limits ... ok
test delta_keeps_current_scope_namespace_reservations_and_foreign_scope_authority ... ok

test result: ok. 2 passed; 0 failed; 0 ignored; 0 measured; 0 filtered out; finished in 0.01s

     Running tests\lexical.rs (.tmp\review-lookup-indexes\target\debug\deps\lexical-60ee711ef34610ee.exe)

running 3 tests
test whole_language_tag_preserves_abnf_scope ... ok
test whole_lexemes_stop_without_allocating_or_losing_cancellation ... ok
test whole_name_uses_pinned_unicode_spelling_and_excludes_trivia ... ok

test result: ok. 3 passed; 0 failed; 0 ignored; 0 measured; 0 filtered out; finished in 0.00s

     Running tests\maps.rs (.tmp\review-lookup-indexes\target\debug\deps\maps-19846009cd0d46be.exe)

running 3 tests
test mapped_containment_requires_every_byte_and_every_reverse_path ... ok
test snapshot_dag_proves_large_transforms_without_enumerating_the_point_product ... ok
test map_admission_never_copies_long_identity_before_zero_allocation_budget ... ok

test result: ok. 3 passed; 0 failed; 0 ignored; 0 measured; 0 filtered out; finished in 0.00s

     Running tests\structure.rs (.tmp\review-lookup-indexes\target\debug\deps\structure-72e068e0279c5d88.exe)

running 20 tests
test canonical_json_escapes_controls_without_unicode_normalization ... ok
test descriptor_canonical_json_has_independently_specified_field_order ... ok
test descriptor_map_order_is_irrelevant_but_duplicates_are_rejected ... ok
test imported_origin_graph_honors_zero_nodes_and_depth_limits ... ok
test empty_anchor_cycles_and_transformed_relations_are_checked ... ok
test forward_overlap_is_acyclic_and_map_budget_failure_does_not_insert ... ok
test imported_origin_graph_rejects_cycles_unknown_refs_and_missing_source ... ok
test inverse_refuses_transformed_and_ambiguous_mappings ... ok
test local_kind_ids_are_canonical_across_descriptor_input_order ... ok
test registry_rejects_wrong_digest_and_unknown_unused_references ... ok
test report_candidate_rollback_discards_facts_without_refunding_budget ... ok
test report_diagnostic_limit_has_no_fabricated_global_message ... ok
test report_storage_obeys_allocation_budget ... ok
test registry_accepts_mutual_symbolic_references_then_seals_them ... ok
test report_zero_event_capacity_keeps_one_typed_overflow_and_stop ... ok
test source_map_checks_composable_interval_cycles_not_snapshot_cycles ... ok
test structural_boundary_checks_field_count_kind_intrinsic_subset_and_negative_natural ... ok
test validator_and_descriptor_depth_share_parent_budget_and_peak ... ok
test rejected_deep_descriptor_is_safe_to_clone_compare_debug_and_drop ... ok
test deeply_nested_value_cleanup_uses_no_recursive_drop_chain ... ok

test result: ok. 20 passed; 0 failed; 0 ignored; 0 measured; 0 filtered out; finished in 0.08s

     Running tests\syntax.rs (.tmp\review-lookup-indexes\target\debug\deps\syntax-ac594decd9b37e4c.exe)

running 10 tests
test syntax_preserves_nested_stop_causes_and_does_not_reclassify_semantic_errors ... ok
test token_internal_view_is_sidecar_and_trivia_retains_bom_bytes ... ok
test token_owns_even_unreachable_view_elements ... ok
test syntax_graph_checks_all_refs_and_cycles_while_allowing_shared_children ... ok
test view_child_edges_are_acyclic_but_semantic_relation_cycles_are_allowed ... ok
test source_child_cover_must_follow_head_and_stay_in_parent ... ok
test foreign_ids_are_local_but_environment_and_root_must_match ... ok
test foreign_nesting_adds_to_containing_node_path_depth ... ok
test deeply_nested_foreign_bundle_cleanup_is_iterative ... ok
test owned_syntax_copy_precharges_payloads_and_preserves_deep_foreign_ownership ... ok

test result: ok. 10 passed; 0 failed; 0 ignored; 0 measured; 0 filtered out; finished in 0.59s

     Running tests\value.rs (.tmp\review-lookup-indexes\target\debug\deps\value-f6b4e5153fb72399.exe)

running 2 tests
test budgeted_equality_keeps_values_and_composes_caller_depth ... ok
test equality_charges_frontier_before_queueing_wide_input ... ok

test result: ok. 2 passed; 0 failed; 0 ignored; 0 measured; 0 filtered out; finished in 0.02s

     Running unittests src\lib.rs (.tmp\review-lookup-indexes\target\debug\deps\review_lookup-97028be5ca7617f2.exe)

running 6 tests
test empty_lookup_must_preserve_cancelled_budget ... ok
test index_lookup_preserves_exact_revision_and_charged_name_comparisons ... ok
test reports_preserve_duplicate_and_identity_uri_rules ... ok
test report_added_index_resolves_exact_span_and_preserves_validation_stops ... ok
test map_index_preserves_cycles_disjoint_self_edges_and_depth ... ok
test all_three_vertex_mapping_graphs_match_independent_transitive_closure ... ok

test result: ok. 6 passed; 0 failed; 0 ignored; 0 measured; 0 filtered out; finished in 0.00s

   Doc-tests nepl3_core

running 0 tests

test result: ok. 0 passed; 0 failed; 0 ignored; 0 measured; 0 filtered out; finished in 0.00s

   Doc-tests review_lookup

running 0 tests

test result: ok. 0 passed; 0 failed; 0 ignored; 0 measured; 0 filtered out; finished in 0.00s

