
running 0 tests

test result: ok. 0 passed; 0 failed; 0 ignored; 0 measured; 0 filtered out; finished in 0.00s


running 5 tests
test sticky_stops_apply_to_validation_and_serialization_with_caller_depth ... ok
test malformed_structure_and_attribute_values_never_become_partial_html ... ok
test tables_images_and_typed_external_links ... ok
test nested_paragraph_wrapper_links_lists_and_code_preserve_bytes ... ok
test dag_appearance_identity_cycles_unreachable_and_deep_drop ... ok

test result: ok. 5 passed; 0 failed; 0 ignored; 0 measured; 0 filtered out; finished in 0.04s


running 2 tests
test schema_valid_invalid_markup_and_unknown_tags_are_rejected_after_cbor ... ok
test first_cbor_receiver_revalidates_owned_markup_and_matches_native_output ... ok

test result: ok. 2 passed; 0 failed; 0 ignored; 0 measured; 0 filtered out; finished in 0.01s


running 5 tests
test ruby_grammar_rejects_invalid_fallback_and_base_sequences ... ok
test external_port_is_unsigned_ascii_decimal ... ok
test ruby_group_annotations_and_single_nested_base_are_retained ... ok
test zero_work_does_not_allocate_a_validation_arena ... ok
test serializer_work_limit_bounds_frontier_before_enqueue ... ok

test result: ok. 5 passed; 0 failed; 0 ignored; 0 measured; 0 filtered out; finished in 0.03s


running 4 tests
test raw_routes_do_not_authorize_parent_segments_or_url_syntax ... ok
test relative_routes_preserve_complete_directory_segments ... ok
test route_serialization_keeps_resource_stops_and_input ... ok
test route_first_cbor_receiver_checks_both_paths ... ok

test result: ok. 4 passed; 0 failed; 0 ignored; 0 measured; 0 filtered out; finished in 0.00s


running 3 tests
test canonical_escape_preserves_text_and_attribute_whitespace ... ok
test escaping_limits_precede_result_allocation_and_stops_are_sticky ... ok
test xml_character_ranges_and_error_byte_offsets_are_exact ... ok

test result: ok. 3 passed; 0 failed; 0 ignored; 0 measured; 0 filtered out; finished in 0.05s


running 0 tests

test result: ok. 0 passed; 0 failed; 0 ignored; 0 measured; 0 filtered out; finished in 0.00s

   Compiling nepl3-markup v0.1.0 (C:\projects\NEPL3-doc-page-links\.tmp\review-doc-external\workspace\crates\output\markup)
    Finished `test` profile [unoptimized + debuginfo] target(s) in 1.55s
     Running unittests src\lib.rs (.tmp/review-native-all\debug\deps\nepl3_markup-a8b5f5174eff93ad.exe)
     Running tests\html.rs (.tmp/review-native-all\debug\deps\html-c8fb4cf1812316ff.exe)
     Running tests\portable.rs (.tmp/review-native-all\debug\deps\portable-a9ef399f16cbaa05.exe)
     Running tests\regression.rs (.tmp/review-native-all\debug\deps\regression-f7726d7e5acae753.exe)
     Running tests\routes.rs (.tmp/review-native-all\debug\deps\routes-2c25088708131250.exe)
     Running tests\text.rs (.tmp/review-native-all\debug\deps\text-375d2509b60b5237.exe)
   Doc-tests nepl3_markup
