
running 54 tests
test doc_auxiliary_fragments_and_parent_operands_have_typed_boundaries ... ok
test doc_code_same_alias_keeps_invalid_guest_meaning_and_restores_host ... ok
test doc_prefix_limits_preserve_typed_stops_and_caller_depth ... ok
test doc_prefix_original_annotation_examples_use_actual_parser_and_lower ... ok
test doc_sentence_provider_failures_have_typed_report_positions_and_stops ... ok
test doc_sentence_provider_payload_and_prefix_share_the_actual_normal_form ... ok
test export::export_preserves_content_and_binds_script_free_files ... ok
test export::export_reserves_depth_for_the_document_shell ... ok
test export::page_export_shares_script_free_shell_and_verifies_every_file ... ok
test external::external_links_use_shared_markup_rules_and_portable_revalidation ... ok
test external::hidden_unsafe_links_are_rejected_and_other_requirements_remain ... ok
test html::annotated_linear_combination_document_reaches_real_html ... ok
test html::article_html_preserves_nested_paragraph_order_without_nested_p ... ok
test html::article_html_preserves_ruby_notes_and_forward_label_reference ... ok
test html::browser_layout_corpus_from_real_doc_source ... DOC_HTML_CASE ruby 3c61727469636c6520636c6173733d226e65706c2d646f6322206c616e673d22656e223e3c68313e3c7370616e3e4c61796f75743c2f7370616e3e3c2f68313e3c64697620636c6173733d226e65706c2d706172616772617068223e3c703e3c7370616e3e413c7370616e20636c6173733d226e65706c2d72756279223e3c7370616e20636c6173733d226e65706c2d62617365223e423c2f7370616e3e3c7370616e20636c6173733d226e65706c2d72656164696e67223e726561643c2f7370616e3e3c2f7370616e3e433c2f7370616e3e3c2f703e3c2f6469763e3c2f61727469636c653e
DOC_HTML_CASE anno 3c61727469636c6520636c6173733d226e65706c2d646f6322206c616e673d22656e223e3c68313e3c7370616e3e4c61796f75743c2f7370616e3e3c2f68313e3c64697620636c6173733d226e65706c2d706172616772617068223e3c703e3c7370616e3e413c7370616e20636c6173733d226e65706c2d616e6e6f223e3c7370616e20636c6173733d226e65706c2d62617365223e423c2f7370616e3e3c7370616e20636c6173733d226e65706c2d6e6f746573223e3c7370616e20636c6173733d226e65706c2d6e6f7465223e6e6f74653c2f7370616e3e3c2f7370616e3e3c2f7370616e3e433c2f7370616e3e3c2f703e3c2f6469763e3c2f61727469636c653e
DOC_HTML_CASE anno-ruby 3c61727469636c6520636c6173733d226e65706c2d646f6322206c616e673d22656e223e3c68313e3c7370616e3e4c61796f75743c2f7370616e3e3c2f68313e3c64697620636c6173733d226e65706c2d706172616772617068223e3c703e3c7370616e3e413c7370616e20636c6173733d226e65706c2d616e6e6f223e3c7370616e20636c6173733d226e65706c2d62617365223e3c7370616e20636c6173733d226e65706c2d72756279223e3c7370616e20636c6173733d226e65706c2d62617365223e423c2f7370616e3e3c7370616e20636c6173733d226e65706c2d72656164696e67223e726561643c2f7370616e3e3c2f7370616e3e3c2f7370616e3e3c7370616e20636c6173733d226e65706c2d6e6f746573223e3c7370616e20636c6173733d226e65706c2d6e6f7465223e6e6f74653c2f7370616e3e3c2f7370616e3e3c2f7370616e3e433c2f7370616e3e3c2f703e3c2f6469763e3c2f61727469636c653e
DOC_HTML_CASE ruby-anno 3c61727469636c6520636c6173733d226e65706c2d646f6322206c616e673d22656e223e3c68313e3c7370616e3e4c61796f75743c2f7370616e3e3c2f68313e3c64697620636c6173733d226e65706c2d706172616772617068223e3c703e3c7370616e3e413c7370616e20636c6173733d226e65706c2d72756279223e3c7370616e20636c6173733d226e65706c2d62617365223e3c7370616e20636c6173733d226e65706c2d616e6e6f223e3c7370616e20636c6173733d226e65706c2d62617365223e423c2f7370616e3e3c7370616e20636c6173733d226e65706c2d6e6f746573223e3c7370616e20636c6173733d226e65706c2d6e6f7465223e6e6f74653c2f7370616e3e3c2f7370616e3e3c2f7370616e3e3c2f7370616e3e3c7370616e20636c6173733d226e65706c2d72656164696e67223e726561643c2f7370616e3e3c2f7370616e3e433c2f7370616e3e3c2f703e3c2f6469763e3c2f61727469636c653e
DOC_HTML_CASE ruby-ruby 3c61727469636c6520636c6173733d226e65706c2d646f6322206c616e673d22656e223e3c68313e3c7370616e3e4c61796f75743c2f7370616e3e3c2f68313e3c64697620636c6173733d226e65706c2d706172616772617068223e3c703e3c7370616e3e413c7370616e20636c6173733d226e65706c2d72756279223e3c7370616e20636c6173733d226e65706c2d62617365223e3c7370616e20636c6173733d226e65706c2d72756279223e3c7370616e20636c6173733d226e65706c2d62617365223e423c2f7370616e3e3c7370616e20636c6173733d226e65706c2d72656164696e67223e726561643c2f7370616e3e3c2f7370616e3e3c2f7370616e3e3c7370616e20636c6173733d226e65706c2d72656164696e67223e6f757465723c2f7370616e3e3c2f7370616e3e433c2f7370616e3e3c2f703e3c2f6469763e3c2f61727469636c653e
DOC_HTML_CASE table-ruby 3c61727469636c6520636c6173733d226e65706c2d646f6322206c616e673d22656e223e3c68313e3c7370616e3e4c61796f75743c2f7370616e3e3c2f68313e3c7461626c653e3c74626f64793e3c74723e3c746420636c6173733d226e65706c2d616c69676e2d6c656674223e3c7370616e3e413c7370616e20636c6173733d226e65706c2d72756279223e3c7370616e20636c6173733d226e65706c2d62617365223e423c2f7370616e3e3c7370616e20636c6173733d226e65706c2d72656164696e67223e726561643c2f7370616e3e3c2f7370616e3e433c2f7370616e3e3c2f74643e3c2f74723e3c2f74626f64793e3c2f7461626c653e3c2f61727469636c653e
DOC_HTML_CASE list-ruby 3c61727469636c6520636c6173733d226e65706c2d646f6322206c616e673d22656e223e3c68313e3c7370616e3e4c61796f75743c2f7370616e3e3c2f68313e3c756c3e3c6c693e3c64697620636c6173733d226e65706c2d706172616772617068223e3c703e3c7370616e3e413c7370616e20636c6173733d226e65706c2d72756279223e3c7370616e20636c6173733d226e65706c2d62617365223e423c2f7370616e3e3c7370616e20636c6173733d226e65706c2d72656164696e67223e726561643c2f7370616e3e3c2f7370616e3e433c2f7370616e3e3c2f703e3c2f6469763e3c2f6c693e3c2f756c3e3c2f61727469636c653e
ok
test html::explicit_break_renders_br_without_reinterpreting_text_line_feeds ... ok
test html::local_render_does_not_hide_unresolved_external_inputs_or_invalid_options ... ok
test html::parallel_html_selects_only_explicit_language_or_fallback ... ok
test html::real_source_html_crosses_first_receiver_cbor_with_positions_and_options ... ok
test html::table_list_and_raw_code_keep_order_shape_and_original_characters ... ok
test labels::article_labels_do_not_import_or_validate_guest_labels ... ok
test labels::article_labels_resolve_forward_names_and_keep_operand_selection ... ok
test labels::field_location_first_receiver_rejects_kind_duplicates_and_position_claims ... ok
test labels::label_diagnostics_keep_typed_names_paths_and_original_failure_on_stop ... ok
test labels::label_duplicates_use_name_operands_and_source_less_positions_stay_absent ... ok
test labels::shared_label_display_occurrences_have_two_structural_paths ... ok
test labels::unicode_crlf_labels_and_budget_stops_keep_their_input_positions ... ok
test mixed::literal_and_prefix_share_one_lower_with_source_and_local_view_retention ... ok
test mixed::mixed_lower_keeps_doc_guest_syntax_without_meaning_check ... ok
test mixed::mixed_lower_rejects_other_token_view_and_semantic_positions_without_mutation ... ok
test mixed::mixed_lower_stops_keep_original_tree_and_caller_depth ... ok
test native_doc_host_preserves_owned_parse_tree_and_uses_less_allocation ... Doc identical tree: owned=Usage { source_bytes: 994, work: 2630671, depth: 20, nodes: 7819, allocation_units: 66177927, output_bytes: 12292, diagnostics: 0, events: 0 }; native=Usage { source_bytes: 994, work: 412214, depth: 20, nodes: 7509, allocation_units: 1551186, output_bytes: 12292, diagnostics: 0, events: 0 }
ok
test pages::page_output_rejects_an_anchor_hidden_by_language_selection ... ok
test pages::real_two_page_sources_resolve_without_ambient_documents ... ok
test prepare::source_preparation_retains_code_and_identifies_each_foreign_closure ... ok
test print::every_form_prints_through_real_parser_and_typed_first_receiver ... ok
test print::prefix_and_compact_print_reparse_real_doc_annotation_and_explicit_break ... ok
test print::printer_expands_shared_paths_with_bounded_output_and_deep_cleanup ... ok
test print::printer_rejects_unprintable_source_less_names_and_languages_without_changing_values ... ok
test print::printer_requires_explicit_current_guest_print_and_binding_at_first_receiver ... ok
test print::printer_stops_preserve_request_and_report_at_preparation_and_output_boundaries ... ok
test print::standalone_guest_fragments_keep_concrete_entry_and_foreign_syntax ... ok
test projection::actual_contract_projects_to_equivalent_markdown_events ... ok
test projection::markdown_projection_preserves_literal_punctuation_and_code_delimiters ... ok
test projection::projection_refuses_lossy_or_unsupported_doc_shapes ... ok
test projection::projection_stops_without_returning_partial_markdown ... ok
test review_external::independent_external_fresh_wire_and_stale_response ... INDEPENDENT_HTML=<article class="nepl-doc" lang="en"><h1><span>Links</span></h1><div class="nepl-paragraph"><p><span><a href="https://example.org/?x='&amp;y=%22#part">Go &lt;&amp;&gt;</a> / <a href="index.html">Self</a></span></p></div></article>
ok
test review_external::independent_external_hidden_receiver_and_render_stops ... STOP_CAP=0 baseline=215298
STOP_CAP=1 baseline=215298
STOP_CAP=100 baseline=215298
STOP_CAP=1000 baseline=215298
STOP_CAP=215297 baseline=215298
ok
test review_external::independent_external_profile_and_sticky_stop ... ok
test text::plain_text_first_receiver_rejects_old_source_other_guest_and_owner_environment ... ok
test text::plain_text_preparation_stops_are_formal_and_report_overflow_requires_stopped ... ok
test text::plain_text_preserves_output_work_allocation_depth_and_cancel_stops ... ok
test text::plain_text_projects_only_policy_selected_embeds_and_roundtrips_typed_requests ... ok
test text::plain_text_uses_explicit_labels_alt_and_author_whitespace ... ok

test result: ok. 54 passed; 0 failed; 0 ignored; 0 measured; 0 filtered out; finished in 80.11s

   Compiling typenum v1.20.1
   Compiling autocfg v1.5.1
   Compiling cfg-if v1.0.4
   Compiling unicode-ident v1.0.18
   Compiling proc-macro2 v1.0.107
   Compiling quote v1.0.47
   Compiling serde_core v1.0.229
   Compiling zmij v1.0.23
   Compiling serde v1.0.229
   Compiling serde_json v1.0.151
   Compiling memchr v2.8.3
   Compiling pulldown-cmark v0.13.4
   Compiling bitflags v2.13.1
   Compiling itoa v1.0.18
   Compiling unicase v2.9.0
   Compiling num-traits v0.2.19
   Compiling hybrid-array v0.4.14
   Compiling block-buffer v0.12.1
   Compiling crypto-common v0.2.2
   Compiling syn v3.0.5
   Compiling num-integer v0.1.47
   Compiling num-bigint v0.4.8
   Compiling digest v0.11.3
   Compiling sha2 v0.11.0
   Compiling nepl3-core v0.1.0 (C:\projects\NEPL3-doc-page-links\.tmp\review-doc-external\workspace\crates\foundation\core)
   Compiling serde_derive v1.0.229
   Compiling nepl3-reader v0.1.0 (C:\projects\NEPL3-doc-page-links\.tmp\review-doc-external\workspace\crates\foundation\reader)
   Compiling nepl3-doc-core v0.1.0 (C:\projects\NEPL3-doc-page-links\.tmp\review-doc-external\workspace\crates\languages\doc\core)
   Compiling nepl3-markup v0.1.0 (C:\projects\NEPL3-doc-page-links\.tmp\review-doc-external\workspace\crates\output\markup)
   Compiling nepl3-wire v0.1.0 (C:\projects\NEPL3-doc-page-links\.tmp\review-doc-external\workspace\crates\foundation\wire)
   Compiling nepl3-math-core v0.1.0 (C:\projects\NEPL3-doc-page-links\.tmp\review-doc-external\workspace\crates\languages\math\core)
   Compiling nepl3-engine v0.1.0 (C:\projects\NEPL3-doc-page-links\.tmp\review-doc-external\workspace\crates\foundation\engine)
   Compiling nepl3-doc-html v0.1.0 (C:\projects\NEPL3-doc-page-links\.tmp\review-doc-external\workspace\crates\languages\doc\html)
   Compiling nepl3-grammar-core v0.1.0 (C:\projects\NEPL3-doc-page-links\.tmp\review-doc-external\workspace\crates\languages\grammar\core)
   Compiling nepl3-tools v0.1.0 (C:\projects\NEPL3-doc-page-links\.tmp\review-doc-external\workspace\tools)
    Finished `test` profile [unoptimized + debuginfo] target(s) in 3m 41s
     Running tests\doc.rs (.tmp/review-target\wasm32-wasip2\debug\deps\doc-d82c699289d48b18.wasm)
