{
  "authored_sha256": "d936897af122a24df2957f1abea4d105142db69e24e76030d478cf13fa92ec7c",
  "inline_code_exact_multiset": [
    "https://neknaj.github.io/NEPL3/",
    "site/",
    "tools/src/site/",
    "/NEPL3/",
    "/acceptance/project/",
    "/assets/",
    "..",
    "/NEPL3/playground/#/doc?example=doc.sentence&revision=<commit>",
    "design/profile.json",
    "pages: write",
    "id-token: write",
    "github-pages",
    "site-recovery/",
    "upload-pages-artifact",
    "nepl3-pages-production",
    "cancel-in-progress: false",
    "github-pages",
    "pages-state",
    "DeployIntent",
    "RecoveryIntent",
    "HealthyUncommitted",
    "Superseded",
    "RecoveryBlocked",
    "succeed",
    "Recovered",
    "current_publication",
    "last_known_good",
    "BootstrapFailed",
    "RecoveryFailed",
    "RecoveryUnknown"
  ],
  "links_exact_in_order": [
    "https://docs.github.com/en/pages/getting-started-with-github-pages/what-is-github-pages",
    "https://docs.github.com/en/pages/getting-started-with-github-pages/using-custom-workflows-with-github-pages",
    "https://docs.github.com/en/rest/pages/pages",
    "https://github.com/actions/deploy-pages",
    "https://docs.github.com/en/actions/reference/workflows-and-actions/workflow-syntax#concurrency",
    "https://docs.github.com/en/actions/how-tos/manage-workflow-runs/remove-workflow-artifacts",
    "https://docs.github.com/en/code-security/concepts/supply-chain-security/immutable-releases",
    "17-math-html.md"
  ],
  "sections": [
    "public_layout",
    "sources_manifest",
    "build_quality",
    "distribution",
    "recovery",
    "retained_identity",
    "single_transaction",
    "recovery_eligibility",
    "bounded_recovery",
    "math_assets"
  ],
  "ruby_count": 1033,
  "scope": "Independent restricted source parser from fixed forms plus direct full-source review, not production runtime"
}
[
  [
    "Table",
    [
      [
        "AlignmentDefault"
      ],
      [
        "AlignmentDefault"
      ]
    ],
    [
      "SomeRow",
      [
        "Row",
        [
          [
            "Sentence",
            [
              [
                "Text",
                "状態"
              ]
            ]
          ],
          [
            "Sentence",
            [
              [
                "Text",
                "条件と次の動作"
              ]
            ]
          ]
        ]
      ]
    ],
    [
      [
        "Row",
        [
          [
            "Sentence",
            [
              [
                "Text",
                "DeployIntent / RecoveryIntent"
              ]
            ]
          ],
          [
            "Sentence",
            [
              [
                "Text",
                "書込前に保存し、応答とdeployment IDが未確定なら新規書込みを停止する。"
              ]
            ]
          ]
        ]
      ],
      [
        "Row",
        [
          [
            "Sentence",
            [
              [
                "Text",
                "HealthyUncommitted"
              ]
            ]
          ],
          [
            "Sentence",
            [
              [
                "Text",
                "public smoke合格後、永続保存またはLKG昇格が未確定であるため、同じ内容の確定処理だけを再開する。"
              ]
            ]
          ]
        ]
      ],
      [
        "Row",
        [
          [
            "Sentence",
            [
              [
                "Text",
                "Healthy"
              ]
            ]
          ],
          [
            "Sentence",
            [
              [
                "Text",
                "public smoke・永続保存・journal昇格がすべて合格しており、次のcandidateを許す。"
              ]
            ]
          ]
        ]
      ],
      [
        "Row",
        [
          [
            "Sentence",
            [
              [
                "Text",
                "Recovered"
              ]
            ]
          ],
          [
            "Sentence",
            [
              [
                "Text",
                "旧payloadの再deployと再smokeに合格した状態であり、元candidate/runはfailedのままにする。"
              ]
            ]
          ]
        ]
      ],
      [
        "Row",
        [
          [
            "Sentence",
            [
              [
                "Text",
                "Superseded"
              ]
            ]
          ],
          [
            "Sentence",
            [
              [
                "Text",
                "後続の健康な公開を確認したため、旧candidateの復旧を行わない。"
              ]
            ]
          ]
        ]
      ],
      [
        "Row",
        [
          [
            "Sentence",
            [
              [
                "Text",
                "RecoveryBlocked / RecoveryUnknown"
              ]
            ]
          ],
          [
            "Sentence",
            [
              [
                "Text",
                "対象不一致・不明・未解決intentがあり、reconcileまで書込みを禁止する。"
              ]
            ]
          ]
        ]
      ],
      [
        "Row",
        [
          [
            "Sentence",
            [
              [
                "Text",
                "BootstrapFailed"
              ]
            ]
          ],
          [
            "Sentence",
            [
              [
                "Text",
                "LKGなしで初回smokeが失敗したため、自動削除を行わず、明示した修正candidateで再開する。"
              ]
            ]
          ]
        ]
      ],
      [
        "Row",
        [
          [
            "Sentence",
            [
              [
                "Text",
                "RecoveryFailed"
              ]
            ]
          ],
          [
            "Sentence",
            [
              [
                "Text",
                "payload取得・deploy・再smokeが失敗したため、自動再帰をせずincidentに残す。"
              ]
            ]
          ]
        ]
      ]
    ]
  ]
]
